2026-09-13 08:44:09,435 | INFO | src.trainer.history | File logging initialized: /app/logs/sweeps2/ds1_regularize_20260912_220421/geom_frac025_reg_cw/experiment.log
2026-09-13 08:44:09,438 | INFO | __main__ | Wrote resolved config to logs/sweeps2/ds1_regularize_20260912_220421/geom_frac025_reg_cw/config.yaml
2026-09-13 08:44:09,438 | INFO | __main__ | Experiment started at 2026-09-13 08:44:09 save_dir=logs/sweeps2/ds1_regularize_20260912_220421/geom_frac025_reg_cw
2026-09-13 08:44:09,438 | INFO | __main__ | Starting training device=cuda
2026-09-13 08:44:09,665 | INFO | timm.models._builder | Loading pretrained weights from Hugging Face hub (timm/fastvit_t8.apple_in1k)
2026-09-13 08:44:09,950 | INFO | httpx | HTTP Request: HEAD https://huggingface.co/timm/fastvit_t8.apple_in1k/resolve/main/model.safetensors "HTTP/1.1 302 Found"
2026-09-13 08:44:09,953 | INFO | timm.models._hub | [timm/fastvit_t8.apple_in1k] Safe alternative available for 'pytorch_model.bin' (as 'model.safetensors'). Loading weights using safetensors.
2026-09-13 08:44:09,977 | INFO | timm.models._builder | Converted input conv stem.0.conv_kxk.0.conv pretrained weights from 3 to 1 channel(s)
2026-09-13 08:44:09,977 | INFO | timm.models._builder | Converted input conv stem.0.conv_scale.conv pretrained weights from 3 to 1 channel(s)
2026-09-13 08:44:09,993 | INFO | timm.models._builder | Missing keys (head.fc.weight, head.fc.bias) discovered while loading pretrained weights. This is expected if model is being adapted.
2026-09-13 08:44:10,009 | INFO | __main__ | Train TexturePatchDataset(images=449, patches=134700, active=33675, patch_size=224, overlap=0.5, downscale=1.0)
2026-09-13 08:44:10,009 | INFO | __main__ | Val TexturePatchDataset(images=76, patches=22800, active=22800, patch_size=224, overlap=0.5, downscale=1.0)
2026-09-13 08:44:10,009 | INFO | __main__ | Test TexturePatchDataset(images=129, patches=38700, active=38700, patch_size=224, overlap=0.5, downscale=1.0)
2026-09-13 08:44:10,009 | INFO | __main__ | Split counts {'train': {'images': 449, 'groups': 51}, 'val': {'images': 76, 'groups': 9}, 'test': {'images': 129, 'groups': 15}} group_by=sample
2026-09-13 08:44:10,010 | INFO | __main__ | Using class distribution {0: 103, 1: 105, 2: 91, 3: 94, 4: 56} with weights [0.8267, 0.811, 0.9358, 0.9059, 1.5206]
2026-09-13 08:44:10,012 | INFO | __main__ | Optimizer groups [{'lr': 0.0001, 'n_params': 3260117}]
2026-09-13 08:44:10,016 | INFO | src.trainer.trainer | Starting training for 60 epochs on cuda (selection=val_f1, eval_test=end)
2026-09-13 08:44:10,016 | INFO | src.trainer.trainer | Epoch 1/60 learning rate set to 0.0001
2026-09-13 08:46:08,873 | INFO | src.trainer.trainer | Epoch 1/60 train_loss=1.391194
2026-09-13 08:46:26,882 | INFO | src.trainer.trainer | Epoch 1: new best val_f1 0.3175, saved logs/sweeps2/ds1_regularize_20260912_220421/geom_frac025_reg_cw/model_best.pt
2026-09-13 08:46:26,883 | INFO | src.trainer.history | Epoch 1 metrics saved at 2026-09-13 08:46:26: {'train_loss': 1.3911935708145788, 'lr': 0.0001, 'val_loss': 1.350578752933887, 'val_accuracy': 0.4387280701754386, 'val_precision': 0.36197935294026967, 'val_recall': 0.3762566448801743, 'val_f1': 0.31751934120836733, 'val_image_accuracy': 0.4605263157894737, 'val_image_precision': 0.5071428571428571, 'val_image_recall': 0.39470588235294113, 'val_image_f1': 0.33874396135265694}
2026-09-13 08:46:26,884 | INFO | src.trainer.trainer | Epoch 1/60 val_f1=0.31751934120836733 val_image_f1=0.33874396135265694
2026-09-13 08:46:26,884 | INFO | src.trainer.trainer | Epoch 2/60 learning rate set to 9.99362e-05
2026-09-13 08:48:25,221 | INFO | src.trainer.trainer | Epoch 2/60 train_loss=1.168106
2026-09-13 08:48:43,240 | INFO | src.trainer.trainer | Epoch 2: new best val_f1 0.3472, saved logs/sweeps2/ds1_regularize_20260912_220421/geom_frac025_reg_cw/model_best.pt
2026-09-13 08:48:43,241 | INFO | src.trainer.history | Epoch 2 metrics saved at 2026-09-13 08:48:43: {'train_loss': 1.1681064819634712, 'lr': 9.993622130545428e-05, 'val_loss': 1.4939995754183384, 'val_accuracy': 0.43355263157894736, 'val_precision': 0.41619370953424273, 'val_recall': 0.3730564270152505, 'val_f1': 0.34723526087480466, 'val_image_accuracy': 0.4473684210526316, 'val_image_precision': 0.5139259259259259, 'val_image_recall': 0.38359477124183006, 'val_image_f1': 0.3620268620268621}
2026-09-13 08:48:43,241 | INFO | src.trainer.trainer | Epoch 2/60 val_f1=0.34723526087480466 val_image_f1=0.3620268620268621
2026-09-13 08:48:43,242 | INFO | src.trainer.trainer | Epoch 3/60 learning rate set to 9.97451e-05
2026-09-13 08:50:41,400 | INFO | src.trainer.trainer | Epoch 3/60 train_loss=1.083918
2026-09-13 08:50:59,357 | INFO | src.trainer.history | Epoch 3 metrics saved at 2026-09-13 08:50:59: {'train_loss': 1.083917553536345, 'lr': 9.974506600945618e-05, 'val_loss': 1.5483920671437916, 'val_accuracy': 0.4475877192982456, 'val_precision': 0.33195970224829396, 'val_recall': 0.3863527233115468, 'val_f1': 0.32944832735254836, 'val_image_accuracy': 0.47368421052631576, 'val_image_precision': 0.33619047619047626, 'val_image_recall': 0.4117647058823529, 'val_image_f1': 0.34233734196731425}
2026-09-13 08:50:59,357 | INFO | src.trainer.trainer | Epoch 3/60 val_f1=0.32944832735254836 val_image_f1=0.34233734196731425
2026-09-13 08:50:59,357 | INFO | src.trainer.trainer | Epoch 4/60 learning rate set to 9.94271e-05
2026-09-13 08:52:58,286 | INFO | src.trainer.trainer | Epoch 4/60 train_loss=1.027578
2026-09-13 08:53:16,234 | INFO | src.trainer.history | Epoch 4 metrics saved at 2026-09-13 08:53:16: {'train_loss': 1.0275778902205346, 'lr': 9.94270759624605e-05, 'val_loss': 1.5244086648915944, 'val_accuracy': 0.4162280701754386, 'val_precision': 0.37271379155296924, 'val_recall': 0.35811437908496724, 'val_f1': 0.33943794981663833, 'val_image_accuracy': 0.40789473684210525, 'val_image_precision': 0.3413333333333334, 'val_image_recall': 0.35248366013071897, 'val_image_f1': 0.3234599199250362}
2026-09-13 08:53:16,234 | INFO | src.trainer.trainer | Epoch 4/60 val_f1=0.33943794981663833 val_image_f1=0.3234599199250362
2026-09-13 08:53:16,235 | INFO | src.trainer.trainer | Epoch 5/60 learning rate set to 9.89832e-05
2026-09-13 08:55:16,635 | INFO | src.trainer.trainer | Epoch 5/60 train_loss=0.980642
2026-09-13 08:55:34,570 | INFO | src.trainer.history | Epoch 5 metrics saved at 2026-09-13 08:55:34: {'train_loss': 0.9806416829214684, 'lr': 9.8983152541804e-05, 'val_loss': 1.5811824599692696, 'val_accuracy': 0.40214912280701753, 'val_precision': 0.37498134268583255, 'val_recall': 0.34355991285403054, 'val_f1': 0.34391310048598284, 'val_image_accuracy': 0.4605263157894737, 'val_image_precision': 0.4163636363636363, 'val_image_recall': 0.39666666666666667, 'val_image_f1': 0.37498480243161086}
2026-09-13 08:55:34,571 | INFO | src.trainer.trainer | Epoch 5/60 val_f1=0.34391310048598284 val_image_f1=0.37498480243161086
2026-09-13 08:55:34,571 | INFO | src.trainer.trainer | Epoch 6/60 learning rate set to 9.84146e-05
2026-09-13 08:57:32,062 | INFO | src.trainer.trainer | Epoch 6/60 train_loss=0.940110
2026-09-13 08:57:50,026 | INFO | src.trainer.history | Epoch 6 metrics saved at 2026-09-13 08:57:50: {'train_loss': 0.9401095743398801, 'lr': 9.841455409665323e-05, 'val_loss': 1.712590712235685, 'val_accuracy': 0.44530701754385965, 'val_precision': 0.35641404141908584, 'val_recall': 0.3843984749455338, 'val_f1': 0.3424949317329432, 'val_image_accuracy': 0.4868421052631579, 'val_image_precision': 0.3858543417366947, 'val_image_recall': 0.4213071895424837, 'val_image_f1': 0.36526610644257695}
2026-09-13 08:57:50,026 | INFO | src.trainer.trainer | Epoch 6/60 val_f1=0.3424949317329432 val_image_f1=0.36526610644257695
2026-09-13 08:57:50,026 | INFO | src.trainer.trainer | Epoch 7/60 learning rate set to 9.77229e-05
2026-09-13 08:59:48,927 | INFO | src.trainer.trainer | Epoch 7/60 train_loss=0.910330
2026-09-13 09:00:06,967 | INFO | src.trainer.trainer | Epoch 7: new best val_f1 0.3601, saved logs/sweeps2/ds1_regularize_20260912_220421/geom_frac025_reg_cw/model_best.pt
2026-09-13 09:00:06,969 | INFO | src.trainer.history | Epoch 7 metrics saved at 2026-09-13 09:00:06: {'train_loss': 0.9103303454164762, 'lr': 9.772289238107717e-05, 'val_loss': 1.5827433065573375, 'val_accuracy': 0.4343859649122807, 'val_precision': 0.38572124310125855, 'val_recall': 0.37516187363834425, 'val_f1': 0.3601321976814892, 'val_image_accuracy': 0.4868421052631579, 'val_image_precision': 0.4257971014492753, 'val_image_recall': 0.41954248366013075, 'val_image_f1': 0.3895930017050931}
2026-09-13 09:00:06,969 | INFO | src.trainer.trainer | Epoch 7/60 val_f1=0.3601321976814892 val_image_f1=0.3895930017050931
2026-09-13 09:00:06,969 | INFO | src.trainer.trainer | Epoch 8/60 learning rate set to 9.69101e-05
2026-09-13 09:02:06,652 | INFO | src.trainer.trainer | Epoch 8/60 train_loss=0.876746
2026-09-13 09:02:24,613 | INFO | src.trainer.history | Epoch 8 metrics saved at 2026-09-13 09:02:24: {'train_loss': 0.8767459335801507, 'lr': 9.691012798535524e-05, 'val_loss': 1.6753619646712354, 'val_accuracy': 0.4080263157894737, 'val_precision': 0.36963066093570995, 'val_recall': 0.34946448801742924, 'val_f1': 0.3350449153731345, 'val_image_accuracy': 0.4342105263157895, 'val_image_precision': 0.3820915032679738, 'val_image_recall': 0.374640522875817, 'val_image_f1': 0.34154867688702273}
2026-09-13 09:02:24,613 | INFO | src.trainer.trainer | Epoch 8/60 val_f1=0.3350449153731345 val_image_f1=0.34154867688702273
2026-09-13 09:02:24,613 | INFO | src.trainer.trainer | Epoch 9/60 learning rate set to 9.59786e-05
2026-09-13 09:04:23,686 | INFO | src.trainer.trainer | Epoch 9/60 train_loss=0.851901
2026-09-13 09:04:41,610 | INFO | src.trainer.history | Epoch 9 metrics saved at 2026-09-13 09:04:41: {'train_loss': 0.8519009700171931, 'lr': 9.597856477847111e-05, 'val_loss': 1.6603065042642124, 'val_accuracy': 0.41912280701754384, 'val_precision': 0.3668417207454021, 'val_recall': 0.3697838779956427, 'val_f1': 0.3465234638546521, 'val_image_accuracy': 0.4473684210526316, 'val_image_precision': 0.36196581196581196, 'val_image_recall': 0.3877777777777778, 'val_image_f1': 0.3452861952861953}
2026-09-13 09:04:41,611 | INFO | src.trainer.trainer | Epoch 9/60 val_f1=0.3465234638546521 val_image_f1=0.3452861952861953
2026-09-13 09:04:41,611 | INFO | src.trainer.trainer | Epoch 10/60 learning rate set to 9.49308e-05
2026-09-13 09:06:40,803 | INFO | src.trainer.trainer | Epoch 10/60 train_loss=0.826153
2026-09-13 09:06:58,771 | INFO | src.trainer.history | Epoch 10 metrics saved at 2026-09-13 09:06:58: {'train_loss': 0.8261533594273069, 'lr': 9.493084337754573e-05, 'val_loss': 1.7270170177388608, 'val_accuracy': 0.3979385964912281, 'val_precision': 0.35054873187747926, 'val_recall': 0.3489344226579521, 'val_f1': 0.33392609028285924, 'val_image_accuracy': 0.3815789473684211, 'val_image_precision': 0.3263888888888889, 'val_image_recall': 0.3286928104575163, 'val_image_f1': 0.30255748979153235}
2026-09-13 09:06:58,772 | INFO | src.trainer.trainer | Epoch 10/60 val_f1=0.33392609028285924 val_image_f1=0.30255748979153235
2026-09-13 09:06:58,772 | INFO | src.trainer.trainer | Epoch 11/60 learning rate set to 9.37699e-05
2026-09-13 09:08:56,743 | INFO | src.trainer.trainer | Epoch 11/60 train_loss=0.811360
2026-09-13 09:09:14,713 | INFO | src.trainer.history | Epoch 11 metrics saved at 2026-09-13 09:09:14: {'train_loss': 0.8113600579207264, 'lr': 9.376993366272128e-05, 'val_loss': 1.814647832878849, 'val_accuracy': 0.39302631578947367, 'val_precision': 0.3445249401265872, 'val_recall': 0.3377673202614379, 'val_f1': 0.3242398929728428, 'val_image_accuracy': 0.3815789473684211, 'val_image_precision': 0.3307308377896613, 'val_image_recall': 0.32999999999999996, 'val_image_f1': 0.3013167701863354}
2026-09-13 09:09:14,713 | INFO | src.trainer.trainer | Epoch 11/60 val_f1=0.3242398929728428 val_image_f1=0.3013167701863354
2026-09-13 09:09:14,713 | INFO | src.trainer.trainer | Epoch 12/60 learning rate set to 9.24991e-05
2026-09-13 09:11:13,298 | INFO | src.trainer.trainer | Epoch 12/60 train_loss=0.798071
2026-09-13 09:11:31,230 | INFO | src.trainer.history | Epoch 12 metrics saved at 2026-09-13 09:11:31: {'train_loss': 0.7980710354502677, 'lr': 9.249912635871318e-05, 'val_loss': 1.6257632394317996, 'val_accuracy': 0.44548245614035087, 'val_precision': 0.3789513413368065, 'val_recall': 0.38402287581699346, 'val_f1': 0.3541929366717228, 'val_image_accuracy': 0.4868421052631579, 'val_image_precision': 0.40325552825552824, 'val_image_recall': 0.4201960784313726, 'val_image_f1': 0.35687830687830685}
2026-09-13 09:11:31,231 | INFO | src.trainer.trainer | Epoch 12/60 val_f1=0.3541929366717228 val_image_f1=0.35687830687830685
2026-09-13 09:11:31,231 | INFO | src.trainer.trainer | Epoch 13/60 learning rate set to 9.1122e-05
2026-09-13 09:13:29,573 | INFO | src.trainer.trainer | Epoch 13/60 train_loss=0.774233
2026-09-13 09:13:47,555 | INFO | src.trainer.history | Epoch 13 metrics saved at 2026-09-13 09:13:47: {'train_loss': 0.7742329034153939, 'lr': 9.112202370689337e-05, 'val_loss': 1.7329177570133878, 'val_accuracy': 0.4085964912280702, 'val_precision': 0.3485310978200943, 'val_recall': 0.359579302832244, 'val_f1': 0.34219846243532615, 'val_image_accuracy': 0.4473684210526316, 'val_image_precision': 0.35878787878787877, 'val_image_recall': 0.38555555555555554, 'val_image_f1': 0.355855652012138}
2026-09-13 09:13:47,555 | INFO | src.trainer.trainer | Epoch 13/60 val_f1=0.34219846243532615 val_image_f1=0.355855652012138
2026-09-13 09:13:47,556 | INFO | src.trainer.trainer | Epoch 14/60 learning rate set to 8.96425e-05
2026-09-13 09:15:47,361 | INFO | src.trainer.trainer | Epoch 14/60 train_loss=0.760458
2026-09-13 09:16:05,315 | INFO | src.trainer.history | Epoch 14 metrics saved at 2026-09-13 09:16:05: {'train_loss': 0.7604584229744711, 'lr': 8.964252925434579e-05, 'val_loss': 1.7692899395917592, 'val_accuracy': 0.4110526315789474, 'val_precision': 0.37081199303372986, 'val_recall': 0.35501198257080613, 'val_f1': 0.341121466837493, 'val_image_accuracy': 0.40789473684210525, 'val_image_precision': 0.3648717948717949, 'val_image_recall': 0.3517647058823529, 'val_image_f1': 0.3229572177890472}
2026-09-13 09:16:05,315 | INFO | src.trainer.trainer | Epoch 14/60 val_f1=0.341121466837493 val_image_f1=0.3229572177890472
2026-09-13 09:16:05,315 | INFO | src.trainer.trainer | Epoch 15/60 learning rate set to 8.80648e-05
2026-09-13 09:18:04,679 | INFO | src.trainer.trainer | Epoch 15/60 train_loss=0.751288
2026-09-13 09:18:22,641 | INFO | src.trainer.history | Epoch 15 metrics saved at 2026-09-13 09:18:22: {'train_loss': 0.751287850887579, 'lr': 8.806483678883803e-05, 'val_loss': 1.701836546084337, 'val_accuracy': 0.4072368421052632, 'val_precision': 0.3542189274225592, 'val_recall': 0.3515080610021787, 'val_f1': 0.3382756929666691, 'val_image_accuracy': 0.39473684210526316, 'val_image_precision': 0.31947231512448904, 'val_image_recall': 0.33718954248366007, 'val_image_f1': 0.3119670323222262}
2026-09-13 09:18:22,641 | INFO | src.trainer.trainer | Epoch 15/60 val_f1=0.3382756929666691 val_image_f1=0.3119670323222262
2026-09-13 09:18:22,641 | INFO | src.trainer.trainer | Epoch 16/60 learning rate set to 8.63934e-05
2026-09-13 09:20:22,244 | INFO | src.trainer.trainer | Epoch 16/60 train_loss=0.734078
2026-09-13 09:20:40,230 | INFO | src.trainer.history | Epoch 16 metrics saved at 2026-09-13 09:20:40: {'train_loss': 0.7340778157652619, 'lr': 8.639341845107433e-05, 'val_loss': 1.7396631068618673, 'val_accuracy': 0.43153508771929827, 'val_precision': 0.374798564739171, 'val_recall': 0.3780838779956427, 'val_f1': 0.3486835259273867, 'val_image_accuracy': 0.4342105263157895, 'val_image_precision': 0.3549999999999999, 'val_image_recall': 0.3742483660130719, 'val_image_f1': 0.3332778427246512}
2026-09-13 09:20:40,230 | INFO | src.trainer.trainer | Epoch 16/60 val_f1=0.3486835259273867 val_image_f1=0.3332778427246512
2026-09-13 09:20:40,230 | INFO | src.trainer.trainer | Epoch 17/60 learning rate set to 8.4633e-05
2026-09-13 09:22:40,362 | INFO | src.trainer.trainer | Epoch 17/60 train_loss=0.724555
2026-09-13 09:22:58,443 | INFO | src.trainer.trainer | Epoch 17: new best val_f1 0.3712, saved logs/sweeps2/ds1_regularize_20260912_220421/geom_frac025_reg_cw/model_best.pt
2026-09-13 09:22:58,445 | INFO | src.trainer.history | Epoch 17 metrics saved at 2026-09-13 09:22:58: {'train_loss': 0.724554904450641, 'lr': 8.463301205792675e-05, 'val_loss': 1.7078899460403543, 'val_accuracy': 0.47342105263157896, 'val_precision': 0.4064009251374269, 'val_recall': 0.411287145969499, 'val_f1': 0.371229136711629, 'val_image_accuracy': 0.5394736842105263, 'val_image_precision': 0.4918070818070818, 'val_image_recall': 0.46483660130718957, 'val_image_f1': 0.40574296423353023}
2026-09-13 09:22:58,446 | INFO | src.trainer.trainer | Epoch 17/60 val_f1=0.371229136711629 val_image_f1=0.40574296423353023
2026-09-13 09:22:58,446 | INFO | src.trainer.trainer | Epoch 18/60 learning rate set to 8.27886e-05
2026-09-13 09:24:57,576 | INFO | src.trainer.trainer | Epoch 18/60 train_loss=0.704074
2026-09-13 09:25:15,561 | INFO | src.trainer.history | Epoch 18 metrics saved at 2026-09-13 09:25:15: {'train_loss': 0.7040744814274483, 'lr': 8.278860767257865e-05, 'val_loss': 1.8218294472025152, 'val_accuracy': 0.413640350877193, 'val_precision': 0.35751542903404115, 'val_recall': 0.3573755991285403, 'val_f1': 0.3369564091013049, 'val_image_accuracy': 0.5, 'val_image_precision': 0.431941031941032, 'val_image_recall': 0.43130718954248365, 'val_image_f1': 0.37684627771584295}
2026-09-13 09:25:15,561 | INFO | src.trainer.trainer | Epoch 18/60 val_f1=0.3369564091013049 val_image_f1=0.37684627771584295
2026-09-13 09:25:15,562 | INFO | src.trainer.trainer | Epoch 19/60 learning rate set to 8.08654e-05
2026-09-13 09:27:13,781 | INFO | src.trainer.trainer | Epoch 19/60 train_loss=0.696531
2026-09-13 09:27:31,737 | INFO | src.trainer.history | Epoch 19 metrics saved at 2026-09-13 09:27:31: {'train_loss': 0.6965306099981579, 'lr': 8.086543345964832e-05, 'val_loss': 1.6533723362914303, 'val_accuracy': 0.4581140350877193, 'val_precision': 0.3920699256588714, 'val_recall': 0.39645751633986925, 'val_f1': 0.36828979159250197, 'val_image_accuracy': 0.4605263157894737, 'val_image_precision': 0.3904761904761905, 'val_image_recall': 0.3986274509803921, 'val_image_f1': 0.3585485030132455}
2026-09-13 09:27:31,737 | INFO | src.trainer.trainer | Epoch 19/60 val_f1=0.36828979159250197 val_image_f1=0.3585485030132455
2026-09-13 09:27:31,738 | INFO | src.trainer.trainer | Epoch 20/60 learning rate set to 7.88689e-05
2026-09-13 09:29:29,558 | INFO | src.trainer.trainer | Epoch 20/60 train_loss=0.687291
2026-09-13 09:29:47,528 | INFO | src.trainer.history | Epoch 20 metrics saved at 2026-09-13 09:29:47: {'train_loss': 0.6872907945325664, 'lr': 7.886894086538841e-05, 'val_loss': 1.7125694177338953, 'val_accuracy': 0.44026315789473686, 'val_precision': 0.3680646655582543, 'val_recall': 0.38377908496732027, 'val_f1': 0.35165115206375414, 'val_image_accuracy': 0.4868421052631579, 'val_image_precision': 0.3863765736179529, 'val_image_recall': 0.4177777777777778, 'val_image_f1': 0.36103959625603055}
2026-09-13 09:29:47,528 | INFO | src.trainer.trainer | Epoch 20/60 val_f1=0.35165115206375414 val_image_f1=0.36103959625603055
2026-09-13 09:29:47,529 | INFO | src.trainer.trainer | Epoch 21/60 learning rate set to 7.68048e-05
2026-09-13 09:31:45,323 | INFO | src.trainer.trainer | Epoch 21/60 train_loss=0.678796
2026-09-13 09:32:03,287 | INFO | src.trainer.history | Epoch 21 metrics saved at 2026-09-13 09:32:03: {'train_loss': 0.6787962452358197, 'lr': 7.680478916496926e-05, 'val_loss': 1.7298017576075437, 'val_accuracy': 0.4545175438596491, 'val_precision': 0.37727182356587413, 'val_recall': 0.3927755991285403, 'val_f1': 0.35458723644383733, 'val_image_accuracy': 0.4868421052631579, 'val_image_precision': 0.41555555555555557, 'val_image_recall': 0.42150326797385623, 'val_image_f1': 0.37742138364779876}
2026-09-13 09:32:03,288 | INFO | src.trainer.trainer | Epoch 21/60 val_f1=0.35458723644383733 val_image_f1=0.37742138364779876
2026-09-13 09:32:03,288 | INFO | src.trainer.trainer | Epoch 22/60 learning rate set to 7.46788e-05
2026-09-13 09:34:02,090 | INFO | src.trainer.trainer | Epoch 22/60 train_loss=0.666298
2026-09-13 09:34:20,044 | INFO | src.trainer.history | Epoch 22 metrics saved at 2026-09-13 09:34:20: {'train_loss': 0.6662982029939636, 'lr': 7.46788294206485e-05, 'val_loss': 1.7377205158534803, 'val_accuracy': 0.4182017543859649, 'val_precision': 0.35931640975539425, 'val_recall': 0.35968823529411764, 'val_f1': 0.34643727681323544, 'val_image_accuracy': 0.4605263157894737, 'val_image_precision': 0.38679494435012257, 'val_image_recall': 0.39555555555555555, 'val_image_f1': 0.3712231462231462}
2026-09-13 09:34:20,044 | INFO | src.trainer.trainer | Epoch 22/60 val_f1=0.34643727681323544 val_image_f1=0.3712231462231462
2026-09-13 09:34:20,044 | INFO | src.trainer.trainer | Epoch 23/60 learning rate set to 7.24971e-05
2026-09-13 09:36:19,281 | INFO | src.trainer.trainer | Epoch 23/60 train_loss=0.659966
2026-09-13 09:36:37,355 | INFO | src.trainer.trainer | Epoch 23: new best val_f1 0.3816, saved logs/sweeps2/ds1_regularize_20260912_220421/geom_frac025_reg_cw/model_best.pt
2026-09-13 09:36:37,358 | INFO | src.trainer.history | Epoch 23 metrics saved at 2026-09-13 09:36:37: {'train_loss': 0.6599659323108222, 'lr': 7.249708789629944e-05, 'val_loss': 1.6506034922286084, 'val_accuracy': 0.46793859649122804, 'val_precision': 0.4034865666415567, 'val_recall': 0.4024740740740741, 'val_f1': 0.381559803360233, 'val_image_accuracy': 0.5131578947368421, 'val_image_precision': 0.41969469810549265, 'val_image_recall': 0.43954248366013077, 'val_image_f1': 0.40723627733171747}
2026-09-13 09:36:37,358 | INFO | src.trainer.trainer | Epoch 23/60 val_f1=0.381559803360233 val_image_f1=0.40723627733171747
2026-09-13 09:36:37,358 | INFO | src.trainer.trainer | Epoch 24/60 learning rate set to 7.02657e-05
2026-09-13 09:38:35,801 | INFO | src.trainer.trainer | Epoch 24/60 train_loss=0.651746
2026-09-13 09:38:53,770 | INFO | src.trainer.history | Epoch 24 metrics saved at 2026-09-13 09:38:53: {'train_loss': 0.6517461497215492, 'lr': 7.026574897531136e-05, 'val_loss': 1.7873969389158382, 'val_accuracy': 0.43469298245614035, 'val_precision': 0.38286537496863804, 'val_recall': 0.3756947712418301, 'val_f1': 0.35711644928669506, 'val_image_accuracy': 0.5131578947368421, 'val_image_precision': 0.44432523997741386, 'val_image_recall': 0.4413071895424837, 'val_image_f1': 0.39990708478513354}
2026-09-13 09:38:53,770 | INFO | src.trainer.trainer | Epoch 24/60 val_f1=0.35711644928669506 val_image_f1=0.39990708478513354
2026-09-13 09:38:53,770 | INFO | src.trainer.trainer | Epoch 25/60 learning rate set to 6.79911e-05
2026-09-13 09:40:52,622 | INFO | src.trainer.trainer | Epoch 25/60 train_loss=0.645914
2026-09-13 09:41:10,553 | INFO | src.trainer.history | Epoch 25 metrics saved at 2026-09-13 09:41:10: {'train_loss': 0.6459143720986494, 'lr': 6.799113763028295e-05, 'val_loss': 1.803512484399896, 'val_accuracy': 0.41973684210526313, 'val_precision': 0.3552417843233204, 'val_recall': 0.36227952069716773, 'val_f1': 0.33774791051161984, 'val_image_accuracy': 0.4868421052631579, 'val_image_precision': 0.4187165775401069, 'val_image_recall': 0.4201960784313726, 'val_image_f1': 0.3826610644257703}
2026-09-13 09:41:10,554 | INFO | src.trainer.trainer | Epoch 25/60 val_f1=0.33774791051161984 val_image_f1=0.3826610644257703
2026-09-13 09:41:10,554 | INFO | src.trainer.trainer | Epoch 26/60 learning rate set to 6.56797e-05
2026-09-13 09:43:09,263 | INFO | src.trainer.trainer | Epoch 26/60 train_loss=0.642418
2026-09-13 09:43:27,320 | INFO | src.trainer.trainer | Epoch 26: new best val_f1 0.3871, saved logs/sweeps2/ds1_regularize_20260912_220421/geom_frac025_reg_cw/model_best.pt
2026-09-13 09:43:27,325 | INFO | src.trainer.history | Epoch 26 metrics saved at 2026-09-13 09:43:27: {'train_loss': 0.6424180349068193, 'lr': 6.567970149420018e-05, 'val_loss': 1.6271086264179464, 'val_accuracy': 0.4732456140350877, 'val_precision': 0.40819305674937184, 'val_recall': 0.4098884531590413, 'val_f1': 0.38709464886197376, 'val_image_accuracy': 0.5, 'val_image_precision': 0.4160924369747899, 'val_image_recall': 0.4319607843137255, 'val_image_f1': 0.39149321266968323}
2026-09-13 09:43:27,326 | INFO | src.trainer.trainer | Epoch 26/60 val_f1=0.38709464886197376 val_image_f1=0.39149321266968323
2026-09-13 09:43:27,326 | INFO | src.trainer.trainer | Epoch 27/60 learning rate set to 6.3338e-05
2026-09-13 09:45:25,127 | INFO | src.trainer.trainer | Epoch 27/60 train_loss=0.630019
2026-09-13 09:45:43,033 | INFO | src.trainer.history | Epoch 27 metrics saved at 2026-09-13 09:45:43: {'train_loss': 0.6300192477956204, 'lr': 6.333799258392015e-05, 'val_loss': 1.7431681598696793, 'val_accuracy': 0.46324561403508774, 'val_precision': 0.38842633887087874, 'val_recall': 0.3999742919389978, 'val_f1': 0.3635434329840587, 'val_image_accuracy': 0.5394736842105263, 'val_image_precision': 0.45511764705882357, 'val_image_recall': 0.4659477124183007, 'val_image_f1': 0.40978357711599844}
2026-09-13 09:45:43,033 | INFO | src.trainer.trainer | Epoch 27/60 val_f1=0.3635434329840587 val_image_f1=0.40978357711599844
2026-09-13 09:45:43,033 | INFO | src.trainer.trainer | Epoch 28/60 learning rate set to 6.09726e-05
2026-09-13 09:47:39,309 | INFO | src.trainer.trainer | Epoch 28/60 train_loss=0.620802
2026-09-13 09:47:57,208 | INFO | src.trainer.history | Epoch 28 metrics saved at 2026-09-13 09:47:57: {'train_loss': 0.6208016350327727, 'lr': 6.0972648727767494e-05, 'val_loss': 1.7985757354372427, 'val_accuracy': 0.40337719298245617, 'val_precision': 0.34893821898929633, 'val_recall': 0.3475302832244009, 'val_f1': 0.33553837466943925, 'val_image_accuracy': 0.42105263157894735, 'val_image_precision': 0.361060606060606, 'val_image_recall': 0.3615686274509804, 'val_image_f1': 0.3421646794918684}
2026-09-13 09:47:57,208 | INFO | src.trainer.trainer | Epoch 28/60 val_f1=0.33553837466943925 val_image_f1=0.3421646794918684
2026-09-13 09:47:57,208 | INFO | src.trainer.trainer | Epoch 29/60 learning rate set to 5.85904e-05
2026-09-13 09:49:56,821 | INFO | src.trainer.trainer | Epoch 29/60 train_loss=0.610612
2026-09-13 09:50:14,726 | INFO | src.trainer.history | Epoch 29 metrics saved at 2026-09-13 09:50:14: {'train_loss': 0.6106120806689075, 'lr': 5.859037474988874e-05, 'val_loss': 1.7348485235686888, 'val_accuracy': 0.45399122807017545, 'val_precision': 0.37334015078950855, 'val_recall': 0.3910028322440087, 'val_f1': 0.36076545555459794, 'val_image_accuracy': 0.5131578947368421, 'val_image_precision': 0.42175, 'val_image_recall': 0.44307189542483655, 'val_image_f1': 0.3941433317513051}
2026-09-13 09:50:14,726 | INFO | src.trainer.trainer | Epoch 29/60 val_f1=0.36076545555459794 val_image_f1=0.3941433317513051
2026-09-13 09:50:14,726 | INFO | src.trainer.trainer | Epoch 30/60 learning rate set to 5.61979e-05
2026-09-13 09:52:13,025 | INFO | src.trainer.trainer | Epoch 30/60 train_loss=0.610156
2026-09-13 09:52:30,916 | INFO | src.trainer.history | Epoch 30 metrics saved at 2026-09-13 09:52:30: {'train_loss': 0.6101557606312639, 'lr': 5.619792346469987e-05, 'val_loss': 1.7027336237827937, 'val_accuracy': 0.47114035087719297, 'val_precision': 0.3966725701490498, 'val_recall': 0.40654771241830073, 'val_f1': 0.36843213780809064, 'val_image_accuracy': 0.5263157894736842, 'val_image_precision': 0.4475337961271465, 'val_image_recall': 0.4530718954248366, 'val_image_f1': 0.4053972808635649}
2026-09-13 09:52:30,916 | INFO | src.trainer.trainer | Epoch 30/60 val_f1=0.36843213780809064 val_image_f1=0.4053972808635649
2026-09-13 09:52:30,916 | INFO | src.trainer.trainer | Epoch 31/60 learning rate set to 5.38021e-05
2026-09-13 09:54:29,800 | INFO | src.trainer.trainer | Epoch 31/60 train_loss=0.610323
2026-09-13 09:54:47,719 | INFO | src.trainer.history | Epoch 31 metrics saved at 2026-09-13 09:54:47: {'train_loss': 0.6103232819642858, 'lr': 5.380207653530014e-05, 'val_loss': 1.7316505325677103, 'val_accuracy': 0.45302631578947367, 'val_precision': 0.36715273109628793, 'val_recall': 0.389840522875817, 'val_f1': 0.3571174013273903, 'val_image_accuracy': 0.5, 'val_image_precision': 0.41348781937017226, 'val_image_recall': 0.43019607843137253, 'val_image_f1': 0.38681947261663285}
2026-09-13 09:54:47,719 | INFO | src.trainer.trainer | Epoch 31/60 val_f1=0.3571174013273903 val_image_f1=0.38681947261663285
2026-09-13 09:54:47,719 | INFO | src.trainer.trainer | Epoch 32/60 learning rate set to 5.14096e-05
2026-09-13 09:56:45,853 | INFO | src.trainer.trainer | Epoch 32/60 train_loss=0.597071
2026-09-13 09:57:03,759 | INFO | src.trainer.history | Epoch 32 metrics saved at 2026-09-13 09:57:03: {'train_loss': 0.5970712422147537, 'lr': 5.140962525011126e-05, 'val_loss': 1.7420156540264162, 'val_accuracy': 0.4548684210526316, 'val_precision': 0.38906694935677166, 'val_recall': 0.39231503267973855, 'val_f1': 0.36829313445793266, 'val_image_accuracy': 0.5, 'val_image_precision': 0.4303030303030303, 'val_image_recall': 0.4295424836601307, 'val_image_f1': 0.3931428571428571}
2026-09-13 09:57:03,759 | INFO | src.trainer.trainer | Epoch 32/60 val_f1=0.36829313445793266 val_image_f1=0.3931428571428571
2026-09-13 09:57:03,759 | INFO | src.trainer.trainer | Epoch 33/60 learning rate set to 4.90274e-05
2026-09-13 09:59:01,520 | INFO | src.trainer.trainer | Epoch 33/60 train_loss=0.592310
2026-09-13 09:59:19,422 | INFO | src.trainer.history | Epoch 33 metrics saved at 2026-09-13 09:59:19: {'train_loss': 0.5923104604067586, 'lr': 4.902735127223252e-05, 'val_loss': 1.7997343431753026, 'val_accuracy': 0.41078947368421054, 'val_precision': 0.34503973418056205, 'val_recall': 0.35362723311546845, 'val_f1': 0.33689985290192476, 'val_image_accuracy': 0.4473684210526316, 'val_image_precision': 0.36287390029325517, 'val_image_recall': 0.38379084967320265, 'val_image_f1': 0.35612418142129515}
2026-09-13 09:59:19,422 | INFO | src.trainer.trainer | Epoch 33/60 val_f1=0.33689985290192476 val_image_f1=0.35612418142129515
2026-09-13 09:59:19,422 | INFO | src.trainer.trainer | Epoch 34/60 learning rate set to 4.6662e-05
2026-09-13 10:01:16,311 | INFO | src.trainer.trainer | Epoch 34/60 train_loss=0.590629
2026-09-13 10:01:34,178 | INFO | src.trainer.history | Epoch 34 metrics saved at 2026-09-13 10:01:34: {'train_loss': 0.5906293690779869, 'lr': 4.6662007416079864e-05, 'val_loss': 1.7117405394085667, 'val_accuracy': 0.4643859649122807, 'val_precision': 0.3921460487411633, 'val_recall': 0.3992760348583878, 'val_f1': 0.36405296903560774, 'val_image_accuracy': 0.5, 'val_image_precision': 0.3999147485080989, 'val_image_recall': 0.43130718954248365, 'val_image_f1': 0.375140980442347}
2026-09-13 10:01:34,179 | INFO | src.trainer.trainer | Epoch 34/60 val_f1=0.36405296903560774 val_image_f1=0.375140980442347
2026-09-13 10:01:34,179 | INFO | src.trainer.trainer | Epoch 35/60 learning rate set to 4.43203e-05
2026-09-13 10:03:32,065 | INFO | src.trainer.trainer | Epoch 35/60 train_loss=0.583141
2026-09-13 10:03:49,925 | INFO | src.trainer.history | Epoch 35 metrics saved at 2026-09-13 10:03:49: {'train_loss': 0.5831412340122059, 'lr': 4.4320298505799834e-05, 'val_loss': 1.66044204866677, 'val_accuracy': 0.47592105263157897, 'val_precision': 0.40207491999400935, 'val_recall': 0.41089281045751636, 'val_f1': 0.3782601597940802, 'val_image_accuracy': 0.5394736842105263, 'val_image_precision': 0.4799147485080989, 'val_image_recall': 0.46483660130718957, 'val_image_f1': 0.4218776121265049}
2026-09-13 10:03:49,925 | INFO | src.trainer.trainer | Epoch 35/60 val_f1=0.3782601597940802 val_image_f1=0.4218776121265049
2026-09-13 10:03:49,925 | INFO | src.trainer.trainer | Epoch 36/60 learning rate set to 4.20089e-05
2026-09-13 10:05:47,842 | INFO | src.trainer.trainer | Epoch 36/60 train_loss=0.577000
2026-09-13 10:06:05,747 | INFO | src.trainer.history | Epoch 36 metrics saved at 2026-09-13 10:06:05: {'train_loss': 0.5770002216998966, 'lr': 4.200886236971707e-05, 'val_loss': 1.7325300300225877, 'val_accuracy': 0.45899122807017545, 'val_precision': 0.37895283861147744, 'val_recall': 0.3946488017429194, 'val_f1': 0.36400727053020343, 'val_image_accuracy': 0.5263157894736842, 'val_image_precision': 0.43440115440115445, 'val_image_recall': 0.4530718954248366, 'val_image_f1': 0.4143589743589743}
2026-09-13 10:06:05,747 | INFO | src.trainer.trainer | Epoch 36/60 val_f1=0.36400727053020343 val_image_f1=0.4143589743589743
2026-09-13 10:06:05,747 | INFO | src.trainer.trainer | Epoch 37/60 learning rate set to 3.97343e-05
2026-09-13 10:08:03,760 | INFO | src.trainer.trainer | Epoch 37/60 train_loss=0.573500
2026-09-13 10:08:21,664 | INFO | src.trainer.history | Epoch 37 metrics saved at 2026-09-13 10:08:21: {'train_loss': 0.573499654463334, 'lr': 3.9734251024688635e-05, 'val_loss': 1.7667043723871834, 'val_accuracy': 0.46092105263157895, 'val_precision': 0.37877977670805746, 'val_recall': 0.39782962962962964, 'val_f1': 0.36262887979347613, 'val_image_accuracy': 0.5, 'val_image_precision': 0.4080357142857142, 'val_image_recall': 0.43130718954248365, 'val_image_f1': 0.38782532367785827}
2026-09-13 10:08:21,664 | INFO | src.trainer.trainer | Epoch 37/60 val_f1=0.36262887979347613 val_image_f1=0.38782532367785827
2026-09-13 10:08:21,664 | INFO | src.trainer.trainer | Epoch 38/60 learning rate set to 3.75029e-05
2026-09-13 10:10:18,877 | INFO | src.trainer.trainer | Epoch 38/60 train_loss=0.570147
2026-09-13 10:10:36,785 | INFO | src.trainer.history | Epoch 38 metrics saved at 2026-09-13 10:10:36: {'train_loss': 0.5701466544929397, 'lr': 3.750291210370057e-05, 'val_loss': 1.7089735442399978, 'val_accuracy': 0.4629385964912281, 'val_precision': 0.39036073190346743, 'val_recall': 0.3993039215686275, 'val_f1': 0.3675435506166849, 'val_image_accuracy': 0.5, 'val_image_precision': 0.4514285714285714, 'val_image_recall': 0.43084967320261436, 'val_image_f1': 0.3893939393939394}
2026-09-13 10:10:36,786 | INFO | src.trainer.trainer | Epoch 38/60 val_f1=0.3675435506166849 val_image_f1=0.3893939393939394
2026-09-13 10:10:36,786 | INFO | src.trainer.trainer | Epoch 39/60 learning rate set to 3.53212e-05
2026-09-13 10:12:36,098 | INFO | src.trainer.trainer | Epoch 39/60 train_loss=0.564733
2026-09-13 10:12:53,972 | INFO | src.trainer.history | Epoch 39 metrics saved at 2026-09-13 10:12:53: {'train_loss': 0.5647333386604575, 'lr': 3.532117057935151e-05, 'val_loss': 1.7369631863267798, 'val_accuracy': 0.4580701754385965, 'val_precision': 0.3850537542880578, 'val_recall': 0.39568714596949894, 'val_f1': 0.35763839150838983, 'val_image_accuracy': 0.5131578947368421, 'val_image_precision': 0.4448253968253968, 'val_image_recall': 0.44307189542483655, 'val_image_f1': 0.38914490161001786}
2026-09-13 10:12:53,972 | INFO | src.trainer.trainer | Epoch 39/60 val_f1=0.35763839150838983 val_image_f1=0.38914490161001786
2026-09-13 10:12:53,972 | INFO | src.trainer.trainer | Epoch 40/60 learning rate set to 3.31952e-05
2026-09-13 10:14:51,341 | INFO | src.trainer.trainer | Epoch 40/60 train_loss=0.564906
2026-09-13 10:15:09,202 | INFO | src.trainer.history | Epoch 40 metrics saved at 2026-09-13 10:15:09: {'train_loss': 0.5649059501788133, 'lr': 3.3195210835030745e-05, 'val_loss': 1.7134122662376938, 'val_accuracy': 0.4666666666666667, 'val_precision': 0.3934095853913839, 'val_recall': 0.40126623093681923, 'val_f1': 0.370998899841089, 'val_image_accuracy': 0.5263157894736842, 'val_image_precision': 0.4546772068511199, 'val_image_recall': 0.4519607843137255, 'val_image_f1': 0.41103505473615576}
2026-09-13 10:15:09,202 | INFO | src.trainer.trainer | Epoch 40/60 val_f1=0.370998899841089 val_image_f1=0.41103505473615576
2026-09-13 10:15:09,202 | INFO | src.trainer.trainer | Epoch 41/60 learning rate set to 3.11311e-05
2026-09-13 10:17:08,964 | INFO | src.trainer.trainer | Epoch 41/60 train_loss=0.558523
2026-09-13 10:17:26,976 | INFO | src.trainer.trainer | Epoch 41: new best val_f1 0.4016, saved logs/sweeps2/ds1_regularize_20260912_220421/geom_frac025_reg_cw/model_best.pt
2026-09-13 10:17:26,980 | INFO | src.trainer.history | Epoch 41 metrics saved at 2026-09-13 10:17:26: {'train_loss': 0.5585229416927233, 'lr': 3.113105913461159e-05, 'val_loss': 1.610544414886257, 'val_accuracy': 0.4909210526315789, 'val_precision': 0.4268199209402598, 'val_recall': 0.4279374727668845, 'val_f1': 0.401561062862344, 'val_image_accuracy': 0.5526315789473685, 'val_image_precision': 0.45555555555555555, 'val_image_recall': 0.4766013071895426, 'val_image_f1': 0.43047330337970735}
2026-09-13 10:17:26,981 | INFO | src.trainer.trainer | Epoch 41/60 val_f1=0.401561062862344 val_image_f1=0.43047330337970735
2026-09-13 10:17:26,981 | INFO | src.trainer.trainer | Epoch 42/60 learning rate set to 2.91346e-05
2026-09-13 10:19:27,152 | INFO | src.trainer.trainer | Epoch 42/60 train_loss=0.555176
2026-09-13 10:19:45,121 | INFO | src.trainer.history | Epoch 42 metrics saved at 2026-09-13 10:19:45: {'train_loss': 0.5551764427969521, 'lr': 2.9134566540351696e-05, 'val_loss': 1.6747616471951468, 'val_accuracy': 0.47469298245614033, 'val_precision': 0.39055106150706476, 'val_recall': 0.4096119825708061, 'val_f1': 0.3763245973073969, 'val_image_accuracy': 0.5394736842105263, 'val_image_precision': 0.4469964157706093, 'val_image_recall': 0.46307189542483657, 'val_image_f1': 0.41972580346678184}
2026-09-13 10:19:45,122 | INFO | src.trainer.trainer | Epoch 42/60 val_f1=0.3763245973073969 val_image_f1=0.41972580346678184
2026-09-13 10:19:45,122 | INFO | src.trainer.trainer | Epoch 43/60 learning rate set to 2.72114e-05
2026-09-13 10:21:43,400 | INFO | src.trainer.trainer | Epoch 43/60 train_loss=0.553163
2026-09-13 10:22:01,330 | INFO | src.trainer.history | Epoch 43 metrics saved at 2026-09-13 10:22:01: {'train_loss': 0.5531629701119135, 'lr': 2.721139232742137e-05, 'val_loss': 1.7245249326814684, 'val_accuracy': 0.4656140350877193, 'val_precision': 0.37557231027902566, 'val_recall': 0.40153333333333335, 'val_f1': 0.3655928252124172, 'val_image_accuracy': 0.5263157894736842, 'val_image_precision': 0.4379037629037629, 'val_image_recall': 0.4548366013071895, 'val_image_f1': 0.3996450216450217}
2026-09-13 10:22:01,331 | INFO | src.trainer.trainer | Epoch 43/60 val_f1=0.3655928252124172 val_image_f1=0.3996450216450217
2026-09-13 10:22:01,331 | INFO | src.trainer.trainer | Epoch 44/60 learning rate set to 2.5367e-05
2026-09-13 10:24:00,227 | INFO | src.trainer.trainer | Epoch 44/60 train_loss=0.547712
2026-09-13 10:24:18,176 | INFO | src.trainer.history | Epoch 44 metrics saved at 2026-09-13 10:24:18: {'train_loss': 0.5477123361954268, 'lr': 2.536698794207327e-05, 'val_loss': 1.7296288181083244, 'val_accuracy': 0.45864035087719296, 'val_precision': 0.38817628792669845, 'val_recall': 0.3948993464052287, 'val_f1': 0.36478877312506025, 'val_image_accuracy': 0.5394736842105263, 'val_image_precision': 0.4819047619047619, 'val_image_recall': 0.46483660130718957, 'val_image_f1': 0.4180504680504681}
2026-09-13 10:24:18,176 | INFO | src.trainer.trainer | Epoch 44/60 val_f1=0.36478877312506025 val_image_f1=0.4180504680504681
2026-09-13 10:24:18,177 | INFO | src.trainer.trainer | Epoch 45/60 learning rate set to 2.36066e-05
2026-09-13 10:26:17,555 | INFO | src.trainer.trainer | Epoch 45/60 train_loss=0.544799
2026-09-13 10:26:35,542 | INFO | src.trainer.history | Epoch 45 metrics saved at 2026-09-13 10:26:35: {'train_loss': 0.544799403073439, 'lr': 2.360658154892569e-05, 'val_loss': 1.729088308748446, 'val_accuracy': 0.4782456140350877, 'val_precision': 0.4102498916155716, 'val_recall': 0.4128533769063181, 'val_f1': 0.37600858175147767, 'val_image_accuracy': 0.5394736842105263, 'val_image_precision': 0.48688888888888887, 'val_image_recall': 0.4666013071895425, 'val_image_f1': 0.41359192628345764}
2026-09-13 10:26:35,542 | INFO | src.trainer.trainer | Epoch 45/60 val_f1=0.37600858175147767 val_image_f1=0.41359192628345764
2026-09-13 10:26:35,542 | INFO | src.trainer.trainer | Epoch 46/60 learning rate set to 2.19352e-05
2026-09-13 10:28:34,716 | INFO | src.trainer.trainer | Epoch 46/60 train_loss=0.541725
2026-09-13 10:28:52,758 | INFO | src.trainer.history | Epoch 46 metrics saved at 2026-09-13 10:28:52: {'train_loss': 0.5417248067098276, 'lr': 2.1935163211161985e-05, 'val_loss': 1.7701069126212805, 'val_accuracy': 0.45706140350877195, 'val_precision': 0.3758933097221502, 'val_recall': 0.3942143790849673, 'val_f1': 0.35967419619215846, 'val_image_accuracy': 0.5131578947368421, 'val_image_precision': 0.4319747899159664, 'val_image_recall': 0.4437254901960784, 'val_image_f1': 0.39121555598983776}
2026-09-13 10:28:52,758 | INFO | src.trainer.trainer | Epoch 46/60 val_f1=0.35967419619215846 val_image_f1=0.39121555598983776
2026-09-13 10:28:52,758 | INFO | src.trainer.trainer | Epoch 47/60 learning rate set to 2.03575e-05
2026-09-13 10:30:51,808 | INFO | src.trainer.trainer | Epoch 47/60 train_loss=0.541213
2026-09-13 10:31:09,776 | INFO | src.trainer.history | Epoch 47 metrics saved at 2026-09-13 10:31:09: {'train_loss': 0.5412128431635957, 'lr': 2.0357470745654214e-05, 'val_loss': 1.6907841261750773, 'val_accuracy': 0.4675, 'val_precision': 0.3979840931267292, 'val_recall': 0.40323028322440074, 'val_f1': 0.37361832968274467, 'val_image_accuracy': 0.5394736842105263, 'val_image_precision': 0.4698447204968944, 'val_image_recall': 0.46483660130718957, 'val_image_f1': 0.4184337433117921}
2026-09-13 10:31:09,777 | INFO | src.trainer.trainer | Epoch 47/60 val_f1=0.37361832968274467 val_image_f1=0.4184337433117921
2026-09-13 10:31:09,777 | INFO | src.trainer.trainer | Epoch 48/60 learning rate set to 1.8878e-05
2026-09-13 10:33:10,729 | INFO | src.trainer.trainer | Epoch 48/60 train_loss=0.532706
2026-09-13 10:33:28,656 | INFO | src.trainer.history | Epoch 48 metrics saved at 2026-09-13 10:33:28: {'train_loss': 0.5327059774586423, 'lr': 1.8877976293106646e-05, 'val_loss': 1.7273529094039348, 'val_accuracy': 0.46714912280701754, 'val_precision': 0.39381881767263444, 'val_recall': 0.4029161220043574, 'val_f1': 0.36664944190490767, 'val_image_accuracy': 0.5, 'val_image_precision': 0.4414640522875817, 'val_image_recall': 0.43130718954248365, 'val_image_f1': 0.38356420779402994}
2026-09-13 10:33:28,656 | INFO | src.trainer.trainer | Epoch 48/60 val_f1=0.36664944190490767 val_image_f1=0.38356420779402994
2026-09-13 10:33:28,656 | INFO | src.trainer.trainer | Epoch 49/60 learning rate set to 1.75009e-05
2026-09-13 10:35:28,080 | INFO | src.trainer.trainer | Epoch 49/60 train_loss=0.533602
2026-09-13 10:35:46,040 | INFO | src.trainer.history | Epoch 49 metrics saved at 2026-09-13 10:35:46: {'train_loss': 0.5336018542776129, 'lr': 1.750087364128682e-05, 'val_loss': 1.7785186503121728, 'val_accuracy': 0.4419736842105263, 'val_precision': 0.37295635065936766, 'val_recall': 0.3814518518518518, 'val_f1': 0.35095365899098924, 'val_image_accuracy': 0.5131578947368421, 'val_image_precision': 0.442077922077922, 'val_image_recall': 0.44196078431372554, 'val_image_f1': 0.3968864468864469}
2026-09-13 10:35:46,040 | INFO | src.trainer.trainer | Epoch 49/60 val_f1=0.35095365899098924 val_image_f1=0.3968864468864469
2026-09-13 10:35:46,040 | INFO | src.trainer.trainer | Epoch 50/60 learning rate set to 1.62301e-05
2026-09-13 10:37:44,691 | INFO | src.trainer.trainer | Epoch 50/60 train_loss=0.531712
2026-09-13 10:38:02,672 | INFO | src.trainer.history | Epoch 50 metrics saved at 2026-09-13 10:38:02: {'train_loss': 0.5317115638144563, 'lr': 1.6230066337278724e-05, 'val_loss': 1.7381950379254525, 'val_accuracy': 0.4531140350877193, 'val_precision': 0.3740435796080979, 'val_recall': 0.3896187363834423, 'val_f1': 0.3626486536297713, 'val_image_accuracy': 0.5, 'val_image_precision': 0.41186847436496804, 'val_image_recall': 0.43019607843137253, 'val_image_f1': 0.393264540337711}
2026-09-13 10:38:02,672 | INFO | src.trainer.trainer | Epoch 50/60 val_f1=0.3626486536297713 val_image_f1=0.393264540337711
2026-09-13 10:38:02,672 | INFO | src.trainer.trainer | Epoch 51/60 learning rate set to 1.50692e-05
2026-09-13 10:40:02,460 | INFO | src.trainer.trainer | Epoch 51/60 train_loss=0.528678
2026-09-13 10:40:20,406 | INFO | src.trainer.history | Epoch 51 metrics saved at 2026-09-13 10:40:20: {'train_loss': 0.5286779849265537, 'lr': 1.5069156622454287e-05, 'val_loss': 1.6534896723011083, 'val_accuracy': 0.47657894736842105, 'val_precision': 0.4021110903982635, 'val_recall': 0.4098477124183006, 'val_f1': 0.3868877928178613, 'val_image_accuracy': 0.5131578947368421, 'val_image_precision': 0.42945301542777, 'val_image_recall': 0.4413071895424837, 'val_image_f1': 0.4048597183584568}
2026-09-13 10:40:20,406 | INFO | src.trainer.trainer | Epoch 51/60 val_f1=0.3868877928178613 val_image_f1=0.4048597183584568
2026-09-13 10:40:20,406 | INFO | src.trainer.trainer | Epoch 52/60 learning rate set to 1.40214e-05
2026-09-13 10:42:19,727 | INFO | src.trainer.trainer | Epoch 52/60 train_loss=0.528818
2026-09-13 10:42:37,671 | INFO | src.trainer.history | Epoch 52 metrics saved at 2026-09-13 10:42:37: {'train_loss': 0.5288182674696823, 'lr': 1.4021435221528906e-05, 'val_loss': 1.74822190659088, 'val_accuracy': 0.4589035087719298, 'val_precision': 0.39016847461764903, 'val_recall': 0.39523681917211334, 'val_f1': 0.3672353773212376, 'val_image_accuracy': 0.5263157894736842, 'val_image_precision': 0.46085434173669465, 'val_image_recall': 0.4530718954248366, 'val_image_f1': 0.409287270463741}
2026-09-13 10:42:37,672 | INFO | src.trainer.trainer | Epoch 52/60 val_f1=0.3672353773212376 val_image_f1=0.409287270463741
2026-09-13 10:42:37,672 | INFO | src.trainer.trainer | Epoch 53/60 learning rate set to 1.30899e-05
2026-09-13 10:44:37,004 | INFO | src.trainer.trainer | Epoch 53/60 train_loss=0.525079
2026-09-13 10:44:54,943 | INFO | src.trainer.history | Epoch 53 metrics saved at 2026-09-13 10:44:54: {'train_loss': 0.5250788501854198, 'lr': 1.3089872014644771e-05, 'val_loss': 1.7864198417830885, 'val_accuracy': 0.4438157894736842, 'val_precision': 0.37191370349218206, 'val_recall': 0.38190501089324613, 'val_f1': 0.35252746023107157, 'val_image_accuracy': 0.5, 'val_image_precision': 0.42484472049689437, 'val_image_recall': 0.43130718954248365, 'val_image_f1': 0.3816360225140713}
2026-09-13 10:44:54,944 | INFO | src.trainer.trainer | Epoch 53/60 val_f1=0.35252746023107157 val_image_f1=0.3816360225140713
2026-09-13 10:44:54,944 | INFO | src.trainer.trainer | Epoch 54/60 learning rate set to 1.22771e-05
2026-09-13 10:46:52,878 | INFO | src.trainer.trainer | Epoch 54/60 train_loss=0.521788
2026-09-13 10:47:10,887 | INFO | src.trainer.history | Epoch 54 metrics saved at 2026-09-13 10:47:10: {'train_loss': 0.5217884702078927, 'lr': 1.2277107618922843e-05, 'val_loss': 1.699699248096399, 'val_accuracy': 0.4788157894736842, 'val_precision': 0.3997908560139911, 'val_recall': 0.41212592592592595, 'val_f1': 0.37270284330966097, 'val_image_accuracy': 0.5263157894736842, 'val_image_precision': 0.45068907563025207, 'val_image_recall': 0.4548366013071895, 'val_image_f1': 0.4021051831585347}
2026-09-13 10:47:10,887 | INFO | src.trainer.trainer | Epoch 54/60 val_f1=0.37270284330966097 val_image_f1=0.4021051831585347
2026-09-13 10:47:10,888 | INFO | src.trainer.trainer | Epoch 55/60 learning rate set to 1.15854e-05
2026-09-13 10:49:10,139 | INFO | src.trainer.trainer | Epoch 55/60 train_loss=0.522589
2026-09-13 10:49:28,089 | INFO | src.trainer.history | Epoch 55 metrics saved at 2026-09-13 10:49:28: {'train_loss': 0.5225888664950772, 'lr': 1.1585445903346785e-05, 'val_loss': 1.745941398467934, 'val_accuracy': 0.46271929824561403, 'val_precision': 0.38700997676870197, 'val_recall': 0.3988228758169935, 'val_f1': 0.36836291619767947, 'val_image_accuracy': 0.5263157894736842, 'val_image_precision': 0.4428268398268399, 'val_image_recall': 0.4548366013071895, 'val_image_f1': 0.40302768549280177}
2026-09-13 10:49:28,089 | INFO | src.trainer.trainer | Epoch 55/60 val_f1=0.36836291619767947 val_image_f1=0.40302768549280177
2026-09-13 10:49:28,090 | INFO | src.trainer.trainer | Epoch 56/60 learning rate set to 1.10168e-05
2026-09-13 10:51:25,930 | INFO | src.trainer.trainer | Epoch 56/60 train_loss=0.523899
2026-09-13 10:51:43,903 | INFO | src.trainer.history | Epoch 56 metrics saved at 2026-09-13 10:51:43: {'train_loss': 0.5238993542550135, 'lr': 1.1016847458196001e-05, 'val_loss': 1.7704355812177324, 'val_accuracy': 0.4670175438596491, 'val_precision': 0.39485318147119136, 'val_recall': 0.40316557734204794, 'val_f1': 0.3641873719900432, 'val_image_accuracy': 0.5263157894736842, 'val_image_precision': 0.46722222222222215, 'val_image_recall': 0.4548366013071895, 'val_image_f1': 0.40113566936208433}
2026-09-13 10:51:43,903 | INFO | src.trainer.trainer | Epoch 56/60 val_f1=0.3641873719900432 val_image_f1=0.40113566936208433
2026-09-13 10:51:43,903 | INFO | src.trainer.trainer | Epoch 57/60 learning rate set to 1.05729e-05
2026-09-13 10:53:42,936 | INFO | src.trainer.trainer | Epoch 57/60 train_loss=0.520980
2026-09-13 10:54:00,914 | INFO | src.trainer.history | Epoch 57 metrics saved at 2026-09-13 10:54:00: {'train_loss': 0.5209802661653616, 'lr': 1.0572924037539496e-05, 'val_loss': 1.7887356082807508, 'val_accuracy': 0.4512719298245614, 'val_precision': 0.38234973966030744, 'val_recall': 0.38886361655773416, 'val_f1': 0.36136551419261664, 'val_image_accuracy': 0.5263157894736842, 'val_image_precision': 0.4492424242424242, 'val_image_recall': 0.4530718954248366, 'val_image_f1': 0.4095238095238095}
2026-09-13 10:54:00,914 | INFO | src.trainer.trainer | Epoch 57/60 val_f1=0.36136551419261664 val_image_f1=0.4095238095238095
2026-09-13 10:54:00,914 | INFO | src.trainer.trainer | Epoch 58/60 learning rate set to 1.02549e-05
2026-09-13 10:56:00,542 | INFO | src.trainer.trainer | Epoch 58/60 train_loss=0.519289
2026-09-13 10:56:18,484 | INFO | src.trainer.history | Epoch 58 metrics saved at 2026-09-13 10:56:18: {'train_loss': 0.5192885251335506, 'lr': 1.0254933990543831e-05, 'val_loss': 1.7647832228217208, 'val_accuracy': 0.46096491228070174, 'val_precision': 0.3898770952428288, 'val_recall': 0.3979960784313726, 'val_f1': 0.36710963296120597, 'val_image_accuracy': 0.5131578947368421, 'val_image_precision': 0.44123529411764706, 'val_image_recall': 0.44307189542483655, 'val_image_f1': 0.3926381142797012}
2026-09-13 10:56:18,484 | INFO | src.trainer.trainer | Epoch 58/60 val_f1=0.36710963296120597 val_image_f1=0.3926381142797012
2026-09-13 10:56:18,484 | INFO | src.trainer.trainer | Epoch 59/60 learning rate set to 1.00638e-05
2026-09-13 10:58:16,219 | INFO | src.trainer.trainer | Epoch 59/60 train_loss=0.515647
2026-09-13 10:58:34,161 | INFO | src.trainer.history | Epoch 59 metrics saved at 2026-09-13 10:58:34: {'train_loss': 0.5156466189400745, 'lr': 1.0063778694545714e-05, 'val_loss': 1.740651210912487, 'val_accuracy': 0.4692982456140351, 'val_precision': 0.3905206645878717, 'val_recall': 0.4049435729847494, 'val_f1': 0.37198395493717146, 'val_image_accuracy': 0.5131578947368421, 'val_image_precision': 0.42175, 'val_image_recall': 0.44307189542483655, 'val_image_f1': 0.3941433317513051}
2026-09-13 10:58:34,161 | INFO | src.trainer.trainer | Epoch 59/60 val_f1=0.37198395493717146 val_image_f1=0.3941433317513051
2026-09-13 10:58:34,161 | INFO | src.trainer.trainer | Epoch 60/60 learning rate set to 1e-05
2026-09-13 11:00:32,084 | INFO | src.trainer.trainer | Epoch 60/60 train_loss=0.517327
2026-09-13 11:00:49,997 | INFO | src.trainer.history | Epoch 60 metrics saved at 2026-09-13 11:00:49: {'train_loss': 0.5173273730437314, 'lr': 1e-05, 'val_loss': 1.7527763897598836, 'val_accuracy': 0.4607894736842105, 'val_precision': 0.3885597612757551, 'val_recall': 0.39687494553376906, 'val_f1': 0.3693961671108949, 'val_image_accuracy': 0.5, 'val_image_precision': 0.4044336917562724, 'val_image_recall': 0.43130718954248365, 'val_image_f1': 0.385284095749212}
2026-09-13 11:00:49,998 | INFO | src.trainer.trainer | Epoch 60/60 val_f1=0.3693961671108949 val_image_f1=0.385284095749212
2026-09-13 11:00:50,046 | INFO | src.trainer.trainer | Saved final model to logs/sweeps2/ds1_regularize_20260912_220421/geom_frac025_reg_cw/model_final.pt
2026-09-13 11:00:50,046 | INFO | src.trainer.trainer | Best model is from epoch 41 (val_f1=0.4016)
2026-09-13 11:01:20,270 | INFO | src.trainer.trainer | Held-out test of best epoch 41: {'test_loss': 1.4361142105526394, 'test_accuracy': 0.505297157622739, 'test_precision': 0.5017773437310937, 'test_recall': 0.5237231233255553, 'test_f1': 0.4955463363318785, 'test_image_accuracy': 0.5271317829457365, 'test_image_precision': 0.5313205741626794, 'test_image_recall': 0.5476904329789992, 'test_image_f1': 0.5181327890451198}
2026-09-13 11:01:20,277 | INFO | src.trainer.trainer | Run summary: {'selection_metric': 'val_f1', 'best_epoch': 41, 'best_score': 0.401561062862344, 'stopped_epoch': None, 'eval_test': 'end', 'best_val': {'val_loss': 1.610544414886257, 'val_accuracy': 0.4909210526315789, 'val_precision': 0.4268199209402598, 'val_recall': 0.4279374727668845, 'val_f1': 0.401561062862344, 'val_image_accuracy': 0.5526315789473685, 'val_image_precision': 0.45555555555555555, 'val_image_recall': 0.4766013071895426, 'val_image_f1': 0.43047330337970735}, 'best_test': {'test_loss': 1.4361142105526394, 'test_accuracy': 0.505297157622739, 'test_precision': 0.5017773437310937, 'test_recall': 0.5237231233255553, 'test_f1': 0.4955463363318785, 'test_image_accuracy': 0.5271317829457365, 'test_image_precision': 0.5313205741626794, 'test_image_recall': 0.5476904329789992, 'test_image_f1': 0.5181327890451198}, 'selected_weights': 'best', 'selected_test': {'test_loss': 1.4361142105526394, 'test_accuracy': 0.505297157622739, 'test_precision': 0.5017773437310937, 'test_recall': 0.5237231233255553, 'test_f1': 0.4955463363318785, 'test_image_accuracy': 0.5271317829457365, 'test_image_precision': 0.5313205741626794, 'test_image_recall': 0.5476904329789992, 'test_image_f1': 0.5181327890451198}, 'test_image_f1': 0.5181327890451198, 'test_f1': 0.4955463363318785, 'val_image_f1': 0.43047330337970735, 'val_f1': 0.401561062862344, 'swa_val_score': None}
2026-09-13 11:01:20,277 | INFO | __main__ | Experiment finished at 2026-09-13 11:01:20
2026-09-13 11:01:20,349 | INFO | __main__ | Best sweep run geom_frac025_reg_cw val_f1=0.4016 test_f1=0.4955463363318785 dir=logs/sweeps2/ds1_regularize_20260912_220421/geom_frac025_reg_cw
