2026-09-12 05:54:24,352 | INFO | src.trainer.history | File logging initialized: /app/logs/sweeps/quality_search_20260911_223833/ds2_geom_overlap0/ds2_geom_overlap0/experiment.log
2026-09-12 05:54:24,355 | INFO | __main__ | Wrote resolved config to logs/sweeps/quality_search_20260911_223833/ds2_geom_overlap0/ds2_geom_overlap0/config.yaml
2026-09-12 05:54:24,355 | INFO | __main__ | Experiment started at 2026-09-12 05:54:24 save_dir=logs/sweeps/quality_search_20260911_223833/ds2_geom_overlap0/ds2_geom_overlap0
2026-09-12 05:54:24,355 | INFO | __main__ | Starting training device=cuda
2026-09-12 05:54:24,508 | INFO | timm.models._builder | Loading pretrained weights from Hugging Face hub (timm/fastvit_t8.apple_in1k)
2026-09-12 05:54:24,764 | INFO | httpx | HTTP Request: HEAD https://huggingface.co/timm/fastvit_t8.apple_in1k/resolve/main/model.safetensors "HTTP/1.1 302 Found"
2026-09-12 05:54:24,766 | INFO | timm.models._hub | [timm/fastvit_t8.apple_in1k] Safe alternative available for 'pytorch_model.bin' (as 'model.safetensors'). Loading weights using safetensors.
2026-09-12 05:54:24,787 | INFO | timm.models._builder | Converted input conv stem.0.conv_kxk.0.conv pretrained weights from 3 to 1 channel(s)
2026-09-12 05:54:24,788 | INFO | timm.models._builder | Converted input conv stem.0.conv_scale.conv pretrained weights from 3 to 1 channel(s)
2026-09-12 05:54:24,801 | INFO | timm.models._builder | Missing keys (head.fc.weight, head.fc.bias) discovered while loading pretrained weights. This is expected if model is being adapted.
2026-09-12 05:54:24,818 | INFO | __main__ | Train TexturePatchDataset(images=449, patches=10776, active=10776, patch_size=224, overlap=0.0, downscale=2.0)
2026-09-12 05:54:24,818 | INFO | __main__ | Val TexturePatchDataset(images=76, patches=1824, active=1824, patch_size=224, overlap=0.0, downscale=2.0)
2026-09-12 05:54:24,818 | INFO | __main__ | Test TexturePatchDataset(images=129, patches=3096, active=3096, patch_size=224, overlap=0.0, downscale=2.0)
2026-09-12 05:54:24,818 | INFO | __main__ | Split counts {'train': {'images': 449, 'groups': 51}, 'val': {'images': 76, 'groups': 9}, 'test': {'images': 129, 'groups': 15}} group_by=sample
2026-09-12 05:54:24,819 | INFO | __main__ | Using class distribution {0: 103, 1: 105, 2: 91, 3: 94, 4: 56} with weights [0.9162, 0.9074, 0.9747, 0.9591, 1.2426]
2026-09-12 05:54:24,824 | INFO | src.trainer.trainer | Starting training for 60 epochs on cuda (selection=val_f1, eval_test=end)
2026-09-12 05:54:24,825 | INFO | src.trainer.trainer | Epoch 1/60 learning rate set to 0.0001
2026-09-12 05:54:54,584 | INFO | src.trainer.trainer | Epoch 1/60 train_loss=1.489842
2026-09-12 05:54:56,450 | INFO | src.trainer.trainer | Epoch 1: new best val_f1 0.2691, saved logs/sweeps/quality_search_20260911_223833/ds2_geom_overlap0/ds2_geom_overlap0/model_best.pt
2026-09-12 05:54:56,451 | INFO | src.trainer.history | Epoch 1 metrics saved at 2026-09-12 05:54:56: {'train_loss': 1.4898416034008894, 'lr': 0.0001, 'val_loss': 1.448393754791795, 'val_accuracy': 0.3536184210526316, 'val_precision': 0.29701988645820243, 'val_recall': 0.3014869281045752, 'val_f1': 0.26908772795169533, 'val_image_accuracy': 0.42105263157894735, 'val_image_precision': 0.36724565756823824, 'val_image_recall': 0.3584967320261438, 'val_image_f1': 0.3267375415282392}
2026-09-12 05:54:56,451 | INFO | src.trainer.trainer | Epoch 1/60 val_f1=0.26908772795169533 val_image_f1=0.3267375415282392
2026-09-12 05:54:56,451 | INFO | src.trainer.trainer | Epoch 2/60 learning rate set to 9.99362e-05
2026-09-12 05:55:26,288 | INFO | src.trainer.trainer | Epoch 2/60 train_loss=1.352597
2026-09-12 05:55:28,197 | INFO | src.trainer.trainer | Epoch 2: new best val_f1 0.2874, saved logs/sweeps/quality_search_20260911_223833/ds2_geom_overlap0/ds2_geom_overlap0/model_best.pt
2026-09-12 05:55:28,198 | INFO | src.trainer.history | Epoch 2 metrics saved at 2026-09-12 05:55:28: {'train_loss': 1.3525969675937757, 'lr': 9.993622130545428e-05, 'val_loss': 1.513053740325727, 'val_accuracy': 0.36403508771929827, 'val_precision': 0.29076448836813124, 'val_recall': 0.31025599128540304, 'val_f1': 0.28741583999356, 'val_image_accuracy': 0.34210526315789475, 'val_image_precision': 0.27656565656565657, 'val_image_recall': 0.2903267973856209, 'val_image_f1': 0.2624576787236634}
2026-09-12 05:55:28,198 | INFO | src.trainer.trainer | Epoch 2/60 val_f1=0.28741583999356 val_image_f1=0.2624576787236634
2026-09-12 05:55:28,198 | INFO | src.trainer.trainer | Epoch 3/60 learning rate set to 9.97451e-05
2026-09-12 05:55:58,062 | INFO | src.trainer.trainer | Epoch 3/60 train_loss=1.267611
2026-09-12 05:55:59,839 | INFO | src.trainer.history | Epoch 3 metrics saved at 2026-09-12 05:55:59: {'train_loss': 1.2676110013644608, 'lr': 9.974506600945618e-05, 'val_loss': 1.5633867931993384, 'val_accuracy': 0.33771929824561403, 'val_precision': 0.3169355345857535, 'val_recall': 0.28592864923747274, 'val_f1': 0.27608826827083355, 'val_image_accuracy': 0.3157894736842105, 'val_image_precision': 0.28673992673992676, 'val_image_recall': 0.2679084967320261, 'val_image_f1': 0.2544444444444444}
2026-09-12 05:55:59,839 | INFO | src.trainer.trainer | Epoch 3/60 val_f1=0.27608826827083355 val_image_f1=0.2544444444444444
2026-09-12 05:55:59,840 | INFO | src.trainer.trainer | Epoch 4/60 learning rate set to 9.94271e-05
2026-09-12 05:56:29,650 | INFO | src.trainer.trainer | Epoch 4/60 train_loss=1.218505
2026-09-12 05:56:31,439 | INFO | src.trainer.history | Epoch 4 metrics saved at 2026-09-12 05:56:31: {'train_loss': 1.21850462453668, 'lr': 9.94270759624605e-05, 'val_loss': 1.7909923865084063, 'val_accuracy': 0.21162280701754385, 'val_precision': 0.25402922975473535, 'val_recall': 0.20031862745098042, 'val_f1': 0.20546040606798766, 'val_image_accuracy': 0.19736842105263158, 'val_image_precision': 0.2420634920634921, 'val_image_recall': 0.1641830065359477, 'val_image_f1': 0.18808362369337978}
2026-09-12 05:56:31,439 | INFO | src.trainer.trainer | Epoch 4/60 val_f1=0.20546040606798766 val_image_f1=0.18808362369337978
2026-09-12 05:56:31,439 | INFO | src.trainer.trainer | Epoch 5/60 learning rate set to 9.89832e-05
2026-09-12 05:57:01,270 | INFO | src.trainer.trainer | Epoch 5/60 train_loss=1.176962
2026-09-12 05:57:03,065 | INFO | src.trainer.history | Epoch 5 metrics saved at 2026-09-12 05:57:03: {'train_loss': 1.176961924822665, 'lr': 9.8983152541804e-05, 'val_loss': 1.6701445482801973, 'val_accuracy': 0.37335526315789475, 'val_precision': 0.3193910410219073, 'val_recall': 0.32703703703703707, 'val_f1': 0.26933482628324257, 'val_image_accuracy': 0.4342105263157895, 'val_image_precision': 0.3870445344129555, 'val_image_recall': 0.37117647058823533, 'val_image_f1': 0.29237324859165104}
2026-09-12 05:57:03,066 | INFO | src.trainer.trainer | Epoch 5/60 val_f1=0.26933482628324257 val_image_f1=0.29237324859165104
2026-09-12 05:57:03,066 | INFO | src.trainer.trainer | Epoch 6/60 learning rate set to 9.84146e-05
2026-09-12 05:57:33,141 | INFO | src.trainer.trainer | Epoch 6/60 train_loss=1.128146
2026-09-12 05:57:34,947 | INFO | src.trainer.history | Epoch 6 metrics saved at 2026-09-12 05:57:34: {'train_loss': 1.1281464907887606, 'lr': 9.841455409665323e-05, 'val_loss': 1.9668680523571216, 'val_accuracy': 0.24725877192982457, 'val_precision': 0.23954503648232936, 'val_recall': 0.2365495642701525, 'val_f1': 0.21145129916832786, 'val_image_accuracy': 0.23684210526315788, 'val_image_precision': 0.17543859649122806, 'val_image_recall': 0.20522875816993463, 'val_image_f1': 0.17939393939393938}
2026-09-12 05:57:34,947 | INFO | src.trainer.trainer | Epoch 6/60 val_f1=0.21145129916832786 val_image_f1=0.17939393939393938
2026-09-12 05:57:34,947 | INFO | src.trainer.trainer | Epoch 7/60 learning rate set to 9.77229e-05
2026-09-12 05:58:04,821 | INFO | src.trainer.trainer | Epoch 7/60 train_loss=1.097770
2026-09-12 05:58:06,625 | INFO | src.trainer.history | Epoch 7 metrics saved at 2026-09-12 05:58:06: {'train_loss': 1.0977696542307989, 'lr': 9.772289238107717e-05, 'val_loss': 1.7772196280328851, 'val_accuracy': 0.27960526315789475, 'val_precision': 0.26699541110294944, 'val_recall': 0.24443355119825702, 'val_f1': 0.24294855365659712, 'val_image_accuracy': 0.3157894736842105, 'val_image_precision': 0.27, 'val_image_recall': 0.27098039215686276, 'val_image_f1': 0.2599611757506494}
2026-09-12 05:58:06,626 | INFO | src.trainer.trainer | Epoch 7/60 val_f1=0.24294855365659712 val_image_f1=0.2599611757506494
2026-09-12 05:58:06,626 | INFO | src.trainer.trainer | Epoch 8/60 learning rate set to 9.69101e-05
2026-09-12 05:58:36,425 | INFO | src.trainer.trainer | Epoch 8/60 train_loss=1.059493
2026-09-12 05:58:38,225 | INFO | src.trainer.history | Epoch 8 metrics saved at 2026-09-12 05:58:38: {'train_loss': 1.059493352681863, 'lr': 9.691012798535524e-05, 'val_loss': 1.6761111653687661, 'val_accuracy': 0.32456140350877194, 'val_precision': 0.27387245701498886, 'val_recall': 0.30800381263616555, 'val_f1': 0.27270175483985476, 'val_image_accuracy': 0.35526315789473684, 'val_image_precision': 0.256025641025641, 'val_image_recall': 0.3073856209150327, 'val_image_f1': 0.2647707641196014}
2026-09-12 05:58:38,225 | INFO | src.trainer.trainer | Epoch 8/60 val_f1=0.27270175483985476 val_image_f1=0.2647707641196014
2026-09-12 05:58:38,225 | INFO | src.trainer.trainer | Epoch 9/60 learning rate set to 9.59786e-05
2026-09-12 05:59:07,974 | INFO | src.trainer.trainer | Epoch 9/60 train_loss=1.028448
2026-09-12 05:59:09,776 | INFO | src.trainer.history | Epoch 9 metrics saved at 2026-09-12 05:59:09: {'train_loss': 1.0284480914949221, 'lr': 9.597856477847111e-05, 'val_loss': 1.7620184220242918, 'val_accuracy': 0.30043859649122806, 'val_precision': 0.27134126097994204, 'val_recall': 0.3025190631808279, 'val_f1': 0.26179122107745223, 'val_image_accuracy': 0.3026315789473684, 'val_image_precision': 0.2855263157894737, 'val_image_recall': 0.3350326797385621, 'val_image_f1': 0.2781898656898657}
2026-09-12 05:59:09,777 | INFO | src.trainer.trainer | Epoch 9/60 val_f1=0.26179122107745223 val_image_f1=0.2781898656898657
2026-09-12 05:59:09,777 | INFO | src.trainer.trainer | Epoch 10/60 learning rate set to 9.49308e-05
2026-09-12 05:59:39,848 | INFO | src.trainer.trainer | Epoch 10/60 train_loss=1.003417
2026-09-12 05:59:41,643 | INFO | src.trainer.history | Epoch 10 metrics saved at 2026-09-12 05:59:41: {'train_loss': 1.0034174575749024, 'lr': 9.493084337754573e-05, 'val_loss': 1.8260804634345205, 'val_accuracy': 0.33771929824561403, 'val_precision': 0.30203370019493536, 'val_recall': 0.287312091503268, 'val_f1': 0.2865514901914695, 'val_image_accuracy': 0.39473684210526316, 'val_image_precision': 0.32615984405458087, 'val_image_recall': 0.3386928104575163, 'val_image_f1': 0.31733457595526565}
2026-09-12 05:59:41,643 | INFO | src.trainer.trainer | Epoch 10/60 val_f1=0.2865514901914695 val_image_f1=0.31733457595526565
2026-09-12 05:59:41,643 | INFO | src.trainer.trainer | Epoch 11/60 learning rate set to 9.37699e-05
2026-09-12 06:00:11,403 | INFO | src.trainer.trainer | Epoch 11/60 train_loss=0.976636
2026-09-12 06:00:13,190 | INFO | src.trainer.history | Epoch 11 metrics saved at 2026-09-12 06:00:13: {'train_loss': 0.9766358709724726, 'lr': 9.376993366272128e-05, 'val_loss': 1.5668939874883283, 'val_accuracy': 0.375, 'val_precision': 0.3024997724011163, 'val_recall': 0.3286519607843137, 'val_f1': 0.28229579905225044, 'val_image_accuracy': 0.42105263157894735, 'val_image_precision': 0.3960292580982236, 'val_image_recall': 0.36183006535947715, 'val_image_f1': 0.28504448742746613}
2026-09-12 06:00:13,190 | INFO | src.trainer.trainer | Epoch 11/60 val_f1=0.28229579905225044 val_image_f1=0.28504448742746613
2026-09-12 06:00:13,190 | INFO | src.trainer.trainer | Epoch 12/60 learning rate set to 9.24991e-05
2026-09-12 06:00:42,588 | INFO | src.trainer.trainer | Epoch 12/60 train_loss=0.942474
2026-09-12 06:00:44,491 | INFO | src.trainer.trainer | Epoch 12: new best val_f1 0.2880, saved logs/sweeps/quality_search_20260911_223833/ds2_geom_overlap0/ds2_geom_overlap0/model_best.pt
2026-09-12 06:00:44,493 | INFO | src.trainer.history | Epoch 12 metrics saved at 2026-09-12 06:00:44: {'train_loss': 0.9424739726048181, 'lr': 9.249912635871318e-05, 'val_loss': 1.6433960005902408, 'val_accuracy': 0.35910087719298245, 'val_precision': 0.305444471263255, 'val_recall': 0.3088589324618736, 'val_f1': 0.2880170662195687, 'val_image_accuracy': 0.39473684210526316, 'val_image_precision': 0.2881884057971015, 'val_image_recall': 0.34267973856209155, 'val_image_f1': 0.3001463414634147}
2026-09-12 06:00:44,493 | INFO | src.trainer.trainer | Epoch 12/60 val_f1=0.2880170662195687 val_image_f1=0.3001463414634147
2026-09-12 06:00:44,493 | INFO | src.trainer.trainer | Epoch 13/60 learning rate set to 9.1122e-05
2026-09-12 06:01:14,818 | INFO | src.trainer.trainer | Epoch 13/60 train_loss=0.929092
2026-09-12 06:01:16,621 | INFO | src.trainer.history | Epoch 13 metrics saved at 2026-09-12 06:01:16: {'train_loss': 0.9290923370461864, 'lr': 9.112202370689337e-05, 'val_loss': 1.9705840197571538, 'val_accuracy': 0.2878289473684211, 'val_precision': 0.26030939470962, 'val_recall': 0.2441476034858388, 'val_f1': 0.24494645877551666, 'val_image_accuracy': 0.32894736842105265, 'val_image_precision': 0.26341880341880347, 'val_image_recall': 0.27699346405228764, 'val_image_f1': 0.2604341285192349}
2026-09-12 06:01:16,621 | INFO | src.trainer.trainer | Epoch 13/60 val_f1=0.24494645877551666 val_image_f1=0.2604341285192349
2026-09-12 06:01:16,621 | INFO | src.trainer.trainer | Epoch 14/60 learning rate set to 8.96425e-05
2026-09-12 06:01:46,425 | INFO | src.trainer.trainer | Epoch 14/60 train_loss=0.898539
2026-09-12 06:01:48,245 | INFO | src.trainer.history | Epoch 14 metrics saved at 2026-09-12 06:01:48: {'train_loss': 0.8985393388057162, 'lr': 8.964252925434579e-05, 'val_loss': 1.749818168711244, 'val_accuracy': 0.3404605263157895, 'val_precision': 0.2953439337264552, 'val_recall': 0.2899645969498911, 'val_f1': 0.2846729567091208, 'val_image_accuracy': 0.34210526315789475, 'val_image_precision': 0.2922222222222222, 'val_image_recall': 0.2909803921568627, 'val_image_f1': 0.27709948853324534}
2026-09-12 06:01:48,245 | INFO | src.trainer.trainer | Epoch 14/60 val_f1=0.2846729567091208 val_image_f1=0.27709948853324534
2026-09-12 06:01:48,245 | INFO | src.trainer.trainer | Epoch 15/60 learning rate set to 8.80648e-05
2026-09-12 06:02:18,312 | INFO | src.trainer.trainer | Epoch 15/60 train_loss=0.860632
2026-09-12 06:02:20,224 | INFO | src.trainer.trainer | Epoch 15: new best val_f1 0.3352, saved logs/sweeps/quality_search_20260911_223833/ds2_geom_overlap0/ds2_geom_overlap0/model_best.pt
2026-09-12 06:02:20,226 | INFO | src.trainer.history | Epoch 15 metrics saved at 2026-09-12 06:02:20: {'train_loss': 0.8606324829520697, 'lr': 8.806483678883803e-05, 'val_loss': 1.6610176537120551, 'val_accuracy': 0.4106359649122807, 'val_precision': 0.3492007918396377, 'val_recall': 0.3520724400871459, 'val_f1': 0.3351605870551551, 'val_image_accuracy': 0.42105263157894735, 'val_image_precision': 0.3473809523809524, 'val_image_recall': 0.3626797385620915, 'val_image_f1': 0.3250461122801549}
2026-09-12 06:02:20,226 | INFO | src.trainer.trainer | Epoch 15/60 val_f1=0.3351605870551551 val_image_f1=0.3250461122801549
2026-09-12 06:02:20,226 | INFO | src.trainer.trainer | Epoch 16/60 learning rate set to 8.63934e-05
2026-09-12 06:02:50,156 | INFO | src.trainer.trainer | Epoch 16/60 train_loss=0.829786
2026-09-12 06:02:51,962 | INFO | src.trainer.history | Epoch 16 metrics saved at 2026-09-12 06:02:51: {'train_loss': 0.8297857003647394, 'lr': 8.639341845107433e-05, 'val_loss': 1.7873929806968623, 'val_accuracy': 0.3092105263157895, 'val_precision': 0.30204891233324405, 'val_recall': 0.271781045751634, 'val_f1': 0.27750244018884623, 'val_image_accuracy': 0.3026315789473684, 'val_image_precision': 0.29793956043956044, 'val_image_recall': 0.25745098039215686, 'val_image_f1': 0.2665401265401265}
2026-09-12 06:02:51,963 | INFO | src.trainer.trainer | Epoch 16/60 val_f1=0.27750244018884623 val_image_f1=0.2665401265401265
2026-09-12 06:02:51,963 | INFO | src.trainer.trainer | Epoch 17/60 learning rate set to 8.4633e-05
2026-09-12 06:03:21,873 | INFO | src.trainer.trainer | Epoch 17/60 train_loss=0.803127
2026-09-12 06:03:23,708 | INFO | src.trainer.history | Epoch 17 metrics saved at 2026-09-12 06:03:23: {'train_loss': 0.803126968979924, 'lr': 8.463301205792675e-05, 'val_loss': 1.7575115137978603, 'val_accuracy': 0.3618421052631579, 'val_precision': 0.2966817133076221, 'val_recall': 0.31016339869281045, 'val_f1': 0.2879996185712198, 'val_image_accuracy': 0.40789473684210525, 'val_image_precision': 0.3372257053291536, 'val_image_recall': 0.3496078431372549, 'val_image_f1': 0.31604844430931384}
2026-09-12 06:03:23,709 | INFO | src.trainer.trainer | Epoch 17/60 val_f1=0.2879996185712198 val_image_f1=0.31604844430931384
2026-09-12 06:03:23,709 | INFO | src.trainer.trainer | Epoch 18/60 learning rate set to 8.27886e-05
2026-09-12 06:03:53,658 | INFO | src.trainer.trainer | Epoch 18/60 train_loss=0.794086
2026-09-12 06:03:55,450 | INFO | src.trainer.history | Epoch 18 metrics saved at 2026-09-12 06:03:55: {'train_loss': 0.7940863009816023, 'lr': 8.278860767257865e-05, 'val_loss': 1.8852093753061796, 'val_accuracy': 0.3508771929824561, 'val_precision': 0.2730064909716459, 'val_recall': 0.3046023965141612, 'val_f1': 0.2786568911460263, 'val_image_accuracy': 0.3815789473684211, 'val_image_precision': 0.25361904761904763, 'val_image_recall': 0.3333333333333333, 'val_image_f1': 0.2873045653533458}
2026-09-12 06:03:55,450 | INFO | src.trainer.trainer | Epoch 18/60 val_f1=0.2786568911460263 val_image_f1=0.2873045653533458
2026-09-12 06:03:55,450 | INFO | src.trainer.trainer | Epoch 19/60 learning rate set to 8.08654e-05
2026-09-12 06:04:24,972 | INFO | src.trainer.trainer | Epoch 19/60 train_loss=0.770761
2026-09-12 06:04:26,777 | INFO | src.trainer.history | Epoch 19 metrics saved at 2026-09-12 06:04:26: {'train_loss': 0.7707607570452077, 'lr': 8.086543345964832e-05, 'val_loss': 1.7205810823984313, 'val_accuracy': 0.3755482456140351, 'val_precision': 0.3162458081418823, 'val_recall': 0.3247821350762528, 'val_f1': 0.30743425073203356, 'val_image_accuracy': 0.42105263157894735, 'val_image_precision': 0.32927511085405825, 'val_image_recall': 0.3662091503267974, 'val_image_f1': 0.3282945736434108}
2026-09-12 06:04:26,778 | INFO | src.trainer.trainer | Epoch 19/60 val_f1=0.30743425073203356 val_image_f1=0.3282945736434108
2026-09-12 06:04:26,778 | INFO | src.trainer.trainer | Epoch 20/60 learning rate set to 7.88689e-05
2026-09-12 06:04:56,406 | INFO | src.trainer.trainer | Epoch 20/60 train_loss=0.755611
2026-09-12 06:04:58,211 | INFO | src.trainer.history | Epoch 20 metrics saved at 2026-09-12 06:04:58: {'train_loss': 0.7556110518723836, 'lr': 7.886894086538841e-05, 'val_loss': 1.6987454250716327, 'val_accuracy': 0.3788377192982456, 'val_precision': 0.3177386218079053, 'val_recall': 0.32401143790849674, 'val_f1': 0.31324519708624987, 'val_image_accuracy': 0.40789473684210525, 'val_image_precision': 0.33025746183640925, 'val_image_recall': 0.3491503267973856, 'val_image_f1': 0.33249009620826253}
2026-09-12 06:04:58,212 | INFO | src.trainer.trainer | Epoch 20/60 val_f1=0.31324519708624987 val_image_f1=0.33249009620826253
2026-09-12 06:04:58,212 | INFO | src.trainer.trainer | Epoch 21/60 learning rate set to 7.68048e-05
2026-09-12 06:05:28,085 | INFO | src.trainer.trainer | Epoch 21/60 train_loss=0.733503
2026-09-12 06:05:29,907 | INFO | src.trainer.history | Epoch 21 metrics saved at 2026-09-12 06:05:29: {'train_loss': 0.7335025708854154, 'lr': 7.680478916496926e-05, 'val_loss': 1.9377625932296116, 'val_accuracy': 0.3344298245614035, 'val_precision': 0.3014862888982375, 'val_recall': 0.28480664488017426, 'val_f1': 0.28169113533389034, 'val_image_accuracy': 0.3684210526315789, 'val_image_precision': 0.3231060606060606, 'val_image_recall': 0.313202614379085, 'val_image_f1': 0.3017991764333228}
2026-09-12 06:05:29,907 | INFO | src.trainer.trainer | Epoch 21/60 val_f1=0.28169113533389034 val_image_f1=0.3017991764333228
2026-09-12 06:05:29,907 | INFO | src.trainer.trainer | Epoch 22/60 learning rate set to 7.46788e-05
2026-09-12 06:05:59,707 | INFO | src.trainer.trainer | Epoch 22/60 train_loss=0.733075
2026-09-12 06:06:01,512 | INFO | src.trainer.history | Epoch 22 metrics saved at 2026-09-12 06:06:01: {'train_loss': 0.7330748770267059, 'lr': 7.46788294206485e-05, 'val_loss': 1.9219066504585116, 'val_accuracy': 0.3580043859649123, 'val_precision': 0.30952509087137015, 'val_recall': 0.30699891067538126, 'val_f1': 0.2924088900159417, 'val_image_accuracy': 0.35526315789473684, 'val_image_precision': 0.3081818181818182, 'val_image_recall': 0.30562091503267974, 'val_image_f1': 0.27997505502567865}
2026-09-12 06:06:01,512 | INFO | src.trainer.trainer | Epoch 22/60 val_f1=0.2924088900159417 val_image_f1=0.27997505502567865
2026-09-12 06:06:01,513 | INFO | src.trainer.trainer | Epoch 23/60 learning rate set to 7.24971e-05
2026-09-12 06:06:31,661 | INFO | src.trainer.trainer | Epoch 23/60 train_loss=0.707170
2026-09-12 06:06:33,469 | INFO | src.trainer.history | Epoch 23 metrics saved at 2026-09-12 06:06:33: {'train_loss': 0.707169736679519, 'lr': 7.249708789629944e-05, 'val_loss': 1.9409216014962447, 'val_accuracy': 0.34868421052631576, 'val_precision': 0.30258355978005536, 'val_recall': 0.2995806100217865, 'val_f1': 0.2921201538934879, 'val_image_accuracy': 0.3815789473684211, 'val_image_precision': 0.3175514216575922, 'val_image_recall': 0.3280392156862745, 'val_image_f1': 0.3099759702458353}
2026-09-12 06:06:33,469 | INFO | src.trainer.trainer | Epoch 23/60 val_f1=0.2921201538934879 val_image_f1=0.3099759702458353
2026-09-12 06:06:33,469 | INFO | src.trainer.trainer | Epoch 24/60 learning rate set to 7.02657e-05
2026-09-12 06:07:03,246 | INFO | src.trainer.trainer | Epoch 24/60 train_loss=0.692885
2026-09-12 06:07:05,046 | INFO | src.trainer.history | Epoch 24 metrics saved at 2026-09-12 06:07:05: {'train_loss': 0.6928846752900235, 'lr': 7.026574897531136e-05, 'val_loss': 1.9860370632326394, 'val_accuracy': 0.3355263157894737, 'val_precision': 0.3028838593264644, 'val_recall': 0.2900054466230937, 'val_f1': 0.28738404308575516, 'val_image_accuracy': 0.3684210526315789, 'val_image_precision': 0.30760233918128654, 'val_image_recall': 0.3211111111111112, 'val_image_f1': 0.30598290598290595}
2026-09-12 06:07:05,046 | INFO | src.trainer.trainer | Epoch 24/60 val_f1=0.28738404308575516 val_image_f1=0.30598290598290595
2026-09-12 06:07:05,046 | INFO | src.trainer.trainer | Epoch 25/60 learning rate set to 6.79911e-05
2026-09-12 06:07:35,119 | INFO | src.trainer.trainer | Epoch 25/60 train_loss=0.686299
2026-09-12 06:07:36,914 | INFO | src.trainer.history | Epoch 25 metrics saved at 2026-09-12 06:07:36: {'train_loss': 0.686298704094239, 'lr': 6.799113763028295e-05, 'val_loss': 1.9120990394761688, 'val_accuracy': 0.35581140350877194, 'val_precision': 0.29005456658920625, 'val_recall': 0.3058877995642702, 'val_f1': 0.2902455153224821, 'val_image_accuracy': 0.3815789473684211, 'val_image_precision': 0.3008034307267044, 'val_image_recall': 0.32915032679738565, 'val_image_f1': 0.30705499253463436}
2026-09-12 06:07:36,915 | INFO | src.trainer.trainer | Epoch 25/60 val_f1=0.2902455153224821 val_image_f1=0.30705499253463436
2026-09-12 06:07:36,915 | INFO | src.trainer.trainer | Epoch 26/60 learning rate set to 6.56797e-05
2026-09-12 06:08:06,640 | INFO | src.trainer.trainer | Epoch 26/60 train_loss=0.676453
2026-09-12 06:08:08,451 | INFO | src.trainer.history | Epoch 26 metrics saved at 2026-09-12 06:08:08: {'train_loss': 0.6764526269837672, 'lr': 6.567970149420018e-05, 'val_loss': 1.7999832681135128, 'val_accuracy': 0.37006578947368424, 'val_precision': 0.30894829048604533, 'val_recall': 0.3181263616557734, 'val_f1': 0.306205461867357, 'val_image_accuracy': 0.3684210526315789, 'val_image_precision': 0.28174603174603174, 'val_image_recall': 0.31849673202614376, 'val_image_f1': 0.2938369630973986}
2026-09-12 06:08:08,451 | INFO | src.trainer.trainer | Epoch 26/60 val_f1=0.306205461867357 val_image_f1=0.2938369630973986
2026-09-12 06:08:08,451 | INFO | src.trainer.trainer | Epoch 27/60 learning rate set to 6.3338e-05
2026-09-12 06:08:38,287 | INFO | src.trainer.trainer | Epoch 27/60 train_loss=0.664017
2026-09-12 06:08:40,077 | INFO | src.trainer.history | Epoch 27 metrics saved at 2026-09-12 06:08:40: {'train_loss': 0.6640173663186779, 'lr': 6.333799258392015e-05, 'val_loss': 1.8421275641834527, 'val_accuracy': 0.3711622807017544, 'val_precision': 0.32821548549829865, 'val_recall': 0.3184368191721133, 'val_f1': 0.31659520721952883, 'val_image_accuracy': 0.40789473684210525, 'val_image_precision': 0.3496491228070175, 'val_image_recall': 0.3515686274509804, 'val_image_f1': 0.3420905478981704}
2026-09-12 06:08:40,077 | INFO | src.trainer.trainer | Epoch 27/60 val_f1=0.31659520721952883 val_image_f1=0.3420905478981704
2026-09-12 06:08:40,077 | INFO | src.trainer.trainer | Early stopping at epoch 27 (val_f1 did not improve for 12 evals)
2026-09-12 06:08:40,125 | INFO | src.trainer.trainer | Saved final model to logs/sweeps/quality_search_20260911_223833/ds2_geom_overlap0/ds2_geom_overlap0/model_final.pt
2026-09-12 06:08:40,125 | INFO | src.trainer.trainer | Best model is from epoch 15 (val_f1=0.3352)
2026-09-12 06:08:40,232 | INFO | src.trainer.trainer | Saved SWA model (best, 5 snapshots) to logs/sweeps/quality_search_20260911_223833/ds2_geom_overlap0/ds2_geom_overlap0/model_swa.pt
2026-09-12 06:08:43,012 | INFO | src.trainer.trainer | Held-out test of best epoch 15: {'test_loss': 1.2461827885580925, 'test_accuracy': 0.5439276485788114, 'test_precision': 0.5451379795935132, 'test_recall': 0.5412803344568318, 'test_f1': 0.5379206859126755, 'test_image_accuracy': 0.6046511627906976, 'test_image_precision': 0.6097973710035421, 'test_image_recall': 0.6022468239564428, 'test_image_f1': 0.5994598197060578}
2026-09-12 06:08:47,534 | INFO | src.trainer.trainer | SWA (best, 5 snapshots) val score=0.3191272621971395
2026-09-12 06:08:47,537 | INFO | src.trainer.trainer | Run summary: {'selection_metric': 'val_f1', 'best_epoch': 15, 'best_score': 0.3351605870551551, 'stopped_epoch': 27, 'eval_test': 'end', 'best_val': {'val_loss': 1.6610176537120551, 'val_accuracy': 0.4106359649122807, 'val_precision': 0.3492007918396377, 'val_recall': 0.3520724400871459, 'val_f1': 0.3351605870551551, 'val_image_accuracy': 0.42105263157894735, 'val_image_precision': 0.3473809523809524, 'val_image_recall': 0.3626797385620915, 'val_image_f1': 0.3250461122801549}, 'best_test': {'test_loss': 1.2461827885580925, 'test_accuracy': 0.5439276485788114, 'test_precision': 0.5451379795935132, 'test_recall': 0.5412803344568318, 'test_f1': 0.5379206859126755, 'test_image_accuracy': 0.6046511627906976, 'test_image_precision': 0.6097973710035421, 'test_image_recall': 0.6022468239564428, 'test_image_f1': 0.5994598197060578}, 'swa_val': {'swa_val_loss': 1.7525785008543415, 'swa_val_accuracy': 0.3815789473684211, 'swa_val_precision': 0.3384364873571795, 'swa_val_recall': 0.3281454248366013, 'swa_val_f1': 0.3191272621971395, 'swa_val_image_accuracy': 0.40789473684210525, 'swa_val_image_precision': 0.31373737373737376, 'swa_val_image_recall': 0.35444444444444445, 'swa_val_image_f1': 0.3175909090909091}, 'swa_test': {'swa_test_loss': 1.218394741993542, 'swa_test_accuracy': 0.5494186046511628, 'swa_test_precision': 0.5495862055707994, 'swa_test_recall': 0.548410120127906, 'swa_test_f1': 0.543500591448887, 'swa_test_image_accuracy': 0.5813953488372093, 'swa_test_image_precision': 0.5838375350140056, 'swa_test_image_recall': 0.5712336012444905, 'swa_test_image_f1': 0.5621230158730158}, 'selected_weights': 'best', 'selected_test': {'test_loss': 1.2461827885580925, 'test_accuracy': 0.5439276485788114, 'test_precision': 0.5451379795935132, 'test_recall': 0.5412803344568318, 'test_f1': 0.5379206859126755, 'test_image_accuracy': 0.6046511627906976, 'test_image_precision': 0.6097973710035421, 'test_image_recall': 0.6022468239564428, 'test_image_f1': 0.5994598197060578}, 'test_image_f1': 0.5994598197060578, 'test_f1': 0.5379206859126755, 'val_image_f1': 0.3250461122801549, 'val_f1': 0.3351605870551551, 'swa_val_score': 0.3191272621971395}
2026-09-12 06:08:47,538 | INFO | __main__ | Experiment finished at 2026-09-12 06:08:47
2026-09-12 06:08:47,604 | INFO | __main__ | Starting sweep run ds2_geom_lr3e5
