2026-09-13 01:45:46,701 | INFO | src.trainer.history | File logging initialized: /app/logs/sweeps2/ds1_regularize_20260912_220421/geom_reg/experiment.log
2026-09-13 01:45:46,704 | INFO | __main__ | Wrote resolved config to logs/sweeps2/ds1_regularize_20260912_220421/geom_reg/config.yaml
2026-09-13 01:45:46,704 | INFO | __main__ | Experiment started at 2026-09-13 01:45:46 save_dir=logs/sweeps2/ds1_regularize_20260912_220421/geom_reg
2026-09-13 01:45:46,704 | INFO | __main__ | Starting training device=cuda
2026-09-13 01:45:46,886 | INFO | timm.models._builder | Loading pretrained weights from Hugging Face hub (timm/fastvit_t8.apple_in1k)
2026-09-13 01:45:47,158 | INFO | httpx | HTTP Request: HEAD https://huggingface.co/timm/fastvit_t8.apple_in1k/resolve/main/model.safetensors "HTTP/1.1 302 Found"
2026-09-13 01:45:47,161 | INFO | timm.models._hub | [timm/fastvit_t8.apple_in1k] Safe alternative available for 'pytorch_model.bin' (as 'model.safetensors'). Loading weights using safetensors.
2026-09-13 01:45:47,183 | INFO | timm.models._builder | Converted input conv stem.0.conv_kxk.0.conv pretrained weights from 3 to 1 channel(s)
2026-09-13 01:45:47,183 | INFO | timm.models._builder | Converted input conv stem.0.conv_scale.conv pretrained weights from 3 to 1 channel(s)
2026-09-13 01:45:47,196 | INFO | timm.models._builder | Missing keys (head.fc.weight, head.fc.bias) discovered while loading pretrained weights. This is expected if model is being adapted.
2026-09-13 01:45:47,213 | INFO | __main__ | Train TexturePatchDataset(images=449, patches=134700, active=134700, patch_size=224, overlap=0.5, downscale=1.0)
2026-09-13 01:45:47,213 | INFO | __main__ | Val TexturePatchDataset(images=76, patches=22800, active=22800, patch_size=224, overlap=0.5, downscale=1.0)
2026-09-13 01:45:47,213 | INFO | __main__ | Test TexturePatchDataset(images=129, patches=38700, active=38700, patch_size=224, overlap=0.5, downscale=1.0)
2026-09-13 01:45:47,213 | INFO | __main__ | Split counts {'train': {'images': 449, 'groups': 51}, 'val': {'images': 76, 'groups': 9}, 'test': {'images': 129, 'groups': 15}} group_by=sample
2026-09-13 01:45:47,213 | INFO | __main__ | Using class distribution {0: 103, 1: 105, 2: 91, 3: 94, 4: 56} with weights [0.9162, 0.9074, 0.9747, 0.9591, 1.2426]
2026-09-13 01:45:47,215 | INFO | __main__ | Optimizer groups [{'lr': 0.0001, 'n_params': 3260117}]
2026-09-13 01:45:47,220 | INFO | src.trainer.trainer | Starting training for 60 epochs on cuda (selection=val_f1, eval_test=end)
2026-09-13 01:45:47,220 | INFO | src.trainer.trainer | Epoch 1/60 learning rate set to 0.0001
2026-09-13 01:53:24,666 | INFO | src.trainer.trainer | Epoch 1/60 train_loss=1.149372
2026-09-13 01:53:42,604 | INFO | src.trainer.trainer | Epoch 1: new best val_f1 0.3271, saved logs/sweeps2/ds1_regularize_20260912_220421/geom_reg/model_best.pt
2026-09-13 01:53:42,605 | INFO | src.trainer.history | Epoch 1 metrics saved at 2026-09-13 01:53:42: {'train_loss': 1.149371541794265, 'lr': 0.0001, 'val_loss': 1.7234109218915303, 'val_accuracy': 0.4276754385964912, 'val_precision': 0.3561687897800388, 'val_recall': 0.36912091503267974, 'val_f1': 0.3270630000382254, 'val_image_accuracy': 0.4473684210526316, 'val_image_precision': 0.33892436974789913, 'val_image_recall': 0.3877777777777778, 'val_image_f1': 0.3256298587292461}
2026-09-13 01:53:42,605 | INFO | src.trainer.trainer | Epoch 1/60 val_f1=0.3270630000382254 val_image_f1=0.3256298587292461
2026-09-13 01:53:42,605 | INFO | src.trainer.trainer | Epoch 2/60 learning rate set to 9.99362e-05
2026-09-13 02:01:17,061 | INFO | src.trainer.trainer | Epoch 2/60 train_loss=0.910869
2026-09-13 02:01:35,100 | INFO | src.trainer.trainer | Epoch 2: new best val_f1 0.3465, saved logs/sweeps2/ds1_regularize_20260912_220421/geom_reg/model_best.pt
2026-09-13 02:01:35,101 | INFO | src.trainer.history | Epoch 2 metrics saved at 2026-09-13 02:01:35: {'train_loss': 0.9108687500433296, 'lr': 9.993622130545428e-05, 'val_loss': 1.7211540767602753, 'val_accuracy': 0.41096491228070176, 'val_precision': 0.38100365477830467, 'val_recall': 0.3737368191721133, 'val_f1': 0.3464861126635218, 'val_image_accuracy': 0.4342105263157895, 'val_image_precision': 0.42771428571428566, 'val_image_recall': 0.37183006535947716, 'val_image_f1': 0.3482070393374741}
2026-09-13 02:01:35,101 | INFO | src.trainer.trainer | Epoch 2/60 val_f1=0.3464861126635218 val_image_f1=0.3482070393374741
2026-09-13 02:01:35,101 | INFO | src.trainer.trainer | Epoch 3/60 learning rate set to 9.97451e-05
2026-09-13 02:09:09,914 | INFO | src.trainer.trainer | Epoch 3/60 train_loss=0.808326
2026-09-13 02:09:27,884 | INFO | src.trainer.history | Epoch 3 metrics saved at 2026-09-13 02:09:27: {'train_loss': 0.808326429079972, 'lr': 9.974506600945618e-05, 'val_loss': 1.7176285858739886, 'val_accuracy': 0.42407894736842106, 'val_precision': 0.35255146648065566, 'val_recall': 0.3640588235294117, 'val_f1': 0.34007391041784174, 'val_image_accuracy': 0.4342105263157895, 'val_image_precision': 0.35425559947299073, 'val_image_recall': 0.3744444444444444, 'val_image_f1': 0.34017724358437823}
2026-09-13 02:09:27,884 | INFO | src.trainer.trainer | Epoch 3/60 val_f1=0.34007391041784174 val_image_f1=0.34017724358437823
2026-09-13 02:09:27,884 | INFO | src.trainer.trainer | Epoch 4/60 learning rate set to 9.94271e-05
2026-09-13 02:16:59,566 | INFO | src.trainer.trainer | Epoch 4/60 train_loss=0.743421
2026-09-13 02:17:17,645 | INFO | src.trainer.trainer | Epoch 4: new best val_f1 0.3638, saved logs/sweeps2/ds1_regularize_20260912_220421/geom_reg/model_best.pt
2026-09-13 02:17:17,647 | INFO | src.trainer.history | Epoch 4 metrics saved at 2026-09-13 02:17:17: {'train_loss': 0.7434210994602931, 'lr': 9.94270759624605e-05, 'val_loss': 1.7268994164675997, 'val_accuracy': 0.45017543859649123, 'val_precision': 0.3836921117144656, 'val_recall': 0.3954078431372549, 'val_f1': 0.3638000306088721, 'val_image_accuracy': 0.4868421052631579, 'val_image_precision': 0.37534391534391537, 'val_image_recall': 0.4188888888888889, 'val_image_f1': 0.36838383838383837}
2026-09-13 02:17:17,647 | INFO | src.trainer.trainer | Epoch 4/60 val_f1=0.3638000306088721 val_image_f1=0.36838383838383837
2026-09-13 02:17:17,647 | INFO | src.trainer.trainer | Epoch 5/60 learning rate set to 9.89832e-05
2026-09-13 02:24:52,202 | INFO | src.trainer.trainer | Epoch 5/60 train_loss=0.693062
2026-09-13 02:25:10,176 | INFO | src.trainer.history | Epoch 5 metrics saved at 2026-09-13 02:25:10: {'train_loss': 0.69306231078167, 'lr': 9.8983152541804e-05, 'val_loss': 1.801905121249065, 'val_accuracy': 0.4091666666666667, 'val_precision': 0.3604014503305254, 'val_recall': 0.3576799564270153, 'val_f1': 0.34458296679930484, 'val_image_accuracy': 0.4473684210526316, 'val_image_precision': 0.3757575757575758, 'val_image_recall': 0.3831372549019608, 'val_image_f1': 0.34861483746178323}
2026-09-13 02:25:10,176 | INFO | src.trainer.trainer | Epoch 5/60 val_f1=0.34458296679930484 val_image_f1=0.34861483746178323
2026-09-13 02:25:10,176 | INFO | src.trainer.trainer | Epoch 6/60 learning rate set to 9.84146e-05
2026-09-13 02:32:46,314 | INFO | src.trainer.trainer | Epoch 6/60 train_loss=0.658209
2026-09-13 02:33:04,313 | INFO | src.trainer.history | Epoch 6 metrics saved at 2026-09-13 02:33:04: {'train_loss': 0.6582087624258878, 'lr': 9.841455409665323e-05, 'val_loss': 1.7726058101340345, 'val_accuracy': 0.4125, 'val_precision': 0.35751936310654964, 'val_recall': 0.35239346405228755, 'val_f1': 0.3434505389434853, 'val_image_accuracy': 0.4342105263157895, 'val_image_precision': 0.36270353302611363, 'val_image_recall': 0.3733333333333333, 'val_image_f1': 0.34571428571428575}
2026-09-13 02:33:04,313 | INFO | src.trainer.trainer | Epoch 6/60 val_f1=0.3434505389434853 val_image_f1=0.34571428571428575
2026-09-13 02:33:04,313 | INFO | src.trainer.trainer | Epoch 7/60 learning rate set to 9.77229e-05
2026-09-13 02:40:38,624 | INFO | src.trainer.trainer | Epoch 7/60 train_loss=0.631118
2026-09-13 02:40:56,608 | INFO | src.trainer.history | Epoch 7 metrics saved at 2026-09-13 02:40:56: {'train_loss': 0.6311179661644594, 'lr': 9.772289238107717e-05, 'val_loss': 1.7761812918646294, 'val_accuracy': 0.42596491228070177, 'val_precision': 0.3700881736092195, 'val_recall': 0.36654270152505447, 'val_f1': 0.34743887259761497, 'val_image_accuracy': 0.40789473684210525, 'val_image_precision': 0.3659090909090909, 'val_image_recall': 0.3530718954248366, 'val_image_f1': 0.3319444444444445}
2026-09-13 02:40:56,608 | INFO | src.trainer.trainer | Epoch 7/60 val_f1=0.34743887259761497 val_image_f1=0.3319444444444445
2026-09-13 02:40:56,609 | INFO | src.trainer.trainer | Epoch 8/60 learning rate set to 9.69101e-05
2026-09-13 02:48:30,692 | INFO | src.trainer.trainer | Epoch 8/60 train_loss=0.608538
2026-09-13 02:48:48,608 | INFO | src.trainer.history | Epoch 8 metrics saved at 2026-09-13 02:48:48: {'train_loss': 0.6085384629829423, 'lr': 9.691012798535524e-05, 'val_loss': 1.773108810646492, 'val_accuracy': 0.44666666666666666, 'val_precision': 0.3749736881587703, 'val_recall': 0.3851420479302832, 'val_f1': 0.360401027541528, 'val_image_accuracy': 0.4868421052631579, 'val_image_precision': 0.3978354978354978, 'val_image_recall': 0.4201960784313726, 'val_image_f1': 0.3778730158730159}
2026-09-13 02:48:48,608 | INFO | src.trainer.trainer | Epoch 8/60 val_f1=0.360401027541528 val_image_f1=0.3778730158730159
2026-09-13 02:48:48,608 | INFO | src.trainer.trainer | Epoch 9/60 learning rate set to 9.59786e-05
2026-09-13 02:56:24,935 | INFO | src.trainer.trainer | Epoch 9/60 train_loss=0.592324
2026-09-13 02:56:42,862 | INFO | src.trainer.history | Epoch 9 metrics saved at 2026-09-13 02:56:42: {'train_loss': 0.5923239782569846, 'lr': 9.597856477847111e-05, 'val_loss': 1.7995710854676732, 'val_accuracy': 0.43276315789473685, 'val_precision': 0.36341389475733155, 'val_recall': 0.3730651416122005, 'val_f1': 0.3433125236065441, 'val_image_accuracy': 0.5, 'val_image_precision': 0.4074549846288977, 'val_image_recall': 0.4319607843137255, 'val_image_f1': 0.38612168319485385}
2026-09-13 02:56:42,862 | INFO | src.trainer.trainer | Epoch 9/60 val_f1=0.3433125236065441 val_image_f1=0.38612168319485385
2026-09-13 02:56:42,862 | INFO | src.trainer.trainer | Epoch 10/60 learning rate set to 9.49308e-05
2026-09-13 03:04:26,236 | INFO | src.trainer.trainer | Epoch 10/60 train_loss=0.579269
2026-09-13 03:04:44,307 | INFO | src.trainer.trainer | Epoch 10: new best val_f1 0.3822, saved logs/sweeps2/ds1_regularize_20260912_220421/geom_reg/model_best.pt
2026-09-13 03:04:44,309 | INFO | src.trainer.history | Epoch 10 metrics saved at 2026-09-13 03:04:44: {'train_loss': 0.5792687832663125, 'lr': 9.493084337754573e-05, 'val_loss': 1.6470943407845078, 'val_accuracy': 0.4692982456140351, 'val_precision': 0.3973708400595014, 'val_recall': 0.40338736383442264, 'val_f1': 0.3822397423896406, 'val_image_accuracy': 0.5131578947368421, 'val_image_precision': 0.4216233766233766, 'val_image_recall': 0.4437254901960784, 'val_image_f1': 0.3961904761904762}
2026-09-13 03:04:44,309 | INFO | src.trainer.trainer | Epoch 10/60 val_f1=0.3822397423896406 val_image_f1=0.3961904761904762
2026-09-13 03:04:44,309 | INFO | src.trainer.trainer | Epoch 11/60 learning rate set to 9.37699e-05
2026-09-13 03:12:22,365 | INFO | src.trainer.trainer | Epoch 11/60 train_loss=0.567764
2026-09-13 03:12:40,327 | INFO | src.trainer.history | Epoch 11 metrics saved at 2026-09-13 03:12:40: {'train_loss': 0.5677643632711794, 'lr': 9.376993366272128e-05, 'val_loss': 1.8582543616964107, 'val_accuracy': 0.419780701754386, 'val_precision': 0.36366902724407213, 'val_recall': 0.36172745098039216, 'val_f1': 0.34241560862639153, 'val_image_accuracy': 0.4868421052631579, 'val_image_precision': 0.4305555555555555, 'val_image_recall': 0.42150326797385623, 'val_image_f1': 0.3802785265049416}
2026-09-13 03:12:40,327 | INFO | src.trainer.trainer | Epoch 11/60 val_f1=0.34241560862639153 val_image_f1=0.3802785265049416
2026-09-13 03:12:40,327 | INFO | src.trainer.trainer | Epoch 12/60 learning rate set to 9.24991e-05
2026-09-13 03:20:16,600 | INFO | src.trainer.trainer | Epoch 12/60 train_loss=0.560924
2026-09-13 03:20:34,582 | INFO | src.trainer.history | Epoch 12 metrics saved at 2026-09-13 03:20:34: {'train_loss': 0.5609241473453525, 'lr': 9.249912635871318e-05, 'val_loss': 1.7197706982963963, 'val_accuracy': 0.46416666666666667, 'val_precision': 0.3880097634316063, 'val_recall': 0.3990152505446623, 'val_f1': 0.3651927827078115, 'val_image_accuracy': 0.5131578947368421, 'val_image_precision': 0.44163875205254516, 'val_image_recall': 0.4408496732026144, 'val_image_f1': 0.4065006740815639}
2026-09-13 03:20:34,583 | INFO | src.trainer.trainer | Epoch 12/60 val_f1=0.3651927827078115 val_image_f1=0.4065006740815639
2026-09-13 03:20:34,583 | INFO | src.trainer.trainer | Epoch 13/60 learning rate set to 9.1122e-05
2026-09-13 03:28:09,737 | INFO | src.trainer.trainer | Epoch 13/60 train_loss=0.552055
2026-09-13 03:28:27,717 | INFO | src.trainer.history | Epoch 13 metrics saved at 2026-09-13 03:28:27: {'train_loss': 0.5520547530203284, 'lr': 9.112202370689337e-05, 'val_loss': 1.816364410226805, 'val_accuracy': 0.41578947368421054, 'val_precision': 0.34629165365097053, 'val_recall': 0.3577239651416122, 'val_f1': 0.33587180819218626, 'val_image_accuracy': 0.4473684210526316, 'val_image_precision': 0.3797979797979798, 'val_image_recall': 0.38640522875816996, 'val_image_f1': 0.358034188034188}
2026-09-13 03:28:27,717 | INFO | src.trainer.trainer | Epoch 13/60 val_f1=0.33587180819218626 val_image_f1=0.358034188034188
2026-09-13 03:28:27,717 | INFO | src.trainer.trainer | Epoch 14/60 learning rate set to 8.96425e-05
2026-09-13 03:36:03,195 | INFO | src.trainer.trainer | Epoch 14/60 train_loss=0.542536
2026-09-13 03:36:21,123 | INFO | src.trainer.history | Epoch 14 metrics saved at 2026-09-13 03:36:21: {'train_loss': 0.5425360401701556, 'lr': 8.964252925434579e-05, 'val_loss': 1.7088018420390916, 'val_accuracy': 0.48328947368421055, 'val_precision': 0.409363227772109, 'val_recall': 0.41636274509803917, 'val_f1': 0.3713699852222959, 'val_image_accuracy': 0.5131578947368421, 'val_image_precision': 0.4304509803921569, 'val_image_recall': 0.44307189542483655, 'val_image_f1': 0.38674976562920416}
2026-09-13 03:36:21,123 | INFO | src.trainer.trainer | Epoch 14/60 val_f1=0.3713699852222959 val_image_f1=0.38674976562920416
2026-09-13 03:36:21,123 | INFO | src.trainer.trainer | Epoch 15/60 learning rate set to 8.80648e-05
2026-09-13 03:43:58,968 | INFO | src.trainer.trainer | Epoch 15/60 train_loss=0.538734
2026-09-13 03:44:16,912 | INFO | src.trainer.history | Epoch 15 metrics saved at 2026-09-13 03:44:16: {'train_loss': 0.5387339474638038, 'lr': 8.806483678883803e-05, 'val_loss': 1.8098459365284234, 'val_accuracy': 0.41754385964912283, 'val_precision': 0.3557195239029291, 'val_recall': 0.36040936819172115, 'val_f1': 0.3372761479698433, 'val_image_accuracy': 0.4605263157894737, 'val_image_precision': 0.3928342245989304, 'val_image_recall': 0.3984313725490196, 'val_image_f1': 0.3580348583877995}
2026-09-13 03:44:16,913 | INFO | src.trainer.trainer | Epoch 15/60 val_f1=0.3372761479698433 val_image_f1=0.3580348583877995
2026-09-13 03:44:16,913 | INFO | src.trainer.trainer | Epoch 16/60 learning rate set to 8.63934e-05
2026-09-13 03:51:52,207 | INFO | src.trainer.trainer | Epoch 16/60 train_loss=0.531253
2026-09-13 03:52:10,226 | INFO | src.trainer.history | Epoch 16 metrics saved at 2026-09-13 03:52:10: {'train_loss': 0.5312530115434835, 'lr': 8.639341845107433e-05, 'val_loss': 1.8530536888356794, 'val_accuracy': 0.4271052631578947, 'val_precision': 0.3441645910626997, 'val_recall': 0.36988605664488017, 'val_f1': 0.3313347893542227, 'val_image_accuracy': 0.4342105263157895, 'val_image_precision': 0.33759129759129763, 'val_image_recall': 0.3773202614379085, 'val_image_f1': 0.32419580419580424}
2026-09-13 03:52:10,226 | INFO | src.trainer.trainer | Epoch 16/60 val_f1=0.3313347893542227 val_image_f1=0.32419580419580424
2026-09-13 03:52:10,226 | INFO | src.trainer.trainer | Epoch 17/60 learning rate set to 8.4633e-05
2026-09-13 03:59:46,431 | INFO | src.trainer.trainer | Epoch 17/60 train_loss=0.527231
2026-09-13 04:00:04,403 | INFO | src.trainer.history | Epoch 17 metrics saved at 2026-09-13 04:00:04: {'train_loss': 0.5272311492238827, 'lr': 8.463301205792675e-05, 'val_loss': 1.6642140153102707, 'val_accuracy': 0.48723684210526313, 'val_precision': 0.39972505281225235, 'val_recall': 0.41953180827886716, 'val_f1': 0.3699310498402977, 'val_image_accuracy': 0.5263157894736842, 'val_image_precision': 0.43334535834535837, 'val_image_recall': 0.4548366013071895, 'val_image_f1': 0.39641269841269844}
2026-09-13 04:00:04,403 | INFO | src.trainer.trainer | Epoch 17/60 val_f1=0.3699310498402977 val_image_f1=0.39641269841269844
2026-09-13 04:00:04,403 | INFO | src.trainer.trainer | Epoch 18/60 learning rate set to 8.27886e-05
2026-09-13 04:07:42,125 | INFO | src.trainer.trainer | Epoch 18/60 train_loss=0.521883
2026-09-13 04:08:00,057 | INFO | src.trainer.history | Epoch 18 metrics saved at 2026-09-13 04:08:00: {'train_loss': 0.5218832073728509, 'lr': 8.278860767257865e-05, 'val_loss': 1.6756068248706952, 'val_accuracy': 0.4654385964912281, 'val_precision': 0.380405686780379, 'val_recall': 0.4024851851851851, 'val_f1': 0.35952618129794356, 'val_image_accuracy': 0.5, 'val_image_precision': 0.3874458874458874, 'val_image_recall': 0.4348366013071895, 'val_image_f1': 0.3658483835005574}
2026-09-13 04:08:00,057 | INFO | src.trainer.trainer | Epoch 18/60 val_f1=0.35952618129794356 val_image_f1=0.3658483835005574
2026-09-13 04:08:00,057 | INFO | src.trainer.trainer | Epoch 19/60 learning rate set to 8.08654e-05
2026-09-13 04:15:37,342 | INFO | src.trainer.trainer | Epoch 19/60 train_loss=0.518633
2026-09-13 04:15:55,266 | INFO | src.trainer.history | Epoch 19 metrics saved at 2026-09-13 04:15:55: {'train_loss': 0.5186332958259667, 'lr': 8.086543345964832e-05, 'val_loss': 2.141811308139249, 'val_accuracy': 0.3267543859649123, 'val_precision': 0.276115601322954, 'val_recall': 0.2808054466230937, 'val_f1': 0.27176526036955695, 'val_image_accuracy': 0.3157894736842105, 'val_image_precision': 0.26551892551892553, 'val_image_recall': 0.2718300653594771, 'val_image_f1': 0.2615873015873016}
2026-09-13 04:15:55,266 | INFO | src.trainer.trainer | Epoch 19/60 val_f1=0.27176526036955695 val_image_f1=0.2615873015873016
2026-09-13 04:15:55,266 | INFO | src.trainer.trainer | Epoch 20/60 learning rate set to 7.88689e-05
2026-09-13 04:23:28,619 | INFO | src.trainer.trainer | Epoch 20/60 train_loss=0.514722
2026-09-13 04:23:46,625 | INFO | src.trainer.history | Epoch 20 metrics saved at 2026-09-13 04:23:46: {'train_loss': 0.5147219299367383, 'lr': 7.886894086538841e-05, 'val_loss': 1.7354732160191786, 'val_accuracy': 0.4591228070175439, 'val_precision': 0.3811365362602554, 'val_recall': 0.397440522875817, 'val_f1': 0.3660840791595727, 'val_image_accuracy': 0.5657894736842105, 'val_image_precision': 0.47561904761904766, 'val_image_recall': 0.48660130718954253, 'val_image_f1': 0.4495594315245478}
2026-09-13 04:23:46,625 | INFO | src.trainer.trainer | Epoch 20/60 val_f1=0.3660840791595727 val_image_f1=0.4495594315245478
2026-09-13 04:23:46,625 | INFO | src.trainer.trainer | Epoch 21/60 learning rate set to 7.68048e-05
2026-09-13 04:31:20,281 | INFO | src.trainer.trainer | Epoch 21/60 train_loss=0.509754
2026-09-13 04:31:38,263 | INFO | src.trainer.history | Epoch 21 metrics saved at 2026-09-13 04:31:38: {'train_loss': 0.5097544130255933, 'lr': 7.680478916496926e-05, 'val_loss': 1.8158066588431074, 'val_accuracy': 0.446359649122807, 'val_precision': 0.3699900132566175, 'val_recall': 0.3857636165577342, 'val_f1': 0.34154430541525616, 'val_image_accuracy': 0.47368421052631576, 'val_image_precision': 0.40205128205128204, 'val_image_recall': 0.41039215686274505, 'val_image_f1': 0.36345864661654137}
2026-09-13 04:31:38,263 | INFO | src.trainer.trainer | Epoch 21/60 val_f1=0.34154430541525616 val_image_f1=0.36345864661654137
2026-09-13 04:31:38,263 | INFO | src.trainer.trainer | Epoch 22/60 learning rate set to 7.46788e-05
2026-09-13 04:39:18,425 | INFO | src.trainer.trainer | Epoch 22/60 train_loss=0.508158
2026-09-13 04:39:36,427 | INFO | src.trainer.history | Epoch 22 metrics saved at 2026-09-13 04:39:36: {'train_loss': 0.5081581790339266, 'lr': 7.46788294206485e-05, 'val_loss': 1.7942592595334639, 'val_accuracy': 0.45649122807017545, 'val_precision': 0.38386623600977926, 'val_recall': 0.3979355119825708, 'val_f1': 0.36145590156107527, 'val_image_accuracy': 0.5, 'val_image_precision': 0.4156190476190476, 'val_image_recall': 0.4295424836601307, 'val_image_f1': 0.3879861454725383}
2026-09-13 04:39:36,427 | INFO | src.trainer.trainer | Epoch 22/60 val_f1=0.36145590156107527 val_image_f1=0.3879861454725383
2026-09-13 04:39:36,427 | INFO | src.trainer.trainer | Epoch 23/60 learning rate set to 7.24971e-05
2026-09-13 04:47:12,640 | INFO | src.trainer.trainer | Epoch 23/60 train_loss=0.503332
2026-09-13 04:47:30,579 | INFO | src.trainer.history | Epoch 23 metrics saved at 2026-09-13 04:47:30: {'train_loss': 0.5033316859034317, 'lr': 7.249708789629944e-05, 'val_loss': 1.8260786739148591, 'val_accuracy': 0.4335964912280702, 'val_precision': 0.35772870305192817, 'val_recall': 0.3717429193899782, 'val_f1': 0.34793545240328305, 'val_image_accuracy': 0.4868421052631579, 'val_image_precision': 0.398, 'val_image_recall': 0.41954248366013075, 'val_image_f1': 0.3745948705698915}
2026-09-13 04:47:30,579 | INFO | src.trainer.trainer | Epoch 23/60 val_f1=0.34793545240328305 val_image_f1=0.3745948705698915
2026-09-13 04:47:30,579 | INFO | src.trainer.trainer | Epoch 24/60 learning rate set to 7.02657e-05
2026-09-13 04:55:05,413 | INFO | src.trainer.trainer | Epoch 24/60 train_loss=0.502477
2026-09-13 04:55:23,359 | INFO | src.trainer.history | Epoch 24 metrics saved at 2026-09-13 04:55:23: {'train_loss': 0.5024772643547369, 'lr': 7.026574897531136e-05, 'val_loss': 1.8176366690794628, 'val_accuracy': 0.4346052631578947, 'val_precision': 0.3598984071489511, 'val_recall': 0.3737638344226579, 'val_f1': 0.35047302114587897, 'val_image_accuracy': 0.4868421052631579, 'val_image_precision': 0.398768115942029, 'val_image_recall': 0.4201960784313726, 'val_image_f1': 0.3824216165160638}
2026-09-13 04:55:23,360 | INFO | src.trainer.trainer | Epoch 24/60 val_f1=0.35047302114587897 val_image_f1=0.3824216165160638
2026-09-13 04:55:23,360 | INFO | src.trainer.trainer | Epoch 25/60 learning rate set to 6.79911e-05
2026-09-13 05:03:01,512 | INFO | src.trainer.trainer | Epoch 25/60 train_loss=0.499831
2026-09-13 05:03:19,463 | INFO | src.trainer.history | Epoch 25 metrics saved at 2026-09-13 05:03:19: {'train_loss': 0.4998314837021746, 'lr': 6.799113763028295e-05, 'val_loss': 1.7987753898323628, 'val_accuracy': 0.44785087719298244, 'val_precision': 0.37733778533849427, 'val_recall': 0.38616666666666666, 'val_f1': 0.3516087783340731, 'val_image_accuracy': 0.5, 'val_image_precision': 0.4232478632478632, 'val_image_recall': 0.43084967320261436, 'val_image_f1': 0.3939017695437358}
2026-09-13 05:03:19,463 | INFO | src.trainer.trainer | Epoch 25/60 val_f1=0.3516087783340731 val_image_f1=0.3939017695437358
2026-09-13 05:03:19,463 | INFO | src.trainer.trainer | Epoch 26/60 learning rate set to 6.56797e-05
2026-09-13 05:10:59,548 | INFO | src.trainer.trainer | Epoch 26/60 train_loss=0.496619
2026-09-13 05:11:17,533 | INFO | src.trainer.history | Epoch 26 metrics saved at 2026-09-13 05:11:17: {'train_loss': 0.49661876035426933, 'lr': 6.567970149420018e-05, 'val_loss': 1.739165895905411, 'val_accuracy': 0.47210526315789475, 'val_precision': 0.3905453987098991, 'val_recall': 0.40857102396514167, 'val_f1': 0.3661124863010284, 'val_image_accuracy': 0.5263157894736842, 'val_image_precision': 0.43641025641025644, 'val_image_recall': 0.4530718954248366, 'val_image_f1': 0.41063522765650423}
2026-09-13 05:11:17,533 | INFO | src.trainer.trainer | Epoch 26/60 val_f1=0.3661124863010284 val_image_f1=0.41063522765650423
2026-09-13 05:11:17,533 | INFO | src.trainer.trainer | Epoch 27/60 learning rate set to 6.3338e-05
2026-09-13 05:18:53,112 | INFO | src.trainer.trainer | Epoch 27/60 train_loss=0.494233
2026-09-13 05:19:11,091 | INFO | src.trainer.history | Epoch 27 metrics saved at 2026-09-13 05:19:11: {'train_loss': 0.49423305281729013, 'lr': 6.333799258392015e-05, 'val_loss': 1.7932216420612836, 'val_accuracy': 0.4514035087719298, 'val_precision': 0.3958926180866576, 'val_recall': 0.38995403050108934, 'val_f1': 0.3638032807612701, 'val_image_accuracy': 0.4605263157894737, 'val_image_precision': 0.3729820788530466, 'val_image_recall': 0.39954248366013073, 'val_image_f1': 0.35076028622540245}
2026-09-13 05:19:11,091 | INFO | src.trainer.trainer | Epoch 27/60 val_f1=0.3638032807612701 val_image_f1=0.35076028622540245
2026-09-13 05:19:11,092 | INFO | src.trainer.trainer | Epoch 28/60 learning rate set to 6.09726e-05
2026-09-13 05:26:42,863 | INFO | src.trainer.trainer | Epoch 28/60 train_loss=0.492780
2026-09-13 05:27:00,824 | INFO | src.trainer.history | Epoch 28 metrics saved at 2026-09-13 05:27:00: {'train_loss': 0.49277966430298736, 'lr': 6.0972648727767494e-05, 'val_loss': 1.7440430476372701, 'val_accuracy': 0.4616228070175439, 'val_precision': 0.4049443882514307, 'val_recall': 0.3978228758169935, 'val_f1': 0.3707367495199777, 'val_image_accuracy': 0.5131578947368421, 'val_image_precision': 0.4630769230769231, 'val_image_recall': 0.4413071895424837, 'val_image_f1': 0.40652019375423637}
2026-09-13 05:27:00,824 | INFO | src.trainer.trainer | Epoch 28/60 val_f1=0.3707367495199777 val_image_f1=0.40652019375423637
2026-09-13 05:27:00,824 | INFO | src.trainer.trainer | Epoch 29/60 learning rate set to 5.85904e-05
2026-09-13 05:34:36,086 | INFO | src.trainer.trainer | Epoch 29/60 train_loss=0.490972
2026-09-13 05:34:54,041 | INFO | src.trainer.history | Epoch 29 metrics saved at 2026-09-13 05:34:54: {'train_loss': 0.4909717912397831, 'lr': 5.859037474988874e-05, 'val_loss': 1.9035312073690849, 'val_accuracy': 0.4156578947368421, 'val_precision': 0.3604480443198724, 'val_recall': 0.3579764705882353, 'val_f1': 0.33561666269403595, 'val_image_accuracy': 0.42105263157894735, 'val_image_precision': 0.38441441441441443, 'val_image_recall': 0.36483660130718953, 'val_image_f1': 0.3424664224664225}
2026-09-13 05:34:54,042 | INFO | src.trainer.trainer | Epoch 29/60 val_f1=0.33561666269403595 val_image_f1=0.3424664224664225
2026-09-13 05:34:54,042 | INFO | src.trainer.trainer | Epoch 30/60 learning rate set to 5.61979e-05
2026-09-13 05:42:24,634 | INFO | src.trainer.trainer | Epoch 30/60 train_loss=0.491308
2026-09-13 05:42:42,584 | INFO | src.trainer.history | Epoch 30 metrics saved at 2026-09-13 05:42:42: {'train_loss': 0.4913077516704466, 'lr': 5.619792346469987e-05, 'val_loss': 1.8969121306298071, 'val_accuracy': 0.41973684210526313, 'val_precision': 0.3579729954777694, 'val_recall': 0.36146535947712416, 'val_f1': 0.33872531718110965, 'val_image_accuracy': 0.5, 'val_image_precision': 0.43509003074220465, 'val_image_recall': 0.43130718954248365, 'val_image_f1': 0.39117448405253286}
2026-09-13 05:42:42,584 | INFO | src.trainer.trainer | Epoch 30/60 val_f1=0.33872531718110965 val_image_f1=0.39117448405253286
2026-09-13 05:42:42,584 | INFO | src.trainer.trainer | Early stopping at epoch 30 (val_f1 did not improve for 20 evals)
2026-09-13 05:42:42,634 | INFO | src.trainer.trainer | Saved final model to logs/sweeps2/ds1_regularize_20260912_220421/geom_reg/model_final.pt
2026-09-13 05:42:42,634 | INFO | src.trainer.trainer | Best model is from epoch 10 (val_f1=0.3822)
2026-09-13 05:43:12,923 | INFO | src.trainer.trainer | Held-out test of best epoch 10: {'test_loss': 1.3186454714792335, 'test_accuracy': 0.5359948320413437, 'test_precision': 0.5204952254905904, 'test_recall': 0.5472093578774523, 'test_f1': 0.5214362111613879, 'test_image_accuracy': 0.5658914728682171, 'test_image_precision': 0.536487684729064, 'test_image_recall': 0.5801042260824475, 'test_image_f1': 0.536588028829408}
2026-09-13 05:43:12,927 | INFO | src.trainer.trainer | Run summary: {'selection_metric': 'val_f1', 'best_epoch': 10, 'best_score': 0.3822397423896406, 'stopped_epoch': 30, 'eval_test': 'end', 'best_val': {'val_loss': 1.6470943407845078, 'val_accuracy': 0.4692982456140351, 'val_precision': 0.3973708400595014, 'val_recall': 0.40338736383442264, 'val_f1': 0.3822397423896406, 'val_image_accuracy': 0.5131578947368421, 'val_image_precision': 0.4216233766233766, 'val_image_recall': 0.4437254901960784, 'val_image_f1': 0.3961904761904762}, 'best_test': {'test_loss': 1.3186454714792335, 'test_accuracy': 0.5359948320413437, 'test_precision': 0.5204952254905904, 'test_recall': 0.5472093578774523, 'test_f1': 0.5214362111613879, 'test_image_accuracy': 0.5658914728682171, 'test_image_precision': 0.536487684729064, 'test_image_recall': 0.5801042260824475, 'test_image_f1': 0.536588028829408}, 'selected_weights': 'best', 'selected_test': {'test_loss': 1.3186454714792335, 'test_accuracy': 0.5359948320413437, 'test_precision': 0.5204952254905904, 'test_recall': 0.5472093578774523, 'test_f1': 0.5214362111613879, 'test_image_accuracy': 0.5658914728682171, 'test_image_precision': 0.536487684729064, 'test_image_recall': 0.5801042260824475, 'test_image_f1': 0.536588028829408}, 'test_image_f1': 0.536588028829408, 'test_f1': 0.5214362111613879, 'val_image_f1': 0.3961904761904762, 'val_f1': 0.3822397423896406, 'swa_val_score': None}
2026-09-13 05:43:12,928 | INFO | __main__ | Experiment finished at 2026-09-13 05:43:12
2026-09-13 05:43:12,996 | INFO | __main__ | Starting sweep run geom_frac025_reg
