2026-09-13 05:43:12,997 | INFO | src.trainer.history | File logging initialized: /app/logs/sweeps2/ds1_regularize_20260912_220421/geom_frac025_reg/experiment.log
2026-09-13 05:43:13,000 | INFO | __main__ | Wrote resolved config to logs/sweeps2/ds1_regularize_20260912_220421/geom_frac025_reg/config.yaml
2026-09-13 05:43:13,000 | INFO | __main__ | Experiment started at 2026-09-13 05:43:13 save_dir=logs/sweeps2/ds1_regularize_20260912_220421/geom_frac025_reg
2026-09-13 05:43:13,000 | INFO | __main__ | Starting training device=cuda
2026-09-13 05:43:13,196 | INFO | timm.models._builder | Loading pretrained weights from Hugging Face hub (timm/fastvit_t8.apple_in1k)
2026-09-13 05:43:13,400 | INFO | httpx | HTTP Request: HEAD https://huggingface.co/timm/fastvit_t8.apple_in1k/resolve/main/model.safetensors "HTTP/1.1 302 Found"
2026-09-13 05:43:13,402 | INFO | timm.models._hub | [timm/fastvit_t8.apple_in1k] Safe alternative available for 'pytorch_model.bin' (as 'model.safetensors'). Loading weights using safetensors.
2026-09-13 05:43:13,424 | INFO | timm.models._builder | Converted input conv stem.0.conv_kxk.0.conv pretrained weights from 3 to 1 channel(s)
2026-09-13 05:43:13,424 | INFO | timm.models._builder | Converted input conv stem.0.conv_scale.conv pretrained weights from 3 to 1 channel(s)
2026-09-13 05:43:13,438 | INFO | timm.models._builder | Missing keys (head.fc.weight, head.fc.bias) discovered while loading pretrained weights. This is expected if model is being adapted.
2026-09-13 05:43:13,454 | INFO | __main__ | Train TexturePatchDataset(images=449, patches=134700, active=33675, patch_size=224, overlap=0.5, downscale=1.0)
2026-09-13 05:43:13,454 | INFO | __main__ | Val TexturePatchDataset(images=76, patches=22800, active=22800, patch_size=224, overlap=0.5, downscale=1.0)
2026-09-13 05:43:13,454 | INFO | __main__ | Test TexturePatchDataset(images=129, patches=38700, active=38700, patch_size=224, overlap=0.5, downscale=1.0)
2026-09-13 05:43:13,454 | INFO | __main__ | Split counts {'train': {'images': 449, 'groups': 51}, 'val': {'images': 76, 'groups': 9}, 'test': {'images': 129, 'groups': 15}} group_by=sample
2026-09-13 05:43:13,455 | INFO | __main__ | Using class distribution {0: 103, 1: 105, 2: 91, 3: 94, 4: 56} with weights [0.9162, 0.9074, 0.9747, 0.9591, 1.2426]
2026-09-13 05:43:13,457 | INFO | __main__ | Optimizer groups [{'lr': 0.0001, 'n_params': 3260117}]
2026-09-13 05:43:13,461 | INFO | src.trainer.trainer | Starting training for 60 epochs on cuda (selection=val_f1, eval_test=end)
2026-09-13 05:43:13,461 | INFO | src.trainer.trainer | Epoch 1/60 learning rate set to 0.0001
2026-09-13 05:45:12,158 | INFO | src.trainer.trainer | Epoch 1/60 train_loss=1.378874
2026-09-13 05:45:30,081 | INFO | src.trainer.trainer | Epoch 1: new best val_f1 0.3268, saved logs/sweeps2/ds1_regularize_20260912_220421/geom_frac025_reg/model_best.pt
2026-09-13 05:45:30,083 | INFO | src.trainer.history | Epoch 1 metrics saved at 2026-09-13 05:45:30: {'train_loss': 1.3788741644241231, 'lr': 0.0001, 'val_loss': 1.3212508649993362, 'val_accuracy': 0.4274122807017544, 'val_precision': 0.3576106489396018, 'val_recall': 0.36730174291939, 'val_f1': 0.3267544064679239, 'val_image_accuracy': 0.47368421052631576, 'val_image_precision': 0.40857142857142864, 'val_image_recall': 0.40823529411764714, 'val_image_f1': 0.3618550724637681}
2026-09-13 05:45:30,083 | INFO | src.trainer.trainer | Epoch 1/60 val_f1=0.3267544064679239 val_image_f1=0.3618550724637681
2026-09-13 05:45:30,083 | INFO | src.trainer.trainer | Epoch 2/60 learning rate set to 9.99362e-05
2026-09-13 05:47:28,058 | INFO | src.trainer.trainer | Epoch 2/60 train_loss=1.143779
2026-09-13 05:47:46,054 | INFO | src.trainer.trainer | Epoch 2: new best val_f1 0.3577, saved logs/sweeps2/ds1_regularize_20260912_220421/geom_frac025_reg/model_best.pt
2026-09-13 05:47:46,055 | INFO | src.trainer.history | Epoch 2 metrics saved at 2026-09-13 05:47:46: {'train_loss': 1.143778556545487, 'lr': 9.993622130545428e-05, 'val_loss': 1.487669450713877, 'val_accuracy': 0.4450438596491228, 'val_precision': 0.4152273860522458, 'val_recall': 0.38424814814814817, 'val_f1': 0.3577282069656338, 'val_image_accuracy': 0.4605263157894737, 'val_image_precision': 0.42592592592592593, 'val_image_recall': 0.39888888888888896, 'val_image_f1': 0.35530691530691527}
2026-09-13 05:47:46,055 | INFO | src.trainer.trainer | Epoch 2/60 val_f1=0.3577282069656338 val_image_f1=0.35530691530691527
2026-09-13 05:47:46,055 | INFO | src.trainer.trainer | Epoch 3/60 learning rate set to 9.97451e-05
2026-09-13 05:49:44,280 | INFO | src.trainer.trainer | Epoch 3/60 train_loss=1.059199
2026-09-13 05:50:02,270 | INFO | src.trainer.history | Epoch 3 metrics saved at 2026-09-13 05:50:02: {'train_loss': 1.0591990892747285, 'lr': 9.974506600945618e-05, 'val_loss': 1.567005642066922, 'val_accuracy': 0.44710526315789473, 'val_precision': 0.3205544287313854, 'val_recall': 0.3865843137254902, 'val_f1': 0.32668069296365243, 'val_image_accuracy': 0.47368421052631576, 'val_image_precision': 0.3276190476190476, 'val_image_recall': 0.4117647058823529, 'val_image_f1': 0.3358156028368794}
2026-09-13 05:50:02,271 | INFO | src.trainer.trainer | Epoch 3/60 val_f1=0.32668069296365243 val_image_f1=0.3358156028368794
2026-09-13 05:50:02,271 | INFO | src.trainer.trainer | Epoch 4/60 learning rate set to 9.94271e-05
2026-09-13 05:52:02,373 | INFO | src.trainer.trainer | Epoch 4/60 train_loss=1.004960
2026-09-13 05:52:20,350 | INFO | src.trainer.history | Epoch 4 metrics saved at 2026-09-13 05:52:20: {'train_loss': 1.0049596155955336, 'lr': 9.94270759624605e-05, 'val_loss': 1.4748136798645322, 'val_accuracy': 0.4398684210526316, 'val_precision': 0.377388037292678, 'val_recall': 0.3800631808278867, 'val_f1': 0.3548068541704683, 'val_image_accuracy': 0.47368421052631576, 'val_image_precision': 0.37823361823361823, 'val_image_recall': 0.4106535947712418, 'val_image_f1': 0.3676279069767442}
2026-09-13 05:52:20,350 | INFO | src.trainer.trainer | Epoch 4/60 val_f1=0.3548068541704683 val_image_f1=0.3676279069767442
2026-09-13 05:52:20,350 | INFO | src.trainer.trainer | Epoch 5/60 learning rate set to 9.89832e-05
2026-09-13 05:54:20,034 | INFO | src.trainer.trainer | Epoch 5/60 train_loss=0.958545
2026-09-13 05:54:37,969 | INFO | src.trainer.history | Epoch 5 metrics saved at 2026-09-13 05:54:37: {'train_loss': 0.9585448064004038, 'lr': 9.8983152541804e-05, 'val_loss': 1.588558265995561, 'val_accuracy': 0.39210526315789473, 'val_precision': 0.34661516094607736, 'val_recall': 0.3342851851851852, 'val_f1': 0.3354905608293171, 'val_image_accuracy': 0.39473684210526316, 'val_image_precision': 0.33586956521739125, 'val_image_recall': 0.3384967320261437, 'val_image_f1': 0.3276963266618439}
2026-09-13 05:54:37,970 | INFO | src.trainer.trainer | Epoch 5/60 val_f1=0.3354905608293171 val_image_f1=0.3276963266618439
2026-09-13 05:54:37,970 | INFO | src.trainer.trainer | Epoch 6/60 learning rate set to 9.84146e-05
2026-09-13 05:56:36,409 | INFO | src.trainer.trainer | Epoch 6/60 train_loss=0.917338
2026-09-13 05:56:54,362 | INFO | src.trainer.history | Epoch 6 metrics saved at 2026-09-13 05:56:54: {'train_loss': 0.9173378008351825, 'lr': 9.841455409665323e-05, 'val_loss': 1.6469226607732605, 'val_accuracy': 0.4423245614035088, 'val_precision': 0.3752229299361819, 'val_recall': 0.3815437908496732, 'val_f1': 0.3462786241556993, 'val_image_accuracy': 0.47368421052631576, 'val_image_precision': 0.4091646191646191, 'val_image_recall': 0.41084967320261445, 'val_image_f1': 0.34973544973544973}
2026-09-13 05:56:54,363 | INFO | src.trainer.trainer | Epoch 6/60 val_f1=0.3462786241556993 val_image_f1=0.34973544973544973
2026-09-13 05:56:54,363 | INFO | src.trainer.trainer | Epoch 7/60 learning rate set to 9.77229e-05
2026-09-13 05:58:53,616 | INFO | src.trainer.trainer | Epoch 7/60 train_loss=0.890558
2026-09-13 05:59:11,698 | INFO | src.trainer.trainer | Epoch 7: new best val_f1 0.3798, saved logs/sweeps2/ds1_regularize_20260912_220421/geom_frac025_reg/model_best.pt
2026-09-13 05:59:11,699 | INFO | src.trainer.history | Epoch 7 metrics saved at 2026-09-13 05:59:11: {'train_loss': 0.8905582565365673, 'lr': 9.772289238107717e-05, 'val_loss': 1.540168997237557, 'val_accuracy': 0.4757456140350877, 'val_precision': 0.38646862909661056, 'val_recall': 0.41126753812636174, 'val_f1': 0.3797973511740921, 'val_image_accuracy': 0.5, 'val_image_precision': 0.3281481481481482, 'val_image_recall': 0.4359477124183007, 'val_image_f1': 0.3720634920634921}
2026-09-13 05:59:11,699 | INFO | src.trainer.trainer | Epoch 7/60 val_f1=0.3797973511740921 val_image_f1=0.3720634920634921
2026-09-13 05:59:11,700 | INFO | src.trainer.trainer | Epoch 8/60 learning rate set to 9.69101e-05
2026-09-13 06:01:10,715 | INFO | src.trainer.trainer | Epoch 8/60 train_loss=0.856395
2026-09-13 06:01:28,674 | INFO | src.trainer.history | Epoch 8 metrics saved at 2026-09-13 06:01:28: {'train_loss': 0.8563946315351909, 'lr': 9.691012798535524e-05, 'val_loss': 1.6791191695552123, 'val_accuracy': 0.3935087719298246, 'val_precision': 0.3440042590144757, 'val_recall': 0.3367788671023965, 'val_f1': 0.328021932851139, 'val_image_accuracy': 0.40789473684210525, 'val_image_precision': 0.32330503678551215, 'val_image_recall': 0.3515686274509804, 'val_image_f1': 0.3154647193777629}
2026-09-13 06:01:28,674 | INFO | src.trainer.trainer | Epoch 8/60 val_f1=0.328021932851139 val_image_f1=0.3154647193777629
2026-09-13 06:01:28,675 | INFO | src.trainer.trainer | Epoch 9/60 learning rate set to 9.59786e-05
2026-09-13 06:03:27,378 | INFO | src.trainer.trainer | Epoch 9/60 train_loss=0.833474
2026-09-13 06:03:45,314 | INFO | src.trainer.history | Epoch 9 metrics saved at 2026-09-13 06:03:45: {'train_loss': 0.8334744455447972, 'lr': 9.597856477847111e-05, 'val_loss': 1.5904021656408645, 'val_accuracy': 0.4560526315789474, 'val_precision': 0.3810600918451586, 'val_recall': 0.39327211328976036, 'val_f1': 0.3629882062654917, 'val_image_accuracy': 0.5131578947368421, 'val_image_precision': 0.4257912457912457, 'val_image_recall': 0.4448366013071895, 'val_image_f1': 0.39866666666666667}
2026-09-13 06:03:45,314 | INFO | src.trainer.trainer | Epoch 9/60 val_f1=0.3629882062654917 val_image_f1=0.39866666666666667
2026-09-13 06:03:45,314 | INFO | src.trainer.trainer | Epoch 10/60 learning rate set to 9.49308e-05
2026-09-13 06:05:44,834 | INFO | src.trainer.trainer | Epoch 10/60 train_loss=0.807093
2026-09-13 06:06:02,762 | INFO | src.trainer.history | Epoch 10 metrics saved at 2026-09-13 06:06:02: {'train_loss': 0.8070927559099289, 'lr': 9.493084337754573e-05, 'val_loss': 1.6646075992103209, 'val_accuracy': 0.4388157894736842, 'val_precision': 0.37556478679953, 'val_recall': 0.3850910675381264, 'val_f1': 0.3630960219003745, 'val_image_accuracy': 0.4868421052631579, 'val_image_precision': 0.4067449791587722, 'val_image_recall': 0.42150326797385623, 'val_image_f1': 0.39243944461335767}
2026-09-13 06:06:02,762 | INFO | src.trainer.trainer | Epoch 10/60 val_f1=0.3630960219003745 val_image_f1=0.39243944461335767
2026-09-13 06:06:02,762 | INFO | src.trainer.trainer | Epoch 11/60 learning rate set to 9.37699e-05
2026-09-13 06:08:01,684 | INFO | src.trainer.trainer | Epoch 11/60 train_loss=0.789935
2026-09-13 06:08:19,671 | INFO | src.trainer.history | Epoch 11 metrics saved at 2026-09-13 06:08:19: {'train_loss': 0.7899354251579789, 'lr': 9.376993366272128e-05, 'val_loss': 1.7551125861155359, 'val_accuracy': 0.3774561403508772, 'val_precision': 0.3283839100338465, 'val_recall': 0.324059477124183, 'val_f1': 0.31911625982057246, 'val_image_accuracy': 0.39473684210526316, 'val_image_precision': 0.3292128923707871, 'val_image_recall': 0.3398039215686274, 'val_image_f1': 0.3239949627046401}
2026-09-13 06:08:19,671 | INFO | src.trainer.trainer | Epoch 11/60 val_f1=0.31911625982057246 val_image_f1=0.3239949627046401
2026-09-13 06:08:19,671 | INFO | src.trainer.trainer | Epoch 12/60 learning rate set to 9.24991e-05
2026-09-13 06:10:19,436 | INFO | src.trainer.trainer | Epoch 12/60 train_loss=0.778271
2026-09-13 06:10:37,414 | INFO | src.trainer.history | Epoch 12 metrics saved at 2026-09-13 06:10:37: {'train_loss': 0.7782711819940438, 'lr': 9.249912635871318e-05, 'val_loss': 1.6312455033523994, 'val_accuracy': 0.4474122807017544, 'val_precision': 0.38201085164356635, 'val_recall': 0.38609738562091506, 'val_f1': 0.36649516399217774, 'val_image_accuracy': 0.4868421052631579, 'val_image_precision': 0.39126559714795006, 'val_image_recall': 0.4201960784313726, 'val_image_f1': 0.37302636916835696}
2026-09-13 06:10:37,414 | INFO | src.trainer.trainer | Epoch 12/60 val_f1=0.36649516399217774 val_image_f1=0.37302636916835696
2026-09-13 06:10:37,414 | INFO | src.trainer.trainer | Epoch 13/60 learning rate set to 9.1122e-05
2026-09-13 06:12:35,804 | INFO | src.trainer.trainer | Epoch 13/60 train_loss=0.756103
2026-09-13 06:12:53,767 | INFO | src.trainer.history | Epoch 13 metrics saved at 2026-09-13 06:12:53: {'train_loss': 0.7561034514112833, 'lr': 9.112202370689337e-05, 'val_loss': 1.582545163443214, 'val_accuracy': 0.4380263157894737, 'val_precision': 0.38507976187804666, 'val_recall': 0.39098213507625273, 'val_f1': 0.3790905365064488, 'val_image_accuracy': 0.4868421052631579, 'val_image_precision': 0.40069930069930065, 'val_image_recall': 0.41424836601307186, 'val_image_f1': 0.39307826956739184}
2026-09-13 06:12:53,768 | INFO | src.trainer.trainer | Epoch 13/60 val_f1=0.3790905365064488 val_image_f1=0.39307826956739184
2026-09-13 06:12:53,768 | INFO | src.trainer.trainer | Epoch 14/60 learning rate set to 8.96425e-05
2026-09-13 06:14:53,301 | INFO | src.trainer.trainer | Epoch 14/60 train_loss=0.737202
2026-09-13 06:15:11,284 | INFO | src.trainer.history | Epoch 14 metrics saved at 2026-09-13 06:15:11: {'train_loss': 0.7372019219982597, 'lr': 8.964252925434579e-05, 'val_loss': 1.7706464380548712, 'val_accuracy': 0.43798245614035086, 'val_precision': 0.36516411038799157, 'val_recall': 0.377982788671024, 'val_f1': 0.34208220731146366, 'val_image_accuracy': 0.4473684210526316, 'val_image_precision': 0.3299930986887508, 'val_image_recall': 0.38732026143790854, 'val_image_f1': 0.3149408035194411}
2026-09-13 06:15:11,285 | INFO | src.trainer.trainer | Epoch 14/60 val_f1=0.34208220731146366 val_image_f1=0.3149408035194411
2026-09-13 06:15:11,285 | INFO | src.trainer.trainer | Epoch 15/60 learning rate set to 8.80648e-05
2026-09-13 06:17:09,820 | INFO | src.trainer.trainer | Epoch 15/60 train_loss=0.730678
2026-09-13 06:17:27,771 | INFO | src.trainer.history | Epoch 15 metrics saved at 2026-09-13 06:17:27: {'train_loss': 0.7306779039959246, 'lr': 8.806483678883803e-05, 'val_loss': 1.7236767516742673, 'val_accuracy': 0.433640350877193, 'val_precision': 0.36123658867425645, 'val_recall': 0.37355228758169934, 'val_f1': 0.3442648566442318, 'val_image_accuracy': 0.4868421052631579, 'val_image_precision': 0.403030303030303, 'val_image_recall': 0.41954248366013075, 'val_image_f1': 0.37396336996337}
2026-09-13 06:17:27,771 | INFO | src.trainer.trainer | Epoch 15/60 val_f1=0.3442648566442318 val_image_f1=0.37396336996337
2026-09-13 06:17:27,771 | INFO | src.trainer.trainer | Epoch 16/60 learning rate set to 8.63934e-05
2026-09-13 06:19:26,044 | INFO | src.trainer.trainer | Epoch 16/60 train_loss=0.712683
2026-09-13 06:19:44,017 | INFO | src.trainer.history | Epoch 16 metrics saved at 2026-09-13 06:19:44: {'train_loss': 0.7126831564977599, 'lr': 8.639341845107433e-05, 'val_loss': 1.756877897245842, 'val_accuracy': 0.398859649122807, 'val_precision': 0.37696776787432895, 'val_recall': 0.3688764705882353, 'val_f1': 0.34856284277316624, 'val_image_accuracy': 0.39473684210526316, 'val_image_precision': 0.3385544407283537, 'val_image_recall': 0.336078431372549, 'val_image_f1': 0.3172348074402957}
2026-09-13 06:19:44,017 | INFO | src.trainer.trainer | Epoch 16/60 val_f1=0.34856284277316624 val_image_f1=0.3172348074402957
2026-09-13 06:19:44,017 | INFO | src.trainer.trainer | Epoch 17/60 learning rate set to 8.4633e-05
2026-09-13 06:21:42,804 | INFO | src.trainer.trainer | Epoch 17/60 train_loss=0.701801
2026-09-13 06:22:00,772 | INFO | src.trainer.history | Epoch 17 metrics saved at 2026-09-13 06:22:00: {'train_loss': 0.7018005556801822, 'lr': 8.463301205792675e-05, 'val_loss': 1.6761298186423486, 'val_accuracy': 0.4605263157894737, 'val_precision': 0.3842873211004841, 'val_recall': 0.396375816993464, 'val_f1': 0.36704909303790656, 'val_image_accuracy': 0.5394736842105263, 'val_image_precision': 0.4471369707303211, 'val_image_recall': 0.46483660130718957, 'val_image_f1': 0.4167601708471446}
2026-09-13 06:22:00,773 | INFO | src.trainer.trainer | Epoch 17/60 val_f1=0.36704909303790656 val_image_f1=0.4167601708471446
2026-09-13 06:22:00,773 | INFO | src.trainer.trainer | Epoch 18/60 learning rate set to 8.27886e-05
2026-09-13 06:23:59,654 | INFO | src.trainer.trainer | Epoch 18/60 train_loss=0.684493
2026-09-13 06:24:17,609 | INFO | src.trainer.history | Epoch 18 metrics saved at 2026-09-13 06:24:17: {'train_loss': 0.6844933239406538, 'lr': 8.278860767257865e-05, 'val_loss': 1.7118875897662682, 'val_accuracy': 0.4542982456140351, 'val_precision': 0.3722644368844418, 'val_recall': 0.3937884531590414, 'val_f1': 0.3541864837404568, 'val_image_accuracy': 0.5, 'val_image_precision': 0.40755494505494505, 'val_image_recall': 0.4306535947712418, 'val_image_f1': 0.37835497835497833}
2026-09-13 06:24:17,610 | INFO | src.trainer.trainer | Epoch 18/60 val_f1=0.3541864837404568 val_image_f1=0.37835497835497833
2026-09-13 06:24:17,610 | INFO | src.trainer.trainer | Epoch 19/60 learning rate set to 8.08654e-05
2026-09-13 06:26:16,574 | INFO | src.trainer.trainer | Epoch 19/60 train_loss=0.678669
2026-09-13 06:26:34,551 | INFO | src.trainer.history | Epoch 19 metrics saved at 2026-09-13 06:26:34: {'train_loss': 0.6786686352472794, 'lr': 8.086543345964832e-05, 'val_loss': 1.7008045929565765, 'val_accuracy': 0.48223684210526313, 'val_precision': 0.4042387818618602, 'val_recall': 0.4157714596949892, 'val_f1': 0.370231581886801, 'val_image_accuracy': 0.5131578947368421, 'val_image_precision': 0.4514285714285714, 'val_image_recall': 0.44307189542483655, 'val_image_f1': 0.3895644585299758}
2026-09-13 06:26:34,551 | INFO | src.trainer.trainer | Epoch 19/60 val_f1=0.370231581886801 val_image_f1=0.3895644585299758
2026-09-13 06:26:34,551 | INFO | src.trainer.trainer | Epoch 20/60 learning rate set to 7.88689e-05
2026-09-13 06:28:32,666 | INFO | src.trainer.trainer | Epoch 20/60 train_loss=0.671730
2026-09-13 06:28:50,616 | INFO | src.trainer.history | Epoch 20 metrics saved at 2026-09-13 06:28:50: {'train_loss': 0.671729922124697, 'lr': 7.886894086538841e-05, 'val_loss': 1.7820850509823414, 'val_accuracy': 0.4225877192982456, 'val_precision': 0.36312067829939865, 'val_recall': 0.373344008714597, 'val_f1': 0.34391465286202255, 'val_image_accuracy': 0.4868421052631579, 'val_image_precision': 0.37332603539500087, 'val_image_recall': 0.4188888888888889, 'val_image_f1': 0.36333288868138464}
2026-09-13 06:28:50,616 | INFO | src.trainer.trainer | Epoch 20/60 val_f1=0.34391465286202255 val_image_f1=0.36333288868138464
2026-09-13 06:28:50,616 | INFO | src.trainer.trainer | Epoch 21/60 learning rate set to 7.68048e-05
2026-09-13 06:30:47,584 | INFO | src.trainer.trainer | Epoch 21/60 train_loss=0.663427
2026-09-13 06:31:05,567 | INFO | src.trainer.history | Epoch 21 metrics saved at 2026-09-13 06:31:05: {'train_loss': 0.6634265456486386, 'lr': 7.680478916496926e-05, 'val_loss': 1.7168738455103154, 'val_accuracy': 0.4330701754385965, 'val_precision': 0.36163269986369434, 'val_recall': 0.37335555555555555, 'val_f1': 0.34336278341460214, 'val_image_accuracy': 0.4605263157894737, 'val_image_precision': 0.3645833333333333, 'val_image_recall': 0.3960130718954248, 'val_image_f1': 0.34936054421768703}
2026-09-13 06:31:05,567 | INFO | src.trainer.trainer | Epoch 21/60 val_f1=0.34336278341460214 val_image_f1=0.34936054421768703
2026-09-13 06:31:05,567 | INFO | src.trainer.trainer | Epoch 22/60 learning rate set to 7.46788e-05
2026-09-13 06:33:04,413 | INFO | src.trainer.trainer | Epoch 22/60 train_loss=0.648653
2026-09-13 06:33:22,347 | INFO | src.trainer.history | Epoch 22 metrics saved at 2026-09-13 06:33:22: {'train_loss': 0.6486528311823595, 'lr': 7.46788294206485e-05, 'val_loss': 1.6362990372641044, 'val_accuracy': 0.4675, 'val_precision': 0.379963500597134, 'val_recall': 0.4015891067538127, 'val_f1': 0.3703661700509325, 'val_image_accuracy': 0.5, 'val_image_precision': 0.3941880341880342, 'val_image_recall': 0.43130718954248365, 'val_image_f1': 0.3868220668220668}
2026-09-13 06:33:22,348 | INFO | src.trainer.trainer | Epoch 22/60 val_f1=0.3703661700509325 val_image_f1=0.3868220668220668
2026-09-13 06:33:22,348 | INFO | src.trainer.trainer | Epoch 23/60 learning rate set to 7.24971e-05
2026-09-13 06:35:21,442 | INFO | src.trainer.trainer | Epoch 23/60 train_loss=0.644788
2026-09-13 06:35:39,506 | INFO | src.trainer.trainer | Epoch 23: new best val_f1 0.3806, saved logs/sweeps2/ds1_regularize_20260912_220421/geom_frac025_reg/model_best.pt
2026-09-13 06:35:39,509 | INFO | src.trainer.history | Epoch 23 metrics saved at 2026-09-13 06:35:39: {'train_loss': 0.6447875062606914, 'lr': 7.249708789629944e-05, 'val_loss': 1.6589801073178911, 'val_accuracy': 0.46635964912280703, 'val_precision': 0.4038329563135014, 'val_recall': 0.40267581699346405, 'val_f1': 0.38059108968887945, 'val_image_accuracy': 0.4868421052631579, 'val_image_precision': 0.39664502164502163, 'val_image_recall': 0.4160130718954248, 'val_image_f1': 0.38605555555555554}
2026-09-13 06:35:39,509 | INFO | src.trainer.trainer | Epoch 23/60 val_f1=0.38059108968887945 val_image_f1=0.38605555555555554
2026-09-13 06:35:39,510 | INFO | src.trainer.trainer | Epoch 24/60 learning rate set to 7.02657e-05
2026-09-13 06:37:38,404 | INFO | src.trainer.trainer | Epoch 24/60 train_loss=0.635652
2026-09-13 06:37:56,372 | INFO | src.trainer.history | Epoch 24 metrics saved at 2026-09-13 06:37:56: {'train_loss': 0.635652227019414, 'lr': 7.026574897531136e-05, 'val_loss': 1.7351616411041795, 'val_accuracy': 0.44083333333333335, 'val_precision': 0.39232661989119066, 'val_recall': 0.3897453159041394, 'val_f1': 0.37168110201852167, 'val_image_accuracy': 0.5131578947368421, 'val_image_precision': 0.43802197802197806, 'val_image_recall': 0.4377777777777777, 'val_image_f1': 0.4081526860435279}
2026-09-13 06:37:56,372 | INFO | src.trainer.trainer | Epoch 24/60 val_f1=0.37168110201852167 val_image_f1=0.4081526860435279
2026-09-13 06:37:56,372 | INFO | src.trainer.trainer | Epoch 25/60 learning rate set to 6.79911e-05
2026-09-13 06:39:55,075 | INFO | src.trainer.trainer | Epoch 25/60 train_loss=0.629247
2026-09-13 06:40:13,068 | INFO | src.trainer.history | Epoch 25 metrics saved at 2026-09-13 06:40:13: {'train_loss': 0.6292468243027582, 'lr': 6.799113763028295e-05, 'val_loss': 1.6866704794398526, 'val_accuracy': 0.4423684210526316, 'val_precision': 0.3588516554662504, 'val_recall': 0.3800167755991285, 'val_f1': 0.35574836316239977, 'val_image_accuracy': 0.47368421052631576, 'val_image_precision': 0.3866666666666666, 'val_image_recall': 0.4086274509803921, 'val_image_f1': 0.3800679002470716}
2026-09-13 06:40:13,069 | INFO | src.trainer.trainer | Epoch 25/60 val_f1=0.35574836316239977 val_image_f1=0.3800679002470716
2026-09-13 06:40:13,069 | INFO | src.trainer.trainer | Epoch 26/60 learning rate set to 6.56797e-05
2026-09-13 06:42:12,222 | INFO | src.trainer.trainer | Epoch 26/60 train_loss=0.624319
2026-09-13 06:42:30,300 | INFO | src.trainer.trainer | Epoch 26: new best val_f1 0.3919, saved logs/sweeps2/ds1_regularize_20260912_220421/geom_frac025_reg/model_best.pt
2026-09-13 06:42:30,303 | INFO | src.trainer.history | Epoch 26 metrics saved at 2026-09-13 06:42:30: {'train_loss': 0.6243187370031253, 'lr': 6.567970149420018e-05, 'val_loss': 1.6103826276774993, 'val_accuracy': 0.47368421052631576, 'val_precision': 0.4148502751147756, 'val_recall': 0.4097721132897604, 'val_f1': 0.39190440101808244, 'val_image_accuracy': 0.5, 'val_image_precision': 0.4287698412698413, 'val_image_recall': 0.4295424836601307, 'val_image_f1': 0.3975606921813818}
2026-09-13 06:42:30,303 | INFO | src.trainer.trainer | Epoch 26/60 val_f1=0.39190440101808244 val_image_f1=0.3975606921813818
2026-09-13 06:42:30,303 | INFO | src.trainer.trainer | Epoch 27/60 learning rate set to 6.3338e-05
2026-09-13 06:44:27,782 | INFO | src.trainer.trainer | Epoch 27/60 train_loss=0.615109
2026-09-13 06:44:45,774 | INFO | src.trainer.history | Epoch 27 metrics saved at 2026-09-13 06:44:45: {'train_loss': 0.6151092083346162, 'lr': 6.333799258392015e-05, 'val_loss': 1.734844893373941, 'val_accuracy': 0.46109649122807017, 'val_precision': 0.39061713050613056, 'val_recall': 0.3969381263616557, 'val_f1': 0.36736698391250255, 'val_image_accuracy': 0.4868421052631579, 'val_image_precision': 0.4016304347826087, 'val_image_recall': 0.41954248366013075, 'val_image_f1': 0.37724041811846687}
2026-09-13 06:44:45,774 | INFO | src.trainer.trainer | Epoch 27/60 val_f1=0.36736698391250255 val_image_f1=0.37724041811846687
2026-09-13 06:44:45,774 | INFO | src.trainer.trainer | Epoch 28/60 learning rate set to 6.09726e-05
2026-09-13 06:46:42,632 | INFO | src.trainer.trainer | Epoch 28/60 train_loss=0.605166
2026-09-13 06:47:00,595 | INFO | src.trainer.history | Epoch 28 metrics saved at 2026-09-13 06:47:00: {'train_loss': 0.6051661333156322, 'lr': 6.0972648727767494e-05, 'val_loss': 1.8154265045596842, 'val_accuracy': 0.39859649122807017, 'val_precision': 0.3441300527732416, 'val_recall': 0.3407104575163399, 'val_f1': 0.33025965770081467, 'val_image_accuracy': 0.4342105263157895, 'val_image_precision': 0.37710437710437705, 'val_image_recall': 0.3713725490196078, 'val_image_f1': 0.3532243618450515}
2026-09-13 06:47:00,595 | INFO | src.trainer.trainer | Epoch 28/60 val_f1=0.33025965770081467 val_image_f1=0.3532243618450515
2026-09-13 06:47:00,595 | INFO | src.trainer.trainer | Epoch 29/60 learning rate set to 5.85904e-05
2026-09-13 06:49:01,576 | INFO | src.trainer.trainer | Epoch 29/60 train_loss=0.596870
2026-09-13 06:49:19,560 | INFO | src.trainer.history | Epoch 29 metrics saved at 2026-09-13 06:49:19: {'train_loss': 0.5968698497303522, 'lr': 5.859037474988874e-05, 'val_loss': 1.8319923526571509, 'val_accuracy': 0.42219298245614034, 'val_precision': 0.35871834915323636, 'val_recall': 0.36329651416122, 'val_f1': 0.340300507611888, 'val_image_accuracy': 0.4868421052631579, 'val_image_precision': 0.42503840245775726, 'val_image_recall': 0.4177777777777778, 'val_image_f1': 0.3857142857142857}
2026-09-13 06:49:19,560 | INFO | src.trainer.trainer | Epoch 29/60 val_f1=0.340300507611888 val_image_f1=0.3857142857142857
2026-09-13 06:49:19,561 | INFO | src.trainer.trainer | Epoch 30/60 learning rate set to 5.61979e-05
2026-09-13 06:51:18,605 | INFO | src.trainer.trainer | Epoch 30/60 train_loss=0.594700
2026-09-13 06:51:36,549 | INFO | src.trainer.history | Epoch 30 metrics saved at 2026-09-13 06:51:36: {'train_loss': 0.5946996053661695, 'lr': 5.619792346469987e-05, 'val_loss': 1.6197441597570452, 'val_accuracy': 0.48118421052631577, 'val_precision': 0.4021054542269525, 'val_recall': 0.41355424836601307, 'val_f1': 0.3784295563926285, 'val_image_accuracy': 0.5, 'val_image_precision': 0.42793650793650795, 'val_image_recall': 0.43130718954248365, 'val_image_f1': 0.37212556835198346}
2026-09-13 06:51:36,549 | INFO | src.trainer.trainer | Epoch 30/60 val_f1=0.3784295563926285 val_image_f1=0.37212556835198346
2026-09-13 06:51:36,550 | INFO | src.trainer.trainer | Epoch 31/60 learning rate set to 5.38021e-05
2026-09-13 06:53:35,941 | INFO | src.trainer.trainer | Epoch 31/60 train_loss=0.596267
2026-09-13 06:53:53,895 | INFO | src.trainer.history | Epoch 31 metrics saved at 2026-09-13 06:53:53: {'train_loss': 0.5962673711068734, 'lr': 5.380207653530014e-05, 'val_loss': 1.6542662961754881, 'val_accuracy': 0.47149122807017546, 'val_precision': 0.3901110262217602, 'val_recall': 0.40548431372549015, 'val_f1': 0.37455156116029453, 'val_image_accuracy': 0.5131578947368421, 'val_image_precision': 0.4230257197999133, 'val_image_recall': 0.4413071895424837, 'val_image_f1': 0.3922936259143156}
2026-09-13 06:53:53,895 | INFO | src.trainer.trainer | Epoch 31/60 val_f1=0.37455156116029453 val_image_f1=0.3922936259143156
2026-09-13 06:53:53,895 | INFO | src.trainer.trainer | Epoch 32/60 learning rate set to 5.14096e-05
2026-09-13 06:55:52,241 | INFO | src.trainer.trainer | Epoch 32/60 train_loss=0.581285
2026-09-13 06:56:10,187 | INFO | src.trainer.history | Epoch 32 metrics saved at 2026-09-13 06:56:10: {'train_loss': 0.5812846905280682, 'lr': 5.140962525011126e-05, 'val_loss': 1.73980519846866, 'val_accuracy': 0.4543859649122807, 'val_precision': 0.38019543434160363, 'val_recall': 0.39123812636165584, 'val_f1': 0.35993026826516106, 'val_image_accuracy': 0.5, 'val_image_precision': 0.415219421101774, 'val_image_recall': 0.4295424836601307, 'val_image_f1': 0.38692203671919695}
2026-09-13 06:56:10,188 | INFO | src.trainer.trainer | Epoch 32/60 val_f1=0.35993026826516106 val_image_f1=0.38692203671919695
2026-09-13 06:56:10,188 | INFO | src.trainer.trainer | Epoch 33/60 learning rate set to 4.90274e-05
2026-09-13 06:58:09,261 | INFO | src.trainer.trainer | Epoch 33/60 train_loss=0.577948
2026-09-13 06:58:27,233 | INFO | src.trainer.history | Epoch 33 metrics saved at 2026-09-13 06:58:27: {'train_loss': 0.5779483967970811, 'lr': 4.902735127223252e-05, 'val_loss': 1.8037985484537324, 'val_accuracy': 0.40464912280701754, 'val_precision': 0.3301260603040767, 'val_recall': 0.3477753812636165, 'val_f1': 0.32823216824834767, 'val_image_accuracy': 0.4473684210526316, 'val_image_precision': 0.35620723362658846, 'val_image_recall': 0.38555555555555554, 'val_image_f1': 0.35372799243766984}
2026-09-13 06:58:27,233 | INFO | src.trainer.trainer | Epoch 33/60 val_f1=0.32823216824834767 val_image_f1=0.35372799243766984
2026-09-13 06:58:27,233 | INFO | src.trainer.trainer | Epoch 34/60 learning rate set to 4.6662e-05
2026-09-13 07:00:24,771 | INFO | src.trainer.trainer | Epoch 34/60 train_loss=0.576153
2026-09-13 07:00:42,753 | INFO | src.trainer.history | Epoch 34 metrics saved at 2026-09-13 07:00:42: {'train_loss': 0.5761530197073816, 'lr': 4.6662007416079864e-05, 'val_loss': 1.6748948124417087, 'val_accuracy': 0.47276315789473683, 'val_precision': 0.3874634511577807, 'val_recall': 0.40724226579520695, 'val_f1': 0.3627664428084879, 'val_image_accuracy': 0.5131578947368421, 'val_image_precision': 0.4362421891833656, 'val_image_recall': 0.44307189542483655, 'val_image_f1': 0.38495440336872566}
2026-09-13 07:00:42,754 | INFO | src.trainer.trainer | Epoch 34/60 val_f1=0.3627664428084879 val_image_f1=0.38495440336872566
2026-09-13 07:00:42,754 | INFO | src.trainer.trainer | Epoch 35/60 learning rate set to 4.43203e-05
2026-09-13 07:02:41,563 | INFO | src.trainer.trainer | Epoch 35/60 train_loss=0.570743
2026-09-13 07:02:59,617 | INFO | src.trainer.trainer | Epoch 35: new best val_f1 0.3924, saved logs/sweeps2/ds1_regularize_20260912_220421/geom_frac025_reg/model_best.pt
2026-09-13 07:02:59,621 | INFO | src.trainer.history | Epoch 35 metrics saved at 2026-09-13 07:02:59: {'train_loss': 0.5707425880352479, 'lr': 4.4320298505799834e-05, 'val_loss': 1.6179473586563478, 'val_accuracy': 0.4965350877192982, 'val_precision': 0.41905130843070326, 'val_recall': 0.4298058823529412, 'val_f1': 0.39239227033093527, 'val_image_accuracy': 0.5263157894736842, 'val_image_precision': 0.4666363636363636, 'val_image_recall': 0.4548366013071895, 'val_image_f1': 0.4066508738985989}
2026-09-13 07:02:59,622 | INFO | src.trainer.trainer | Epoch 35/60 val_f1=0.39239227033093527 val_image_f1=0.4066508738985989
2026-09-13 07:02:59,622 | INFO | src.trainer.trainer | Epoch 36/60 learning rate set to 4.20089e-05
2026-09-13 07:04:58,402 | INFO | src.trainer.trainer | Epoch 36/60 train_loss=0.564564
2026-09-13 07:05:16,322 | INFO | src.trainer.history | Epoch 36 metrics saved at 2026-09-13 07:05:16: {'train_loss': 0.5645641233324562, 'lr': 4.200886236971707e-05, 'val_loss': 1.7350584532085218, 'val_accuracy': 0.4586842105263158, 'val_precision': 0.3750249654964065, 'val_recall': 0.39475925925925925, 'val_f1': 0.35999677437732486, 'val_image_accuracy': 0.4868421052631579, 'val_image_precision': 0.3895833333333333, 'val_image_recall': 0.41954248366013075, 'val_image_f1': 0.3754346182917611}
2026-09-13 07:05:16,322 | INFO | src.trainer.trainer | Epoch 36/60 val_f1=0.35999677437732486 val_image_f1=0.3754346182917611
2026-09-13 07:05:16,322 | INFO | src.trainer.trainer | Epoch 37/60 learning rate set to 3.97343e-05
2026-09-13 07:07:15,211 | INFO | src.trainer.trainer | Epoch 37/60 train_loss=0.562720
2026-09-13 07:07:33,185 | INFO | src.trainer.history | Epoch 37 metrics saved at 2026-09-13 07:07:33: {'train_loss': 0.5627201110907811, 'lr': 3.9734251024688635e-05, 'val_loss': 1.74120987352572, 'val_accuracy': 0.4423684210526316, 'val_precision': 0.3719940110264887, 'val_recall': 0.38112222222222225, 'val_f1': 0.3583594824590096, 'val_image_accuracy': 0.4605263157894737, 'val_image_precision': 0.3731934032983508, 'val_image_recall': 0.39666666666666667, 'val_image_f1': 0.36476336357566475}
2026-09-13 07:07:33,185 | INFO | src.trainer.trainer | Epoch 37/60 val_f1=0.3583594824590096 val_image_f1=0.36476336357566475
2026-09-13 07:07:33,186 | INFO | src.trainer.trainer | Epoch 38/60 learning rate set to 3.75029e-05
2026-09-13 07:09:31,568 | INFO | src.trainer.trainer | Epoch 38/60 train_loss=0.557980
2026-09-13 07:09:49,555 | INFO | src.trainer.history | Epoch 38 metrics saved at 2026-09-13 07:09:49: {'train_loss': 0.5579802696281835, 'lr': 3.750291210370057e-05, 'val_loss': 1.7052172845392897, 'val_accuracy': 0.4705263157894737, 'val_precision': 0.39253926135549005, 'val_recall': 0.40531328976034864, 'val_f1': 0.3722460869368142, 'val_image_accuracy': 0.5394736842105263, 'val_image_precision': 0.45316017316017315, 'val_image_recall': 0.46483660130718957, 'val_image_f1': 0.417047619047619}
2026-09-13 07:09:49,556 | INFO | src.trainer.trainer | Epoch 38/60 val_f1=0.3722460869368142 val_image_f1=0.417047619047619
2026-09-13 07:09:49,556 | INFO | src.trainer.trainer | Epoch 39/60 learning rate set to 3.53212e-05
2026-09-13 07:11:49,357 | INFO | src.trainer.trainer | Epoch 39/60 train_loss=0.553280
2026-09-13 07:12:07,373 | INFO | src.trainer.history | Epoch 39 metrics saved at 2026-09-13 07:12:07: {'train_loss': 0.5532800379450797, 'lr': 3.532117057935151e-05, 'val_loss': 1.6814063404735766, 'val_accuracy': 0.46706140350877196, 'val_precision': 0.39484899752467484, 'val_recall': 0.4022185185185185, 'val_f1': 0.37289450451687844, 'val_image_accuracy': 0.5, 'val_image_precision': 0.4074023199023199, 'val_image_recall': 0.43130718954248365, 'val_image_f1': 0.3811077811077811}
2026-09-13 07:12:07,374 | INFO | src.trainer.trainer | Epoch 39/60 val_f1=0.37289450451687844 val_image_f1=0.3811077811077811
2026-09-13 07:12:07,374 | INFO | src.trainer.trainer | Epoch 40/60 learning rate set to 3.31952e-05
2026-09-13 07:14:05,996 | INFO | src.trainer.trainer | Epoch 40/60 train_loss=0.549910
2026-09-13 07:14:23,990 | INFO | src.trainer.history | Epoch 40 metrics saved at 2026-09-13 07:14:23: {'train_loss': 0.5499101979907743, 'lr': 3.3195210835030745e-05, 'val_loss': 1.7228797021246793, 'val_accuracy': 0.46982456140350876, 'val_precision': 0.3967569516868979, 'val_recall': 0.4036202614379086, 'val_f1': 0.3728314447260569, 'val_image_accuracy': 0.5263157894736842, 'val_image_precision': 0.4595382395382395, 'val_image_recall': 0.45372549019607844, 'val_image_f1': 0.41158267020335987}
2026-09-13 07:14:23,991 | INFO | src.trainer.trainer | Epoch 40/60 val_f1=0.3728314447260569 val_image_f1=0.41158267020335987
2026-09-13 07:14:23,991 | INFO | src.trainer.trainer | Epoch 41/60 learning rate set to 3.11311e-05
2026-09-13 07:16:24,476 | INFO | src.trainer.trainer | Epoch 41/60 train_loss=0.547445
2026-09-13 07:16:42,434 | INFO | src.trainer.history | Epoch 41 metrics saved at 2026-09-13 07:16:42: {'train_loss': 0.5474448845770594, 'lr': 3.113105913461159e-05, 'val_loss': 1.7083788040228058, 'val_accuracy': 0.463859649122807, 'val_precision': 0.38876103950215746, 'val_recall': 0.39980893246187355, 'val_f1': 0.37130321102510444, 'val_image_accuracy': 0.5131578947368421, 'val_image_precision': 0.42175, 'val_image_recall': 0.44307189542483655, 'val_image_f1': 0.3941433317513051}
2026-09-13 07:16:42,434 | INFO | src.trainer.trainer | Epoch 41/60 val_f1=0.37130321102510444 val_image_f1=0.3941433317513051
2026-09-13 07:16:42,434 | INFO | src.trainer.trainer | Epoch 42/60 learning rate set to 2.91346e-05
2026-09-13 07:18:41,680 | INFO | src.trainer.trainer | Epoch 42/60 train_loss=0.542405
2026-09-13 07:18:59,697 | INFO | src.trainer.history | Epoch 42 metrics saved at 2026-09-13 07:18:59: {'train_loss': 0.5424049107410683, 'lr': 2.9134566540351696e-05, 'val_loss': 1.6692862680920384, 'val_accuracy': 0.47736842105263155, 'val_precision': 0.3956423477223011, 'val_recall': 0.4124592592592592, 'val_f1': 0.3865874944214255, 'val_image_accuracy': 0.5, 'val_image_precision': 0.4, 'val_image_recall': 0.4295424836601307, 'val_image_f1': 0.39042665766070017}
2026-09-13 07:18:59,697 | INFO | src.trainer.trainer | Epoch 42/60 val_f1=0.3865874944214255 val_image_f1=0.39042665766070017
2026-09-13 07:18:59,697 | INFO | src.trainer.trainer | Epoch 43/60 learning rate set to 2.72114e-05
2026-09-13 07:20:58,422 | INFO | src.trainer.trainer | Epoch 43/60 train_loss=0.540091
2026-09-13 07:21:16,415 | INFO | src.trainer.history | Epoch 43 metrics saved at 2026-09-13 07:21:16: {'train_loss': 0.5400909033552664, 'lr': 2.721139232742137e-05, 'val_loss': 1.7186988945906623, 'val_accuracy': 0.46771929824561403, 'val_precision': 0.3797123659598144, 'val_recall': 0.4043712418300654, 'val_f1': 0.3718291774734918, 'val_image_accuracy': 0.4868421052631579, 'val_image_precision': 0.38474358974358974, 'val_image_recall': 0.41954248366013075, 'val_image_f1': 0.37302406025810286}
2026-09-13 07:21:16,415 | INFO | src.trainer.trainer | Epoch 43/60 val_f1=0.3718291774734918 val_image_f1=0.37302406025810286
2026-09-13 07:21:16,415 | INFO | src.trainer.trainer | Epoch 44/60 learning rate set to 2.5367e-05
2026-09-13 07:23:15,678 | INFO | src.trainer.trainer | Epoch 44/60 train_loss=0.536676
2026-09-13 07:23:33,621 | INFO | src.trainer.history | Epoch 44 metrics saved at 2026-09-13 07:23:33: {'train_loss': 0.536676338063228, 'lr': 2.536698794207327e-05, 'val_loss': 1.7175257211505321, 'val_accuracy': 0.46307017543859647, 'val_precision': 0.3883678426543129, 'val_recall': 0.39950261437908496, 'val_f1': 0.36789621407362405, 'val_image_accuracy': 0.5263157894736842, 'val_image_precision': 0.4363756613756614, 'val_image_recall': 0.4548366013071895, 'val_image_f1': 0.3990249433106575}
2026-09-13 07:23:33,621 | INFO | src.trainer.trainer | Epoch 44/60 val_f1=0.36789621407362405 val_image_f1=0.3990249433106575
2026-09-13 07:23:33,621 | INFO | src.trainer.trainer | Epoch 45/60 learning rate set to 2.36066e-05
2026-09-13 07:25:33,477 | INFO | src.trainer.trainer | Epoch 45/60 train_loss=0.532799
2026-09-13 07:25:51,384 | INFO | src.trainer.history | Epoch 45 metrics saved at 2026-09-13 07:25:51: {'train_loss': 0.5327991448531969, 'lr': 2.360658154892569e-05, 'val_loss': 1.7082229202567485, 'val_accuracy': 0.47057017543859647, 'val_precision': 0.3951503113570344, 'val_recall': 0.4060579520697167, 'val_f1': 0.3774237246390459, 'val_image_accuracy': 0.5263157894736842, 'val_image_precision': 0.45333842627960275, 'val_image_recall': 0.45372549019607844, 'val_image_f1': 0.4121568627450981}
2026-09-13 07:25:51,384 | INFO | src.trainer.trainer | Epoch 45/60 val_f1=0.3774237246390459 val_image_f1=0.4121568627450981
2026-09-13 07:25:51,384 | INFO | src.trainer.trainer | Epoch 46/60 learning rate set to 2.19352e-05
2026-09-13 07:27:50,230 | INFO | src.trainer.trainer | Epoch 46/60 train_loss=0.530178
2026-09-13 07:28:08,226 | INFO | src.trainer.history | Epoch 46 metrics saved at 2026-09-13 07:28:08: {'train_loss': 0.5301781671119781, 'lr': 2.1935163211161985e-05, 'val_loss': 1.756307634815835, 'val_accuracy': 0.45864035087719296, 'val_precision': 0.3732388660727306, 'val_recall': 0.395625054466231, 'val_f1': 0.3593070108504649, 'val_image_accuracy': 0.5, 'val_image_precision': 0.4074023199023199, 'val_image_recall': 0.43130718954248365, 'val_image_f1': 0.3811077811077811}
2026-09-13 07:28:08,226 | INFO | src.trainer.trainer | Epoch 46/60 val_f1=0.3593070108504649 val_image_f1=0.3811077811077811
2026-09-13 07:28:08,226 | INFO | src.trainer.trainer | Epoch 47/60 learning rate set to 2.03575e-05
2026-09-13 07:30:06,900 | INFO | src.trainer.trainer | Epoch 47/60 train_loss=0.528935
2026-09-13 07:30:24,883 | INFO | src.trainer.history | Epoch 47 metrics saved at 2026-09-13 07:30:24: {'train_loss': 0.5289354444028009, 'lr': 2.0357470745654214e-05, 'val_loss': 1.6943702503254539, 'val_accuracy': 0.4687719298245614, 'val_precision': 0.390327676755304, 'val_recall': 0.40369128540305016, 'val_f1': 0.3759063860940658, 'val_image_accuracy': 0.5263157894736842, 'val_image_precision': 0.44097222222222215, 'val_image_recall': 0.4530718954248366, 'val_image_f1': 0.4100023457658925}
2026-09-13 07:30:24,883 | INFO | src.trainer.trainer | Epoch 47/60 val_f1=0.3759063860940658 val_image_f1=0.4100023457658925
2026-09-13 07:30:24,884 | INFO | src.trainer.trainer | Epoch 48/60 learning rate set to 1.8878e-05
2026-09-13 07:32:25,087 | INFO | src.trainer.trainer | Epoch 48/60 train_loss=0.520648
2026-09-13 07:32:43,024 | INFO | src.trainer.history | Epoch 48 metrics saved at 2026-09-13 07:32:43: {'train_loss': 0.5206476746883406, 'lr': 1.8877976293106646e-05, 'val_loss': 1.6973518296396524, 'val_accuracy': 0.46706140350877196, 'val_precision': 0.3917579693331983, 'val_recall': 0.402458605664488, 'val_f1': 0.3714879278641905, 'val_image_accuracy': 0.5263157894736842, 'val_image_precision': 0.4492424242424242, 'val_image_recall': 0.4530718954248366, 'val_image_f1': 0.4095238095238095}
2026-09-13 07:32:43,024 | INFO | src.trainer.trainer | Epoch 48/60 val_f1=0.3714879278641905 val_image_f1=0.4095238095238095
2026-09-13 07:32:43,024 | INFO | src.trainer.trainer | Epoch 49/60 learning rate set to 1.75009e-05
2026-09-13 07:34:42,983 | INFO | src.trainer.trainer | Epoch 49/60 train_loss=0.523055
2026-09-13 07:35:00,934 | INFO | src.trainer.history | Epoch 49 metrics saved at 2026-09-13 07:35:00: {'train_loss': 0.5230549266343658, 'lr': 1.750087364128682e-05, 'val_loss': 1.736696939897119, 'val_accuracy': 0.45517543859649123, 'val_precision': 0.3802735063156512, 'val_recall': 0.3914971677559913, 'val_f1': 0.36116488052756074, 'val_image_accuracy': 0.5, 'val_image_precision': 0.4218446799009459, 'val_image_recall': 0.43019607843137253, 'val_image_f1': 0.3858276026979337}
2026-09-13 07:35:00,934 | INFO | src.trainer.trainer | Epoch 49/60 val_f1=0.36116488052756074 val_image_f1=0.3858276026979337
2026-09-13 07:35:00,934 | INFO | src.trainer.trainer | Epoch 50/60 learning rate set to 1.62301e-05
2026-09-13 07:36:59,953 | INFO | src.trainer.trainer | Epoch 50/60 train_loss=0.521766
2026-09-13 07:37:17,937 | INFO | src.trainer.history | Epoch 50 metrics saved at 2026-09-13 07:37:17: {'train_loss': 0.5217661706057848, 'lr': 1.6230066337278724e-05, 'val_loss': 1.7081121518528253, 'val_accuracy': 0.46785087719298246, 'val_precision': 0.3845403160598613, 'val_recall': 0.40219433551198264, 'val_f1': 0.374122727665065, 'val_image_accuracy': 0.47368421052631576, 'val_image_precision': 0.3717064544650751, 'val_image_recall': 0.40843137254901957, 'val_image_f1': 0.36486049904340756}
2026-09-13 07:37:17,937 | INFO | src.trainer.trainer | Epoch 50/60 val_f1=0.374122727665065 val_image_f1=0.36486049904340756
2026-09-13 07:37:17,937 | INFO | src.trainer.trainer | Epoch 51/60 learning rate set to 1.50692e-05
2026-09-13 07:39:17,177 | INFO | src.trainer.trainer | Epoch 51/60 train_loss=0.515103
2026-09-13 07:39:35,114 | INFO | src.trainer.history | Epoch 51 metrics saved at 2026-09-13 07:39:35: {'train_loss': 0.5151026551353551, 'lr': 1.5069156622454287e-05, 'val_loss': 1.6824820015932385, 'val_accuracy': 0.46657894736842104, 'val_precision': 0.39141481293265856, 'val_recall': 0.4019812636165578, 'val_f1': 0.37572532791156243, 'val_image_accuracy': 0.5263157894736842, 'val_image_precision': 0.452559205500382, 'val_image_recall': 0.45372549019607844, 'val_image_f1': 0.414282586483725}
2026-09-13 07:39:35,114 | INFO | src.trainer.trainer | Epoch 51/60 val_f1=0.37572532791156243 val_image_f1=0.414282586483725
2026-09-13 07:39:35,114 | INFO | src.trainer.trainer | Epoch 52/60 learning rate set to 1.40214e-05
2026-09-13 07:41:34,652 | INFO | src.trainer.trainer | Epoch 52/60 train_loss=0.517134
2026-09-13 07:41:52,603 | INFO | src.trainer.history | Epoch 52 metrics saved at 2026-09-13 07:41:52: {'train_loss': 0.5171341489913646, 'lr': 1.4021435221528906e-05, 'val_loss': 1.724183812936147, 'val_accuracy': 0.4649561403508772, 'val_precision': 0.3930512287466047, 'val_recall': 0.39996644880174287, 'val_f1': 0.3719827241964646, 'val_image_accuracy': 0.5131578947368421, 'val_image_precision': 0.43227272727272725, 'val_image_recall': 0.44196078431372554, 'val_image_f1': 0.4033333333333333}
2026-09-13 07:41:52,604 | INFO | src.trainer.trainer | Epoch 52/60 val_f1=0.3719827241964646 val_image_f1=0.4033333333333333
2026-09-13 07:41:52,604 | INFO | src.trainer.trainer | Epoch 53/60 learning rate set to 1.30899e-05
2026-09-13 07:43:51,951 | INFO | src.trainer.trainer | Epoch 53/60 train_loss=0.514607
2026-09-13 07:44:09,909 | INFO | src.trainer.history | Epoch 53 metrics saved at 2026-09-13 07:44:09: {'train_loss': 0.5146065014268879, 'lr': 1.3089872014644771e-05, 'val_loss': 1.755988206445125, 'val_accuracy': 0.4476754385964912, 'val_precision': 0.3695044824984227, 'val_recall': 0.3848806100217864, 'val_f1': 0.35773909382818625, 'val_image_accuracy': 0.4868421052631579, 'val_image_precision': 0.38387096774193546, 'val_image_recall': 0.41954248366013075, 'val_image_f1': 0.3761676701331873}
2026-09-13 07:44:09,909 | INFO | src.trainer.trainer | Epoch 53/60 val_f1=0.35773909382818625 val_image_f1=0.3761676701331873
2026-09-13 07:44:09,909 | INFO | src.trainer.trainer | Epoch 54/60 learning rate set to 1.22771e-05
2026-09-13 07:46:07,814 | INFO | src.trainer.trainer | Epoch 54/60 train_loss=0.510850
2026-09-13 07:46:25,812 | INFO | src.trainer.history | Epoch 54 metrics saved at 2026-09-13 07:46:25: {'train_loss': 0.5108499798849059, 'lr': 1.2277107618922843e-05, 'val_loss': 1.7034578186064435, 'val_accuracy': 0.4705263157894737, 'val_precision': 0.3886806969598038, 'val_recall': 0.404938779956427, 'val_f1': 0.3711510626464138, 'val_image_accuracy': 0.5, 'val_image_precision': 0.4074023199023199, 'val_image_recall': 0.43130718954248365, 'val_image_f1': 0.3811077811077811}
2026-09-13 07:46:25,813 | INFO | src.trainer.trainer | Epoch 54/60 val_f1=0.3711510626464138 val_image_f1=0.3811077811077811
2026-09-13 07:46:25,813 | INFO | src.trainer.trainer | Epoch 55/60 learning rate set to 1.15854e-05
2026-09-13 07:48:24,528 | INFO | src.trainer.trainer | Epoch 55/60 train_loss=0.509804
2026-09-13 07:48:42,498 | INFO | src.trainer.history | Epoch 55 metrics saved at 2026-09-13 07:48:42: {'train_loss': 0.5098037330964449, 'lr': 1.1585445903346785e-05, 'val_loss': 1.7344944847048374, 'val_accuracy': 0.46021929824561403, 'val_precision': 0.3829315978785818, 'val_recall': 0.3960071895424837, 'val_f1': 0.36682170169766454, 'val_image_accuracy': 0.5, 'val_image_precision': 0.3995106148331955, 'val_image_recall': 0.43130718954248365, 'val_image_f1': 0.3819014319014319}
2026-09-13 07:48:42,499 | INFO | src.trainer.trainer | Epoch 55/60 val_f1=0.36682170169766454 val_image_f1=0.3819014319014319
2026-09-13 07:48:42,499 | INFO | src.trainer.trainer | Early stopping at epoch 55 (val_f1 did not improve for 20 evals)
2026-09-13 07:48:42,549 | INFO | src.trainer.trainer | Saved final model to logs/sweeps2/ds1_regularize_20260912_220421/geom_frac025_reg/model_final.pt
2026-09-13 07:48:42,549 | INFO | src.trainer.trainer | Best model is from epoch 35 (val_f1=0.3924)
2026-09-13 07:49:12,845 | INFO | src.trainer.trainer | Held-out test of best epoch 35: {'test_loss': 1.3058234751809783, 'test_accuracy': 0.5535400516795865, 'test_precision': 0.5588788243741458, 'test_recall': 0.5671213222711952, 'test_f1': 0.5404735843204947, 'test_image_accuracy': 0.5658914728682171, 'test_image_precision': 0.5903030303030302, 'test_image_recall': 0.5820549649987037, 'test_image_f1': 0.5485972692341339}
2026-09-13 07:49:12,851 | INFO | src.trainer.trainer | Run summary: {'selection_metric': 'val_f1', 'best_epoch': 35, 'best_score': 0.39239227033093527, 'stopped_epoch': 55, 'eval_test': 'end', 'best_val': {'val_loss': 1.6179473586563478, 'val_accuracy': 0.4965350877192982, 'val_precision': 0.41905130843070326, 'val_recall': 0.4298058823529412, 'val_f1': 0.39239227033093527, 'val_image_accuracy': 0.5263157894736842, 'val_image_precision': 0.4666363636363636, 'val_image_recall': 0.4548366013071895, 'val_image_f1': 0.4066508738985989}, 'best_test': {'test_loss': 1.3058234751809783, 'test_accuracy': 0.5535400516795865, 'test_precision': 0.5588788243741458, 'test_recall': 0.5671213222711952, 'test_f1': 0.5404735843204947, 'test_image_accuracy': 0.5658914728682171, 'test_image_precision': 0.5903030303030302, 'test_image_recall': 0.5820549649987037, 'test_image_f1': 0.5485972692341339}, 'selected_weights': 'best', 'selected_test': {'test_loss': 1.3058234751809783, 'test_accuracy': 0.5535400516795865, 'test_precision': 0.5588788243741458, 'test_recall': 0.5671213222711952, 'test_f1': 0.5404735843204947, 'test_image_accuracy': 0.5658914728682171, 'test_image_precision': 0.5903030303030302, 'test_image_recall': 0.5820549649987037, 'test_image_f1': 0.5485972692341339}, 'test_image_f1': 0.5485972692341339, 'test_f1': 0.5404735843204947, 'val_image_f1': 0.4066508738985989, 'val_f1': 0.39239227033093527, 'swa_val_score': None}
2026-09-13 07:49:12,852 | INFO | __main__ | Experiment finished at 2026-09-13 07:49:12
2026-09-13 07:49:12,924 | INFO | __main__ | Starting sweep run geom_frac025_reg_bb
