2026-09-12 03:51:23,661 | INFO | src.trainer.history | File logging initialized: /app/logs/sweeps/quality_search_20260911_223833/ds2_photo/ds2_photo/experiment.log
2026-09-12 03:51:23,664 | INFO | __main__ | Wrote resolved config to logs/sweeps/quality_search_20260911_223833/ds2_photo/ds2_photo/config.yaml
2026-09-12 03:51:23,664 | INFO | __main__ | Experiment started at 2026-09-12 03:51:23 save_dir=logs/sweeps/quality_search_20260911_223833/ds2_photo/ds2_photo
2026-09-12 03:51:23,664 | INFO | __main__ | Starting training device=cuda
2026-09-12 03:51:23,796 | INFO | timm.models._builder | Loading pretrained weights from Hugging Face hub (timm/fastvit_t8.apple_in1k)
2026-09-12 03:51:24,050 | INFO | httpx | HTTP Request: HEAD https://huggingface.co/timm/fastvit_t8.apple_in1k/resolve/main/model.safetensors "HTTP/1.1 302 Found"
2026-09-12 03:51:24,053 | INFO | timm.models._hub | [timm/fastvit_t8.apple_in1k] Safe alternative available for 'pytorch_model.bin' (as 'model.safetensors'). Loading weights using safetensors.
2026-09-12 03:51:24,074 | INFO | timm.models._builder | Converted input conv stem.0.conv_kxk.0.conv pretrained weights from 3 to 1 channel(s)
2026-09-12 03:51:24,074 | INFO | timm.models._builder | Converted input conv stem.0.conv_scale.conv pretrained weights from 3 to 1 channel(s)
2026-09-12 03:51:24,088 | INFO | timm.models._builder | Missing keys (head.fc.weight, head.fc.bias) discovered while loading pretrained weights. This is expected if model is being adapted.
2026-09-12 03:51:24,104 | INFO | __main__ | Train TexturePatchDataset(images=449, patches=31430, active=31430, patch_size=224, overlap=0.5, downscale=2.0)
2026-09-12 03:51:24,104 | INFO | __main__ | Val TexturePatchDataset(images=76, patches=5320, active=5320, patch_size=224, overlap=0.5, downscale=2.0)
2026-09-12 03:51:24,104 | INFO | __main__ | Test TexturePatchDataset(images=129, patches=9030, active=9030, patch_size=224, overlap=0.5, downscale=2.0)
2026-09-12 03:51:24,104 | INFO | __main__ | Split counts {'train': {'images': 449, 'groups': 51}, 'val': {'images': 76, 'groups': 9}, 'test': {'images': 129, 'groups': 15}} group_by=sample
2026-09-12 03:51:24,105 | INFO | __main__ | Using class distribution {0: 103, 1: 105, 2: 91, 3: 94, 4: 56} with weights [0.9162, 0.9074, 0.9747, 0.9591, 1.2426]
2026-09-12 03:51:24,110 | INFO | src.trainer.trainer | Starting training for 60 epochs on cuda (selection=val_f1, eval_test=end)
2026-09-12 03:51:24,110 | INFO | src.trainer.trainer | Epoch 1/60 learning rate set to 0.0001
2026-09-12 03:52:47,766 | INFO | src.trainer.trainer | Epoch 1/60 train_loss=1.452895
2026-09-12 03:52:52,317 | INFO | src.trainer.trainer | Epoch 1: new best val_f1 0.2833, saved logs/sweeps/quality_search_20260911_223833/ds2_photo/ds2_photo/model_best.pt
2026-09-12 03:52:52,318 | INFO | src.trainer.history | Epoch 1 metrics saved at 2026-09-12 03:52:52: {'train_loss': 1.4528953077684645, 'lr': 0.0001, 'val_loss': 1.5647560592880823, 'val_accuracy': 0.3588345864661654, 'val_precision': 0.3009280275136898, 'val_recall': 0.30531839402427635, 'val_f1': 0.28327190563680843, 'val_image_accuracy': 0.32894736842105265, 'val_image_precision': 0.27011494252873564, 'val_image_recall': 0.27901960784313723, 'val_image_f1': 0.24683633266923355}
2026-09-12 03:52:52,319 | INFO | src.trainer.trainer | Epoch 1/60 val_f1=0.28327190563680843 val_image_f1=0.24683633266923355
2026-09-12 03:52:52,319 | INFO | src.trainer.trainer | Epoch 2/60 learning rate set to 9.99362e-05
2026-09-12 03:54:15,799 | INFO | src.trainer.trainer | Epoch 2/60 train_loss=1.275854
2026-09-12 03:54:20,250 | INFO | src.trainer.history | Epoch 2 metrics saved at 2026-09-12 03:54:20: {'train_loss': 1.2758537076743135, 'lr': 9.993622130545428e-05, 'val_loss': 1.733299361852775, 'val_accuracy': 0.32857142857142857, 'val_precision': 0.27066530354350593, 'val_recall': 0.28114285714285714, 'val_f1': 0.25965883748279717, 'val_image_accuracy': 0.35526315789473684, 'val_image_precision': 0.2819893899204244, 'val_image_recall': 0.3027450980392157, 'val_image_f1': 0.2711819231403595}
2026-09-12 03:54:20,251 | INFO | src.trainer.trainer | Epoch 2/60 val_f1=0.25965883748279717 val_image_f1=0.2711819231403595
2026-09-12 03:54:20,251 | INFO | src.trainer.trainer | Epoch 3/60 learning rate set to 9.97451e-05
2026-09-12 03:55:43,200 | INFO | src.trainer.trainer | Epoch 3/60 train_loss=1.169096
2026-09-12 03:55:47,637 | INFO | src.trainer.history | Epoch 3 metrics saved at 2026-09-12 03:55:47: {'train_loss': 1.1690958888751475, 'lr': 9.974506600945618e-05, 'val_loss': 1.8164700744743634, 'val_accuracy': 0.3031954887218045, 'val_precision': 0.2368899387380888, 'val_recall': 0.26288888888888884, 'val_f1': 0.22876675488643708, 'val_image_accuracy': 0.3026315789473684, 'val_image_precision': 0.1591208791208791, 'val_image_recall': 0.26143790849673204, 'val_image_f1': 0.1965034965034965}
2026-09-12 03:55:47,637 | INFO | src.trainer.trainer | Epoch 3/60 val_f1=0.22876675488643708 val_image_f1=0.1965034965034965
2026-09-12 03:55:47,637 | INFO | src.trainer.trainer | Epoch 4/60 learning rate set to 9.94271e-05
2026-09-12 03:57:10,800 | INFO | src.trainer.trainer | Epoch 4/60 train_loss=1.090085
2026-09-12 03:57:15,296 | INFO | src.trainer.history | Epoch 4 metrics saved at 2026-09-12 03:57:15: {'train_loss': 1.0900849257007057, 'lr': 9.94270759624605e-05, 'val_loss': 1.8998507820573964, 'val_accuracy': 0.24981203007518796, 'val_precision': 0.2300047007333809, 'val_recall': 0.2192082166199813, 'val_f1': 0.21112990855229602, 'val_image_accuracy': 0.25, 'val_image_precision': 0.18089340999557715, 'val_image_recall': 0.21522875816993464, 'val_image_f1': 0.1856680209621386}
2026-09-12 03:57:15,297 | INFO | src.trainer.trainer | Epoch 4/60 val_f1=0.21112990855229602 val_image_f1=0.1856680209621386
2026-09-12 03:57:15,297 | INFO | src.trainer.trainer | Epoch 5/60 learning rate set to 9.89832e-05
2026-09-12 03:58:38,797 | INFO | src.trainer.trainer | Epoch 5/60 train_loss=1.032205
2026-09-12 03:58:43,267 | INFO | src.trainer.history | Epoch 5 metrics saved at 2026-09-12 03:58:43: {'train_loss': 1.0322054406772023, 'lr': 9.8983152541804e-05, 'val_loss': 1.7859213330691919, 'val_accuracy': 0.31221804511278195, 'val_precision': 0.29748554269372157, 'val_recall': 0.28236974789915964, 'val_f1': 0.2688335217069194, 'val_image_accuracy': 0.35526315789473684, 'val_image_precision': 0.3054834054834054, 'val_image_recall': 0.30562091503267974, 'val_image_f1': 0.2753455433455433}
2026-09-12 03:58:43,267 | INFO | src.trainer.trainer | Epoch 5/60 val_f1=0.2688335217069194 val_image_f1=0.2753455433455433
2026-09-12 03:58:43,267 | INFO | src.trainer.trainer | Epoch 6/60 learning rate set to 9.84146e-05
2026-09-12 04:00:06,504 | INFO | src.trainer.trainer | Epoch 6/60 train_loss=0.970600
2026-09-12 04:00:10,990 | INFO | src.trainer.history | Epoch 6 metrics saved at 2026-09-12 04:00:10: {'train_loss': 0.9706000146083, 'lr': 9.841455409665323e-05, 'val_loss': 2.0022757359913417, 'val_accuracy': 0.23909774436090225, 'val_precision': 0.24812963058223086, 'val_recall': 0.210391223155929, 'val_f1': 0.21304937695514803, 'val_image_accuracy': 0.2236842105263158, 'val_image_precision': 0.1901571546732837, 'val_image_recall': 0.1943137254901961, 'val_image_f1': 0.17613730355665838}
2026-09-12 04:00:10,991 | INFO | src.trainer.trainer | Epoch 6/60 val_f1=0.21304937695514803 val_image_f1=0.17613730355665838
2026-09-12 04:00:10,991 | INFO | src.trainer.trainer | Epoch 7/60 learning rate set to 9.77229e-05
2026-09-12 04:01:34,150 | INFO | src.trainer.trainer | Epoch 7/60 train_loss=0.928958
2026-09-12 04:01:38,639 | INFO | src.trainer.history | Epoch 7 metrics saved at 2026-09-12 04:01:38: {'train_loss': 0.9289582868461354, 'lr': 9.772289238107717e-05, 'val_loss': 1.8260251069427433, 'val_accuracy': 0.32800751879699247, 'val_precision': 0.29053097223897356, 'val_recall': 0.29189635854341733, 'val_f1': 0.2690662317997847, 'val_image_accuracy': 0.32894736842105265, 'val_image_precision': 0.29107142857142854, 'val_image_recall': 0.28450980392156866, 'val_image_f1': 0.24882842025699164}
2026-09-12 04:01:38,639 | INFO | src.trainer.trainer | Epoch 7/60 val_f1=0.2690662317997847 val_image_f1=0.24882842025699164
2026-09-12 04:01:38,639 | INFO | src.trainer.trainer | Epoch 8/60 learning rate set to 9.69101e-05
2026-09-12 04:03:02,329 | INFO | src.trainer.trainer | Epoch 8/60 train_loss=0.886806
2026-09-12 04:03:06,822 | INFO | src.trainer.history | Epoch 8 metrics saved at 2026-09-12 04:03:06: {'train_loss': 0.8868055034396832, 'lr': 9.691012798535524e-05, 'val_loss': 1.847560896416356, 'val_accuracy': 0.3580827067669173, 'val_precision': 0.2820972253467747, 'val_recall': 0.3098076563958917, 'val_f1': 0.27749930274158696, 'val_image_accuracy': 0.3684210526315789, 'val_image_precision': 0.22292277614858264, 'val_image_recall': 0.3189542483660131, 'val_image_f1': 0.2567446490791438}
2026-09-12 04:03:06,822 | INFO | src.trainer.trainer | Epoch 8/60 val_f1=0.27749930274158696 val_image_f1=0.2567446490791438
2026-09-12 04:03:06,822 | INFO | src.trainer.trainer | Epoch 9/60 learning rate set to 9.59786e-05
2026-09-12 04:04:29,732 | INFO | src.trainer.trainer | Epoch 9/60 train_loss=0.851503
2026-09-12 04:04:34,340 | INFO | src.trainer.trainer | Epoch 9: new best val_f1 0.2994, saved logs/sweeps/quality_search_20260911_223833/ds2_photo/ds2_photo/model_best.pt
2026-09-12 04:04:34,342 | INFO | src.trainer.history | Epoch 9 metrics saved at 2026-09-12 04:04:34: {'train_loss': 0.8515025971537368, 'lr': 9.597856477847111e-05, 'val_loss': 1.7666270730190707, 'val_accuracy': 0.37725563909774434, 'val_precision': 0.30480864056010837, 'val_recall': 0.3243809523809524, 'val_f1': 0.2993991002811283, 'val_image_accuracy': 0.3684210526315789, 'val_image_precision': 0.2595852534562212, 'val_image_recall': 0.3209150326797386, 'val_image_f1': 0.28083910111559884}
2026-09-12 04:04:34,343 | INFO | src.trainer.trainer | Epoch 9/60 val_f1=0.2993991002811283 val_image_f1=0.28083910111559884
2026-09-12 04:04:34,343 | INFO | src.trainer.trainer | Epoch 10/60 learning rate set to 9.49308e-05
2026-09-12 04:05:57,486 | INFO | src.trainer.trainer | Epoch 10/60 train_loss=0.821237
2026-09-12 04:06:01,977 | INFO | src.trainer.history | Epoch 10 metrics saved at 2026-09-12 04:06:01: {'train_loss': 0.8212367623428081, 'lr': 9.493084337754573e-05, 'val_loss': 1.9191048340689867, 'val_accuracy': 0.31240601503759396, 'val_precision': 0.275957648138728, 'val_recall': 0.26888982259570493, 'val_f1': 0.2675038608757183, 'val_image_accuracy': 0.3684210526315789, 'val_image_precision': 0.3147071002313969, 'val_image_recall': 0.3175816993464052, 'val_image_f1': 0.3084962406015037}
2026-09-12 04:06:01,977 | INFO | src.trainer.trainer | Epoch 10/60 val_f1=0.2675038608757183 val_image_f1=0.3084962406015037
2026-09-12 04:06:01,977 | INFO | src.trainer.trainer | Epoch 11/60 learning rate set to 9.37699e-05
2026-09-12 04:07:25,527 | INFO | src.trainer.trainer | Epoch 11/60 train_loss=0.792529
2026-09-12 04:07:30,000 | INFO | src.trainer.history | Epoch 11 metrics saved at 2026-09-12 04:07:30: {'train_loss': 0.7925293143790049, 'lr': 9.376993366272128e-05, 'val_loss': 1.837085583335475, 'val_accuracy': 0.35845864661654137, 'val_precision': 0.3222075575454447, 'val_recall': 0.32315873015873015, 'val_f1': 0.2983390429375576, 'val_image_accuracy': 0.35526315789473684, 'val_image_precision': 0.31514145724672044, 'val_image_recall': 0.3054248366013072, 'val_image_f1': 0.25420357420357415}
2026-09-12 04:07:30,000 | INFO | src.trainer.trainer | Epoch 11/60 val_f1=0.2983390429375576 val_image_f1=0.25420357420357415
2026-09-12 04:07:30,000 | INFO | src.trainer.trainer | Epoch 12/60 learning rate set to 9.24991e-05
2026-09-12 04:08:53,652 | INFO | src.trainer.trainer | Epoch 12/60 train_loss=0.769251
2026-09-12 04:08:58,231 | INFO | src.trainer.trainer | Epoch 12: new best val_f1 0.3240, saved logs/sweeps/quality_search_20260911_223833/ds2_photo/ds2_photo/model_best.pt
2026-09-12 04:08:58,233 | INFO | src.trainer.history | Epoch 12 metrics saved at 2026-09-12 04:08:58: {'train_loss': 0.7692510613050956, 'lr': 9.249912635871318e-05, 'val_loss': 1.7528801574742883, 'val_accuracy': 0.38590225563909775, 'val_precision': 0.3316284386587583, 'val_recall': 0.3346190476190476, 'val_f1': 0.3239659441269963, 'val_image_accuracy': 0.4473684210526316, 'val_image_precision': 0.3630952380952381, 'val_image_recall': 0.387516339869281, 'val_image_f1': 0.364374039193215}
2026-09-12 04:08:58,233 | INFO | src.trainer.trainer | Epoch 12/60 val_f1=0.3239659441269963 val_image_f1=0.364374039193215
2026-09-12 04:08:58,233 | INFO | src.trainer.trainer | Epoch 13/60 learning rate set to 9.1122e-05
2026-09-12 04:10:21,970 | INFO | src.trainer.trainer | Epoch 13/60 train_loss=0.746467
2026-09-12 04:10:26,460 | INFO | src.trainer.history | Epoch 13 metrics saved at 2026-09-12 04:10:26: {'train_loss': 0.7464666829153189, 'lr': 9.112202370689337e-05, 'val_loss': 2.0416276007666623, 'val_accuracy': 0.31860902255639095, 'val_precision': 0.2682218115079983, 'val_recall': 0.27580765639589166, 'val_f1': 0.2526008346080399, 'val_image_accuracy': 0.32894736842105265, 'val_image_precision': 0.2720588235294118, 'val_image_recall': 0.27901960784313723, 'val_image_f1': 0.24906528765352293}
2026-09-12 04:10:26,461 | INFO | src.trainer.trainer | Epoch 13/60 val_f1=0.2526008346080399 val_image_f1=0.24906528765352293
2026-09-12 04:10:26,461 | INFO | src.trainer.trainer | Epoch 14/60 learning rate set to 8.96425e-05
2026-09-12 04:11:50,386 | INFO | src.trainer.trainer | Epoch 14/60 train_loss=0.726076
2026-09-12 04:11:54,885 | INFO | src.trainer.history | Epoch 14 metrics saved at 2026-09-12 04:11:54: {'train_loss': 0.7260764504176889, 'lr': 8.964252925434579e-05, 'val_loss': 1.838350190614399, 'val_accuracy': 0.37857142857142856, 'val_precision': 0.3197513706541891, 'val_recall': 0.3262866479925304, 'val_f1': 0.309688741339757, 'val_image_accuracy': 0.42105263157894735, 'val_image_precision': 0.3462086300795978, 'val_image_recall': 0.36398692810457517, 'val_image_f1': 0.3339617279272452}
2026-09-12 04:11:54,885 | INFO | src.trainer.trainer | Epoch 14/60 val_f1=0.309688741339757 val_image_f1=0.3339617279272452
2026-09-12 04:11:54,885 | INFO | src.trainer.trainer | Epoch 15/60 learning rate set to 8.80648e-05
2026-09-12 04:13:18,312 | INFO | src.trainer.trainer | Epoch 15/60 train_loss=0.708993
2026-09-12 04:13:22,819 | INFO | src.trainer.history | Epoch 15 metrics saved at 2026-09-12 04:13:22: {'train_loss': 0.7089926833261398, 'lr': 8.806483678883803e-05, 'val_loss': 1.7547785615114342, 'val_accuracy': 0.4030075187969925, 'val_precision': 0.32351583037313975, 'val_recall': 0.34601120448179273, 'val_f1': 0.3221162415010192, 'val_image_accuracy': 0.4868421052631579, 'val_image_precision': 0.3566568320118016, 'val_image_recall': 0.4219607843137255, 'val_image_f1': 0.37342557317526026}
2026-09-12 04:13:22,820 | INFO | src.trainer.trainer | Epoch 15/60 val_f1=0.3221162415010192 val_image_f1=0.37342557317526026
2026-09-12 04:13:22,820 | INFO | src.trainer.trainer | Epoch 16/60 learning rate set to 8.63934e-05
2026-09-12 04:14:46,367 | INFO | src.trainer.trainer | Epoch 16/60 train_loss=0.691498
2026-09-12 04:14:50,854 | INFO | src.trainer.history | Epoch 16 metrics saved at 2026-09-12 04:14:50: {'train_loss': 0.691497875875703, 'lr': 8.639341845107433e-05, 'val_loss': 1.9436106069643695, 'val_accuracy': 0.3357142857142857, 'val_precision': 0.3184484150319705, 'val_recall': 0.2931036414565826, 'val_f1': 0.2950009834152858, 'val_image_accuracy': 0.35526315789473684, 'val_image_precision': 0.3284842541135447, 'val_image_recall': 0.30692810457516345, 'val_image_f1': 0.30260243297222056}
2026-09-12 04:14:50,854 | INFO | src.trainer.trainer | Epoch 16/60 val_f1=0.2950009834152858 val_image_f1=0.30260243297222056
2026-09-12 04:14:50,854 | INFO | src.trainer.trainer | Epoch 17/60 learning rate set to 8.4633e-05
2026-09-12 04:16:14,256 | INFO | src.trainer.trainer | Epoch 17/60 train_loss=0.679102
2026-09-12 04:16:18,737 | INFO | src.trainer.history | Epoch 17 metrics saved at 2026-09-12 04:16:18: {'train_loss': 0.6791022342441569, 'lr': 8.463301205792675e-05, 'val_loss': 1.9289413427051745, 'val_accuracy': 0.35075187969924815, 'val_precision': 0.30618630928463764, 'val_recall': 0.30031559290382825, 'val_f1': 0.2941548410425212, 'val_image_accuracy': 0.3815789473684211, 'val_image_precision': 0.3386363636363636, 'val_image_recall': 0.32738562091503265, 'val_image_f1': 0.31974232663887836}
2026-09-12 04:16:18,737 | INFO | src.trainer.trainer | Epoch 17/60 val_f1=0.2941548410425212 val_image_f1=0.31974232663887836
2026-09-12 04:16:18,737 | INFO | src.trainer.trainer | Epoch 18/60 learning rate set to 8.27886e-05
2026-09-12 04:17:42,321 | INFO | src.trainer.trainer | Epoch 18/60 train_loss=0.664904
2026-09-12 04:17:46,805 | INFO | src.trainer.history | Epoch 18 metrics saved at 2026-09-12 04:17:46: {'train_loss': 0.6649037434878032, 'lr': 8.278860767257865e-05, 'val_loss': 2.0728418966881317, 'val_accuracy': 0.31409774436090226, 'val_precision': 0.26975657995127017, 'val_recall': 0.2672016806722689, 'val_f1': 0.2646221694752428, 'val_image_accuracy': 0.3815789473684211, 'val_image_precision': 0.31348651348651346, 'val_image_recall': 0.32627450980392153, 'val_image_f1': 0.3151289989680083}
2026-09-12 04:17:46,806 | INFO | src.trainer.trainer | Epoch 18/60 val_f1=0.2646221694752428 val_image_f1=0.3151289989680083
2026-09-12 04:17:46,806 | INFO | src.trainer.trainer | Epoch 19/60 learning rate set to 8.08654e-05
2026-09-12 04:19:10,134 | INFO | src.trainer.trainer | Epoch 19/60 train_loss=0.650620
2026-09-12 04:19:14,612 | INFO | src.trainer.history | Epoch 19 metrics saved at 2026-09-12 04:19:14: {'train_loss': 0.6506198996993868, 'lr': 8.086543345964832e-05, 'val_loss': 1.912036639227903, 'val_accuracy': 0.36390977443609024, 'val_precision': 0.3118737404893267, 'val_recall': 0.31411764705882356, 'val_f1': 0.3001612651187341, 'val_image_accuracy': 0.4342105263157895, 'val_image_precision': 0.35126050420168065, 'val_image_recall': 0.3768627450980392, 'val_image_f1': 0.3508204474201605}
2026-09-12 04:19:14,613 | INFO | src.trainer.trainer | Epoch 19/60 val_f1=0.3001612651187341 val_image_f1=0.3508204474201605
2026-09-12 04:19:14,613 | INFO | src.trainer.trainer | Epoch 20/60 learning rate set to 7.88689e-05
2026-09-12 04:20:38,033 | INFO | src.trainer.trainer | Epoch 20/60 train_loss=0.640088
2026-09-12 04:20:42,522 | INFO | src.trainer.history | Epoch 20 metrics saved at 2026-09-12 04:20:42: {'train_loss': 0.6400877748975472, 'lr': 7.886894086538841e-05, 'val_loss': 1.9419092779769036, 'val_accuracy': 0.3530075187969925, 'val_precision': 0.30757530964106483, 'val_recall': 0.30612978524743234, 'val_f1': 0.2921813498739821, 'val_image_accuracy': 0.39473684210526316, 'val_image_precision': 0.3217261904761905, 'val_image_recall': 0.3428758169934641, 'val_image_f1': 0.3099807537453376}
2026-09-12 04:20:42,522 | INFO | src.trainer.trainer | Epoch 20/60 val_f1=0.2921813498739821 val_image_f1=0.3099807537453376
2026-09-12 04:20:42,522 | INFO | src.trainer.trainer | Epoch 21/60 learning rate set to 7.68048e-05
2026-09-12 04:22:06,829 | INFO | src.trainer.trainer | Epoch 21/60 train_loss=0.629252
2026-09-12 04:22:11,331 | INFO | src.trainer.history | Epoch 21 metrics saved at 2026-09-12 04:22:11: {'train_loss': 0.6292520447062566, 'lr': 7.680478916496926e-05, 'val_loss': 1.9845578184701447, 'val_accuracy': 0.35093984962406016, 'val_precision': 0.3091036324411795, 'val_recall': 0.3008944911297852, 'val_f1': 0.29447790077977787, 'val_image_accuracy': 0.3684210526315789, 'val_image_precision': 0.3490384615384615, 'val_image_recall': 0.31339869281045757, 'val_image_f1': 0.3181818181818182}
2026-09-12 04:22:11,331 | INFO | src.trainer.trainer | Epoch 21/60 val_f1=0.29447790077977787 val_image_f1=0.3181818181818182
2026-09-12 04:22:11,331 | INFO | src.trainer.trainer | Epoch 22/60 learning rate set to 7.46788e-05
2026-09-12 04:23:34,210 | INFO | src.trainer.trainer | Epoch 22/60 train_loss=0.617114
2026-09-12 04:23:38,698 | INFO | src.trainer.history | Epoch 22 metrics saved at 2026-09-12 04:23:38: {'train_loss': 0.6171142214997498, 'lr': 7.46788294206485e-05, 'val_loss': 1.9271360545230092, 'val_accuracy': 0.3535714285714286, 'val_precision': 0.29821474306022655, 'val_recall': 0.3038403361344538, 'val_f1': 0.2956809384658921, 'val_image_accuracy': 0.42105263157894735, 'val_image_precision': 0.3566666666666667, 'val_image_recall': 0.3622222222222222, 'val_image_f1': 0.3513501495674671}
2026-09-12 04:23:38,698 | INFO | src.trainer.trainer | Epoch 22/60 val_f1=0.2956809384658921 val_image_f1=0.3513501495674671
2026-09-12 04:23:38,699 | INFO | src.trainer.trainer | Epoch 23/60 learning rate set to 7.24971e-05
2026-09-12 04:25:02,285 | INFO | src.trainer.trainer | Epoch 23/60 train_loss=0.609518
2026-09-12 04:25:06,844 | INFO | src.trainer.trainer | Epoch 23: new best val_f1 0.3384, saved logs/sweeps/quality_search_20260911_223833/ds2_photo/ds2_photo/model_best.pt
2026-09-12 04:25:06,847 | INFO | src.trainer.history | Epoch 23 metrics saved at 2026-09-12 04:25:06: {'train_loss': 0.6095182003354405, 'lr': 7.249708789629944e-05, 'val_loss': 1.8119917258284146, 'val_accuracy': 0.3983082706766917, 'val_precision': 0.3483758706433575, 'val_recall': 0.340952380952381, 'val_f1': 0.3383595764258192, 'val_image_accuracy': 0.47368421052631576, 'val_image_precision': 0.41818181818181815, 'val_image_recall': 0.4068627450980392, 'val_image_f1': 0.40006617038875103}
2026-09-12 04:25:06,847 | INFO | src.trainer.trainer | Epoch 23/60 val_f1=0.3383595764258192 val_image_f1=0.40006617038875103
2026-09-12 04:25:06,847 | INFO | src.trainer.trainer | Epoch 24/60 learning rate set to 7.02657e-05
2026-09-12 04:26:30,292 | INFO | src.trainer.trainer | Epoch 24/60 train_loss=0.599403
2026-09-12 04:26:34,744 | INFO | src.trainer.history | Epoch 24 metrics saved at 2026-09-12 04:26:34: {'train_loss': 0.5994027034363244, 'lr': 7.026574897531136e-05, 'val_loss': 1.9385881938432392, 'val_accuracy': 0.34981203007518796, 'val_precision': 0.32071898662539444, 'val_recall': 0.30012978524743233, 'val_f1': 0.2988548717652665, 'val_image_accuracy': 0.40789473684210525, 'val_image_precision': 0.3805050505050505, 'val_image_recall': 0.35091503267973856, 'val_image_f1': 0.34504723346828614}
2026-09-12 04:26:34,744 | INFO | src.trainer.trainer | Epoch 24/60 val_f1=0.2988548717652665 val_image_f1=0.34504723346828614
2026-09-12 04:26:34,744 | INFO | src.trainer.trainer | Epoch 25/60 learning rate set to 6.79911e-05
2026-09-12 04:27:58,745 | INFO | src.trainer.trainer | Epoch 25/60 train_loss=0.589365
2026-09-12 04:28:03,236 | INFO | src.trainer.history | Epoch 25 metrics saved at 2026-09-12 04:28:03: {'train_loss': 0.5893654219481431, 'lr': 6.799113763028295e-05, 'val_loss': 2.095877656183745, 'val_accuracy': 0.33289473684210524, 'val_precision': 0.28944326350119687, 'val_recall': 0.28764612511671334, 'val_f1': 0.2818393221943916, 'val_image_accuracy': 0.39473684210526316, 'val_image_precision': 0.34904040404040404, 'val_image_recall': 0.3404575163398692, 'val_image_f1': 0.33306273306273304}
2026-09-12 04:28:03,237 | INFO | src.trainer.trainer | Epoch 25/60 val_f1=0.2818393221943916 val_image_f1=0.33306273306273304
2026-09-12 04:28:03,237 | INFO | src.trainer.trainer | Epoch 26/60 learning rate set to 6.56797e-05
2026-09-12 04:29:26,791 | INFO | src.trainer.trainer | Epoch 26/60 train_loss=0.578317
2026-09-12 04:29:31,287 | INFO | src.trainer.history | Epoch 26 metrics saved at 2026-09-12 04:29:31: {'train_loss': 0.5783166774624744, 'lr': 6.567970149420018e-05, 'val_loss': 2.0078840579305375, 'val_accuracy': 0.3464285714285714, 'val_precision': 0.29617915423091323, 'val_recall': 0.3000429505135388, 'val_f1': 0.29037783666480477, 'val_image_accuracy': 0.39473684210526316, 'val_image_precision': 0.31857142857142856, 'val_image_recall': 0.34418300653594774, 'val_image_f1': 0.3214192343604108}
2026-09-12 04:29:31,287 | INFO | src.trainer.trainer | Epoch 26/60 val_f1=0.29037783666480477 val_image_f1=0.3214192343604108
2026-09-12 04:29:31,287 | INFO | src.trainer.trainer | Epoch 27/60 learning rate set to 6.3338e-05
2026-09-12 04:30:53,736 | INFO | src.trainer.trainer | Epoch 27/60 train_loss=0.573599
2026-09-12 04:30:58,219 | INFO | src.trainer.history | Epoch 27 metrics saved at 2026-09-12 04:30:58: {'train_loss': 0.5735993129373393, 'lr': 6.333799258392015e-05, 'val_loss': 1.9995540697771803, 'val_accuracy': 0.34943609022556393, 'val_precision': 0.2947812135578922, 'val_recall': 0.30000560224089634, 'val_f1': 0.293356661322541, 'val_image_accuracy': 0.40789473684210525, 'val_image_precision': 0.3356196233434085, 'val_image_recall': 0.35287581699346404, 'val_image_f1': 0.3380904823729152}
2026-09-12 04:30:58,219 | INFO | src.trainer.trainer | Epoch 27/60 val_f1=0.293356661322541 val_image_f1=0.3380904823729152
2026-09-12 04:30:58,219 | INFO | src.trainer.trainer | Epoch 28/60 learning rate set to 6.09726e-05
2026-09-12 04:32:21,185 | INFO | src.trainer.trainer | Epoch 28/60 train_loss=0.568834
2026-09-12 04:32:25,688 | INFO | src.trainer.history | Epoch 28 metrics saved at 2026-09-12 04:32:25: {'train_loss': 0.5688342242570125, 'lr': 6.0972648727767494e-05, 'val_loss': 2.0372953628238877, 'val_accuracy': 0.34172932330827066, 'val_precision': 0.3080137654685342, 'val_recall': 0.295672268907563, 'val_f1': 0.29409087357065433, 'val_image_accuracy': 0.39473684210526316, 'val_image_precision': 0.36639061421670116, 'val_image_recall': 0.3398039215686274, 'val_image_f1': 0.33777777777777784}
2026-09-12 04:32:25,689 | INFO | src.trainer.trainer | Epoch 28/60 val_f1=0.29409087357065433 val_image_f1=0.33777777777777784
2026-09-12 04:32:25,689 | INFO | src.trainer.trainer | Epoch 29/60 learning rate set to 5.85904e-05
2026-09-12 04:33:49,103 | INFO | src.trainer.trainer | Epoch 29/60 train_loss=0.562012
2026-09-12 04:33:53,588 | INFO | src.trainer.history | Epoch 29 metrics saved at 2026-09-12 04:33:53: {'train_loss': 0.5620123268273693, 'lr': 5.859037474988874e-05, 'val_loss': 1.8951875693815992, 'val_accuracy': 0.381203007518797, 'val_precision': 0.3313782751340455, 'val_recall': 0.32790289449112975, 'val_f1': 0.31942626754906633, 'val_image_accuracy': 0.4473684210526316, 'val_image_precision': 0.3948033126293996, 'val_image_recall': 0.38620915032679737, 'val_image_f1': 0.36825910931174094}
2026-09-12 04:33:53,589 | INFO | src.trainer.trainer | Epoch 29/60 val_f1=0.31942626754906633 val_image_f1=0.36825910931174094
2026-09-12 04:33:53,589 | INFO | src.trainer.trainer | Epoch 30/60 learning rate set to 5.61979e-05
2026-09-12 04:35:17,278 | INFO | src.trainer.trainer | Epoch 30/60 train_loss=0.558861
2026-09-12 04:35:21,766 | INFO | src.trainer.history | Epoch 30 metrics saved at 2026-09-12 04:35:21: {'train_loss': 0.558860504289664, 'lr': 5.619792346469987e-05, 'val_loss': 1.9799129630389967, 'val_accuracy': 0.35789473684210527, 'val_precision': 0.3131770656771515, 'val_recall': 0.30876283846872077, 'val_f1': 0.29843443319031787, 'val_image_accuracy': 0.39473684210526316, 'val_image_precision': 0.3645238095238095, 'val_image_recall': 0.3391503267973856, 'val_image_f1': 0.32917389627915944}
2026-09-12 04:35:21,767 | INFO | src.trainer.trainer | Epoch 30/60 val_f1=0.29843443319031787 val_image_f1=0.32917389627915944
2026-09-12 04:35:21,767 | INFO | src.trainer.trainer | Epoch 31/60 learning rate set to 5.38021e-05
2026-09-12 04:36:44,728 | INFO | src.trainer.trainer | Epoch 31/60 train_loss=0.546150
2026-09-12 04:36:49,203 | INFO | src.trainer.history | Epoch 31 metrics saved at 2026-09-12 04:36:49: {'train_loss': 0.5461500289540286, 'lr': 5.380207653530014e-05, 'val_loss': 1.9941509376791187, 'val_accuracy': 0.3537593984962406, 'val_precision': 0.3227963930288765, 'val_recall': 0.30432306255835667, 'val_f1': 0.30330762869793093, 'val_image_accuracy': 0.3815789473684211, 'val_image_precision': 0.3505233672416335, 'val_image_recall': 0.3286928104575163, 'val_image_f1': 0.32376508502763884}
2026-09-12 04:36:49,203 | INFO | src.trainer.trainer | Epoch 31/60 val_f1=0.30330762869793093 val_image_f1=0.32376508502763884
2026-09-12 04:36:49,203 | INFO | src.trainer.trainer | Epoch 32/60 learning rate set to 5.14096e-05
2026-09-12 04:38:12,359 | INFO | src.trainer.trainer | Epoch 32/60 train_loss=0.542554
2026-09-12 04:38:16,838 | INFO | src.trainer.history | Epoch 32 metrics saved at 2026-09-12 04:38:16: {'train_loss': 0.5425544827901517, 'lr': 5.140962525011126e-05, 'val_loss': 1.9355159105663013, 'val_accuracy': 0.3693609022556391, 'val_precision': 0.3303127092252601, 'val_recall': 0.31917086834733893, 'val_f1': 0.31683479054425023, 'val_image_accuracy': 0.42105263157894735, 'val_image_precision': 0.3779495798319328, 'val_image_recall': 0.36267973856209146, 'val_image_f1': 0.35360997112023107}
2026-09-12 04:38:16,838 | INFO | src.trainer.trainer | Epoch 32/60 val_f1=0.31683479054425023 val_image_f1=0.35360997112023107
2026-09-12 04:38:16,838 | INFO | src.trainer.trainer | Epoch 33/60 learning rate set to 4.90274e-05
2026-09-12 04:39:40,786 | INFO | src.trainer.trainer | Epoch 33/60 train_loss=0.538455
2026-09-12 04:39:45,267 | INFO | src.trainer.history | Epoch 33 metrics saved at 2026-09-12 04:39:45: {'train_loss': 0.5384550476127319, 'lr': 4.902735127223252e-05, 'val_loss': 2.003818957339552, 'val_accuracy': 0.35902255639097747, 'val_precision': 0.32966803403561096, 'val_recall': 0.3093043884220355, 'val_f1': 0.31121663476152706, 'val_image_accuracy': 0.4342105263157895, 'val_image_precision': 0.40117322291235336, 'val_image_recall': 0.3750980392156863, 'val_image_f1': 0.372773026431563}
2026-09-12 04:39:45,268 | INFO | src.trainer.trainer | Epoch 33/60 val_f1=0.31121663476152706 val_image_f1=0.372773026431563
2026-09-12 04:39:45,268 | INFO | src.trainer.trainer | Epoch 34/60 learning rate set to 4.6662e-05
2026-09-12 04:41:09,101 | INFO | src.trainer.trainer | Epoch 34/60 train_loss=0.529666
2026-09-12 04:41:13,593 | INFO | src.trainer.history | Epoch 34 metrics saved at 2026-09-12 04:41:13: {'train_loss': 0.529665520742673, 'lr': 4.6662007416079864e-05, 'val_loss': 1.9636481993180468, 'val_accuracy': 0.37030075187969924, 'val_precision': 0.32822160119288857, 'val_recall': 0.3199393090569561, 'val_f1': 0.31469093174503426, 'val_image_accuracy': 0.42105263157894735, 'val_image_precision': 0.36895100069013115, 'val_image_recall': 0.3633333333333333, 'val_image_f1': 0.35024348390202054}
2026-09-12 04:41:13,593 | INFO | src.trainer.trainer | Epoch 34/60 val_f1=0.31469093174503426 val_image_f1=0.35024348390202054
2026-09-12 04:41:13,593 | INFO | src.trainer.trainer | Epoch 35/60 learning rate set to 4.43203e-05
2026-09-12 04:42:37,107 | INFO | src.trainer.trainer | Epoch 35/60 train_loss=0.524807
2026-09-12 04:42:41,577 | INFO | src.trainer.history | Epoch 35 metrics saved at 2026-09-12 04:42:41: {'train_loss': 0.5248068197646644, 'lr': 4.4320298505799834e-05, 'val_loss': 2.0188963347807865, 'val_accuracy': 0.3650375939849624, 'val_precision': 0.3165914570999821, 'val_recall': 0.3146022408963585, 'val_f1': 0.304731909124084, 'val_image_accuracy': 0.40789473684210525, 'val_image_precision': 0.38304048892284187, 'val_image_recall': 0.3515686274509804, 'val_image_f1': 0.3526797385620915}
2026-09-12 04:42:41,577 | INFO | src.trainer.trainer | Epoch 35/60 val_f1=0.304731909124084 val_image_f1=0.3526797385620915
2026-09-12 04:42:41,577 | INFO | src.trainer.trainer | Early stopping at epoch 35 (val_f1 did not improve for 12 evals)
2026-09-12 04:42:41,625 | INFO | src.trainer.trainer | Saved final model to logs/sweeps/quality_search_20260911_223833/ds2_photo/ds2_photo/model_final.pt
2026-09-12 04:42:41,625 | INFO | src.trainer.trainer | Best model is from epoch 23 (val_f1=0.3384)
2026-09-12 04:42:41,731 | INFO | src.trainer.trainer | Saved SWA model (best, 5 snapshots) to logs/sweeps/quality_search_20260911_223833/ds2_photo/ds2_photo/model_swa.pt
2026-09-12 04:42:49,081 | INFO | src.trainer.trainer | Held-out test of best epoch 23: {'test_loss': 1.4011052609546109, 'test_accuracy': 0.5065337763012182, 'test_precision': 0.49692204107204085, 'test_recall': 0.5014880551131523, 'test_f1': 0.49636759753676757, 'test_image_accuracy': 0.5813953488372093, 'test_image_precision': 0.5801534360543649, 'test_image_recall': 0.5716079854809438, 'test_image_f1': 0.5671883433173756}
2026-09-12 04:43:00,868 | INFO | src.trainer.trainer | SWA (best, 5 snapshots) val score=0.32754200808090667
2026-09-12 04:43:00,873 | INFO | src.trainer.trainer | Run summary: {'selection_metric': 'val_f1', 'best_epoch': 23, 'best_score': 0.3383595764258192, 'stopped_epoch': 35, 'eval_test': 'end', 'best_val': {'val_loss': 1.8119917258284146, 'val_accuracy': 0.3983082706766917, 'val_precision': 0.3483758706433575, 'val_recall': 0.340952380952381, 'val_f1': 0.3383595764258192, 'val_image_accuracy': 0.47368421052631576, 'val_image_precision': 0.41818181818181815, 'val_image_recall': 0.4068627450980392, 'val_image_f1': 0.40006617038875103}, 'best_test': {'test_loss': 1.4011052609546109, 'test_accuracy': 0.5065337763012182, 'test_precision': 0.49692204107204085, 'test_recall': 0.5014880551131523, 'test_f1': 0.49636759753676757, 'test_image_accuracy': 0.5813953488372093, 'test_image_precision': 0.5801534360543649, 'test_image_recall': 0.5716079854809438, 'test_image_f1': 0.5671883433173756}, 'swa_val': {'swa_val_loss': 1.7676329667406872, 'swa_val_accuracy': 0.39266917293233083, 'swa_val_precision': 0.33448325328841794, 'swa_val_recall': 0.3382735760971055, 'swa_val_f1': 0.32754200808090667, 'swa_val_image_accuracy': 0.42105263157894735, 'swa_val_image_precision': 0.3477777777777778, 'swa_val_image_recall': 0.3639869281045751, 'swa_val_image_f1': 0.34860998650472336}, 'swa_test': {'swa_test_loss': 1.3716710278890194, 'swa_test_accuracy': 0.5100775193798449, 'swa_test_precision': 0.5015100631312587, 'swa_test_recall': 0.5014678469572947, 'swa_test_f1': 0.49822357319677046, 'swa_test_image_accuracy': 0.5736434108527132, 'swa_test_image_precision': 0.5687133481414388, 'swa_test_image_recall': 0.5583090484832771, 'swa_test_image_f1': 0.5554830653844889}, 'selected_weights': 'best', 'selected_test': {'test_loss': 1.4011052609546109, 'test_accuracy': 0.5065337763012182, 'test_precision': 0.49692204107204085, 'test_recall': 0.5014880551131523, 'test_f1': 0.49636759753676757, 'test_image_accuracy': 0.5813953488372093, 'test_image_precision': 0.5801534360543649, 'test_image_recall': 0.5716079854809438, 'test_image_f1': 0.5671883433173756}, 'test_image_f1': 0.5671883433173756, 'test_f1': 0.49636759753676757, 'val_image_f1': 0.40006617038875103, 'val_f1': 0.3383595764258192, 'swa_val_score': 0.32754200808090667}
2026-09-12 04:43:00,873 | INFO | __main__ | Experiment finished at 2026-09-12 04:43:00
2026-09-12 04:43:00,944 | INFO | __main__ | Starting sweep run ds2_geom
