2026-09-13 00:57:21,444 | INFO | src.trainer.history | File logging initialized: /app/logs/sweeps2/ds1_regularize_20260912_220421/geom_frac025/experiment.log
2026-09-13 00:57:21,447 | INFO | __main__ | Wrote resolved config to logs/sweeps2/ds1_regularize_20260912_220421/geom_frac025/config.yaml
2026-09-13 00:57:21,447 | INFO | __main__ | Experiment started at 2026-09-13 00:57:21 save_dir=logs/sweeps2/ds1_regularize_20260912_220421/geom_frac025
2026-09-13 00:57:21,448 | INFO | __main__ | Starting training device=cuda
2026-09-13 00:57:21,639 | INFO | timm.models._builder | Loading pretrained weights from Hugging Face hub (timm/fastvit_t8.apple_in1k)
2026-09-13 00:57:21,910 | INFO | httpx | HTTP Request: HEAD https://huggingface.co/timm/fastvit_t8.apple_in1k/resolve/main/model.safetensors "HTTP/1.1 302 Found"
2026-09-13 00:57:21,913 | INFO | timm.models._hub | [timm/fastvit_t8.apple_in1k] Safe alternative available for 'pytorch_model.bin' (as 'model.safetensors'). Loading weights using safetensors.
2026-09-13 00:57:21,933 | INFO | timm.models._builder | Converted input conv stem.0.conv_kxk.0.conv pretrained weights from 3 to 1 channel(s)
2026-09-13 00:57:21,933 | INFO | timm.models._builder | Converted input conv stem.0.conv_scale.conv pretrained weights from 3 to 1 channel(s)
2026-09-13 00:57:21,947 | INFO | timm.models._builder | Missing keys (head.fc.weight, head.fc.bias) discovered while loading pretrained weights. This is expected if model is being adapted.
2026-09-13 00:57:21,963 | INFO | __main__ | Train TexturePatchDataset(images=449, patches=134700, active=33675, patch_size=224, overlap=0.5, downscale=1.0)
2026-09-13 00:57:21,963 | INFO | __main__ | Val TexturePatchDataset(images=76, patches=22800, active=22800, patch_size=224, overlap=0.5, downscale=1.0)
2026-09-13 00:57:21,963 | INFO | __main__ | Test TexturePatchDataset(images=129, patches=38700, active=38700, patch_size=224, overlap=0.5, downscale=1.0)
2026-09-13 00:57:21,963 | INFO | __main__ | Split counts {'train': {'images': 449, 'groups': 51}, 'val': {'images': 76, 'groups': 9}, 'test': {'images': 129, 'groups': 15}} group_by=sample
2026-09-13 00:57:21,964 | INFO | __main__ | Using class distribution {0: 103, 1: 105, 2: 91, 3: 94, 4: 56} with weights [0.9162, 0.9074, 0.9747, 0.9591, 1.2426]
2026-09-13 00:57:21,966 | INFO | __main__ | Optimizer groups [{'lr': 0.0001, 'n_params': 3260117}]
2026-09-13 00:57:21,970 | INFO | src.trainer.trainer | Starting training for 60 epochs on cuda (selection=val_f1, eval_test=end)
2026-09-13 00:57:21,970 | INFO | src.trainer.trainer | Epoch 1/60 learning rate set to 0.0001
2026-09-13 00:59:21,046 | INFO | src.trainer.trainer | Epoch 1/60 train_loss=1.303653
2026-09-13 00:59:39,073 | INFO | src.trainer.trainer | Epoch 1: new best val_f1 0.3776, saved logs/sweeps2/ds1_regularize_20260912_220421/geom_frac025/model_best.pt
2026-09-13 00:59:39,074 | INFO | src.trainer.history | Epoch 1 metrics saved at 2026-09-13 00:59:39: {'train_loss': 1.3036532073739553, 'lr': 0.0001, 'val_loss': 1.3882708209753036, 'val_accuracy': 0.48521929824561405, 'val_precision': 0.4027062859717712, 'val_recall': 0.4184285403050108, 'val_f1': 0.377555028935639, 'val_image_accuracy': 0.5131578947368421, 'val_image_precision': 0.43257142857142855, 'val_image_recall': 0.4417647058823529, 'val_image_f1': 0.40318840579710147}
2026-09-13 00:59:39,074 | INFO | src.trainer.trainer | Epoch 1/60 val_f1=0.377555028935639 val_image_f1=0.40318840579710147
2026-09-13 00:59:39,074 | INFO | src.trainer.trainer | Epoch 2/60 learning rate set to 9.99362e-05
2026-09-13 01:01:38,050 | INFO | src.trainer.trainer | Epoch 2/60 train_loss=1.082341
2026-09-13 01:01:56,013 | INFO | src.trainer.history | Epoch 2 metrics saved at 2026-09-13 01:01:56: {'train_loss': 1.082340630079608, 'lr': 9.993622130545428e-05, 'val_loss': 1.533879738084057, 'val_accuracy': 0.44570175438596493, 'val_precision': 0.41309586583881075, 'val_recall': 0.383858605664488, 'val_f1': 0.34956065286531773, 'val_image_accuracy': 0.47368421052631576, 'val_image_precision': 0.440952380952381, 'val_image_recall': 0.40823529411764714, 'val_image_f1': 0.3666849092936049}
2026-09-13 01:01:56,014 | INFO | src.trainer.trainer | Epoch 2/60 val_f1=0.34956065286531773 val_image_f1=0.3666849092936049
2026-09-13 01:01:56,014 | INFO | src.trainer.trainer | Epoch 3/60 learning rate set to 9.97451e-05
2026-09-13 01:03:53,859 | INFO | src.trainer.trainer | Epoch 3/60 train_loss=1.003662
2026-09-13 01:04:11,819 | INFO | src.trainer.history | Epoch 3 metrics saved at 2026-09-13 01:04:11: {'train_loss': 1.0036622542899543, 'lr': 9.974506600945618e-05, 'val_loss': 1.6093987059174923, 'val_accuracy': 0.42179824561403506, 'val_precision': 0.3289039751414744, 'val_recall': 0.36155925925925925, 'val_f1': 0.31734315524618834, 'val_image_accuracy': 0.47368421052631576, 'val_image_precision': 0.3872049689440994, 'val_image_recall': 0.4064705882352941, 'val_image_f1': 0.3503945111492281}
2026-09-13 01:04:11,819 | INFO | src.trainer.trainer | Epoch 3/60 val_f1=0.31734315524618834 val_image_f1=0.3503945111492281
2026-09-13 01:04:11,819 | INFO | src.trainer.trainer | Epoch 4/60 learning rate set to 9.94271e-05
2026-09-13 01:06:12,507 | INFO | src.trainer.trainer | Epoch 4/60 train_loss=0.942615
2026-09-13 01:06:30,490 | INFO | src.trainer.history | Epoch 4 metrics saved at 2026-09-13 01:06:30: {'train_loss': 0.9426154702030117, 'lr': 9.94270759624605e-05, 'val_loss': 1.6622237533226347, 'val_accuracy': 0.37021929824561406, 'val_precision': 0.3078111676890876, 'val_recall': 0.31763572984749455, 'val_f1': 0.30130655211763013, 'val_image_accuracy': 0.34210526315789475, 'val_image_precision': 0.2625730994152047, 'val_image_recall': 0.2925490196078432, 'val_image_f1': 0.2668803418803419}
2026-09-13 01:06:30,490 | INFO | src.trainer.trainer | Epoch 4/60 val_f1=0.30130655211763013 val_image_f1=0.2668803418803419
2026-09-13 01:06:30,491 | INFO | src.trainer.trainer | Epoch 5/60 learning rate set to 9.89832e-05
2026-09-13 01:08:31,971 | INFO | src.trainer.trainer | Epoch 5/60 train_loss=0.899496
2026-09-13 01:08:49,969 | INFO | src.trainer.history | Epoch 5 metrics saved at 2026-09-13 01:08:49: {'train_loss': 0.8994956910813748, 'lr': 9.8983152541804e-05, 'val_loss': 1.688588903839128, 'val_accuracy': 0.36855263157894735, 'val_precision': 0.32805367597847046, 'val_recall': 0.31857124183006535, 'val_f1': 0.31921529708048174, 'val_image_accuracy': 0.3157894736842105, 'val_image_precision': 0.2763157894736842, 'val_image_recall': 0.26745098039215687, 'val_image_f1': 0.2686686686686687}
2026-09-13 01:08:49,970 | INFO | src.trainer.trainer | Epoch 5/60 val_f1=0.31921529708048174 val_image_f1=0.2686686686686687
2026-09-13 01:08:49,970 | INFO | src.trainer.trainer | Epoch 6/60 learning rate set to 9.84146e-05
2026-09-13 01:10:48,003 | INFO | src.trainer.trainer | Epoch 6/60 train_loss=0.857902
2026-09-13 01:11:05,990 | INFO | src.trainer.history | Epoch 6 metrics saved at 2026-09-13 01:11:05: {'train_loss': 0.8579024422354581, 'lr': 9.841455409665323e-05, 'val_loss': 1.6796541263973503, 'val_accuracy': 0.45460526315789473, 'val_precision': 0.37647421298824935, 'val_recall': 0.3921535947712418, 'val_f1': 0.35359320761847407, 'val_image_accuracy': 0.47368421052631576, 'val_image_precision': 0.39090909090909093, 'val_image_recall': 0.40843137254901957, 'val_image_f1': 0.35408033826638474}
2026-09-13 01:11:05,990 | INFO | src.trainer.trainer | Epoch 6/60 val_f1=0.35359320761847407 val_image_f1=0.35408033826638474
2026-09-13 01:11:05,990 | INFO | src.trainer.trainer | Epoch 7/60 learning rate set to 9.77229e-05
2026-09-13 01:13:05,099 | INFO | src.trainer.trainer | Epoch 7/60 train_loss=0.827673
2026-09-13 01:13:23,046 | INFO | src.trainer.history | Epoch 7 metrics saved at 2026-09-13 01:13:23: {'train_loss': 0.827672913299283, 'lr': 9.772289238107717e-05, 'val_loss': 1.5909945274549617, 'val_accuracy': 0.43100877192982456, 'val_precision': 0.38651205588744453, 'val_recall': 0.3721745098039216, 'val_f1': 0.36882577140532663, 'val_image_accuracy': 0.4868421052631579, 'val_image_precision': 0.4263070263070263, 'val_image_recall': 0.41424836601307186, 'val_image_f1': 0.4073441668687849}
2026-09-13 01:13:23,046 | INFO | src.trainer.trainer | Epoch 7/60 val_f1=0.36882577140532663 val_image_f1=0.4073441668687849
2026-09-13 01:13:23,046 | INFO | src.trainer.trainer | Epoch 8/60 learning rate set to 9.69101e-05
2026-09-13 01:15:21,253 | INFO | src.trainer.trainer | Epoch 8/60 train_loss=0.793709
2026-09-13 01:15:39,210 | INFO | src.trainer.history | Epoch 8 metrics saved at 2026-09-13 01:15:39: {'train_loss': 0.7937092892930697, 'lr': 9.691012798535524e-05, 'val_loss': 1.78769490590221, 'val_accuracy': 0.36521929824561405, 'val_precision': 0.3246807718881023, 'val_recall': 0.3132385620915033, 'val_f1': 0.30874239007988324, 'val_image_accuracy': 0.3684210526315789, 'val_image_precision': 0.3157487922705314, 'val_image_recall': 0.31254901960784315, 'val_image_f1': 0.30044402751719823}
2026-09-13 01:15:39,210 | INFO | src.trainer.trainer | Epoch 8/60 val_f1=0.30874239007988324 val_image_f1=0.30044402751719823
2026-09-13 01:15:39,210 | INFO | src.trainer.trainer | Epoch 9/60 learning rate set to 9.59786e-05
2026-09-13 01:17:39,309 | INFO | src.trainer.trainer | Epoch 9/60 train_loss=0.767203
2026-09-13 01:17:57,318 | INFO | src.trainer.history | Epoch 9 metrics saved at 2026-09-13 01:17:57: {'train_loss': 0.7672027543959302, 'lr': 9.597856477847111e-05, 'val_loss': 1.7916178144697557, 'val_accuracy': 0.4413157894736842, 'val_precision': 0.3836456558936582, 'val_recall': 0.38013093681917215, 'val_f1': 0.3347685837155324, 'val_image_accuracy': 0.4605263157894737, 'val_image_precision': 0.41969696969696973, 'val_image_recall': 0.39712418300653596, 'val_image_f1': 0.33311448834853086}
2026-09-13 01:17:57,318 | INFO | src.trainer.trainer | Epoch 9/60 val_f1=0.3347685837155324 val_image_f1=0.33311448834853086
2026-09-13 01:17:57,318 | INFO | src.trainer.trainer | Epoch 10/60 learning rate set to 9.49308e-05
2026-09-13 01:19:56,363 | INFO | src.trainer.trainer | Epoch 10/60 train_loss=0.743952
2026-09-13 01:20:14,338 | INFO | src.trainer.history | Epoch 10 metrics saved at 2026-09-13 01:20:14: {'train_loss': 0.7439523827241984, 'lr': 9.493084337754573e-05, 'val_loss': 1.8426587305466333, 'val_accuracy': 0.39592105263157895, 'val_precision': 0.36538889343526904, 'val_recall': 0.34722854030501094, 'val_f1': 0.34351594380069006, 'val_image_accuracy': 0.42105263157894735, 'val_image_precision': 0.38690476190476186, 'val_image_recall': 0.3615686274509804, 'val_image_f1': 0.3555555555555555}
2026-09-13 01:20:14,338 | INFO | src.trainer.trainer | Epoch 10/60 val_f1=0.34351594380069006 val_image_f1=0.3555555555555555
2026-09-13 01:20:14,338 | INFO | src.trainer.trainer | Epoch 11/60 learning rate set to 9.37699e-05
2026-09-13 01:22:12,810 | INFO | src.trainer.trainer | Epoch 11/60 train_loss=0.728387
2026-09-13 01:22:30,817 | INFO | src.trainer.history | Epoch 11 metrics saved at 2026-09-13 01:22:30: {'train_loss': 0.7283872809264955, 'lr': 9.376993366272128e-05, 'val_loss': 1.9797131717205048, 'val_accuracy': 0.31157894736842107, 'val_precision': 0.2932342808687408, 'val_recall': 0.264118082788671, 'val_f1': 0.27465017744078046, 'val_image_accuracy': 0.2631578947368421, 'val_image_precision': 0.2458145363408521, 'val_image_recall': 0.2223529411764706, 'val_image_f1': 0.2310035337899115}
2026-09-13 01:22:30,817 | INFO | src.trainer.trainer | Epoch 11/60 val_f1=0.27465017744078046 val_image_f1=0.2310035337899115
2026-09-13 01:22:30,817 | INFO | src.trainer.trainer | Epoch 12/60 learning rate set to 9.24991e-05
2026-09-13 01:24:29,604 | INFO | src.trainer.trainer | Epoch 12/60 train_loss=0.712345
2026-09-13 01:24:47,575 | INFO | src.trainer.history | Epoch 12 metrics saved at 2026-09-13 01:24:47: {'train_loss': 0.7123450028852082, 'lr': 9.249912635871318e-05, 'val_loss': 1.633409199170899, 'val_accuracy': 0.44842105263157894, 'val_precision': 0.38171993656856795, 'val_recall': 0.3839013071895424, 'val_f1': 0.3650321087172957, 'val_image_accuracy': 0.4868421052631579, 'val_image_precision': 0.4156862745098039, 'val_image_recall': 0.41954248366013075, 'val_image_f1': 0.372338720103426}
2026-09-13 01:24:47,575 | INFO | src.trainer.trainer | Epoch 12/60 val_f1=0.3650321087172957 val_image_f1=0.372338720103426
2026-09-13 01:24:47,575 | INFO | src.trainer.trainer | Epoch 13/60 learning rate set to 9.1122e-05
2026-09-13 01:26:46,364 | INFO | src.trainer.trainer | Epoch 13/60 train_loss=0.694536
2026-09-13 01:27:04,325 | INFO | src.trainer.history | Epoch 13 metrics saved at 2026-09-13 01:27:04: {'train_loss': 0.694536115211651, 'lr': 9.112202370689337e-05, 'val_loss': 1.7471877095887536, 'val_accuracy': 0.42736842105263156, 'val_precision': 0.35668745370629196, 'val_recall': 0.36586710239651415, 'val_f1': 0.3509703864542738, 'val_image_accuracy': 0.5, 'val_image_precision': 0.3953846153846154, 'val_image_recall': 0.42666666666666664, 'val_image_f1': 0.39944055944055945}
2026-09-13 01:27:04,325 | INFO | src.trainer.trainer | Epoch 13/60 val_f1=0.3509703864542738 val_image_f1=0.39944055944055945
2026-09-13 01:27:04,325 | INFO | src.trainer.trainer | Epoch 14/60 learning rate set to 8.96425e-05
2026-09-13 01:29:04,486 | INFO | src.trainer.trainer | Epoch 14/60 train_loss=0.676083
2026-09-13 01:29:22,451 | INFO | src.trainer.history | Epoch 14 metrics saved at 2026-09-13 01:29:22: {'train_loss': 0.6760834142908664, 'lr': 8.964252925434579e-05, 'val_loss': 1.8007129390825305, 'val_accuracy': 0.4224561403508772, 'val_precision': 0.346488991332409, 'val_recall': 0.3634962962962963, 'val_f1': 0.33611911855961635, 'val_image_accuracy': 0.4473684210526316, 'val_image_precision': 0.36067724867724865, 'val_image_recall': 0.38379084967320265, 'val_image_f1': 0.3484143763213531}
2026-09-13 01:29:22,451 | INFO | src.trainer.trainer | Epoch 14/60 val_f1=0.33611911855961635 val_image_f1=0.3484143763213531
2026-09-13 01:29:22,451 | INFO | src.trainer.trainer | Epoch 15/60 learning rate set to 8.80648e-05
2026-09-13 01:31:20,464 | INFO | src.trainer.trainer | Epoch 15/60 train_loss=0.669281
2026-09-13 01:31:38,472 | INFO | src.trainer.history | Epoch 15 metrics saved at 2026-09-13 01:31:38: {'train_loss': 0.6692807622263851, 'lr': 8.806483678883803e-05, 'val_loss': 1.8014388034636515, 'val_accuracy': 0.43201754385964913, 'val_precision': 0.35814263127981283, 'val_recall': 0.3707653594771242, 'val_f1': 0.3481674064655765, 'val_image_accuracy': 0.5263157894736842, 'val_image_precision': 0.43887662337662336, 'val_image_recall': 0.4530718954248366, 'val_image_f1': 0.4080964685615848}
2026-09-13 01:31:38,472 | INFO | src.trainer.trainer | Epoch 15/60 val_f1=0.3481674064655765 val_image_f1=0.4080964685615848
2026-09-13 01:31:38,473 | INFO | src.trainer.trainer | Epoch 16/60 learning rate set to 8.63934e-05
2026-09-13 01:33:37,610 | INFO | src.trainer.trainer | Epoch 16/60 train_loss=0.653152
2026-09-13 01:33:55,585 | INFO | src.trainer.history | Epoch 16 metrics saved at 2026-09-13 01:33:55: {'train_loss': 0.653152146583676, 'lr': 8.639341845107433e-05, 'val_loss': 1.7931715828598591, 'val_accuracy': 0.4107456140350877, 'val_precision': 0.39273200928682067, 'val_recall': 0.35315141612200435, 'val_f1': 0.3457736441640565, 'val_image_accuracy': 0.42105263157894735, 'val_image_precision': 0.3887445887445887, 'val_image_recall': 0.3596078431372549, 'val_image_f1': 0.3443019943019943}
2026-09-13 01:33:55,586 | INFO | src.trainer.trainer | Epoch 16/60 val_f1=0.3457736441640565 val_image_f1=0.3443019943019943
2026-09-13 01:33:55,586 | INFO | src.trainer.trainer | Epoch 17/60 learning rate set to 8.4633e-05
2026-09-13 01:35:54,822 | INFO | src.trainer.trainer | Epoch 17/60 train_loss=0.646952
2026-09-13 01:36:12,783 | INFO | src.trainer.history | Epoch 17 metrics saved at 2026-09-13 01:36:12: {'train_loss': 0.6469518813258556, 'lr': 8.463301205792675e-05, 'val_loss': 1.7384701850016913, 'val_accuracy': 0.4424561403508772, 'val_precision': 0.3912635258114606, 'val_recall': 0.38286296296296296, 'val_f1': 0.3694149360265929, 'val_image_accuracy': 0.47368421052631576, 'val_image_precision': 0.39684491978609626, 'val_image_recall': 0.4079738562091504, 'val_image_f1': 0.36611911761087396}
2026-09-13 01:36:12,783 | INFO | src.trainer.trainer | Epoch 17/60 val_f1=0.3694149360265929 val_image_f1=0.36611911761087396
2026-09-13 01:36:12,783 | INFO | src.trainer.trainer | Epoch 18/60 learning rate set to 8.27886e-05
2026-09-13 01:38:11,488 | INFO | src.trainer.trainer | Epoch 18/60 train_loss=0.626021
2026-09-13 01:38:29,447 | INFO | src.trainer.history | Epoch 18 metrics saved at 2026-09-13 01:38:29: {'train_loss': 0.6260211271326367, 'lr': 8.278860767257865e-05, 'val_loss': 1.913572489138235, 'val_accuracy': 0.42447368421052634, 'val_precision': 0.3579347285760538, 'val_recall': 0.36757080610021786, 'val_f1': 0.3327757023045566, 'val_image_accuracy': 0.4473684210526316, 'val_image_precision': 0.3366233766233766, 'val_image_recall': 0.3884313725490196, 'val_image_f1': 0.32553488372093026}
2026-09-13 01:38:29,447 | INFO | src.trainer.trainer | Epoch 18/60 val_f1=0.3327757023045566 val_image_f1=0.32553488372093026
2026-09-13 01:38:29,447 | INFO | src.trainer.trainer | Epoch 19/60 learning rate set to 8.08654e-05
2026-09-13 01:40:27,699 | INFO | src.trainer.trainer | Epoch 19/60 train_loss=0.623913
2026-09-13 01:40:45,639 | INFO | src.trainer.history | Epoch 19 metrics saved at 2026-09-13 01:40:45: {'train_loss': 0.6239127870020197, 'lr': 8.086543345964832e-05, 'val_loss': 1.745653383982809, 'val_accuracy': 0.4743859649122807, 'val_precision': 0.39906289047365634, 'val_recall': 0.4082631808278866, 'val_f1': 0.3714227371937155, 'val_image_accuracy': 0.5131578947368421, 'val_image_precision': 0.43640336134453783, 'val_image_recall': 0.44307189542483655, 'val_image_f1': 0.38714791820126976}
2026-09-13 01:40:45,639 | INFO | src.trainer.trainer | Epoch 19/60 val_f1=0.3714227371937155 val_image_f1=0.38714791820126976
2026-09-13 01:40:45,639 | INFO | src.trainer.trainer | Epoch 20/60 learning rate set to 7.88689e-05
2026-09-13 01:42:43,700 | INFO | src.trainer.trainer | Epoch 20/60 train_loss=0.616309
2026-09-13 01:43:01,658 | INFO | src.trainer.history | Epoch 20 metrics saved at 2026-09-13 01:43:01: {'train_loss': 0.6163090189244894, 'lr': 7.886894086538841e-05, 'val_loss': 1.7514487000933865, 'val_accuracy': 0.4367105263157895, 'val_precision': 0.3864273977672452, 'val_recall': 0.3747858387799564, 'val_f1': 0.3654770051340132, 'val_image_accuracy': 0.5, 'val_image_precision': 0.42327272727272724, 'val_image_recall': 0.4242483660130719, 'val_image_f1': 0.4031809539686509}
2026-09-13 01:43:01,659 | INFO | src.trainer.trainer | Epoch 20/60 val_f1=0.3654770051340132 val_image_f1=0.4031809539686509
2026-09-13 01:43:01,659 | INFO | src.trainer.trainer | Epoch 21/60 learning rate set to 7.68048e-05
2026-09-13 01:44:58,075 | INFO | src.trainer.trainer | Epoch 21/60 train_loss=0.606473
2026-09-13 01:45:16,061 | INFO | src.trainer.history | Epoch 21 metrics saved at 2026-09-13 01:45:16: {'train_loss': 0.6064732597399927, 'lr': 7.680478916496926e-05, 'val_loss': 1.7520433186334476, 'val_accuracy': 0.43894736842105264, 'val_precision': 0.3826523514145816, 'val_recall': 0.37669193899782133, 'val_f1': 0.36090270992543627, 'val_image_accuracy': 0.4868421052631579, 'val_image_precision': 0.42857142857142855, 'val_image_recall': 0.41843137254901963, 'val_image_f1': 0.37849002849002844}
2026-09-13 01:45:16,061 | INFO | src.trainer.trainer | Epoch 21/60 val_f1=0.36090270992543627 val_image_f1=0.37849002849002844
2026-09-13 01:45:16,061 | INFO | src.trainer.trainer | Early stopping at epoch 21 (val_f1 did not improve for 20 evals)
2026-09-13 01:45:16,110 | INFO | src.trainer.trainer | Saved final model to logs/sweeps2/ds1_regularize_20260912_220421/geom_frac025/model_final.pt
2026-09-13 01:45:16,110 | INFO | src.trainer.trainer | Best model is from epoch 1 (val_f1=0.3776)
2026-09-13 01:45:46,624 | INFO | src.trainer.trainer | Held-out test of best epoch 1: {'test_loss': 1.2060833640862496, 'test_accuracy': 0.48622739018087857, 'test_precision': 0.4821045437325459, 'test_recall': 0.49930319592083655, 'test_f1': 0.45346057510346, 'test_image_accuracy': 0.4883720930232558, 'test_image_precision': 0.4817109929078014, 'test_image_recall': 0.50760746694322, 'test_image_f1': 0.45775239986759353}
2026-09-13 01:45:46,628 | INFO | src.trainer.trainer | Run summary: {'selection_metric': 'val_f1', 'best_epoch': 1, 'best_score': 0.377555028935639, 'stopped_epoch': 21, 'eval_test': 'end', 'best_val': {'val_loss': 1.3882708209753036, 'val_accuracy': 0.48521929824561405, 'val_precision': 0.4027062859717712, 'val_recall': 0.4184285403050108, 'val_f1': 0.377555028935639, 'val_image_accuracy': 0.5131578947368421, 'val_image_precision': 0.43257142857142855, 'val_image_recall': 0.4417647058823529, 'val_image_f1': 0.40318840579710147}, 'best_test': {'test_loss': 1.2060833640862496, 'test_accuracy': 0.48622739018087857, 'test_precision': 0.4821045437325459, 'test_recall': 0.49930319592083655, 'test_f1': 0.45346057510346, 'test_image_accuracy': 0.4883720930232558, 'test_image_precision': 0.4817109929078014, 'test_image_recall': 0.50760746694322, 'test_image_f1': 0.45775239986759353}, 'selected_weights': 'best', 'selected_test': {'test_loss': 1.2060833640862496, 'test_accuracy': 0.48622739018087857, 'test_precision': 0.4821045437325459, 'test_recall': 0.49930319592083655, 'test_f1': 0.45346057510346, 'test_image_accuracy': 0.4883720930232558, 'test_image_precision': 0.4817109929078014, 'test_image_recall': 0.50760746694322, 'test_image_f1': 0.45775239986759353}, 'test_image_f1': 0.45775239986759353, 'test_f1': 0.45346057510346, 'val_image_f1': 0.40318840579710147, 'val_f1': 0.377555028935639, 'swa_val_score': None}
2026-09-13 01:45:46,628 | INFO | __main__ | Experiment finished at 2026-09-13 01:45:46
2026-09-13 01:45:46,699 | INFO | __main__ | Starting sweep run geom_reg
