2026-09-12 22:04:21,631 | INFO | src.trainer.history | File logging initialized: /app/logs/sweeps2/ds1_regularize_20260912_220421/geom_ref/experiment.log
2026-09-12 22:04:21,634 | INFO | __main__ | Wrote resolved config to logs/sweeps2/ds1_regularize_20260912_220421/geom_ref/config.yaml
2026-09-12 22:04:21,634 | INFO | __main__ | Experiment started at 2026-09-12 22:04:21 save_dir=logs/sweeps2/ds1_regularize_20260912_220421/geom_ref
2026-09-12 22:04:21,659 | INFO | __main__ | Starting training device=cuda
2026-09-12 22:04:21,842 | INFO | timm.models._builder | Loading pretrained weights from Hugging Face hub (timm/fastvit_t8.apple_in1k)
2026-09-12 22:04:22,082 | INFO | httpx | HTTP Request: HEAD https://huggingface.co/timm/fastvit_t8.apple_in1k/resolve/main/model.safetensors "HTTP/1.1 302 Found"
2026-09-12 22:04:22,084 | WARNING | huggingface_hub.utils._http | Warning: You are sending unauthenticated requests to the HF Hub. Please set a HF_TOKEN to enable higher rate limits and faster downloads.
2026-09-12 22:04:22,085 | INFO | timm.models._hub | [timm/fastvit_t8.apple_in1k] Safe alternative available for 'pytorch_model.bin' (as 'model.safetensors'). Loading weights using safetensors.
2026-09-12 22:04:22,108 | INFO | timm.models._builder | Converted input conv stem.0.conv_kxk.0.conv pretrained weights from 3 to 1 channel(s)
2026-09-12 22:04:22,108 | INFO | timm.models._builder | Converted input conv stem.0.conv_scale.conv pretrained weights from 3 to 1 channel(s)
2026-09-12 22:04:22,121 | INFO | timm.models._builder | Missing keys (head.fc.weight, head.fc.bias) discovered while loading pretrained weights. This is expected if model is being adapted.
2026-09-12 22:04:22,285 | INFO | __main__ | Train TexturePatchDataset(images=449, patches=134700, active=134700, patch_size=224, overlap=0.5, downscale=1.0)
2026-09-12 22:04:22,285 | INFO | __main__ | Val TexturePatchDataset(images=76, patches=22800, active=22800, patch_size=224, overlap=0.5, downscale=1.0)
2026-09-12 22:04:22,285 | INFO | __main__ | Test TexturePatchDataset(images=129, patches=38700, active=38700, patch_size=224, overlap=0.5, downscale=1.0)
2026-09-12 22:04:22,285 | INFO | __main__ | Split counts {'train': {'images': 449, 'groups': 51}, 'val': {'images': 76, 'groups': 9}, 'test': {'images': 129, 'groups': 15}} group_by=sample
2026-09-12 22:04:22,348 | INFO | __main__ | Using class distribution {0: 103, 1: 105, 2: 91, 3: 94, 4: 56} with weights [0.9162, 0.9074, 0.9747, 0.9591, 1.2426]
2026-09-12 22:04:22,351 | INFO | __main__ | Optimizer groups [{'lr': 0.0001, 'n_params': 3260117}]
2026-09-12 22:04:22,355 | INFO | src.trainer.trainer | Starting training for 60 epochs on cuda (selection=val_f1, eval_test=end)
2026-09-12 22:04:22,355 | INFO | src.trainer.trainer | Epoch 1/60 learning rate set to 0.0001
2026-09-12 22:12:01,100 | INFO | src.trainer.trainer | Epoch 1/60 train_loss=1.091479
2026-09-12 22:12:19,123 | INFO | src.trainer.trainer | Epoch 1: new best val_f1 0.3156, saved logs/sweeps2/ds1_regularize_20260912_220421/geom_ref/model_best.pt
2026-09-12 22:12:19,125 | INFO | src.trainer.history | Epoch 1 metrics saved at 2026-09-12 22:12:19: {'train_loss': 1.0914791792449725, 'lr': 0.0001, 'val_loss': 1.7720943431582368, 'val_accuracy': 0.3964473684210526, 'val_precision': 0.3374703140764748, 'val_recall': 0.3428631808278867, 'val_f1': 0.3155996616406117, 'val_image_accuracy': 0.4473684210526316, 'val_image_precision': 0.3857487610428787, 'val_image_recall': 0.387516339869281, 'val_image_f1': 0.3466666666666666}
2026-09-12 22:12:19,125 | INFO | src.trainer.trainer | Epoch 1/60 val_f1=0.3155996616406117 val_image_f1=0.3466666666666666
2026-09-12 22:12:19,125 | INFO | src.trainer.trainer | Epoch 2/60 learning rate set to 9.99362e-05
2026-09-12 22:19:56,409 | INFO | src.trainer.trainer | Epoch 2/60 train_loss=0.844753
2026-09-12 22:20:14,409 | INFO | src.trainer.trainer | Epoch 2: new best val_f1 0.3798, saved logs/sweeps2/ds1_regularize_20260912_220421/geom_ref/model_best.pt
2026-09-12 22:20:14,410 | INFO | src.trainer.history | Epoch 2 metrics saved at 2026-09-12 22:20:14: {'train_loss': 0.8447530782231598, 'lr': 9.993622130545428e-05, 'val_loss': 1.6139762193487401, 'val_accuracy': 0.4376315789473684, 'val_precision': 0.39007343838487846, 'val_recall': 0.3931115468409586, 'val_f1': 0.3797757382258264, 'val_image_accuracy': 0.5, 'val_image_precision': 0.4071577847439916, 'val_image_recall': 0.4290849673202614, 'val_image_f1': 0.3983132045088567}
2026-09-12 22:20:14,410 | INFO | src.trainer.trainer | Epoch 2/60 val_f1=0.3797757382258264 val_image_f1=0.3983132045088567
2026-09-12 22:20:14,410 | INFO | src.trainer.trainer | Epoch 3/60 learning rate set to 9.97451e-05
2026-09-12 22:27:45,825 | INFO | src.trainer.trainer | Epoch 3/60 train_loss=0.738812
2026-09-12 22:28:03,708 | INFO | src.trainer.history | Epoch 3 metrics saved at 2026-09-12 22:28:03: {'train_loss': 0.7388118616456709, 'lr': 9.974506600945618e-05, 'val_loss': 1.7096618424486696, 'val_accuracy': 0.4718859649122807, 'val_precision': 0.3941111686568858, 'val_recall': 0.4058673202614379, 'val_f1': 0.3642405847703465, 'val_image_accuracy': 0.4868421052631579, 'val_image_precision': 0.3941468253968254, 'val_image_recall': 0.4201960784313726, 'val_image_f1': 0.3653061224489796}
2026-09-12 22:28:03,708 | INFO | src.trainer.trainer | Epoch 3/60 val_f1=0.3642405847703465 val_image_f1=0.3653061224489796
2026-09-12 22:28:03,709 | INFO | src.trainer.trainer | Epoch 4/60 learning rate set to 9.94271e-05
2026-09-12 22:35:34,116 | INFO | src.trainer.trainer | Epoch 4/60 train_loss=0.679729
2026-09-12 22:35:52,047 | INFO | src.trainer.history | Epoch 4 metrics saved at 2026-09-12 22:35:52: {'train_loss': 0.679729062266587, 'lr': 9.94270759624605e-05, 'val_loss': 1.9429780998773742, 'val_accuracy': 0.3882456140350877, 'val_precision': 0.35453644771207327, 'val_recall': 0.3373320261437909, 'val_f1': 0.32326806307784006, 'val_image_accuracy': 0.42105263157894735, 'val_image_precision': 0.3950769230769231, 'val_image_recall': 0.3589542483660131, 'val_image_f1': 0.3404280904280904}
2026-09-12 22:35:52,047 | INFO | src.trainer.trainer | Epoch 4/60 val_f1=0.32326806307784006 val_image_f1=0.3404280904280904
2026-09-12 22:35:52,047 | INFO | src.trainer.trainer | Epoch 5/60 learning rate set to 9.89832e-05
2026-09-12 22:43:22,239 | INFO | src.trainer.trainer | Epoch 5/60 train_loss=0.635252
2026-09-12 22:43:40,190 | INFO | src.trainer.history | Epoch 5 metrics saved at 2026-09-12 22:43:40: {'train_loss': 0.6352521521158367, 'lr': 9.8983152541804e-05, 'val_loss': 1.781974144138788, 'val_accuracy': 0.43219298245614035, 'val_precision': 0.36994611577030334, 'val_recall': 0.37553965141612206, 'val_f1': 0.3633526653095439, 'val_image_accuracy': 0.4868421052631579, 'val_image_precision': 0.39606349206349206, 'val_image_recall': 0.4133333333333333, 'val_image_f1': 0.3926354347406979}
2026-09-12 22:43:40,191 | INFO | src.trainer.trainer | Epoch 5/60 val_f1=0.3633526653095439 val_image_f1=0.3926354347406979
2026-09-12 22:43:40,191 | INFO | src.trainer.trainer | Epoch 6/60 learning rate set to 9.84146e-05
2026-09-12 22:51:11,933 | INFO | src.trainer.trainer | Epoch 6/60 train_loss=0.605956
2026-09-12 22:51:29,807 | INFO | src.trainer.history | Epoch 6 metrics saved at 2026-09-12 22:51:29: {'train_loss': 0.6059561125685218, 'lr': 9.841455409665323e-05, 'val_loss': 1.790145871586967, 'val_accuracy': 0.4050877192982456, 'val_precision': 0.35869983588745746, 'val_recall': 0.3451516339869281, 'val_f1': 0.34696147670943206, 'val_image_accuracy': 0.40789473684210525, 'val_image_precision': 0.3375824175824175, 'val_image_recall': 0.3480392156862745, 'val_image_f1': 0.335158909344561}
2026-09-12 22:51:29,808 | INFO | src.trainer.trainer | Epoch 6/60 val_f1=0.34696147670943206 val_image_f1=0.335158909344561
2026-09-12 22:51:29,808 | INFO | src.trainer.trainer | Epoch 7/60 learning rate set to 9.77229e-05
2026-09-12 22:59:03,236 | INFO | src.trainer.trainer | Epoch 7/60 train_loss=0.581135
2026-09-12 22:59:21,106 | INFO | src.trainer.history | Epoch 7 metrics saved at 2026-09-12 22:59:21: {'train_loss': 0.5811345532830768, 'lr': 9.772289238107717e-05, 'val_loss': 1.8010438191472438, 'val_accuracy': 0.4415350877192982, 'val_precision': 0.3705211099638486, 'val_recall': 0.37979999999999997, 'val_f1': 0.3554074802694246, 'val_image_accuracy': 0.4473684210526316, 'val_image_precision': 0.3673694581280788, 'val_image_recall': 0.38379084967320265, 'val_image_f1': 0.3466093697337378}
2026-09-12 22:59:21,106 | INFO | src.trainer.trainer | Epoch 7/60 val_f1=0.3554074802694246 val_image_f1=0.3466093697337378
2026-09-12 22:59:21,106 | INFO | src.trainer.trainer | Epoch 8/60 learning rate set to 9.69101e-05
2026-09-12 23:06:52,899 | INFO | src.trainer.trainer | Epoch 8/60 train_loss=0.561999
2026-09-12 23:07:10,788 | INFO | src.trainer.history | Epoch 8 metrics saved at 2026-09-12 23:07:10: {'train_loss': 0.5619989525059372, 'lr': 9.691012798535524e-05, 'val_loss': 2.0878113571907346, 'val_accuracy': 0.3223684210526316, 'val_precision': 0.30440752077599853, 'val_recall': 0.2783217864923747, 'val_f1': 0.2847712091946205, 'val_image_accuracy': 0.27631578947368424, 'val_image_precision': 0.2583333333333333, 'val_image_recall': 0.2334640522875817, 'val_image_f1': 0.23800773694390714}
2026-09-12 23:07:10,788 | INFO | src.trainer.trainer | Epoch 8/60 val_f1=0.2847712091946205 val_image_f1=0.23800773694390714
2026-09-12 23:07:10,788 | INFO | src.trainer.trainer | Epoch 9/60 learning rate set to 9.59786e-05
2026-09-12 23:14:42,436 | INFO | src.trainer.trainer | Epoch 9/60 train_loss=0.548060
2026-09-12 23:15:00,302 | INFO | src.trainer.history | Epoch 9 metrics saved at 2026-09-12 23:15:00: {'train_loss': 0.5480603458125589, 'lr': 9.597856477847111e-05, 'val_loss': 1.8148625608598976, 'val_accuracy': 0.4523684210526316, 'val_precision': 0.3811087129826366, 'val_recall': 0.3900618736383442, 'val_f1': 0.3510592088185473, 'val_image_accuracy': 0.4868421052631579, 'val_image_precision': 0.40253259285517345, 'val_image_recall': 0.4201960784313726, 'val_image_f1': 0.37439782439782443}
2026-09-12 23:15:00,303 | INFO | src.trainer.trainer | Epoch 9/60 val_f1=0.3510592088185473 val_image_f1=0.37439782439782443
2026-09-12 23:15:00,303 | INFO | src.trainer.trainer | Epoch 10/60 learning rate set to 9.49308e-05
2026-09-12 23:22:34,719 | INFO | src.trainer.trainer | Epoch 10/60 train_loss=0.536231
2026-09-12 23:22:52,610 | INFO | src.trainer.history | Epoch 10 metrics saved at 2026-09-12 23:22:52: {'train_loss': 0.5362312871222152, 'lr': 9.493084337754573e-05, 'val_loss': 1.7842574263351005, 'val_accuracy': 0.4368859649122807, 'val_precision': 0.3702263232757555, 'val_recall': 0.37882069716775596, 'val_f1': 0.36585772529662863, 'val_image_accuracy': 0.4868421052631579, 'val_image_precision': 0.4027972027972028, 'val_image_recall': 0.4155555555555555, 'val_image_f1': 0.39578375113258835}
2026-09-12 23:22:52,610 | INFO | src.trainer.trainer | Epoch 10/60 val_f1=0.36585772529662863 val_image_f1=0.39578375113258835
2026-09-12 23:22:52,610 | INFO | src.trainer.trainer | Epoch 11/60 learning rate set to 9.37699e-05
2026-09-12 23:30:23,260 | INFO | src.trainer.trainer | Epoch 11/60 train_loss=0.524077
2026-09-12 23:30:41,141 | INFO | src.trainer.history | Epoch 11 metrics saved at 2026-09-12 23:30:41: {'train_loss': 0.524077332587975, 'lr': 9.376993366272128e-05, 'val_loss': 1.7685626441972297, 'val_accuracy': 0.46030701754385966, 'val_precision': 0.3914441297153143, 'val_recall': 0.3971074074074074, 'val_f1': 0.3725585892591131, 'val_image_accuracy': 0.5131578947368421, 'val_image_precision': 0.4356190476190477, 'val_image_recall': 0.4413071895424837, 'val_image_f1': 0.40131947880587165}
2026-09-12 23:30:41,141 | INFO | src.trainer.trainer | Epoch 11/60 val_f1=0.3725585892591131 val_image_f1=0.40131947880587165
2026-09-12 23:30:41,141 | INFO | src.trainer.trainer | Epoch 12/60 learning rate set to 9.24991e-05
2026-09-12 23:38:13,585 | INFO | src.trainer.trainer | Epoch 12/60 train_loss=0.516754
2026-09-12 23:38:31,489 | INFO | src.trainer.history | Epoch 12 metrics saved at 2026-09-12 23:38:31: {'train_loss': 0.5167541244442408, 'lr': 9.249912635871318e-05, 'val_loss': 1.8578299215383698, 'val_accuracy': 0.45460526315789473, 'val_precision': 0.36969783678014195, 'val_recall': 0.3927814814814815, 'val_f1': 0.3445592893173746, 'val_image_accuracy': 0.5, 'val_image_precision': 0.3978958101594364, 'val_image_recall': 0.43241830065359477, 'val_image_f1': 0.37128387140809505}
2026-09-12 23:38:31,489 | INFO | src.trainer.trainer | Epoch 12/60 val_f1=0.3445592893173746 val_image_f1=0.37128387140809505
2026-09-12 23:38:31,489 | INFO | src.trainer.trainer | Epoch 13/60 learning rate set to 9.1122e-05
2026-09-12 23:46:03,342 | INFO | src.trainer.trainer | Epoch 13/60 train_loss=0.509233
2026-09-12 23:46:21,252 | INFO | src.trainer.history | Epoch 13 metrics saved at 2026-09-12 23:46:21: {'train_loss': 0.5092329863592174, 'lr': 9.112202370689337e-05, 'val_loss': 1.8383528325432226, 'val_accuracy': 0.4557894736842105, 'val_precision': 0.37123305521644034, 'val_recall': 0.3939514161220044, 'val_f1': 0.3521204506991603, 'val_image_accuracy': 0.4868421052631579, 'val_image_precision': 0.423959595959596, 'val_image_recall': 0.4213071895424837, 'val_image_f1': 0.3710936195587359}
2026-09-12 23:46:21,252 | INFO | src.trainer.trainer | Epoch 13/60 val_f1=0.3521204506991603 val_image_f1=0.3710936195587359
2026-09-12 23:46:21,252 | INFO | src.trainer.trainer | Epoch 14/60 learning rate set to 8.96425e-05
2026-09-12 23:53:54,291 | INFO | src.trainer.trainer | Epoch 14/60 train_loss=0.502510
2026-09-12 23:54:12,201 | INFO | src.trainer.history | Epoch 14 metrics saved at 2026-09-12 23:54:12: {'train_loss': 0.5025102518626116, 'lr': 8.964252925434579e-05, 'val_loss': 1.8417057519210012, 'val_accuracy': 0.4435087719298246, 'val_precision': 0.36264598138808235, 'val_recall': 0.38305969498910675, 'val_f1': 0.34503233814256223, 'val_image_accuracy': 0.5263157894736842, 'val_image_precision': 0.4404642857142857, 'val_image_recall': 0.4541830065359477, 'val_image_f1': 0.4050329589200021}
2026-09-12 23:54:12,201 | INFO | src.trainer.trainer | Epoch 14/60 val_f1=0.34503233814256223 val_image_f1=0.4050329589200021
2026-09-12 23:54:12,201 | INFO | src.trainer.trainer | Epoch 15/60 learning rate set to 8.80648e-05
2026-09-13 00:01:48,335 | INFO | src.trainer.trainer | Epoch 15/60 train_loss=0.495795
2026-09-13 00:02:06,229 | INFO | src.trainer.history | Epoch 15 metrics saved at 2026-09-13 00:02:06: {'train_loss': 0.4957950851876557, 'lr': 8.806483678883803e-05, 'val_loss': 1.8692969824033872, 'val_accuracy': 0.41960526315789476, 'val_precision': 0.3567671616693168, 'val_recall': 0.3621943355119826, 'val_f1': 0.3380820135433013, 'val_image_accuracy': 0.4473684210526316, 'val_image_precision': 0.3784126984126984, 'val_image_recall': 0.38620915032679737, 'val_image_f1': 0.347008547008547}
2026-09-13 00:02:06,229 | INFO | src.trainer.trainer | Epoch 15/60 val_f1=0.3380820135433013 val_image_f1=0.347008547008547
2026-09-13 00:02:06,229 | INFO | src.trainer.trainer | Epoch 16/60 learning rate set to 8.63934e-05
2026-09-13 00:09:38,688 | INFO | src.trainer.trainer | Epoch 16/60 train_loss=0.491125
2026-09-13 00:09:56,582 | INFO | src.trainer.history | Epoch 16 metrics saved at 2026-09-13 00:09:56: {'train_loss': 0.49112468032458134, 'lr': 8.639341845107433e-05, 'val_loss': 1.8733531309115259, 'val_accuracy': 0.4479385964912281, 'val_precision': 0.3627768907496133, 'val_recall': 0.3870028322440088, 'val_f1': 0.3515918431295687, 'val_image_accuracy': 0.5, 'val_image_precision': 0.41090909090909095, 'val_image_recall': 0.4319607843137255, 'val_image_f1': 0.38239202657807303}
2026-09-13 00:09:56,582 | INFO | src.trainer.trainer | Epoch 16/60 val_f1=0.3515918431295687 val_image_f1=0.38239202657807303
2026-09-13 00:09:56,582 | INFO | src.trainer.trainer | Epoch 17/60 learning rate set to 8.4633e-05
2026-09-13 00:17:28,790 | INFO | src.trainer.trainer | Epoch 17/60 train_loss=0.486421
2026-09-13 00:17:46,709 | INFO | src.trainer.history | Epoch 17 metrics saved at 2026-09-13 00:17:46: {'train_loss': 0.4864213312725359, 'lr': 8.463301205792675e-05, 'val_loss': 1.8803894172007578, 'val_accuracy': 0.4311842105263158, 'val_precision': 0.3669176577478752, 'val_recall': 0.3728891067538126, 'val_f1': 0.34666801775439865, 'val_image_accuracy': 0.47368421052631576, 'val_image_precision': 0.3927777777777778, 'val_image_recall': 0.40843137254901957, 'val_image_f1': 0.3699534013734904}
2026-09-13 00:17:46,710 | INFO | src.trainer.trainer | Epoch 17/60 val_f1=0.34666801775439865 val_image_f1=0.3699534013734904
2026-09-13 00:17:46,710 | INFO | src.trainer.trainer | Epoch 18/60 learning rate set to 8.27886e-05
2026-09-13 00:25:16,685 | INFO | src.trainer.trainer | Epoch 18/60 train_loss=0.481653
2026-09-13 00:25:34,581 | INFO | src.trainer.history | Epoch 18 metrics saved at 2026-09-13 00:25:34: {'train_loss': 0.4816528063061154, 'lr': 8.278860767257865e-05, 'val_loss': 1.8413113375400243, 'val_accuracy': 0.44469298245614036, 'val_precision': 0.3733277580941218, 'val_recall': 0.38463572984749456, 'val_f1': 0.34286770008154954, 'val_image_accuracy': 0.4868421052631579, 'val_image_precision': 0.38835470085470086, 'val_image_recall': 0.4213071895424837, 'val_image_f1': 0.3674325674325674}
2026-09-13 00:25:34,581 | INFO | src.trainer.trainer | Epoch 18/60 val_f1=0.34286770008154954 val_image_f1=0.3674325674325674
2026-09-13 00:25:34,581 | INFO | src.trainer.trainer | Epoch 19/60 learning rate set to 8.08654e-05
2026-09-13 00:33:06,837 | INFO | src.trainer.trainer | Epoch 19/60 train_loss=0.478010
2026-09-13 00:33:24,709 | INFO | src.trainer.history | Epoch 19 metrics saved at 2026-09-13 00:33:24: {'train_loss': 0.4780100418845193, 'lr': 8.086543345964832e-05, 'val_loss': 1.8948636405405246, 'val_accuracy': 0.42596491228070177, 'val_precision': 0.34543947971569233, 'val_recall': 0.3669675381263616, 'val_f1': 0.33922933189253857, 'val_image_accuracy': 0.4473684210526316, 'val_image_precision': 0.36682539682539683, 'val_image_recall': 0.387516339869281, 'val_image_f1': 0.3480971659919028}
2026-09-13 00:33:24,710 | INFO | src.trainer.trainer | Epoch 19/60 val_f1=0.33922933189253857 val_image_f1=0.3480971659919028
2026-09-13 00:33:24,710 | INFO | src.trainer.trainer | Epoch 20/60 learning rate set to 7.88689e-05
2026-09-13 00:40:53,529 | INFO | src.trainer.trainer | Epoch 20/60 train_loss=0.473660
2026-09-13 00:41:11,441 | INFO | src.trainer.history | Epoch 20 metrics saved at 2026-09-13 00:41:11: {'train_loss': 0.47365997850762176, 'lr': 7.886894086538841e-05, 'val_loss': 1.914377552103578, 'val_accuracy': 0.4310964912280702, 'val_precision': 0.36937092658607046, 'val_recall': 0.37759019607843136, 'val_f1': 0.3470649902332673, 'val_image_accuracy': 0.5, 'val_image_precision': 0.4264864864864865, 'val_image_recall': 0.4326143790849673, 'val_image_f1': 0.38874408242829295}
2026-09-13 00:41:11,441 | INFO | src.trainer.trainer | Epoch 20/60 val_f1=0.3470649902332673 val_image_f1=0.38874408242829295
2026-09-13 00:41:11,441 | INFO | src.trainer.trainer | Epoch 21/60 learning rate set to 7.68048e-05
2026-09-13 00:48:44,025 | INFO | src.trainer.trainer | Epoch 21/60 train_loss=0.469670
2026-09-13 00:49:01,908 | INFO | src.trainer.history | Epoch 21 metrics saved at 2026-09-13 00:49:01: {'train_loss': 0.4696698889541201, 'lr': 7.680478916496926e-05, 'val_loss': 1.8523756941577845, 'val_accuracy': 0.44228070175438594, 'val_precision': 0.367482834480437, 'val_recall': 0.380878431372549, 'val_f1': 0.34993495574087163, 'val_image_accuracy': 0.4868421052631579, 'val_image_precision': 0.4003809523809524, 'val_image_recall': 0.41954248366013075, 'val_image_f1': 0.3779940256931845}
2026-09-13 00:49:01,908 | INFO | src.trainer.trainer | Epoch 21/60 val_f1=0.34993495574087163 val_image_f1=0.3779940256931845
2026-09-13 00:49:01,908 | INFO | src.trainer.trainer | Epoch 22/60 learning rate set to 7.46788e-05
2026-09-13 00:56:33,099 | INFO | src.trainer.trainer | Epoch 22/60 train_loss=0.468280
2026-09-13 00:56:51,019 | INFO | src.trainer.history | Epoch 22 metrics saved at 2026-09-13 00:56:51: {'train_loss': 0.4682803880442667, 'lr': 7.46788294206485e-05, 'val_loss': 1.9452220306061863, 'val_accuracy': 0.4189912280701754, 'val_precision': 0.3405878949882223, 'val_recall': 0.36243834422657956, 'val_f1': 0.33234166749639993, 'val_image_accuracy': 0.47368421052631576, 'val_image_precision': 0.38267973856209153, 'val_image_recall': 0.41084967320261434, 'val_image_f1': 0.3667313079077785}
2026-09-13 00:56:51,020 | INFO | src.trainer.trainer | Epoch 22/60 val_f1=0.33234166749639993 val_image_f1=0.3667313079077785
2026-09-13 00:56:51,020 | INFO | src.trainer.trainer | Early stopping at epoch 22 (val_f1 did not improve for 20 evals)
2026-09-13 00:56:51,068 | INFO | src.trainer.trainer | Saved final model to logs/sweeps2/ds1_regularize_20260912_220421/geom_ref/model_final.pt
2026-09-13 00:56:51,069 | INFO | src.trainer.trainer | Best model is from epoch 2 (val_f1=0.3798)
2026-09-13 00:57:21,373 | INFO | src.trainer.trainer | Held-out test of best epoch 2: {'test_loss': 1.1569694515685394, 'test_accuracy': 0.5617571059431524, 'test_precision': 0.5613832846085102, 'test_recall': 0.5664109843574454, 'test_f1': 0.5569187744996806, 'test_image_accuracy': 0.627906976744186, 'test_image_precision': 0.6363088524378847, 'test_image_recall': 0.6385138708841068, 'test_image_f1': 0.6273920640698945}
2026-09-13 00:57:21,376 | INFO | src.trainer.trainer | Run summary: {'selection_metric': 'val_f1', 'best_epoch': 2, 'best_score': 0.3797757382258264, 'stopped_epoch': 22, 'eval_test': 'end', 'best_val': {'val_loss': 1.6139762193487401, 'val_accuracy': 0.4376315789473684, 'val_precision': 0.39007343838487846, 'val_recall': 0.3931115468409586, 'val_f1': 0.3797757382258264, 'val_image_accuracy': 0.5, 'val_image_precision': 0.4071577847439916, 'val_image_recall': 0.4290849673202614, 'val_image_f1': 0.3983132045088567}, 'best_test': {'test_loss': 1.1569694515685394, 'test_accuracy': 0.5617571059431524, 'test_precision': 0.5613832846085102, 'test_recall': 0.5664109843574454, 'test_f1': 0.5569187744996806, 'test_image_accuracy': 0.627906976744186, 'test_image_precision': 0.6363088524378847, 'test_image_recall': 0.6385138708841068, 'test_image_f1': 0.6273920640698945}, 'selected_weights': 'best', 'selected_test': {'test_loss': 1.1569694515685394, 'test_accuracy': 0.5617571059431524, 'test_precision': 0.5613832846085102, 'test_recall': 0.5664109843574454, 'test_f1': 0.5569187744996806, 'test_image_accuracy': 0.627906976744186, 'test_image_precision': 0.6363088524378847, 'test_image_recall': 0.6385138708841068, 'test_image_f1': 0.6273920640698945}, 'test_image_f1': 0.6273920640698945, 'test_f1': 0.5569187744996806, 'val_image_f1': 0.3983132045088567, 'val_f1': 0.3797757382258264, 'swa_val_score': None}
2026-09-13 00:57:21,376 | INFO | __main__ | Experiment finished at 2026-09-13 00:57:21
2026-09-13 00:57:21,443 | INFO | __main__ | Starting sweep run geom_frac025
