2026-07-23 22:38:17,455 root INFO Epoch: 0
2026-07-23 22:38:17,456 root INFO Train Loss: 2.9546
2026-07-23 22:38:17,456 root INFO Train Acc : 0.1818
2026-07-23 22:38:17,456 root INFO Train F1  : 0.1699
2026-07-23 22:38:17,456 root INFO Val Loss  : 2.2861
2026-07-23 22:38:17,456 root INFO Val Acc   : 0.3030
2026-07-23 22:38:17,456 root INFO Val F1    : 0.2301
2026-07-23 23:07:53,279 root INFO Epoch: 1
2026-07-23 23:07:53,279 root INFO Train Loss: 1.8227
2026-07-23 23:07:53,279 root INFO Train Acc : 0.4252
2026-07-23 23:07:53,279 root INFO Train F1  : 0.4105
2026-07-23 23:07:53,279 root INFO Val Loss  : 1.4805
2026-07-23 23:07:53,279 root INFO Val Acc   : 0.5425
2026-07-23 23:07:53,280 root INFO Val F1    : 0.5002
2026-07-23 23:36:31,919 root INFO Epoch: 2
2026-07-23 23:36:31,919 root INFO Train Loss: 1.1654
2026-07-23 23:36:31,919 root INFO Train Acc : 0.6149
2026-07-23 23:36:31,919 root INFO Train F1  : 0.6068
2026-07-23 23:36:31,920 root INFO Val Loss  : 0.9589
2026-07-23 23:36:31,920 root INFO Val Acc   : 0.6840
2026-07-23 23:36:31,920 root INFO Val F1    : 0.6611
2026-07-24 00:05:04,652 root INFO Epoch: 3
2026-07-24 00:05:04,652 root INFO Train Loss: 0.9175
2026-07-24 00:05:04,652 root INFO Train Acc : 0.6918
2026-07-24 00:05:04,652 root INFO Train F1  : 0.6838
2026-07-24 00:05:04,652 root INFO Val Loss  : 0.9051
2026-07-24 00:05:04,653 root INFO Val Acc   : 0.7083
2026-07-24 00:05:04,653 root INFO Val F1    : 0.6812
2026-07-24 00:33:50,001 root INFO Epoch: 4
2026-07-24 00:33:50,002 root INFO Train Loss: 0.7679
2026-07-24 00:33:50,002 root INFO Train Acc : 0.7382
2026-07-24 00:33:50,003 root INFO Train F1  : 0.7316
2026-07-24 00:33:50,003 root INFO Val Loss  : 0.7770
2026-07-24 00:33:50,003 root INFO Val Acc   : 0.7543
2026-07-24 00:33:50,003 root INFO Val F1    : 0.7407
2026-07-24 01:02:54,749 root INFO Epoch: 5
2026-07-24 01:02:54,750 root INFO Train Loss: 0.7127
2026-07-24 01:02:54,750 root INFO Train Acc : 0.7582
2026-07-24 01:02:54,750 root INFO Train F1  : 0.7490
2026-07-24 01:02:54,750 root INFO Val Loss  : 0.8260
2026-07-24 01:02:54,750 root INFO Val Acc   : 0.7387
2026-07-24 01:02:54,750 root INFO Val F1    : 0.7260
2026-07-24 01:31:42,708 root INFO Epoch: 6
2026-07-24 01:31:42,708 root INFO Train Loss: 0.6017
2026-07-24 01:31:42,708 root INFO Train Acc : 0.7917
2026-07-24 01:31:42,708 root INFO Train F1  : 0.7829
2026-07-24 01:31:42,708 root INFO Val Loss  : 0.6255
2026-07-24 01:31:42,709 root INFO Val Acc   : 0.7891
2026-07-24 01:31:42,709 root INFO Val F1    : 0.7770
2026-07-24 02:00:43,223 root INFO Epoch: 7
2026-07-24 02:00:43,223 root INFO Train Loss: 0.5621
2026-07-24 02:00:43,223 root INFO Train Acc : 0.8043
2026-07-24 02:00:43,224 root INFO Train F1  : 0.7957
2026-07-24 02:00:43,224 root INFO Val Loss  : 0.5646
2026-07-24 02:00:43,224 root INFO Val Acc   : 0.8125
2026-07-24 02:00:43,224 root INFO Val F1    : 0.7861
2026-07-24 02:29:59,194 root INFO Epoch: 8
2026-07-24 02:29:59,195 root INFO Train Loss: 0.5180
2026-07-24 02:29:59,195 root INFO Train Acc : 0.8174
2026-07-24 02:29:59,195 root INFO Train F1  : 0.8083
2026-07-24 02:29:59,195 root INFO Val Loss  : 0.5968
2026-07-24 02:29:59,195 root INFO Val Acc   : 0.8021
2026-07-24 02:29:59,195 root INFO Val F1    : 0.7831
2026-07-24 02:59:12,102 root INFO Epoch: 9
2026-07-24 02:59:12,103 root INFO Train Loss: 0.4831
2026-07-24 02:59:12,103 root INFO Train Acc : 0.8316
2026-07-24 02:59:12,103 root INFO Train F1  : 0.8214
2026-07-24 02:59:12,103 root INFO Val Loss  : 0.5669
2026-07-24 02:59:12,103 root INFO Val Acc   : 0.8186
2026-07-24 02:59:12,103 root INFO Val F1    : 0.8072
2026-07-24 03:28:46,471 root INFO Epoch: 10
2026-07-24 03:28:46,471 root INFO Train Loss: 0.4390
2026-07-24 03:28:46,471 root INFO Train Acc : 0.8450
2026-07-24 03:28:46,471 root INFO Train F1  : 0.8364
2026-07-24 03:28:46,471 root INFO Val Loss  : 0.5208
2026-07-24 03:28:46,472 root INFO Val Acc   : 0.8325
2026-07-24 03:28:46,472 root INFO Val F1    : 0.8144
2026-07-24 03:58:26,531 root INFO Epoch: 11
2026-07-24 03:58:26,531 root INFO Train Loss: 0.3955
2026-07-24 03:58:26,531 root INFO Train Acc : 0.8611
2026-07-24 03:58:26,531 root INFO Train F1  : 0.8525
2026-07-24 03:58:26,532 root INFO Val Loss  : 0.5339
2026-07-24 03:58:26,532 root INFO Val Acc   : 0.8134
2026-07-24 03:58:26,532 root INFO Val F1    : 0.8062
2026-07-24 04:28:25,555 root INFO Epoch: 12
2026-07-24 04:28:25,556 root INFO Train Loss: 0.3780
2026-07-24 04:28:25,556 root INFO Train Acc : 0.8651
2026-07-24 04:28:25,556 root INFO Train F1  : 0.8566
2026-07-24 04:28:25,556 root INFO Val Loss  : 0.5063
2026-07-24 04:28:25,556 root INFO Val Acc   : 0.8429
2026-07-24 04:28:25,556 root INFO Val F1    : 0.8300
2026-07-24 04:56:14,994 root INFO Epoch: 13
2026-07-24 04:56:14,994 root INFO Train Loss: 0.3644
2026-07-24 04:56:14,994 root INFO Train Acc : 0.8720
2026-07-24 04:56:14,994 root INFO Train F1  : 0.8631
2026-07-24 04:56:14,994 root INFO Val Loss  : 0.4663
2026-07-24 04:56:14,995 root INFO Val Acc   : 0.8368
2026-07-24 04:56:14,995 root INFO Val F1    : 0.8304
2026-07-24 05:23:55,919 root INFO Epoch: 14
2026-07-24 05:23:55,920 root INFO Train Loss: 0.3312
2026-07-24 05:23:55,920 root INFO Train Acc : 0.8793
2026-07-24 05:23:55,920 root INFO Train F1  : 0.8697
2026-07-24 05:23:55,920 root INFO Val Loss  : 0.4171
2026-07-24 05:23:55,920 root INFO Val Acc   : 0.8516
2026-07-24 05:23:55,921 root INFO Val F1    : 0.8406
2026-07-24 05:51:34,809 root INFO Epoch: 15
2026-07-24 05:51:34,810 root INFO Train Loss: 0.3082
2026-07-24 05:51:34,810 root INFO Train Acc : 0.8906
2026-07-24 05:51:34,810 root INFO Train F1  : 0.8817
2026-07-24 05:51:34,810 root INFO Val Loss  : 0.4471
2026-07-24 05:51:34,810 root INFO Val Acc   : 0.8438
2026-07-24 05:51:34,810 root INFO Val F1    : 0.8286
2026-07-24 06:19:58,620 root INFO Epoch: 16
2026-07-24 06:19:58,620 root INFO Train Loss: 0.2869
2026-07-24 06:19:58,620 root INFO Train Acc : 0.8936
2026-07-24 06:19:58,620 root INFO Train F1  : 0.8864
2026-07-24 06:19:58,620 root INFO Val Loss  : 0.3888
2026-07-24 06:19:58,621 root INFO Val Acc   : 0.8741
2026-07-24 06:19:58,621 root INFO Val F1    : 0.8640
2026-07-24 06:49:10,189 root INFO Epoch: 17
2026-07-24 06:49:10,189 root INFO Train Loss: 0.2723
2026-07-24 06:49:10,190 root INFO Train Acc : 0.8969
2026-07-24 06:49:10,190 root INFO Train F1  : 0.8880
2026-07-24 06:49:10,190 root INFO Val Loss  : 0.3914
2026-07-24 06:49:10,190 root INFO Val Acc   : 0.8611
2026-07-24 06:49:10,190 root INFO Val F1    : 0.8473
2026-07-24 07:17:02,086 root INFO Epoch: 18
2026-07-24 07:17:02,086 root INFO Train Loss: 0.2573
2026-07-24 07:17:02,086 root INFO Train Acc : 0.9051
2026-07-24 07:17:02,086 root INFO Train F1  : 0.8970
2026-07-24 07:17:02,086 root INFO Val Loss  : 0.3951
2026-07-24 07:17:02,086 root INFO Val Acc   : 0.8663
2026-07-24 07:17:02,087 root INFO Val F1    : 0.8574
2026-07-24 07:45:07,894 root INFO Epoch: 19
2026-07-24 07:45:07,894 root INFO Train Loss: 0.2517
2026-07-24 07:45:07,895 root INFO Train Acc : 0.9081
2026-07-24 07:45:07,895 root INFO Train F1  : 0.8992
2026-07-24 07:45:07,895 root INFO Val Loss  : 0.4403
2026-07-24 07:45:07,895 root INFO Val Acc   : 0.8568
2026-07-24 07:45:07,896 root INFO Val F1    : 0.8447
2026-07-24 08:12:50,898 root INFO Epoch: 20
2026-07-24 08:12:50,898 root INFO Train Loss: 0.2335
2026-07-24 08:12:50,898 root INFO Train Acc : 0.9151
2026-07-24 08:12:50,898 root INFO Train F1  : 0.9074
2026-07-24 08:12:50,898 root INFO Val Loss  : 0.3930
2026-07-24 08:12:50,899 root INFO Val Acc   : 0.8663
2026-07-24 08:12:50,899 root INFO Val F1    : 0.8615
2026-07-24 08:40:47,541 root INFO Epoch: 21
2026-07-24 08:40:47,542 root INFO Train Loss: 0.2271
2026-07-24 08:40:47,542 root INFO Train Acc : 0.9175
2026-07-24 08:40:47,542 root INFO Train F1  : 0.9092
2026-07-24 08:40:47,542 root INFO Val Loss  : 0.3750
2026-07-24 08:40:47,542 root INFO Val Acc   : 0.8880
2026-07-24 08:40:47,542 root INFO Val F1    : 0.8796
2026-07-24 09:07:27,443 root INFO Epoch: 22
2026-07-24 09:07:27,443 root INFO Train Loss: 0.2183
2026-07-24 09:07:27,443 root INFO Train Acc : 0.9211
2026-07-24 09:07:27,444 root INFO Train F1  : 0.9129
2026-07-24 09:07:27,444 root INFO Val Loss  : 0.3819
2026-07-24 09:07:27,444 root INFO Val Acc   : 0.8715
2026-07-24 09:07:27,444 root INFO Val F1    : 0.8615
2026-07-24 09:34:52,048 root INFO Epoch: 23
2026-07-24 09:34:52,048 root INFO Train Loss: 0.2180
2026-07-24 09:34:52,048 root INFO Train Acc : 0.9197
2026-07-24 09:34:52,049 root INFO Train F1  : 0.9102
2026-07-24 09:34:52,049 root INFO Val Loss  : 0.3741
2026-07-24 09:34:52,049 root INFO Val Acc   : 0.8837
2026-07-24 09:34:52,049 root INFO Val F1    : 0.8748
2026-07-24 10:02:51,295 root INFO Epoch: 24
2026-07-24 10:02:51,295 root INFO Train Loss: 0.2141
2026-07-24 10:02:51,295 root INFO Train Acc : 0.9206
2026-07-24 10:02:51,295 root INFO Train F1  : 0.9124
2026-07-24 10:02:51,295 root INFO Val Loss  : 0.3733
2026-07-24 10:02:51,296 root INFO Val Acc   : 0.8828
2026-07-24 10:02:51,296 root INFO Val F1    : 0.8737
2026-07-24 10:04:19,661 root INFO 
Best validation accuracy: 0.8880
2026-07-24 10:04:19,661 root INFO Test accuracy: 0.8877
2026-07-24 10:04:19,662 root INFO Test F1-score: 0.8794
