2026-07-26 10:21:06,415 root INFO Epoch: 0
2026-07-26 10:21:06,416 root INFO Train Loss: 1.9174
2026-07-26 10:21:06,416 root INFO Train Acc : 0.6343
2026-07-26 10:21:06,416 root INFO Train F1  : 0.6280
2026-07-26 10:21:06,416 root INFO Val Loss  : 0.4600
2026-07-26 10:21:06,416 root INFO Val Acc   : 0.8993
2026-07-26 10:21:06,417 root INFO Val F1    : 0.8774
2026-07-26 10:50:13,028 root INFO Epoch: 1
2026-07-26 10:50:13,028 root INFO Train Loss: 0.3884
2026-07-26 10:50:13,029 root INFO Train Acc : 0.8941
2026-07-26 10:50:13,029 root INFO Train F1  : 0.8796
2026-07-26 10:50:13,029 root INFO Val Loss  : 0.2990
2026-07-26 10:50:13,029 root INFO Val Acc   : 0.9149
2026-07-26 10:50:13,029 root INFO Val F1    : 0.9013
2026-07-26 11:18:48,794 root INFO Epoch: 2
2026-07-26 11:18:48,795 root INFO Train Loss: 0.2946
2026-07-26 11:18:48,795 root INFO Train Acc : 0.9094
2026-07-26 11:18:48,795 root INFO Train F1  : 0.8980
2026-07-26 11:18:48,795 root INFO Val Loss  : 0.3181
2026-07-26 11:18:48,795 root INFO Val Acc   : 0.8941
2026-07-26 11:18:48,795 root INFO Val F1    : 0.8820
2026-07-26 11:47:12,499 root INFO Epoch: 3
2026-07-26 11:47:12,499 root INFO Train Loss: 0.2480
2026-07-26 11:47:12,499 root INFO Train Acc : 0.9230
2026-07-26 11:47:12,499 root INFO Train F1  : 0.9129
2026-07-26 11:47:12,499 root INFO Val Loss  : 0.2881
2026-07-26 11:47:12,500 root INFO Val Acc   : 0.9149
2026-07-26 11:47:12,500 root INFO Val F1    : 0.8994
2026-07-26 12:15:51,047 root INFO Epoch: 4
2026-07-26 12:15:51,048 root INFO Train Loss: 0.2331
2026-07-26 12:15:51,048 root INFO Train Acc : 0.9190
2026-07-26 12:15:51,048 root INFO Train F1  : 0.9107
2026-07-26 12:15:51,048 root INFO Val Loss  : 0.2289
2026-07-26 12:15:51,048 root INFO Val Acc   : 0.9332
2026-07-26 12:15:51,048 root INFO Val F1    : 0.9189
2026-07-26 12:44:02,581 root INFO Epoch: 5
2026-07-26 12:44:02,581 root INFO Train Loss: 0.1882
2026-07-26 12:44:02,581 root INFO Train Acc : 0.9350
2026-07-26 12:44:02,582 root INFO Train F1  : 0.9294
2026-07-26 12:44:02,582 root INFO Val Loss  : 0.2392
2026-07-26 12:44:02,582 root INFO Val Acc   : 0.9236
2026-07-26 12:44:02,582 root INFO Val F1    : 0.9145
2026-07-26 13:12:14,045 root INFO Epoch: 6
2026-07-26 13:12:14,045 root INFO Train Loss: 0.1733
2026-07-26 13:12:14,045 root INFO Train Acc : 0.9348
2026-07-26 13:12:14,046 root INFO Train F1  : 0.9293
2026-07-26 13:12:14,046 root INFO Val Loss  : 0.2088
2026-07-26 13:12:14,046 root INFO Val Acc   : 0.9401
2026-07-26 13:12:14,046 root INFO Val F1    : 0.9341
2026-07-26 13:41:40,617 root INFO Epoch: 7
2026-07-26 13:41:40,618 root INFO Train Loss: 0.1543
2026-07-26 13:41:40,618 root INFO Train Acc : 0.9407
2026-07-26 13:41:40,618 root INFO Train F1  : 0.9367
2026-07-26 13:41:40,618 root INFO Val Loss  : 0.2150
2026-07-26 13:41:40,618 root INFO Val Acc   : 0.9392
2026-07-26 13:41:40,618 root INFO Val F1    : 0.9360
2026-07-26 14:09:45,393 root INFO Epoch: 8
2026-07-26 14:09:45,393 root INFO Train Loss: 0.1445
2026-07-26 14:09:45,394 root INFO Train Acc : 0.9422
2026-07-26 14:09:45,394 root INFO Train F1  : 0.9399
2026-07-26 14:09:45,394 root INFO Val Loss  : 0.2570
2026-07-26 14:09:45,394 root INFO Val Acc   : 0.9132
2026-07-26 14:09:45,394 root INFO Val F1    : 0.9099
2026-07-26 14:37:39,539 root INFO Epoch: 9
2026-07-26 14:37:39,540 root INFO Train Loss: 0.1278
2026-07-26 14:37:39,540 root INFO Train Acc : 0.9463
2026-07-26 14:37:39,540 root INFO Train F1  : 0.9437
2026-07-26 14:37:39,540 root INFO Val Loss  : 0.2210
2026-07-26 14:37:39,540 root INFO Val Acc   : 0.9462
2026-07-26 14:37:39,541 root INFO Val F1    : 0.9406
2026-07-26 15:06:37,079 root INFO Epoch: 10
2026-07-26 15:06:37,079 root INFO Train Loss: 0.1183
2026-07-26 15:06:37,079 root INFO Train Acc : 0.9504
2026-07-26 15:06:37,079 root INFO Train F1  : 0.9484
2026-07-26 15:06:37,079 root INFO Val Loss  : 0.2564
2026-07-26 15:06:37,080 root INFO Val Acc   : 0.9366
2026-07-26 15:06:37,080 root INFO Val F1    : 0.9325
2026-07-26 15:36:50,215 root INFO Epoch: 11
2026-07-26 15:36:50,215 root INFO Train Loss: 0.1099
2026-07-26 15:36:50,216 root INFO Train Acc : 0.9508
2026-07-26 15:36:50,216 root INFO Train F1  : 0.9495
2026-07-26 15:36:50,216 root INFO Val Loss  : 0.2203
2026-07-26 15:36:50,216 root INFO Val Acc   : 0.9523
2026-07-26 15:36:50,216 root INFO Val F1    : 0.9498
2026-07-26 16:05:17,113 root INFO Epoch: 12
2026-07-26 16:05:17,113 root INFO Train Loss: 0.1108
2026-07-26 16:05:17,113 root INFO Train Acc : 0.9495
2026-07-26 16:05:17,114 root INFO Train F1  : 0.9480
2026-07-26 16:05:17,114 root INFO Val Loss  : 0.2421
2026-07-26 16:05:17,114 root INFO Val Acc   : 0.9453
2026-07-26 16:05:17,114 root INFO Val F1    : 0.9408
2026-07-26 16:33:41,047 root INFO Epoch: 13
2026-07-26 16:33:41,048 root INFO Train Loss: 0.1038
2026-07-26 16:33:41,048 root INFO Train Acc : 0.9531
2026-07-26 16:33:41,048 root INFO Train F1  : 0.9516
2026-07-26 16:33:41,048 root INFO Val Loss  : 0.2409
2026-07-26 16:33:41,048 root INFO Val Acc   : 0.9410
2026-07-26 16:33:41,048 root INFO Val F1    : 0.9394
2026-07-26 17:02:02,267 root INFO Epoch: 14
2026-07-26 17:02:02,267 root INFO Train Loss: 0.0921
2026-07-26 17:02:02,267 root INFO Train Acc : 0.9566
2026-07-26 17:02:02,267 root INFO Train F1  : 0.9560
2026-07-26 17:02:02,267 root INFO Val Loss  : 0.2446
2026-07-26 17:02:02,268 root INFO Val Acc   : 0.9444
2026-07-26 17:02:02,268 root INFO Val F1    : 0.9427
2026-07-26 17:30:11,881 root INFO Epoch: 15
2026-07-26 17:30:11,882 root INFO Train Loss: 0.0931
2026-07-26 17:30:11,882 root INFO Train Acc : 0.9545
2026-07-26 17:30:11,882 root INFO Train F1  : 0.9536
2026-07-26 17:30:11,882 root INFO Val Loss  : 0.2382
2026-07-26 17:30:11,882 root INFO Val Acc   : 0.9470
2026-07-26 17:30:11,882 root INFO Val F1    : 0.9423
2026-07-26 17:57:54,342 root INFO Epoch: 16
2026-07-26 17:57:54,343 root INFO Train Loss: 0.0824
2026-07-26 17:57:54,343 root INFO Train Acc : 0.9569
2026-07-26 17:57:54,343 root INFO Train F1  : 0.9561
2026-07-26 17:57:54,343 root INFO Val Loss  : 0.2370
2026-07-26 17:57:54,343 root INFO Val Acc   : 0.9479
2026-07-26 17:57:54,343 root INFO Val F1    : 0.9462
2026-07-26 18:26:56,617 root INFO Epoch: 17
2026-07-26 18:26:56,618 root INFO Train Loss: 0.0834
2026-07-26 18:26:56,618 root INFO Train Acc : 0.9579
2026-07-26 18:26:56,618 root INFO Train F1  : 0.9573
2026-07-26 18:26:56,618 root INFO Val Loss  : 0.2549
2026-07-26 18:26:56,618 root INFO Val Acc   : 0.9358
2026-07-26 18:26:56,618 root INFO Val F1    : 0.9323
2026-07-26 18:57:06,206 root INFO Epoch: 18
2026-07-26 18:57:06,206 root INFO Train Loss: 0.0794
2026-07-26 18:57:06,207 root INFO Train Acc : 0.9598
2026-07-26 18:57:06,207 root INFO Train F1  : 0.9594
2026-07-26 18:57:06,207 root INFO Val Loss  : 0.2488
2026-07-26 18:57:06,207 root INFO Val Acc   : 0.9453
2026-07-26 18:57:06,207 root INFO Val F1    : 0.9435
2026-07-26 19:25:47,568 root INFO Epoch: 19
2026-07-26 19:25:47,568 root INFO Train Loss: 0.0781
2026-07-26 19:25:47,568 root INFO Train Acc : 0.9624
2026-07-26 19:25:47,568 root INFO Train F1  : 0.9619
2026-07-26 19:25:47,569 root INFO Val Loss  : 0.2540
2026-07-26 19:25:47,569 root INFO Val Acc   : 0.9453
2026-07-26 19:25:47,569 root INFO Val F1    : 0.9434
2026-07-26 19:53:57,942 root INFO Epoch: 20
2026-07-26 19:53:57,943 root INFO Train Loss: 0.0766
2026-07-26 19:53:57,943 root INFO Train Acc : 0.9604
2026-07-26 19:53:57,943 root INFO Train F1  : 0.9599
2026-07-26 19:53:57,943 root INFO Val Loss  : 0.2606
2026-07-26 19:53:57,943 root INFO Val Acc   : 0.9375
2026-07-26 19:53:57,943 root INFO Val F1    : 0.9352
2026-07-26 20:22:48,371 root INFO Epoch: 21
2026-07-26 20:22:48,371 root INFO Train Loss: 0.0758
2026-07-26 20:22:48,371 root INFO Train Acc : 0.9604
2026-07-26 20:22:48,371 root INFO Train F1  : 0.9596
2026-07-26 20:22:48,371 root INFO Val Loss  : 0.2478
2026-07-26 20:22:48,372 root INFO Val Acc   : 0.9410
2026-07-26 20:22:48,372 root INFO Val F1    : 0.9387
2026-07-26 20:51:14,966 root INFO Epoch: 22
2026-07-26 20:51:14,967 root INFO Train Loss: 0.0711
2026-07-26 20:51:14,967 root INFO Train Acc : 0.9620
2026-07-26 20:51:14,967 root INFO Train F1  : 0.9615
2026-07-26 20:51:14,967 root INFO Val Loss  : 0.2621
2026-07-26 20:51:14,967 root INFO Val Acc   : 0.9444
2026-07-26 20:51:14,967 root INFO Val F1    : 0.9427
2026-07-26 21:19:28,887 root INFO Epoch: 23
2026-07-26 21:19:28,887 root INFO Train Loss: 0.0751
2026-07-26 21:19:28,887 root INFO Train Acc : 0.9605
2026-07-26 21:19:28,887 root INFO Train F1  : 0.9600
2026-07-26 21:19:28,887 root INFO Val Loss  : 0.2563
2026-07-26 21:19:28,888 root INFO Val Acc   : 0.9488
2026-07-26 21:19:28,888 root INFO Val F1    : 0.9470
2026-07-26 21:47:33,773 root INFO Epoch: 24
2026-07-26 21:47:33,773 root INFO Train Loss: 0.0719
2026-07-26 21:47:33,773 root INFO Train Acc : 0.9634
2026-07-26 21:47:33,774 root INFO Train F1  : 0.9629
2026-07-26 21:47:33,774 root INFO Val Loss  : 0.2647
2026-07-26 21:47:33,774 root INFO Val Acc   : 0.9392
2026-07-26 21:47:33,774 root INFO Val F1    : 0.9371
2026-07-26 21:48:43,210 root INFO 
Best validation accuracy: 0.9523
2026-07-26 21:48:43,210 root INFO Test accuracy: 0.9213
2026-07-26 21:48:43,210 root INFO Test F1-score: 0.9180
