2026-07-25 10:27:51,820 timm.models._builder INFO Loading pretrained weights from Hugging Face hub (timm/fastvit_s12.apple_in1k)
2026-07-25 10:27:52,200 httpx INFO HTTP Request: HEAD https://huggingface.co/timm/fastvit_s12.apple_in1k/resolve/main/model.safetensors "HTTP/1.1 302 Found"
2026-07-25 10:27:56,957 timm.models._hub INFO [timm/fastvit_s12.apple_in1k] Safe alternative available for 'pytorch_model.bin' (as 'model.safetensors'). Loading weights using safetensors.
2026-07-25 10:27:57,162 timm.models._builder INFO Missing keys (head.fc.weight, head.fc.bias) discovered while loading pretrained weights. This is expected if model is being adapted.
2026-07-25 10:48:23,212 root INFO Epoch: 0
2026-07-25 10:48:23,212 root INFO Train Loss: 2.0431
2026-07-25 10:48:23,212 root INFO Train Acc : 0.6239
2026-07-25 10:48:23,212 root INFO Train F1  : 0.6154
2026-07-25 10:48:23,213 root INFO Val Loss  : 0.7751
2026-07-25 10:48:23,213 root INFO Val Acc   : 0.8377
2026-07-25 10:48:23,213 root INFO Val F1    : 0.8232
2026-07-25 11:08:58,025 root INFO Epoch: 1
2026-07-25 11:08:58,026 root INFO Train Loss: 0.4156
2026-07-25 11:08:58,026 root INFO Train Acc : 0.8938
2026-07-25 11:08:58,026 root INFO Train F1  : 0.8792
2026-07-25 11:08:58,026 root INFO Val Loss  : 0.5808
2026-07-25 11:08:58,026 root INFO Val Acc   : 0.8767
2026-07-25 11:08:58,026 root INFO Val F1    : 0.8672
2026-07-25 11:28:39,803 root INFO Epoch: 2
2026-07-25 11:28:39,803 root INFO Train Loss: 0.2848
2026-07-25 11:28:39,803 root INFO Train Acc : 0.9130
2026-07-25 11:28:39,803 root INFO Train F1  : 0.9002
2026-07-25 11:28:39,803 root INFO Val Loss  : 0.2957
2026-07-25 11:28:39,804 root INFO Val Acc   : 0.9080
2026-07-25 11:28:39,804 root INFO Val F1    : 0.8952
2026-07-25 11:46:49,781 root INFO Epoch: 3
2026-07-25 11:46:49,781 root INFO Train Loss: 0.2437
2026-07-25 11:46:49,781 root INFO Train Acc : 0.9216
2026-07-25 11:46:49,781 root INFO Train F1  : 0.9095
2026-07-25 11:46:49,782 root INFO Val Loss  : 0.8802
2026-07-25 11:46:49,782 root INFO Val Acc   : 0.7622
2026-07-25 11:46:49,782 root INFO Val F1    : 0.7315
2026-07-25 12:05:03,893 root INFO Epoch: 4
2026-07-25 12:05:03,894 root INFO Train Loss: 0.2252
2026-07-25 12:05:03,894 root INFO Train Acc : 0.9269
2026-07-25 12:05:03,894 root INFO Train F1  : 0.9162
2026-07-25 12:05:03,894 root INFO Val Loss  : 0.2754
2026-07-25 12:05:03,894 root INFO Val Acc   : 0.9149
2026-07-25 12:05:03,895 root INFO Val F1    : 0.9035
2026-07-25 12:22:44,658 root INFO Epoch: 5
2026-07-25 12:22:44,659 root INFO Train Loss: 0.1976
2026-07-25 12:22:44,659 root INFO Train Acc : 0.9309
2026-07-25 12:22:44,659 root INFO Train F1  : 0.9221
2026-07-25 12:22:44,659 root INFO Val Loss  : 0.2375
2026-07-25 12:22:44,659 root INFO Val Acc   : 0.9349
2026-07-25 12:22:44,660 root INFO Val F1    : 0.9271
2026-07-25 12:40:30,965 root INFO Epoch: 6
2026-07-25 12:40:30,965 root INFO Train Loss: 0.1776
2026-07-25 12:40:30,965 root INFO Train Acc : 0.9339
2026-07-25 12:40:30,965 root INFO Train F1  : 0.9269
2026-07-25 12:40:30,965 root INFO Val Loss  : 0.2377
2026-07-25 12:40:30,966 root INFO Val Acc   : 0.9106
2026-07-25 12:40:30,966 root INFO Val F1    : 0.9095
2026-07-25 12:57:49,778 root INFO Epoch: 7
2026-07-25 12:57:49,778 root INFO Train Loss: 0.1544
2026-07-25 12:57:49,779 root INFO Train Acc : 0.9405
2026-07-25 12:57:49,779 root INFO Train F1  : 0.9353
2026-07-25 12:57:49,779 root INFO Val Loss  : 0.3454
2026-07-25 12:57:49,779 root INFO Val Acc   : 0.9010
2026-07-25 12:57:49,779 root INFO Val F1    : 0.8962
2026-07-25 13:15:23,021 root INFO Epoch: 8
2026-07-25 13:15:23,021 root INFO Train Loss: 0.1415
2026-07-25 13:15:23,021 root INFO Train Acc : 0.9429
2026-07-25 13:15:23,022 root INFO Train F1  : 0.9392
2026-07-25 13:15:23,022 root INFO Val Loss  : 0.2343
2026-07-25 13:15:23,022 root INFO Val Acc   : 0.9236
2026-07-25 13:15:23,022 root INFO Val F1    : 0.9173
2026-07-25 13:32:55,620 root INFO Epoch: 9
2026-07-25 13:32:55,620 root INFO Train Loss: 0.1275
2026-07-25 13:32:55,620 root INFO Train Acc : 0.9498
2026-07-25 13:32:55,620 root INFO Train F1  : 0.9466
2026-07-25 13:32:55,621 root INFO Val Loss  : 0.2051
2026-07-25 13:32:55,621 root INFO Val Acc   : 0.9314
2026-07-25 13:32:55,621 root INFO Val F1    : 0.9258
2026-07-25 13:50:29,052 root INFO Epoch: 10
2026-07-25 13:50:29,053 root INFO Train Loss: 0.1196
2026-07-25 13:50:29,053 root INFO Train Acc : 0.9481
2026-07-25 13:50:29,053 root INFO Train F1  : 0.9460
2026-07-25 13:50:29,053 root INFO Val Loss  : 0.2440
2026-07-25 13:50:29,053 root INFO Val Acc   : 0.9297
2026-07-25 13:50:29,053 root INFO Val F1    : 0.9289
2026-07-25 14:08:08,448 root INFO Epoch: 11
2026-07-25 14:08:08,448 root INFO Train Loss: 0.1100
2026-07-25 14:08:08,448 root INFO Train Acc : 0.9492
2026-07-25 14:08:08,449 root INFO Train F1  : 0.9470
2026-07-25 14:08:08,449 root INFO Val Loss  : 0.2685
2026-07-25 14:08:08,449 root INFO Val Acc   : 0.9271
2026-07-25 14:08:08,449 root INFO Val F1    : 0.9234
2026-07-25 14:25:31,354 root INFO Epoch: 12
2026-07-25 14:25:31,355 root INFO Train Loss: 0.0990
2026-07-25 14:25:31,355 root INFO Train Acc : 0.9527
2026-07-25 14:25:31,355 root INFO Train F1  : 0.9507
2026-07-25 14:25:31,355 root INFO Val Loss  : 0.2557
2026-07-25 14:25:31,355 root INFO Val Acc   : 0.9436
2026-07-25 14:25:31,356 root INFO Val F1    : 0.9405
2026-07-25 14:42:57,302 root INFO Epoch: 13
2026-07-25 14:42:57,302 root INFO Train Loss: 0.0979
2026-07-25 14:42:57,302 root INFO Train Acc : 0.9522
2026-07-25 14:42:57,302 root INFO Train F1  : 0.9508
2026-07-25 14:42:57,303 root INFO Val Loss  : 0.2339
2026-07-25 14:42:57,303 root INFO Val Acc   : 0.9306
2026-07-25 14:42:57,303 root INFO Val F1    : 0.9250
2026-07-25 15:00:29,090 root INFO Epoch: 14
2026-07-25 15:00:29,091 root INFO Train Loss: 0.0895
2026-07-25 15:00:29,091 root INFO Train Acc : 0.9561
2026-07-25 15:00:29,091 root INFO Train F1  : 0.9547
2026-07-25 15:00:29,091 root INFO Val Loss  : 0.2244
2026-07-25 15:00:29,091 root INFO Val Acc   : 0.9410
2026-07-25 15:00:29,091 root INFO Val F1    : 0.9394
2026-07-25 15:17:45,334 root INFO Epoch: 15
2026-07-25 15:17:45,335 root INFO Train Loss: 0.0868
2026-07-25 15:17:45,335 root INFO Train Acc : 0.9552
2026-07-25 15:17:45,335 root INFO Train F1  : 0.9542
2026-07-25 15:17:45,335 root INFO Val Loss  : 0.2302
2026-07-25 15:17:45,335 root INFO Val Acc   : 0.9470
2026-07-25 15:17:45,335 root INFO Val F1    : 0.9448
2026-07-25 15:35:47,324 root INFO Epoch: 16
2026-07-25 15:35:47,324 root INFO Train Loss: 0.0853
2026-07-25 15:35:47,324 root INFO Train Acc : 0.9539
2026-07-25 15:35:47,324 root INFO Train F1  : 0.9530
2026-07-25 15:35:47,324 root INFO Val Loss  : 0.2260
2026-07-25 15:35:47,325 root INFO Val Acc   : 0.9427
2026-07-25 15:35:47,325 root INFO Val F1    : 0.9392
2026-07-25 15:54:14,031 root INFO Epoch: 17
2026-07-25 15:54:14,031 root INFO Train Loss: 0.0766
2026-07-25 15:54:14,031 root INFO Train Acc : 0.9582
2026-07-25 15:54:14,031 root INFO Train F1  : 0.9572
2026-07-25 15:54:14,032 root INFO Val Loss  : 0.2116
2026-07-25 15:54:14,032 root INFO Val Acc   : 0.9488
2026-07-25 15:54:14,032 root INFO Val F1    : 0.9470
2026-07-25 16:12:19,569 root INFO Epoch: 18
2026-07-25 16:12:19,570 root INFO Train Loss: 0.0752
2026-07-25 16:12:19,570 root INFO Train Acc : 0.9593
2026-07-25 16:12:19,571 root INFO Train F1  : 0.9584
2026-07-25 16:12:19,571 root INFO Val Loss  : 0.2346
2026-07-25 16:12:19,571 root INFO Val Acc   : 0.9418
2026-07-25 16:12:19,571 root INFO Val F1    : 0.9396
2026-07-25 16:30:16,685 root INFO Epoch: 19
2026-07-25 16:30:16,685 root INFO Train Loss: 0.0742
2026-07-25 16:30:16,685 root INFO Train Acc : 0.9612
2026-07-25 16:30:16,686 root INFO Train F1  : 0.9603
2026-07-25 16:30:16,686 root INFO Val Loss  : 0.2361
2026-07-25 16:30:16,686 root INFO Val Acc   : 0.9523
2026-07-25 16:30:16,686 root INFO Val F1    : 0.9509
2026-07-25 16:48:16,065 root INFO Epoch: 20
2026-07-25 16:48:16,066 root INFO Train Loss: 0.0720
2026-07-25 16:48:16,066 root INFO Train Acc : 0.9629
2026-07-25 16:48:16,066 root INFO Train F1  : 0.9623
2026-07-25 16:48:16,066 root INFO Val Loss  : 0.2299
2026-07-25 16:48:16,066 root INFO Val Acc   : 0.9479
2026-07-25 16:48:16,066 root INFO Val F1    : 0.9467
2026-07-25 17:06:27,551 root INFO Epoch: 21
2026-07-25 17:06:27,551 root INFO Train Loss: 0.0712
2026-07-25 17:06:27,552 root INFO Train Acc : 0.9631
2026-07-25 17:06:27,552 root INFO Train F1  : 0.9623
2026-07-25 17:06:27,552 root INFO Val Loss  : 0.2399
2026-07-25 17:06:27,552 root INFO Val Acc   : 0.9488
2026-07-25 17:06:27,552 root INFO Val F1    : 0.9476
2026-07-25 17:24:44,752 root INFO Epoch: 22
2026-07-25 17:24:44,753 root INFO Train Loss: 0.0690
2026-07-25 17:24:44,753 root INFO Train Acc : 0.9642
2026-07-25 17:24:44,753 root INFO Train F1  : 0.9637
2026-07-25 17:24:44,753 root INFO Val Loss  : 0.2341
2026-07-25 17:24:44,753 root INFO Val Acc   : 0.9531
2026-07-25 17:24:44,753 root INFO Val F1    : 0.9511
2026-07-25 17:42:58,195 root INFO Epoch: 23
2026-07-25 17:42:58,195 root INFO Train Loss: 0.0674
2026-07-25 17:42:58,195 root INFO Train Acc : 0.9658
2026-07-25 17:42:58,195 root INFO Train F1  : 0.9651
2026-07-25 17:42:58,195 root INFO Val Loss  : 0.2365
2026-07-25 17:42:58,196 root INFO Val Acc   : 0.9514
2026-07-25 17:42:58,196 root INFO Val F1    : 0.9498
2026-07-25 18:01:12,605 root INFO Epoch: 24
2026-07-25 18:01:12,606 root INFO Train Loss: 0.0655
2026-07-25 18:01:12,606 root INFO Train Acc : 0.9650
2026-07-25 18:01:12,606 root INFO Train F1  : 0.9646
2026-07-25 18:01:12,606 root INFO Val Loss  : 0.2327
2026-07-25 18:01:12,606 root INFO Val Acc   : 0.9505
2026-07-25 18:01:12,606 root INFO Val F1    : 0.9490
2026-07-25 18:02:14,763 root INFO 
Best validation accuracy: 0.9531
2026-07-25 18:02:14,763 root INFO Test accuracy: 0.9277
2026-07-25 18:02:14,763 root INFO Test F1-score: 0.9266
