2026-07-25 19:43:22,932 root INFO Epoch: 0
2026-07-25 19:43:22,933 root INFO Train Loss: 2.4260
2026-07-25 19:43:22,933 root INFO Train Acc : 0.5300
2026-07-25 19:43:22,933 root INFO Train F1  : 0.1234
2026-07-25 19:43:22,934 root INFO Val Loss  : 0.6426
2026-07-25 19:43:22,934 root INFO Val Acc   : 0.8307
2026-07-25 19:43:22,934 root INFO Val F1    : 0.7988
2026-07-25 20:01:38,846 root INFO Epoch: 1
2026-07-25 20:01:38,847 root INFO Train Loss: 0.4809
2026-07-25 20:01:38,847 root INFO Train Acc : 0.8633
2026-07-25 20:01:38,847 root INFO Train F1  : 0.8047
2026-07-25 20:01:38,847 root INFO Val Loss  : 0.3728
2026-07-25 20:01:38,847 root INFO Val Acc   : 0.9036
2026-07-25 20:01:38,847 root INFO Val F1    : 0.8920
2026-07-25 20:19:49,735 root INFO Epoch: 2
2026-07-25 20:19:49,736 root INFO Train Loss: 0.3515
2026-07-25 20:19:49,736 root INFO Train Acc : 0.8991
2026-07-25 20:19:49,736 root INFO Train F1  : 0.8758
2026-07-25 20:19:49,736 root INFO Val Loss  : 0.4703
2026-07-25 20:19:49,736 root INFO Val Acc   : 0.9019
2026-07-25 20:19:49,737 root INFO Val F1    : 0.8857
2026-07-25 20:37:56,613 root INFO Epoch: 3
2026-07-25 20:37:56,614 root INFO Train Loss: 0.3043
2026-07-25 20:37:56,614 root INFO Train Acc : 0.9056
2026-07-25 20:37:56,614 root INFO Train F1  : 0.8833
2026-07-25 20:37:56,614 root INFO Val Loss  : 0.3807
2026-07-25 20:37:56,614 root INFO Val Acc   : 0.9097
2026-07-25 20:37:56,615 root INFO Val F1    : 0.9001
2026-07-25 20:56:08,620 root INFO Epoch: 4
2026-07-25 20:56:08,620 root INFO Train Loss: 0.2947
2026-07-25 20:56:08,620 root INFO Train Acc : 0.9067
2026-07-25 20:56:08,620 root INFO Train F1  : 0.8716
2026-07-25 20:56:08,620 root INFO Val Loss  : 0.3242
2026-07-25 20:56:08,621 root INFO Val Acc   : 0.9149
2026-07-25 20:56:08,621 root INFO Val F1    : 0.9053
2026-07-25 21:14:15,971 root INFO Epoch: 5
2026-07-25 21:14:15,971 root INFO Train Loss: 0.2505
2026-07-25 21:14:15,972 root INFO Train Acc : 0.9189
2026-07-25 21:14:15,972 root INFO Train F1  : 0.9111
2026-07-25 21:14:15,972 root INFO Val Loss  : 0.3788
2026-07-25 21:14:15,972 root INFO Val Acc   : 0.9045
2026-07-25 21:14:15,972 root INFO Val F1    : 0.8959
2026-07-25 21:32:26,911 root INFO Epoch: 6
2026-07-25 21:32:26,912 root INFO Train Loss: 0.2284
2026-07-25 21:32:26,912 root INFO Train Acc : 0.9225
2026-07-25 21:32:26,912 root INFO Train F1  : 0.9151
2026-07-25 21:32:26,912 root INFO Val Loss  : 0.2722
2026-07-25 21:32:26,912 root INFO Val Acc   : 0.9262
2026-07-25 21:32:26,912 root INFO Val F1    : 0.9182
2026-07-25 21:50:57,605 root INFO Epoch: 7
2026-07-25 21:50:57,606 root INFO Train Loss: 0.2302
2026-07-25 21:50:57,606 root INFO Train Acc : 0.9223
2026-07-25 21:50:57,606 root INFO Train F1  : 0.9153
2026-07-25 21:50:57,606 root INFO Val Loss  : 0.2398
2026-07-25 21:50:57,606 root INFO Val Acc   : 0.9297
2026-07-25 21:50:57,606 root INFO Val F1    : 0.9226
2026-07-25 22:09:32,032 root INFO Epoch: 8
2026-07-25 22:09:32,032 root INFO Train Loss: 0.2063
2026-07-25 22:09:32,032 root INFO Train Acc : 0.9282
2026-07-25 22:09:32,032 root INFO Train F1  : 0.9220
2026-07-25 22:09:32,032 root INFO Val Loss  : 0.2842
2026-07-25 22:09:32,033 root INFO Val Acc   : 0.9123
2026-07-25 22:09:32,033 root INFO Val F1    : 0.9029
2026-07-25 22:28:14,648 root INFO Epoch: 9
2026-07-25 22:28:14,648 root INFO Train Loss: 0.1916
2026-07-25 22:28:14,648 root INFO Train Acc : 0.9332
2026-07-25 22:28:14,649 root INFO Train F1  : 0.9273
2026-07-25 22:28:14,649 root INFO Val Loss  : 0.2788
2026-07-25 22:28:14,649 root INFO Val Acc   : 0.9323
2026-07-25 22:28:14,649 root INFO Val F1    : 0.9270
2026-07-25 22:46:29,472 root INFO Epoch: 10
2026-07-25 22:46:29,472 root INFO Train Loss: 0.1893
2026-07-25 22:46:29,473 root INFO Train Acc : 0.9324
2026-07-25 22:46:29,473 root INFO Train F1  : 0.9126
2026-07-25 22:46:29,473 root INFO Val Loss  : 0.2305
2026-07-25 22:46:29,473 root INFO Val Acc   : 0.9253
2026-07-25 22:46:29,473 root INFO Val F1    : 0.9202
2026-07-25 23:04:44,173 root INFO Epoch: 11
2026-07-25 23:04:44,173 root INFO Train Loss: 0.1668
2026-07-25 23:04:44,173 root INFO Train Acc : 0.9367
2026-07-25 23:04:44,173 root INFO Train F1  : 0.9321
2026-07-25 23:04:44,173 root INFO Val Loss  : 0.2444
2026-07-25 23:04:44,174 root INFO Val Acc   : 0.9253
2026-07-25 23:04:44,174 root INFO Val F1    : 0.9211
2026-07-25 23:23:04,419 root INFO Epoch: 12
2026-07-25 23:23:04,419 root INFO Train Loss: 0.1616
2026-07-25 23:23:04,419 root INFO Train Acc : 0.9407
2026-07-25 23:23:04,419 root INFO Train F1  : 0.9370
2026-07-25 23:23:04,419 root INFO Val Loss  : 0.2508
2026-07-25 23:23:04,420 root INFO Val Acc   : 0.9349
2026-07-25 23:23:04,420 root INFO Val F1    : 0.9322
2026-07-25 23:41:19,381 root INFO Epoch: 13
2026-07-25 23:41:19,381 root INFO Train Loss: 0.1517
2026-07-25 23:41:19,382 root INFO Train Acc : 0.9416
2026-07-25 23:41:19,382 root INFO Train F1  : 0.9376
2026-07-25 23:41:19,382 root INFO Val Loss  : 0.2200
2026-07-25 23:41:19,382 root INFO Val Acc   : 0.9366
2026-07-25 23:41:19,382 root INFO Val F1    : 0.9331
2026-07-25 23:59:20,222 root INFO Epoch: 14
2026-07-25 23:59:20,222 root INFO Train Loss: 0.1506
2026-07-25 23:59:20,222 root INFO Train Acc : 0.9418
2026-07-25 23:59:20,222 root INFO Train F1  : 0.9387
2026-07-25 23:59:20,223 root INFO Val Loss  : 0.2306
2026-07-25 23:59:20,223 root INFO Val Acc   : 0.9288
2026-07-25 23:59:20,223 root INFO Val F1    : 0.9234
2026-07-26 00:17:13,980 root INFO Epoch: 15
2026-07-26 00:17:13,980 root INFO Train Loss: 0.1404
2026-07-26 00:17:13,980 root INFO Train Acc : 0.9451
2026-07-26 00:17:13,981 root INFO Train F1  : 0.9420
2026-07-26 00:17:13,981 root INFO Val Loss  : 0.2641
2026-07-26 00:17:13,981 root INFO Val Acc   : 0.9262
2026-07-26 00:17:13,981 root INFO Val F1    : 0.9211
2026-07-26 00:35:50,482 root INFO Epoch: 16
2026-07-26 00:35:50,482 root INFO Train Loss: 0.1344
2026-07-26 00:35:50,482 root INFO Train Acc : 0.9449
2026-07-26 00:35:50,483 root INFO Train F1  : 0.9425
2026-07-26 00:35:50,483 root INFO Val Loss  : 0.2383
2026-07-26 00:35:50,483 root INFO Val Acc   : 0.9392
2026-07-26 00:35:50,483 root INFO Val F1    : 0.9337
2026-07-26 00:54:05,147 root INFO Epoch: 17
2026-07-26 00:54:05,148 root INFO Train Loss: 0.1305
2026-07-26 00:54:05,148 root INFO Train Acc : 0.9467
2026-07-26 00:54:05,148 root INFO Train F1  : 0.9436
2026-07-26 00:54:05,148 root INFO Val Loss  : 0.2386
2026-07-26 00:54:05,148 root INFO Val Acc   : 0.9358
2026-07-26 00:54:05,149 root INFO Val F1    : 0.9332
2026-07-26 01:12:18,672 root INFO Epoch: 18
2026-07-26 01:12:18,672 root INFO Train Loss: 0.1171
2026-07-26 01:12:18,673 root INFO Train Acc : 0.9498
2026-07-26 01:12:18,673 root INFO Train F1  : 0.9476
2026-07-26 01:12:18,673 root INFO Val Loss  : 0.2068
2026-07-26 01:12:18,673 root INFO Val Acc   : 0.9427
2026-07-26 01:12:18,673 root INFO Val F1    : 0.9389
2026-07-26 01:30:25,892 root INFO Epoch: 19
2026-07-26 01:30:25,893 root INFO Train Loss: 0.1146
2026-07-26 01:30:25,893 root INFO Train Acc : 0.9498
2026-07-26 01:30:25,893 root INFO Train F1  : 0.9471
2026-07-26 01:30:25,893 root INFO Val Loss  : 0.2304
2026-07-26 01:30:25,893 root INFO Val Acc   : 0.9358
2026-07-26 01:30:25,893 root INFO Val F1    : 0.9313
2026-07-26 01:48:34,249 root INFO Epoch: 20
2026-07-26 01:48:34,250 root INFO Train Loss: 0.1138
2026-07-26 01:48:34,250 root INFO Train Acc : 0.9536
2026-07-26 01:48:34,250 root INFO Train F1  : 0.9512
2026-07-26 01:48:34,250 root INFO Val Loss  : 0.2201
2026-07-26 01:48:34,250 root INFO Val Acc   : 0.9366
2026-07-26 01:48:34,250 root INFO Val F1    : 0.9324
2026-07-26 02:06:49,491 root INFO Epoch: 21
2026-07-26 02:06:49,491 root INFO Train Loss: 0.1086
2026-07-26 02:06:49,491 root INFO Train Acc : 0.9514
2026-07-26 02:06:49,491 root INFO Train F1  : 0.9489
2026-07-26 02:06:49,492 root INFO Val Loss  : 0.2135
2026-07-26 02:06:49,492 root INFO Val Acc   : 0.9340
2026-07-26 02:06:49,492 root INFO Val F1    : 0.9309
2026-07-26 02:25:01,753 root INFO Epoch: 22
2026-07-26 02:25:01,754 root INFO Train Loss: 0.1072
2026-07-26 02:25:01,754 root INFO Train Acc : 0.9544
2026-07-26 02:25:01,754 root INFO Train F1  : 0.9526
2026-07-26 02:25:01,754 root INFO Val Loss  : 0.2130
2026-07-26 02:25:01,754 root INFO Val Acc   : 0.9349
2026-07-26 02:25:01,754 root INFO Val F1    : 0.9327
2026-07-26 02:43:11,640 root INFO Epoch: 23
2026-07-26 02:43:11,641 root INFO Train Loss: 0.1093
2026-07-26 02:43:11,641 root INFO Train Acc : 0.9523
2026-07-26 02:43:11,641 root INFO Train F1  : 0.9503
2026-07-26 02:43:11,641 root INFO Val Loss  : 0.2159
2026-07-26 02:43:11,642 root INFO Val Acc   : 0.9332
2026-07-26 02:43:11,642 root INFO Val F1    : 0.9305
2026-07-26 03:00:54,580 root INFO Epoch: 24
2026-07-26 03:00:54,580 root INFO Train Loss: 0.1044
2026-07-26 03:00:54,580 root INFO Train Acc : 0.9536
2026-07-26 03:00:54,581 root INFO Train F1  : 0.9510
2026-07-26 03:00:54,581 root INFO Val Loss  : 0.2136
2026-07-26 03:00:54,581 root INFO Val Acc   : 0.9349
2026-07-26 03:00:54,581 root INFO Val F1    : 0.9322
2026-07-26 03:01:58,725 root INFO 
Best validation accuracy: 0.9427
2026-07-26 03:01:58,726 root INFO Test accuracy: 0.9259
2026-07-26 03:01:58,726 root INFO Test F1-score: 0.9245
