2026-09-17 09:38:08 | INFO    | Run directory: logs/fastvit_t8_patches_new_dataset_20260917_093808
2026-09-17 09:38:08 | INFO    | Device: cuda | torch 2.8.0+cu128 | threads 10
2026-09-17 09:38:08 | INFO    | Seed: 42
2026-09-17 09:38:08 | INFO    | Classes (5): ['G', 'GP', 'M', 'T', 'clear']
2026-09-17 09:38:08 | INFO    | Split: regroup=False group_by=none counts={'train': {'images': 449, 'groups': None}, 'val': {'images': 76, 'groups': None}, 'test': {'images': 129, 'groups': None}}
2026-09-17 09:38:08 | INFO    | Patches: size 224 | train overlap 0.00 | eval overlap 0.00 | train patches/image/epoch 16
2026-09-17 09:38:08 | INFO    | Train transform: RandomRotateAndCenterCrop -> RandomRotate90 -> RandomHorizontalFlip -> RandomVerticalFlip -> RandomApply -> AddGaussianNoise -> Normalize
2026-09-17 09:38:08 | INFO    | Eval transform:  Normalize
2026-09-17 09:38:08 | INFO    | train      449 images, 39512 patches | images per class {'G': 103, 'GP': 105, 'M': 91, 'T': 94, 'clear': 56} | patches per class {'G': 9064, 'GP': 9240, 'M': 8008, 'T': 8272, 'clear': 4928}
2026-09-17 09:38:08 | INFO    | val        76 images, 6688 patches | images per class {'G': 17, 'GP': 18, 'M': 17, 'T': 20, 'clear': 4} | patches per class {'G': 1496, 'GP': 1584, 'M': 1496, 'T': 1760, 'clear': 352}
2026-09-17 09:38:08 | INFO    | test       129 images, 11352 patches | images per class {'G': 28, 'GP': 29, 'M': 19, 'T': 28, 'clear': 25} | patches per class {'G': 2464, 'GP': 2552, 'M': 1672, 'T': 2464, 'clear': 2200}
2026-09-17 09:38:08 | INFO    | Datasets built in 0.1s
2026-09-17 09:38:08 | INFO    | Train patches per epoch: 7184 (225 batches of 32)
2026-09-17 09:38:08 | INFO    | Train eval (no aug): every 1 epoch(s) on 7184 patches (16 per image)
2026-09-17 09:38:08 | INFO    | Model: fastvit_t8 | pretrained=True | params 3.26M (trainable 3.26M)
2026-09-17 09:38:08 | INFO    | Training 40 epochs | selection metric val_patch_f1 | patience 10 | amp True
2026-09-17 09:38:21 | INFO    | epoch 1 | batch 20/225 | loss 1.6713 | acc 0.2094 | lr 4.67e-06 | 13s
2026-09-17 09:38:24 | INFO    | epoch 1 | batch 40/225 | loss 1.6720 | acc 0.2055 | lr 9.11e-06 | 15s
2026-09-17 09:38:26 | INFO    | epoch 1 | batch 60/225 | loss 1.6650 | acc 0.1979 | lr 1.36e-05 | 17s
2026-09-17 09:38:27 | INFO    | epoch 1 | batch 80/225 | loss 1.6597 | acc 0.1961 | lr 1.80e-05 | 19s
2026-09-17 09:38:29 | INFO    | epoch 1 | batch 100/225 | loss 1.6499 | acc 0.2022 | lr 2.24e-05 | 20s
2026-09-17 09:38:30 | INFO    | epoch 1 | batch 120/225 | loss 1.6458 | acc 0.2023 | lr 2.69e-05 | 22s
2026-09-17 09:38:32 | INFO    | epoch 1 | batch 140/225 | loss 1.6421 | acc 0.2036 | lr 3.13e-05 | 23s
2026-09-17 09:38:33 | INFO    | epoch 1 | batch 160/225 | loss 1.6395 | acc 0.2070 | lr 3.58e-05 | 25s
2026-09-17 09:38:35 | INFO    | epoch 1 | batch 180/225 | loss 1.6361 | acc 0.2097 | lr 4.02e-05 | 26s
2026-09-17 09:38:36 | INFO    | epoch 1 | batch 200/225 | loss 1.6334 | acc 0.2141 | lr 4.47e-05 | 28s
2026-09-17 09:38:37 | INFO    | epoch 1 | batch 220/225 | loss 1.6301 | acc 0.2170 | lr 4.91e-05 | 29s
2026-09-17 09:38:46 | INFO    | epoch 1 | batch 225/225 | loss 1.6298 | acc 0.2183 | lr 5.02e-05 | 37s
2026-09-17 09:38:57 | INFO    | epoch 1/40 done in 49s | train loss 1.6298 | train running patch (aug): accuracy=0.2183 precision=0.2030 recall=0.2028 f1=0.1967
2026-09-17 09:38:57 | INFO    | epoch 1 train (eval, no aug) | loss 1.5759 | patch[7184]: accuracy=0.3597 precision=0.3144 recall=0.3120 f1=0.2249 | image[449]: accuracy=0.3697 precision=0.4351 recall=0.3196 f1=0.2157
2026-09-17 09:38:57 | INFO    | epoch 1 val | loss 1.5465 | patch[6688]: accuracy=0.4338 precision=0.2886 recall=0.3764 f1=0.2488 | image[76]: accuracy=0.4342 precision=0.1739 recall=0.3778 f1=0.2382
2026-09-17 09:38:57 | INFO    | val_patch_f1 = 0.2488 (best 0.2488 @ epoch 1) *
2026-09-17 09:38:59 | INFO    | epoch 2 | batch 20/225 | loss 1.5828 | acc 0.2828 | lr 5.47e-05 | 2s
2026-09-17 09:39:00 | INFO    | epoch 2 | batch 40/225 | loss 1.5785 | acc 0.2977 | lr 5.91e-05 | 3s
2026-09-17 09:39:01 | INFO    | epoch 2 | batch 60/225 | loss 1.5787 | acc 0.2865 | lr 6.36e-05 | 4s
2026-09-17 09:39:03 | INFO    | epoch 2 | batch 80/225 | loss 1.5710 | acc 0.2898 | lr 6.80e-05 | 6s
2026-09-17 09:39:04 | INFO    | epoch 2 | batch 100/225 | loss 1.5596 | acc 0.2994 | lr 7.24e-05 | 7s
2026-09-17 09:39:06 | INFO    | epoch 2 | batch 120/225 | loss 1.5578 | acc 0.3008 | lr 7.69e-05 | 9s
2026-09-17 09:39:07 | INFO    | epoch 2 | batch 140/225 | loss 1.5510 | acc 0.3083 | lr 8.13e-05 | 10s
2026-09-17 09:39:09 | INFO    | epoch 2 | batch 160/225 | loss 1.5438 | acc 0.3143 | lr 8.58e-05 | 11s
2026-09-17 09:39:10 | INFO    | epoch 2 | batch 180/225 | loss 1.5369 | acc 0.3160 | lr 9.02e-05 | 13s
2026-09-17 09:39:11 | INFO    | epoch 2 | batch 200/225 | loss 1.5362 | acc 0.3150 | lr 9.47e-05 | 14s
2026-09-17 09:39:13 | INFO    | epoch 2 | batch 220/225 | loss 1.5298 | acc 0.3190 | lr 9.91e-05 | 16s
2026-09-17 09:39:13 | INFO    | epoch 2 | batch 225/225 | loss 1.5282 | acc 0.3196 | lr 1.00e-04 | 16s
2026-09-17 09:39:22 | INFO    | epoch 2/40 done in 25s | train loss 1.5282 | train running patch (aug): accuracy=0.3196 precision=0.3069 recall=0.2917 f1=0.2749
2026-09-17 09:39:22 | INFO    | epoch 2 train (eval, no aug) | loss 1.7722 | patch[7184]: accuracy=0.2902 precision=0.3599 recall=0.2572 f1=0.1763 | image[449]: accuracy=0.2962 precision=0.2481 recall=0.2625 f1=0.1764
2026-09-17 09:39:22 | INFO    | epoch 2 val | loss 1.6612 | patch[6688]: accuracy=0.2844 precision=0.1205 recall=0.2351 f1=0.1404 | image[76]: accuracy=0.2895 precision=0.1107 recall=0.2389 f1=0.1419
2026-09-17 09:39:22 | INFO    | val_patch_f1 = 0.1404 (best 0.2488 @ epoch 1)
2026-09-17 09:39:23 | INFO    | epoch 3 | batch 20/225 | loss 1.5067 | acc 0.3250 | lr 1.00e-04 | 2s
2026-09-17 09:39:25 | INFO    | epoch 3 | batch 40/225 | loss 1.4843 | acc 0.3445 | lr 1.00e-04 | 3s
2026-09-17 09:39:26 | INFO    | epoch 3 | batch 60/225 | loss 1.4724 | acc 0.3510 | lr 1.00e-04 | 4s
2026-09-17 09:39:28 | INFO    | epoch 3 | batch 80/225 | loss 1.4704 | acc 0.3551 | lr 1.00e-04 | 6s
2026-09-17 09:39:29 | INFO    | epoch 3 | batch 100/225 | loss 1.4704 | acc 0.3497 | lr 1.00e-04 | 7s
2026-09-17 09:39:30 | INFO    | epoch 3 | batch 120/225 | loss 1.4610 | acc 0.3594 | lr 1.00e-04 | 9s
2026-09-17 09:39:32 | INFO    | epoch 3 | batch 140/225 | loss 1.4571 | acc 0.3618 | lr 9.99e-05 | 10s
2026-09-17 09:39:33 | INFO    | epoch 3 | batch 160/225 | loss 1.4565 | acc 0.3607 | lr 9.99e-05 | 12s
2026-09-17 09:39:35 | INFO    | epoch 3 | batch 180/225 | loss 1.4565 | acc 0.3604 | lr 9.99e-05 | 13s
2026-09-17 09:39:36 | INFO    | epoch 3 | batch 200/225 | loss 1.4525 | acc 0.3655 | lr 9.99e-05 | 15s
2026-09-17 09:39:38 | INFO    | epoch 3 | batch 220/225 | loss 1.4478 | acc 0.3680 | lr 9.98e-05 | 16s
2026-09-17 09:39:38 | INFO    | epoch 3 | batch 225/225 | loss 1.4460 | acc 0.3698 | lr 9.98e-05 | 16s
2026-09-17 09:39:47 | INFO    | epoch 3/40 done in 25s | train loss 1.4460 | train running patch (aug): accuracy=0.3698 precision=0.3435 recall=0.3399 f1=0.3280
2026-09-17 09:39:47 | INFO    | epoch 3 train (eval, no aug) | loss 1.7957 | patch[7184]: accuracy=0.3318 precision=0.4298 recall=0.3005 f1=0.2443 | image[449]: accuracy=0.3408 precision=0.5246 recall=0.3089 f1=0.2503
2026-09-17 09:39:47 | INFO    | epoch 3 val | loss 1.6499 | patch[6688]: accuracy=0.2720 precision=0.3382 recall=0.2219 f1=0.1848 | image[76]: accuracy=0.2632 precision=0.3006 recall=0.2146 f1=0.1719
2026-09-17 09:39:47 | INFO    | val_patch_f1 = 0.1848 (best 0.2488 @ epoch 1)
2026-09-17 09:39:48 | INFO    | epoch 4 | batch 20/225 | loss 1.4038 | acc 0.3922 | lr 9.98e-05 | 2s
2026-09-17 09:39:50 | INFO    | epoch 4 | batch 40/225 | loss 1.4059 | acc 0.4031 | lr 9.98e-05 | 3s
2026-09-17 09:39:51 | INFO    | epoch 4 | batch 60/225 | loss 1.3955 | acc 0.4151 | lr 9.97e-05 | 4s
2026-09-17 09:39:53 | INFO    | epoch 4 | batch 80/225 | loss 1.3934 | acc 0.4129 | lr 9.97e-05 | 6s
2026-09-17 09:39:54 | INFO    | epoch 4 | batch 100/225 | loss 1.3896 | acc 0.4150 | lr 9.96e-05 | 7s
2026-09-17 09:39:55 | INFO    | epoch 4 | batch 120/225 | loss 1.3849 | acc 0.4177 | lr 9.96e-05 | 9s
2026-09-17 09:39:57 | INFO    | epoch 4 | batch 140/225 | loss 1.3821 | acc 0.4176 | lr 9.96e-05 | 10s
2026-09-17 09:39:58 | INFO    | epoch 4 | batch 160/225 | loss 1.3774 | acc 0.4232 | lr 9.95e-05 | 12s
2026-09-17 09:40:00 | INFO    | epoch 4 | batch 180/225 | loss 1.3782 | acc 0.4240 | lr 9.95e-05 | 13s
2026-09-17 09:40:01 | INFO    | epoch 4 | batch 200/225 | loss 1.3754 | acc 0.4259 | lr 9.94e-05 | 14s
2026-09-17 09:40:02 | INFO    | epoch 4 | batch 220/225 | loss 1.3734 | acc 0.4251 | lr 9.93e-05 | 16s
2026-09-17 09:40:03 | INFO    | epoch 4 | batch 225/225 | loss 1.3730 | acc 0.4259 | lr 9.93e-05 | 16s
2026-09-17 09:40:11 | INFO    | epoch 4/40 done in 25s | train loss 1.3730 | train running patch (aug): accuracy=0.4259 precision=0.4018 recall=0.3926 f1=0.3813
2026-09-17 09:40:11 | INFO    | epoch 4 train (eval, no aug) | loss 1.8528 | patch[7184]: accuracy=0.2735 precision=0.3666 recall=0.2637 f1=0.2129 | image[449]: accuracy=0.2584 precision=0.3397 recall=0.2492 f1=0.1907
2026-09-17 09:40:11 | INFO    | epoch 4 val | loss 1.7068 | patch[6688]: accuracy=0.2932 precision=0.3400 recall=0.2292 f1=0.1676 | image[76]: accuracy=0.3026 precision=0.2930 recall=0.2358 f1=0.1633
2026-09-17 09:40:11 | INFO    | val_patch_f1 = 0.1676 (best 0.2488 @ epoch 1)
2026-09-17 09:40:13 | INFO    | epoch 5 | batch 20/225 | loss 1.3254 | acc 0.4594 | lr 9.93e-05 | 2s
2026-09-17 09:40:15 | INFO    | epoch 5 | batch 40/225 | loss 1.3418 | acc 0.4398 | lr 9.92e-05 | 3s
2026-09-17 09:40:16 | INFO    | epoch 5 | batch 60/225 | loss 1.3274 | acc 0.4568 | lr 9.91e-05 | 5s
2026-09-17 09:40:17 | INFO    | epoch 5 | batch 80/225 | loss 1.3276 | acc 0.4566 | lr 9.91e-05 | 6s
2026-09-17 09:40:19 | INFO    | epoch 5 | batch 100/225 | loss 1.3313 | acc 0.4525 | lr 9.90e-05 | 7s
2026-09-17 09:40:20 | INFO    | epoch 5 | batch 120/225 | loss 1.3327 | acc 0.4534 | lr 9.89e-05 | 9s
2026-09-17 09:40:22 | INFO    | epoch 5 | batch 140/225 | loss 1.3291 | acc 0.4589 | lr 9.88e-05 | 10s
2026-09-17 09:40:23 | INFO    | epoch 5 | batch 160/225 | loss 1.3270 | acc 0.4611 | lr 9.88e-05 | 12s
2026-09-17 09:40:24 | INFO    | epoch 5 | batch 180/225 | loss 1.3195 | acc 0.4655 | lr 9.87e-05 | 13s
2026-09-17 09:40:26 | INFO    | epoch 5 | batch 200/225 | loss 1.3183 | acc 0.4661 | lr 9.86e-05 | 14s
2026-09-17 09:40:27 | INFO    | epoch 5 | batch 220/225 | loss 1.3183 | acc 0.4662 | lr 9.85e-05 | 16s
2026-09-17 09:40:28 | INFO    | epoch 5 | batch 225/225 | loss 1.3189 | acc 0.4663 | lr 9.85e-05 | 16s
2026-09-17 09:40:36 | INFO    | epoch 5/40 done in 25s | train loss 1.3189 | train running patch (aug): accuracy=0.4663 precision=0.4489 recall=0.4361 f1=0.4318
2026-09-17 09:40:36 | INFO    | epoch 5 train (eval, no aug) | loss 1.4475 | patch[7184]: accuracy=0.4049 precision=0.4387 recall=0.3810 f1=0.3701 | image[449]: accuracy=0.4187 precision=0.4647 recall=0.3951 f1=0.3860
2026-09-17 09:40:36 | INFO    | epoch 5 val | loss 1.4341 | patch[6688]: accuracy=0.3497 precision=0.3033 recall=0.2872 f1=0.2776 | image[76]: accuracy=0.3289 precision=0.2804 recall=0.2686 f1=0.2541
2026-09-17 09:40:36 | INFO    | val_patch_f1 = 0.2776 (best 0.2776 @ epoch 5) *
2026-09-17 09:40:38 | INFO    | epoch 6 | batch 20/225 | loss 1.2677 | acc 0.5266 | lr 9.84e-05 | 2s
2026-09-17 09:40:39 | INFO    | epoch 6 | batch 40/225 | loss 1.2821 | acc 0.5016 | lr 9.83e-05 | 3s
2026-09-17 09:40:41 | INFO    | epoch 6 | batch 60/225 | loss 1.2863 | acc 0.4990 | lr 9.82e-05 | 4s
2026-09-17 09:40:42 | INFO    | epoch 6 | batch 80/225 | loss 1.2797 | acc 0.4996 | lr 9.81e-05 | 6s
2026-09-17 09:40:44 | INFO    | epoch 6 | batch 100/225 | loss 1.2811 | acc 0.4963 | lr 9.80e-05 | 7s
2026-09-17 09:40:45 | INFO    | epoch 6 | batch 120/225 | loss 1.2842 | acc 0.4911 | lr 9.79e-05 | 9s
2026-09-17 09:40:46 | INFO    | epoch 6 | batch 140/225 | loss 1.2847 | acc 0.4911 | lr 9.78e-05 | 10s
2026-09-17 09:40:48 | INFO    | epoch 6 | batch 160/225 | loss 1.2829 | acc 0.4943 | lr 9.77e-05 | 11s
2026-09-17 09:40:49 | INFO    | epoch 6 | batch 180/225 | loss 1.2830 | acc 0.4906 | lr 9.76e-05 | 13s
2026-09-17 09:40:51 | INFO    | epoch 6 | batch 200/225 | loss 1.2786 | acc 0.4955 | lr 9.75e-05 | 14s
2026-09-17 09:40:52 | INFO    | epoch 6 | batch 220/225 | loss 1.2790 | acc 0.4955 | lr 9.73e-05 | 16s
2026-09-17 09:40:52 | INFO    | epoch 6 | batch 225/225 | loss 1.2788 | acc 0.4951 | lr 9.73e-05 | 16s
2026-09-17 09:41:01 | INFO    | epoch 6/40 done in 25s | train loss 1.2788 | train running patch (aug): accuracy=0.4951 precision=0.4762 recall=0.4621 f1=0.4575
2026-09-17 09:41:01 | INFO    | epoch 6 train (eval, no aug) | loss 1.5870 | patch[7184]: accuracy=0.4201 precision=0.4754 recall=0.3930 f1=0.3653 | image[449]: accuracy=0.4365 precision=0.5152 recall=0.4087 f1=0.3773
2026-09-17 09:41:01 | INFO    | epoch 6 val | loss 1.6159 | patch[6688]: accuracy=0.3778 precision=0.3678 recall=0.3130 f1=0.2688 | image[76]: accuracy=0.3947 precision=0.4546 recall=0.3253 f1=0.2664
2026-09-17 09:41:01 | INFO    | val_patch_f1 = 0.2688 (best 0.2776 @ epoch 5)
2026-09-17 09:41:03 | INFO    | epoch 7 | batch 20/225 | loss 1.2682 | acc 0.5047 | lr 9.72e-05 | 2s
2026-09-17 09:41:04 | INFO    | epoch 7 | batch 40/225 | loss 1.2660 | acc 0.4969 | lr 9.71e-05 | 3s
2026-09-17 09:41:06 | INFO    | epoch 7 | batch 60/225 | loss 1.2584 | acc 0.4969 | lr 9.70e-05 | 5s
2026-09-17 09:41:07 | INFO    | epoch 7 | batch 80/225 | loss 1.2422 | acc 0.5117 | lr 9.68e-05 | 6s
2026-09-17 09:41:09 | INFO    | epoch 7 | batch 100/225 | loss 1.2438 | acc 0.5144 | lr 9.67e-05 | 7s
2026-09-17 09:41:10 | INFO    | epoch 7 | batch 120/225 | loss 1.2471 | acc 0.5128 | lr 9.66e-05 | 9s
2026-09-17 09:41:11 | INFO    | epoch 7 | batch 140/225 | loss 1.2480 | acc 0.5085 | lr 9.64e-05 | 10s
2026-09-17 09:41:13 | INFO    | epoch 7 | batch 160/225 | loss 1.2474 | acc 0.5104 | lr 9.63e-05 | 12s
2026-09-17 09:41:14 | INFO    | epoch 7 | batch 180/225 | loss 1.2432 | acc 0.5135 | lr 9.62e-05 | 13s
2026-09-17 09:41:16 | INFO    | epoch 7 | batch 200/225 | loss 1.2432 | acc 0.5178 | lr 9.60e-05 | 15s
2026-09-17 09:41:17 | INFO    | epoch 7 | batch 220/225 | loss 1.2407 | acc 0.5188 | lr 9.59e-05 | 16s
2026-09-17 09:41:17 | INFO    | epoch 7 | batch 225/225 | loss 1.2407 | acc 0.5188 | lr 9.58e-05 | 16s
2026-09-17 09:41:26 | INFO    | epoch 7/40 done in 25s | train loss 1.2407 | train running patch (aug): accuracy=0.5188 precision=0.5019 recall=0.4871 f1=0.4848
2026-09-17 09:41:26 | INFO    | epoch 7 train (eval, no aug) | loss 1.2958 | patch[7184]: accuracy=0.5095 precision=0.5083 recall=0.4681 f1=0.4529 | image[449]: accuracy=0.5256 precision=0.5219 recall=0.4790 f1=0.4592
2026-09-17 09:41:26 | INFO    | epoch 7 val | loss 1.4764 | patch[6688]: accuracy=0.3974 precision=0.3196 recall=0.3323 f1=0.3205 | image[76]: accuracy=0.4211 precision=0.3354 recall=0.3534 f1=0.3412
2026-09-17 09:41:26 | INFO    | val_patch_f1 = 0.3205 (best 0.3205 @ epoch 7) *
2026-09-17 09:41:28 | INFO    | epoch 8 | batch 20/225 | loss 1.2485 | acc 0.5000 | lr 9.57e-05 | 2s
2026-09-17 09:41:29 | INFO    | epoch 8 | batch 40/225 | loss 1.2532 | acc 0.4930 | lr 9.55e-05 | 3s
2026-09-17 09:41:31 | INFO    | epoch 8 | batch 60/225 | loss 1.2301 | acc 0.5172 | lr 9.54e-05 | 4s
2026-09-17 09:41:32 | INFO    | epoch 8 | batch 80/225 | loss 1.2259 | acc 0.5203 | lr 9.52e-05 | 6s
2026-09-17 09:41:34 | INFO    | epoch 8 | batch 100/225 | loss 1.2289 | acc 0.5188 | lr 9.51e-05 | 7s
2026-09-17 09:41:35 | INFO    | epoch 8 | batch 120/225 | loss 1.2280 | acc 0.5211 | lr 9.49e-05 | 9s
2026-09-17 09:41:36 | INFO    | epoch 8 | batch 140/225 | loss 1.2158 | acc 0.5295 | lr 9.47e-05 | 10s
2026-09-17 09:41:38 | INFO    | epoch 8 | batch 160/225 | loss 1.2123 | acc 0.5316 | lr 9.46e-05 | 12s
2026-09-17 09:41:39 | INFO    | epoch 8 | batch 180/225 | loss 1.2124 | acc 0.5323 | lr 9.44e-05 | 13s
2026-09-17 09:41:41 | INFO    | epoch 8 | batch 200/225 | loss 1.2122 | acc 0.5341 | lr 9.42e-05 | 15s
2026-09-17 09:41:42 | INFO    | epoch 8 | batch 220/225 | loss 1.2106 | acc 0.5344 | lr 9.41e-05 | 16s
2026-09-17 09:41:43 | INFO    | epoch 8 | batch 225/225 | loss 1.2104 | acc 0.5345 | lr 9.40e-05 | 16s
2026-09-17 09:41:51 | INFO    | epoch 8/40 done in 25s | train loss 1.2104 | train running patch (aug): accuracy=0.5345 precision=0.5141 recall=0.5008 f1=0.4975
2026-09-17 09:41:51 | INFO    | epoch 8 train (eval, no aug) | loss 1.3781 | patch[7184]: accuracy=0.4776 precision=0.4626 recall=0.4367 f1=0.4165 | image[449]: accuracy=0.4989 precision=0.4813 recall=0.4536 f1=0.4301
2026-09-17 09:41:51 | INFO    | epoch 8 val | loss 1.5037 | patch[6688]: accuracy=0.4382 precision=0.3650 recall=0.3703 f1=0.3398 | image[76]: accuracy=0.4605 precision=0.3728 recall=0.3894 f1=0.3510
2026-09-17 09:41:51 | INFO    | val_patch_f1 = 0.3398 (best 0.3398 @ epoch 8) *
2026-09-17 09:41:53 | INFO    | epoch 9 | batch 20/225 | loss 1.1733 | acc 0.5625 | lr 9.39e-05 | 2s
2026-09-17 09:41:54 | INFO    | epoch 9 | batch 40/225 | loss 1.1942 | acc 0.5375 | lr 9.37e-05 | 3s
2026-09-17 09:41:56 | INFO    | epoch 9 | batch 60/225 | loss 1.1897 | acc 0.5448 | lr 9.35e-05 | 4s
2026-09-17 09:41:57 | INFO    | epoch 9 | batch 80/225 | loss 1.1894 | acc 0.5469 | lr 9.33e-05 | 6s
2026-09-17 09:41:59 | INFO    | epoch 9 | batch 100/225 | loss 1.1786 | acc 0.5550 | lr 9.31e-05 | 7s
2026-09-17 09:42:00 | INFO    | epoch 9 | batch 120/225 | loss 1.1802 | acc 0.5547 | lr 9.30e-05 | 9s
2026-09-17 09:42:02 | INFO    | epoch 9 | batch 140/225 | loss 1.1868 | acc 0.5496 | lr 9.28e-05 | 10s
2026-09-17 09:42:03 | INFO    | epoch 9 | batch 160/225 | loss 1.1884 | acc 0.5490 | lr 9.26e-05 | 12s
2026-09-17 09:42:04 | INFO    | epoch 9 | batch 180/225 | loss 1.1872 | acc 0.5490 | lr 9.24e-05 | 13s
2026-09-17 09:42:06 | INFO    | epoch 9 | batch 200/225 | loss 1.1875 | acc 0.5508 | lr 9.22e-05 | 14s
2026-09-17 09:42:07 | INFO    | epoch 9 | batch 220/225 | loss 1.1878 | acc 0.5518 | lr 9.20e-05 | 16s
2026-09-17 09:42:08 | INFO    | epoch 9 | batch 225/225 | loss 1.1862 | acc 0.5536 | lr 9.19e-05 | 16s
2026-09-17 09:42:16 | INFO    | epoch 9/40 done in 25s | train loss 1.1862 | train running patch (aug): accuracy=0.5536 precision=0.5364 recall=0.5240 f1=0.5238
2026-09-17 09:42:16 | INFO    | epoch 9 train (eval, no aug) | loss 1.5876 | patch[7184]: accuracy=0.4024 precision=0.4127 recall=0.3777 f1=0.3439 | image[449]: accuracy=0.3942 precision=0.3928 recall=0.3662 f1=0.3273
2026-09-17 09:42:16 | INFO    | epoch 9 val | loss 1.6656 | patch[6688]: accuracy=0.3835 precision=0.3027 recall=0.3201 f1=0.2647 | image[76]: accuracy=0.4079 precision=0.3028 recall=0.3406 f1=0.2788
2026-09-17 09:42:16 | INFO    | val_patch_f1 = 0.2647 (best 0.3398 @ epoch 8)
2026-09-17 09:42:18 | INFO    | epoch 10 | batch 20/225 | loss 1.2060 | acc 0.5437 | lr 9.17e-05 | 2s
2026-09-17 09:42:19 | INFO    | epoch 10 | batch 40/225 | loss 1.1906 | acc 0.5523 | lr 9.15e-05 | 3s
2026-09-17 09:42:21 | INFO    | epoch 10 | batch 60/225 | loss 1.1755 | acc 0.5625 | lr 9.13e-05 | 4s
2026-09-17 09:42:22 | INFO    | epoch 10 | batch 80/225 | loss 1.1737 | acc 0.5609 | lr 9.11e-05 | 6s
2026-09-17 09:42:24 | INFO    | epoch 10 | batch 100/225 | loss 1.1772 | acc 0.5559 | lr 9.09e-05 | 7s
2026-09-17 09:42:25 | INFO    | epoch 10 | batch 120/225 | loss 1.1756 | acc 0.5523 | lr 9.07e-05 | 9s
2026-09-17 09:42:27 | INFO    | epoch 10 | batch 140/225 | loss 1.1753 | acc 0.5531 | lr 9.05e-05 | 10s
2026-09-17 09:42:28 | INFO    | epoch 10 | batch 160/225 | loss 1.1774 | acc 0.5496 | lr 9.03e-05 | 12s
2026-09-17 09:42:29 | INFO    | epoch 10 | batch 180/225 | loss 1.1748 | acc 0.5521 | lr 9.01e-05 | 13s
2026-09-17 09:42:31 | INFO    | epoch 10 | batch 200/225 | loss 1.1755 | acc 0.5494 | lr 8.98e-05 | 14s
2026-09-17 09:42:32 | INFO    | epoch 10 | batch 220/225 | loss 1.1764 | acc 0.5494 | lr 8.96e-05 | 16s
2026-09-17 09:42:33 | INFO    | epoch 10 | batch 225/225 | loss 1.1763 | acc 0.5494 | lr 8.96e-05 | 16s
2026-09-17 09:42:41 | INFO    | epoch 10/40 done in 25s | train loss 1.1763 | train running patch (aug): accuracy=0.5494 precision=0.5306 recall=0.5205 f1=0.5202
2026-09-17 09:42:41 | INFO    | epoch 10 train (eval, no aug) | loss 1.1558 | patch[7184]: accuracy=0.5732 precision=0.5487 recall=0.5336 f1=0.5248 | image[449]: accuracy=0.6036 precision=0.5889 recall=0.5619 f1=0.5550
2026-09-17 09:42:41 | INFO    | epoch 10 val | loss 1.5198 | patch[6688]: accuracy=0.4439 precision=0.3546 recall=0.3786 f1=0.3439 | image[76]: accuracy=0.4737 precision=0.3772 recall=0.4029 f1=0.3666
2026-09-17 09:42:41 | INFO    | val_patch_f1 = 0.3439 (best 0.3439 @ epoch 10) *
2026-09-17 09:42:43 | INFO    | epoch 11 | batch 20/225 | loss 1.1339 | acc 0.5813 | lr 8.93e-05 | 2s
2026-09-17 09:42:44 | INFO    | epoch 11 | batch 40/225 | loss 1.1594 | acc 0.5711 | lr 8.91e-05 | 3s
2026-09-17 09:42:46 | INFO    | epoch 11 | batch 60/225 | loss 1.1454 | acc 0.5839 | lr 8.89e-05 | 4s
2026-09-17 09:42:47 | INFO    | epoch 11 | batch 80/225 | loss 1.1517 | acc 0.5742 | lr 8.87e-05 | 6s
2026-09-17 09:42:49 | INFO    | epoch 11 | batch 100/225 | loss 1.1627 | acc 0.5656 | lr 8.84e-05 | 7s
2026-09-17 09:42:50 | INFO    | epoch 11 | batch 120/225 | loss 1.1650 | acc 0.5641 | lr 8.82e-05 | 9s
2026-09-17 09:42:51 | INFO    | epoch 11 | batch 140/225 | loss 1.1602 | acc 0.5645 | lr 8.79e-05 | 10s
2026-09-17 09:42:53 | INFO    | epoch 11 | batch 160/225 | loss 1.1537 | acc 0.5680 | lr 8.77e-05 | 11s
2026-09-17 09:42:54 | INFO    | epoch 11 | batch 180/225 | loss 1.1488 | acc 0.5710 | lr 8.75e-05 | 13s
2026-09-17 09:42:56 | INFO    | epoch 11 | batch 200/225 | loss 1.1505 | acc 0.5708 | lr 8.72e-05 | 14s
2026-09-17 09:42:57 | INFO    | epoch 11 | batch 220/225 | loss 1.1512 | acc 0.5706 | lr 8.70e-05 | 16s
2026-09-17 09:42:57 | INFO    | epoch 11 | batch 225/225 | loss 1.1522 | acc 0.5700 | lr 8.69e-05 | 16s
2026-09-17 09:43:06 | INFO    | epoch 11/40 done in 25s | train loss 1.1522 | train running patch (aug): accuracy=0.5700 precision=0.5536 recall=0.5390 f1=0.5393
2026-09-17 09:43:06 | INFO    | epoch 11 train (eval, no aug) | loss 1.1320 | patch[7184]: accuracy=0.5732 precision=0.5463 recall=0.5452 f1=0.5380 | image[449]: accuracy=0.5969 precision=0.5707 recall=0.5681 f1=0.5602
2026-09-17 09:43:06 | INFO    | epoch 11 val | loss 1.4853 | patch[6688]: accuracy=0.4314 precision=0.3477 recall=0.3689 f1=0.3372 | image[76]: accuracy=0.4737 precision=0.3740 recall=0.4054 f1=0.3643
2026-09-17 09:43:06 | INFO    | val_patch_f1 = 0.3372 (best 0.3439 @ epoch 10)
2026-09-17 09:43:08 | INFO    | epoch 12 | batch 20/225 | loss 1.1351 | acc 0.5781 | lr 8.67e-05 | 2s
2026-09-17 09:43:09 | INFO    | epoch 12 | batch 40/225 | loss 1.1456 | acc 0.5758 | lr 8.64e-05 | 3s
2026-09-17 09:43:10 | INFO    | epoch 12 | batch 60/225 | loss 1.1470 | acc 0.5781 | lr 8.62e-05 | 4s
2026-09-17 09:43:12 | INFO    | epoch 12 | batch 80/225 | loss 1.1436 | acc 0.5750 | lr 8.59e-05 | 6s
2026-09-17 09:43:13 | INFO    | epoch 12 | batch 100/225 | loss 1.1412 | acc 0.5753 | lr 8.57e-05 | 7s
2026-09-17 09:43:15 | INFO    | epoch 12 | batch 120/225 | loss 1.1392 | acc 0.5758 | lr 8.54e-05 | 9s
2026-09-17 09:43:16 | INFO    | epoch 12 | batch 140/225 | loss 1.1356 | acc 0.5795 | lr 8.51e-05 | 10s
2026-09-17 09:43:17 | INFO    | epoch 12 | batch 160/225 | loss 1.1412 | acc 0.5758 | lr 8.49e-05 | 11s
2026-09-17 09:43:19 | INFO    | epoch 12 | batch 180/225 | loss 1.1437 | acc 0.5741 | lr 8.46e-05 | 13s
2026-09-17 09:43:20 | INFO    | epoch 12 | batch 200/225 | loss 1.1392 | acc 0.5766 | lr 8.44e-05 | 14s
2026-09-17 09:43:22 | INFO    | epoch 12 | batch 220/225 | loss 1.1364 | acc 0.5783 | lr 8.41e-05 | 16s
2026-09-17 09:43:22 | INFO    | epoch 12 | batch 225/225 | loss 1.1374 | acc 0.5773 | lr 8.40e-05 | 16s
2026-09-17 09:43:31 | INFO    | epoch 12/40 done in 25s | train loss 1.1374 | train running patch (aug): accuracy=0.5773 precision=0.5619 recall=0.5500 f1=0.5514
2026-09-17 09:43:31 | INFO    | epoch 12 train (eval, no aug) | loss 1.1221 | patch[7184]: accuracy=0.6059 precision=0.5976 recall=0.5691 f1=0.5579 | image[449]: accuracy=0.6481 precision=0.6521 recall=0.6084 f1=0.5962
2026-09-17 09:43:31 | INFO    | epoch 12 val | loss 1.5689 | patch[6688]: accuracy=0.3732 precision=0.3125 recall=0.3148 f1=0.3123 | image[76]: accuracy=0.3553 precision=0.2887 recall=0.2978 f1=0.2874
2026-09-17 09:43:31 | INFO    | val_patch_f1 = 0.3123 (best 0.3439 @ epoch 10)
2026-09-17 09:43:32 | INFO    | epoch 13 | batch 20/225 | loss 1.1284 | acc 0.5750 | lr 8.38e-05 | 2s
2026-09-17 09:43:34 | INFO    | epoch 13 | batch 40/225 | loss 1.1390 | acc 0.5828 | lr 8.35e-05 | 3s
2026-09-17 09:43:35 | INFO    | epoch 13 | batch 60/225 | loss 1.1301 | acc 0.5927 | lr 8.32e-05 | 5s
2026-09-17 09:43:37 | INFO    | epoch 13 | batch 80/225 | loss 1.1243 | acc 0.5949 | lr 8.29e-05 | 6s
2026-09-17 09:43:38 | INFO    | epoch 13 | batch 100/225 | loss 1.1278 | acc 0.5947 | lr 8.27e-05 | 7s
2026-09-17 09:43:39 | INFO    | epoch 13 | batch 120/225 | loss 1.1227 | acc 0.5969 | lr 8.24e-05 | 9s
2026-09-17 09:43:41 | INFO    | epoch 13 | batch 140/225 | loss 1.1217 | acc 0.5975 | lr 8.21e-05 | 10s
2026-09-17 09:43:42 | INFO    | epoch 13 | batch 160/225 | loss 1.1190 | acc 0.6002 | lr 8.18e-05 | 12s
2026-09-17 09:43:44 | INFO    | epoch 13 | batch 180/225 | loss 1.1176 | acc 0.6002 | lr 8.15e-05 | 13s
2026-09-17 09:43:45 | INFO    | epoch 13 | batch 200/225 | loss 1.1159 | acc 0.5989 | lr 8.13e-05 | 14s
2026-09-17 09:43:46 | INFO    | epoch 13 | batch 220/225 | loss 1.1177 | acc 0.5983 | lr 8.10e-05 | 16s
2026-09-17 09:43:47 | INFO    | epoch 13 | batch 225/225 | loss 1.1169 | acc 0.5972 | lr 8.09e-05 | 16s
2026-09-17 09:43:55 | INFO    | epoch 13/40 done in 25s | train loss 1.1169 | train running patch (aug): accuracy=0.5972 precision=0.5844 recall=0.5752 f1=0.5774
2026-09-17 09:43:55 | INFO    | epoch 13 train (eval, no aug) | loss 1.3281 | patch[7184]: accuracy=0.5174 precision=0.5356 recall=0.4983 f1=0.4807 | image[449]: accuracy=0.5479 precision=0.5781 recall=0.5248 f1=0.5101
2026-09-17 09:43:55 | INFO    | epoch 13 val | loss 1.5937 | patch[6688]: accuracy=0.4149 precision=0.3267 recall=0.3496 f1=0.3123 | image[76]: accuracy=0.4079 precision=0.3051 recall=0.3441 f1=0.2966
2026-09-17 09:43:55 | INFO    | val_patch_f1 = 0.3123 (best 0.3439 @ epoch 10)
2026-09-17 09:43:57 | INFO    | epoch 14 | batch 20/225 | loss 1.0961 | acc 0.5969 | lr 8.06e-05 | 2s
2026-09-17 09:43:58 | INFO    | epoch 14 | batch 40/225 | loss 1.1266 | acc 0.5750 | lr 8.03e-05 | 3s
2026-09-17 09:44:00 | INFO    | epoch 14 | batch 60/225 | loss 1.1245 | acc 0.5818 | lr 8.00e-05 | 5s
2026-09-17 09:44:01 | INFO    | epoch 14 | batch 80/225 | loss 1.1227 | acc 0.5840 | lr 7.97e-05 | 6s
2026-09-17 09:44:03 | INFO    | epoch 14 | batch 100/225 | loss 1.1211 | acc 0.5819 | lr 7.94e-05 | 7s
2026-09-17 09:44:04 | INFO    | epoch 14 | batch 120/225 | loss 1.1219 | acc 0.5857 | lr 7.92e-05 | 9s
2026-09-17 09:44:06 | INFO    | epoch 14 | batch 140/225 | loss 1.1139 | acc 0.5891 | lr 7.89e-05 | 10s
2026-09-17 09:44:07 | INFO    | epoch 14 | batch 160/225 | loss 1.1046 | acc 0.5955 | lr 7.86e-05 | 12s
2026-09-17 09:44:08 | INFO    | epoch 14 | batch 180/225 | loss 1.1089 | acc 0.5929 | lr 7.83e-05 | 13s
2026-09-17 09:44:10 | INFO    | epoch 14 | batch 200/225 | loss 1.1073 | acc 0.5928 | lr 7.80e-05 | 14s
2026-09-17 09:44:11 | INFO    | epoch 14 | batch 220/225 | loss 1.1082 | acc 0.5933 | lr 7.77e-05 | 16s
2026-09-17 09:44:11 | INFO    | epoch 14 | batch 225/225 | loss 1.1090 | acc 0.5933 | lr 7.76e-05 | 16s
2026-09-17 09:44:20 | INFO    | epoch 14/40 done in 25s | train loss 1.1090 | train running patch (aug): accuracy=0.5933 precision=0.5782 recall=0.5686 f1=0.5705
2026-09-17 09:44:20 | INFO    | epoch 14 train (eval, no aug) | loss 1.1220 | patch[7184]: accuracy=0.5901 precision=0.5738 recall=0.5554 f1=0.5472 | image[449]: accuracy=0.6169 precision=0.6041 recall=0.5792 f1=0.5690
2026-09-17 09:44:20 | INFO    | epoch 14 val | loss 1.4857 | patch[6688]: accuracy=0.4432 precision=0.3648 recall=0.3793 f1=0.3463 | image[76]: accuracy=0.4605 precision=0.3830 recall=0.3960 f1=0.3492
2026-09-17 09:44:20 | INFO    | val_patch_f1 = 0.3463 (best 0.3463 @ epoch 14) *
2026-09-17 09:44:22 | INFO    | epoch 15 | batch 20/225 | loss 1.1552 | acc 0.5813 | lr 7.73e-05 | 2s
2026-09-17 09:44:23 | INFO    | epoch 15 | batch 40/225 | loss 1.1372 | acc 0.5836 | lr 7.70e-05 | 3s
2026-09-17 09:44:25 | INFO    | epoch 15 | batch 60/225 | loss 1.1348 | acc 0.5849 | lr 7.67e-05 | 4s
2026-09-17 09:44:26 | INFO    | epoch 15 | batch 80/225 | loss 1.1230 | acc 0.5941 | lr 7.63e-05 | 6s
2026-09-17 09:44:27 | INFO    | epoch 15 | batch 100/225 | loss 1.1213 | acc 0.5941 | lr 7.60e-05 | 7s
2026-09-17 09:44:29 | INFO    | epoch 15 | batch 120/225 | loss 1.1133 | acc 0.5966 | lr 7.57e-05 | 9s
2026-09-17 09:44:30 | INFO    | epoch 15 | batch 140/225 | loss 1.1096 | acc 0.5984 | lr 7.54e-05 | 10s
2026-09-17 09:44:32 | INFO    | epoch 15 | batch 160/225 | loss 1.1112 | acc 0.5957 | lr 7.51e-05 | 12s
2026-09-17 09:44:33 | INFO    | epoch 15 | batch 180/225 | loss 1.1140 | acc 0.5958 | lr 7.48e-05 | 13s
2026-09-17 09:44:34 | INFO    | epoch 15 | batch 200/225 | loss 1.1126 | acc 0.5975 | lr 7.45e-05 | 14s
2026-09-17 09:44:36 | INFO    | epoch 15 | batch 220/225 | loss 1.1110 | acc 0.5997 | lr 7.41e-05 | 16s
2026-09-17 09:44:36 | INFO    | epoch 15 | batch 225/225 | loss 1.1110 | acc 0.5997 | lr 7.41e-05 | 16s
2026-09-17 09:44:45 | INFO    | epoch 15/40 done in 25s | train loss 1.1110 | train running patch (aug): accuracy=0.5997 precision=0.5852 recall=0.5751 f1=0.5770
2026-09-17 09:44:45 | INFO    | epoch 15 train (eval, no aug) | loss 1.0957 | patch[7184]: accuracy=0.6130 precision=0.6038 recall=0.5731 f1=0.5627 | image[449]: accuracy=0.6570 precision=0.6585 recall=0.6124 f1=0.5993
2026-09-17 09:44:45 | INFO    | epoch 15 val | loss 1.4046 | patch[6688]: accuracy=0.4501 precision=0.3645 recall=0.3823 f1=0.3655 | image[76]: accuracy=0.4868 precision=0.3843 recall=0.4178 f1=0.3807
2026-09-17 09:44:45 | INFO    | val_patch_f1 = 0.3655 (best 0.3655 @ epoch 15) *
2026-09-17 09:44:46 | INFO    | epoch 16 | batch 20/225 | loss 1.1016 | acc 0.6141 | lr 7.37e-05 | 2s
2026-09-17 09:44:48 | INFO    | epoch 16 | batch 40/225 | loss 1.0883 | acc 0.6180 | lr 7.34e-05 | 3s
2026-09-17 09:44:49 | INFO    | epoch 16 | batch 60/225 | loss 1.0828 | acc 0.6156 | lr 7.31e-05 | 5s
2026-09-17 09:44:51 | INFO    | epoch 16 | batch 80/225 | loss 1.0697 | acc 0.6277 | lr 7.28e-05 | 6s
2026-09-17 09:44:52 | INFO    | epoch 16 | batch 100/225 | loss 1.0788 | acc 0.6200 | lr 7.24e-05 | 7s
2026-09-17 09:44:54 | INFO    | epoch 16 | batch 120/225 | loss 1.0776 | acc 0.6224 | lr 7.21e-05 | 9s
2026-09-17 09:44:55 | INFO    | epoch 16 | batch 140/225 | loss 1.0789 | acc 0.6190 | lr 7.18e-05 | 10s
2026-09-17 09:44:56 | INFO    | epoch 16 | batch 160/225 | loss 1.0805 | acc 0.6154 | lr 7.15e-05 | 12s
2026-09-17 09:44:58 | INFO    | epoch 16 | batch 180/225 | loss 1.0835 | acc 0.6160 | lr 7.11e-05 | 13s
2026-09-17 09:44:59 | INFO    | epoch 16 | batch 200/225 | loss 1.0817 | acc 0.6177 | lr 7.08e-05 | 14s
2026-09-17 09:45:01 | INFO    | epoch 16 | batch 220/225 | loss 1.0827 | acc 0.6165 | lr 7.05e-05 | 16s
2026-09-17 09:45:01 | INFO    | epoch 16 | batch 225/225 | loss 1.0831 | acc 0.6168 | lr 7.04e-05 | 16s
2026-09-17 09:45:10 | INFO    | epoch 16/40 done in 25s | train loss 1.0831 | train running patch (aug): accuracy=0.6168 precision=0.6058 recall=0.5917 f1=0.5945
2026-09-17 09:45:10 | INFO    | epoch 16 train (eval, no aug) | loss 1.0373 | patch[7184]: accuracy=0.6385 precision=0.6350 recall=0.6111 f1=0.6109 | image[449]: accuracy=0.6793 precision=0.6784 recall=0.6426 f1=0.6403
2026-09-17 09:45:10 | INFO    | epoch 16 val | loss 1.5835 | patch[6688]: accuracy=0.3689 precision=0.3138 recall=0.3102 f1=0.3098 | image[76]: accuracy=0.3684 precision=0.3020 recall=0.3099 f1=0.3029
2026-09-17 09:45:10 | INFO    | val_patch_f1 = 0.3098 (best 0.3655 @ epoch 15)
2026-09-17 09:45:11 | INFO    | epoch 17 | batch 20/225 | loss 1.0753 | acc 0.6281 | lr 7.01e-05 | 2s
2026-09-17 09:45:13 | INFO    | epoch 17 | batch 40/225 | loss 1.0617 | acc 0.6445 | lr 6.97e-05 | 3s
2026-09-17 09:45:14 | INFO    | epoch 17 | batch 60/225 | loss 1.0531 | acc 0.6443 | lr 6.94e-05 | 4s
2026-09-17 09:45:15 | INFO    | epoch 17 | batch 80/225 | loss 1.0672 | acc 0.6348 | lr 6.90e-05 | 6s
2026-09-17 09:45:17 | INFO    | epoch 17 | batch 100/225 | loss 1.0669 | acc 0.6322 | lr 6.87e-05 | 7s
2026-09-17 09:45:18 | INFO    | epoch 17 | batch 120/225 | loss 1.0704 | acc 0.6268 | lr 6.84e-05 | 9s
2026-09-17 09:45:20 | INFO    | epoch 17 | batch 140/225 | loss 1.0714 | acc 0.6286 | lr 6.80e-05 | 10s
2026-09-17 09:45:21 | INFO    | epoch 17 | batch 160/225 | loss 1.0793 | acc 0.6219 | lr 6.77e-05 | 11s
2026-09-17 09:45:22 | INFO    | epoch 17 | batch 180/225 | loss 1.0804 | acc 0.6193 | lr 6.73e-05 | 13s
2026-09-17 09:45:24 | INFO    | epoch 17 | batch 200/225 | loss 1.0745 | acc 0.6216 | lr 6.70e-05 | 14s
2026-09-17 09:45:25 | INFO    | epoch 17 | batch 220/225 | loss 1.0752 | acc 0.6219 | lr 6.67e-05 | 16s
2026-09-17 09:45:26 | INFO    | epoch 17 | batch 225/225 | loss 1.0782 | acc 0.6201 | lr 6.66e-05 | 16s
2026-09-17 09:45:34 | INFO    | epoch 17/40 done in 24s | train loss 1.0782 | train running patch (aug): accuracy=0.6201 precision=0.6068 recall=0.5941 f1=0.5964
2026-09-17 09:45:34 | INFO    | epoch 17 train (eval, no aug) | loss 1.0326 | patch[7184]: accuracy=0.6560 precision=0.6559 recall=0.6215 f1=0.6171 | image[449]: accuracy=0.6993 precision=0.6986 recall=0.6603 f1=0.6527
2026-09-17 09:45:34 | INFO    | epoch 17 val | loss 1.7166 | patch[6688]: accuracy=0.3502 precision=0.3082 recall=0.2952 f1=0.2984 | image[76]: accuracy=0.3158 precision=0.2746 recall=0.2659 f1=0.2676
2026-09-17 09:45:34 | INFO    | val_patch_f1 = 0.2984 (best 0.3655 @ epoch 15)
2026-09-17 09:45:36 | INFO    | epoch 18 | batch 20/225 | loss 1.0885 | acc 0.6078 | lr 6.62e-05 | 2s
2026-09-17 09:45:37 | INFO    | epoch 18 | batch 40/225 | loss 1.0843 | acc 0.6219 | lr 6.59e-05 | 3s
2026-09-17 09:45:39 | INFO    | epoch 18 | batch 60/225 | loss 1.0829 | acc 0.6089 | lr 6.55e-05 | 5s
2026-09-17 09:45:40 | INFO    | epoch 18 | batch 80/225 | loss 1.0684 | acc 0.6199 | lr 6.52e-05 | 6s
2026-09-17 09:45:42 | INFO    | epoch 18 | batch 100/225 | loss 1.0672 | acc 0.6200 | lr 6.48e-05 | 7s
2026-09-17 09:45:43 | INFO    | epoch 18 | batch 120/225 | loss 1.0626 | acc 0.6253 | lr 6.45e-05 | 9s
2026-09-17 09:45:45 | INFO    | epoch 18 | batch 140/225 | loss 1.0632 | acc 0.6246 | lr 6.41e-05 | 10s
2026-09-17 09:45:46 | INFO    | epoch 18 | batch 160/225 | loss 1.0620 | acc 0.6275 | lr 6.38e-05 | 12s
2026-09-17 09:45:48 | INFO    | epoch 18 | batch 180/225 | loss 1.0646 | acc 0.6252 | lr 6.34e-05 | 13s
2026-09-17 09:45:49 | INFO    | epoch 18 | batch 200/225 | loss 1.0638 | acc 0.6239 | lr 6.31e-05 | 15s
2026-09-17 09:45:50 | INFO    | epoch 18 | batch 220/225 | loss 1.0633 | acc 0.6241 | lr 6.27e-05 | 16s
2026-09-17 09:45:51 | INFO    | epoch 18 | batch 225/225 | loss 1.0626 | acc 0.6246 | lr 6.27e-05 | 17s
2026-09-17 09:45:59 | INFO    | epoch 18/40 done in 25s | train loss 1.0626 | train running patch (aug): accuracy=0.6246 precision=0.6081 recall=0.5981 f1=0.5999
2026-09-17 09:45:59 | INFO    | epoch 18 train (eval, no aug) | loss 1.0771 | patch[7184]: accuracy=0.6217 precision=0.6073 recall=0.6014 f1=0.5990 | image[449]: accuracy=0.6570 precision=0.6470 recall=0.6329 f1=0.6330
2026-09-17 09:45:59 | INFO    | epoch 18 val | loss 1.5290 | patch[6688]: accuracy=0.4281 precision=0.3584 recall=0.3633 f1=0.3452 | image[76]: accuracy=0.4737 precision=0.4086 recall=0.4029 f1=0.3750
2026-09-17 09:45:59 | INFO    | val_patch_f1 = 0.3452 (best 0.3655 @ epoch 15)
2026-09-17 09:46:01 | INFO    | epoch 19 | batch 20/225 | loss 1.0437 | acc 0.6422 | lr 6.23e-05 | 2s
2026-09-17 09:46:03 | INFO    | epoch 19 | batch 40/225 | loss 1.0499 | acc 0.6422 | lr 6.19e-05 | 3s
2026-09-17 09:46:04 | INFO    | epoch 19 | batch 60/225 | loss 1.0556 | acc 0.6401 | lr 6.16e-05 | 5s
2026-09-17 09:46:06 | INFO    | epoch 19 | batch 80/225 | loss 1.0478 | acc 0.6406 | lr 6.12e-05 | 6s
2026-09-17 09:46:07 | INFO    | epoch 19 | batch 100/225 | loss 1.0443 | acc 0.6419 | lr 6.09e-05 | 8s
2026-09-17 09:46:08 | INFO    | epoch 19 | batch 120/225 | loss 1.0399 | acc 0.6432 | lr 6.05e-05 | 9s
2026-09-17 09:46:10 | INFO    | epoch 19 | batch 140/225 | loss 1.0399 | acc 0.6469 | lr 6.02e-05 | 11s
2026-09-17 09:46:11 | INFO    | epoch 19 | batch 160/225 | loss 1.0417 | acc 0.6457 | lr 5.98e-05 | 12s
2026-09-17 09:46:13 | INFO    | epoch 19 | batch 180/225 | loss 1.0449 | acc 0.6438 | lr 5.95e-05 | 13s
2026-09-17 09:46:14 | INFO    | epoch 19 | batch 200/225 | loss 1.0479 | acc 0.6405 | lr 5.91e-05 | 15s
2026-09-17 09:46:16 | INFO    | epoch 19 | batch 220/225 | loss 1.0496 | acc 0.6378 | lr 5.87e-05 | 16s
2026-09-17 09:46:16 | INFO    | epoch 19 | batch 225/225 | loss 1.0506 | acc 0.6374 | lr 5.86e-05 | 17s
2026-09-17 09:46:25 | INFO    | epoch 19/40 done in 25s | train loss 1.0506 | train running patch (aug): accuracy=0.6374 precision=0.6249 recall=0.6160 f1=0.6186
2026-09-17 09:46:25 | INFO    | epoch 19 train (eval, no aug) | loss 1.1736 | patch[7184]: accuracy=0.5784 precision=0.5597 recall=0.5412 f1=0.5343 | image[449]: accuracy=0.6036 precision=0.5847 recall=0.5593 f1=0.5482
2026-09-17 09:46:25 | INFO    | epoch 19 val | loss 1.5076 | patch[6688]: accuracy=0.4344 precision=0.3662 recall=0.3659 f1=0.3564 | image[76]: accuracy=0.4868 precision=0.4037 recall=0.4103 f1=0.3998
2026-09-17 09:46:25 | INFO    | val_patch_f1 = 0.3564 (best 0.3655 @ epoch 15)
2026-09-17 09:46:27 | INFO    | epoch 20 | batch 20/225 | loss 1.0484 | acc 0.6250 | lr 5.83e-05 | 2s
2026-09-17 09:46:28 | INFO    | epoch 20 | batch 40/225 | loss 1.0285 | acc 0.6422 | lr 5.79e-05 | 3s
2026-09-17 09:46:30 | INFO    | epoch 20 | batch 60/225 | loss 1.0499 | acc 0.6359 | lr 5.76e-05 | 5s
2026-09-17 09:46:31 | INFO    | epoch 20 | batch 80/225 | loss 1.0514 | acc 0.6297 | lr 5.72e-05 | 6s
2026-09-17 09:46:33 | INFO    | epoch 20 | batch 100/225 | loss 1.0460 | acc 0.6334 | lr 5.68e-05 | 8s
2026-09-17 09:46:34 | INFO    | epoch 20 | batch 120/225 | loss 1.0413 | acc 0.6346 | lr 5.65e-05 | 9s
2026-09-17 09:46:35 | INFO    | epoch 20 | batch 140/225 | loss 1.0382 | acc 0.6368 | lr 5.61e-05 | 11s
2026-09-17 09:46:37 | INFO    | epoch 20 | batch 160/225 | loss 1.0377 | acc 0.6389 | lr 5.58e-05 | 12s
2026-09-17 09:46:38 | INFO    | epoch 20 | batch 180/225 | loss 1.0412 | acc 0.6377 | lr 5.54e-05 | 13s
2026-09-17 09:46:40 | INFO    | epoch 20 | batch 200/225 | loss 1.0440 | acc 0.6366 | lr 5.50e-05 | 15s
2026-09-17 09:46:41 | INFO    | epoch 20 | batch 220/225 | loss 1.0437 | acc 0.6369 | lr 5.47e-05 | 16s
2026-09-17 09:46:41 | INFO    | epoch 20 | batch 225/225 | loss 1.0445 | acc 0.6361 | lr 5.46e-05 | 17s
2026-09-17 09:46:50 | INFO    | epoch 20/40 done in 25s | train loss 1.0445 | train running patch (aug): accuracy=0.6361 precision=0.6262 recall=0.6168 f1=0.6198
2026-09-17 09:46:50 | INFO    | epoch 20 train (eval, no aug) | loss 1.1220 | patch[7184]: accuracy=0.6109 precision=0.6103 recall=0.5868 f1=0.5847 | image[449]: accuracy=0.6526 precision=0.6578 recall=0.6223 f1=0.6236
2026-09-17 09:46:50 | INFO    | epoch 20 val | loss 1.5683 | patch[6688]: accuracy=0.4357 precision=0.3861 recall=0.3723 f1=0.3437 | image[76]: accuracy=0.4605 precision=0.4286 recall=0.3929 f1=0.3658
2026-09-17 09:46:50 | INFO    | val_patch_f1 = 0.3437 (best 0.3655 @ epoch 15)
2026-09-17 09:46:52 | INFO    | epoch 21 | batch 20/225 | loss 1.0443 | acc 0.6172 | lr 5.42e-05 | 2s
2026-09-17 09:46:53 | INFO    | epoch 21 | batch 40/225 | loss 1.0455 | acc 0.6266 | lr 5.39e-05 | 3s
2026-09-17 09:46:55 | INFO    | epoch 21 | batch 60/225 | loss 1.0431 | acc 0.6307 | lr 5.35e-05 | 4s
2026-09-17 09:46:56 | INFO    | epoch 21 | batch 80/225 | loss 1.0384 | acc 0.6324 | lr 5.31e-05 | 6s
2026-09-17 09:46:58 | INFO    | epoch 21 | batch 100/225 | loss 1.0380 | acc 0.6344 | lr 5.28e-05 | 7s
2026-09-17 09:46:59 | INFO    | epoch 21 | batch 120/225 | loss 1.0328 | acc 0.6388 | lr 5.24e-05 | 9s
2026-09-17 09:47:01 | INFO    | epoch 21 | batch 140/225 | loss 1.0309 | acc 0.6408 | lr 5.20e-05 | 10s
2026-09-17 09:47:02 | INFO    | epoch 21 | batch 160/225 | loss 1.0322 | acc 0.6418 | lr 5.17e-05 | 12s
2026-09-17 09:47:04 | INFO    | epoch 21 | batch 180/225 | loss 1.0308 | acc 0.6420 | lr 5.13e-05 | 13s
2026-09-17 09:47:05 | INFO    | epoch 21 | batch 200/225 | loss 1.0334 | acc 0.6395 | lr 5.10e-05 | 15s
2026-09-17 09:47:06 | INFO    | epoch 21 | batch 220/225 | loss 1.0305 | acc 0.6405 | lr 5.06e-05 | 16s
2026-09-17 09:47:07 | INFO    | epoch 21 | batch 225/225 | loss 1.0315 | acc 0.6400 | lr 5.05e-05 | 17s
2026-09-17 09:47:15 | INFO    | epoch 21/40 done in 25s | train loss 1.0315 | train running patch (aug): accuracy=0.6400 precision=0.6280 recall=0.6155 f1=0.6184
2026-09-17 09:47:15 | INFO    | epoch 21 train (eval, no aug) | loss 0.9645 | patch[7184]: accuracy=0.6811 precision=0.6826 recall=0.6461 f1=0.6471 | image[449]: accuracy=0.7394 precision=0.7403 recall=0.6983 f1=0.6983
2026-09-17 09:47:15 | INFO    | epoch 21 val | loss 1.6338 | patch[6688]: accuracy=0.3832 precision=0.3158 recall=0.3230 f1=0.3151 | image[76]: accuracy=0.3553 precision=0.2734 recall=0.2981 f1=0.2801
2026-09-17 09:47:15 | INFO    | val_patch_f1 = 0.3151 (best 0.3655 @ epoch 15)
2026-09-17 09:47:17 | INFO    | epoch 22 | batch 20/225 | loss 0.9853 | acc 0.6922 | lr 5.01e-05 | 2s
2026-09-17 09:47:19 | INFO    | epoch 22 | batch 40/225 | loss 0.9977 | acc 0.6773 | lr 4.98e-05 | 3s
2026-09-17 09:47:20 | INFO    | epoch 22 | batch 60/225 | loss 0.9953 | acc 0.6786 | lr 4.94e-05 | 5s
2026-09-17 09:47:22 | INFO    | epoch 22 | batch 80/225 | loss 0.9987 | acc 0.6750 | lr 4.90e-05 | 6s
2026-09-17 09:47:23 | INFO    | epoch 22 | batch 100/225 | loss 1.0052 | acc 0.6678 | lr 4.87e-05 | 7s
2026-09-17 09:47:24 | INFO    | epoch 22 | batch 120/225 | loss 1.0051 | acc 0.6654 | lr 4.83e-05 | 9s
2026-09-17 09:47:26 | INFO    | epoch 22 | batch 140/225 | loss 1.0111 | acc 0.6625 | lr 4.80e-05 | 10s
2026-09-17 09:47:27 | INFO    | epoch 22 | batch 160/225 | loss 1.0131 | acc 0.6613 | lr 4.76e-05 | 12s
2026-09-17 09:47:29 | INFO    | epoch 22 | batch 180/225 | loss 1.0207 | acc 0.6573 | lr 4.72e-05 | 13s
2026-09-17 09:47:30 | INFO    | epoch 22 | batch 200/225 | loss 1.0210 | acc 0.6569 | lr 4.69e-05 | 15s
2026-09-17 09:47:32 | INFO    | epoch 22 | batch 220/225 | loss 1.0173 | acc 0.6587 | lr 4.65e-05 | 16s
2026-09-17 09:47:32 | INFO    | epoch 22 | batch 225/225 | loss 1.0181 | acc 0.6583 | lr 4.64e-05 | 17s
2026-09-17 09:47:41 | INFO    | epoch 22/40 done in 25s | train loss 1.0181 | train running patch (aug): accuracy=0.6583 precision=0.6481 recall=0.6354 f1=0.6388
2026-09-17 09:47:41 | INFO    | epoch 22 train (eval, no aug) | loss 1.0184 | patch[7184]: accuracy=0.6609 precision=0.6690 recall=0.6258 f1=0.6233 | image[449]: accuracy=0.7082 precision=0.7085 recall=0.6656 f1=0.6583
2026-09-17 09:47:41 | INFO    | epoch 22 val | loss 1.8841 | patch[6688]: accuracy=0.3237 precision=0.2710 recall=0.2745 f1=0.2638 | image[76]: accuracy=0.2895 precision=0.2293 recall=0.2454 f1=0.2287
2026-09-17 09:47:41 | INFO    | val_patch_f1 = 0.2638 (best 0.3655 @ epoch 15)
2026-09-17 09:47:42 | INFO    | epoch 23 | batch 20/225 | loss 1.0276 | acc 0.6312 | lr 4.60e-05 | 1s
2026-09-17 09:47:44 | INFO    | epoch 23 | batch 40/225 | loss 1.0459 | acc 0.6305 | lr 4.57e-05 | 3s
2026-09-17 09:47:45 | INFO    | epoch 23 | batch 60/225 | loss 1.0379 | acc 0.6370 | lr 4.53e-05 | 4s
2026-09-17 09:47:46 | INFO    | epoch 23 | batch 80/225 | loss 1.0404 | acc 0.6352 | lr 4.50e-05 | 6s
2026-09-17 09:47:48 | INFO    | epoch 23 | batch 100/225 | loss 1.0374 | acc 0.6400 | lr 4.46e-05 | 7s
2026-09-17 09:47:49 | INFO    | epoch 23 | batch 120/225 | loss 1.0333 | acc 0.6409 | lr 4.42e-05 | 9s
2026-09-17 09:47:51 | INFO    | epoch 23 | batch 140/225 | loss 1.0244 | acc 0.6484 | lr 4.39e-05 | 10s
2026-09-17 09:47:52 | INFO    | epoch 23 | batch 160/225 | loss 1.0241 | acc 0.6492 | lr 4.35e-05 | 11s
2026-09-17 09:47:53 | INFO    | epoch 23 | batch 180/225 | loss 1.0232 | acc 0.6490 | lr 4.32e-05 | 13s
2026-09-17 09:47:55 | INFO    | epoch 23 | batch 200/225 | loss 1.0204 | acc 0.6530 | lr 4.28e-05 | 14s
2026-09-17 09:47:56 | INFO    | epoch 23 | batch 220/225 | loss 1.0187 | acc 0.6545 | lr 4.24e-05 | 15s
2026-09-17 09:47:56 | INFO    | epoch 23 | batch 225/225 | loss 1.0214 | acc 0.6531 | lr 4.24e-05 | 16s
2026-09-17 09:48:05 | INFO    | epoch 23/40 done in 24s | train loss 1.0214 | train running patch (aug): accuracy=0.6531 precision=0.6423 recall=0.6312 f1=0.6343
2026-09-17 09:48:05 | INFO    | epoch 23 train (eval, no aug) | loss 1.1730 | patch[7184]: accuracy=0.5938 precision=0.6001 recall=0.5725 f1=0.5758 | image[449]: accuracy=0.6147 precision=0.6185 recall=0.5884 f1=0.5917
2026-09-17 09:48:05 | INFO    | epoch 23 val | loss 1.5803 | patch[6688]: accuracy=0.3989 precision=0.3344 recall=0.3317 f1=0.3296 | image[76]: accuracy=0.3816 precision=0.3276 recall=0.3185 f1=0.3107
2026-09-17 09:48:05 | INFO    | val_patch_f1 = 0.3296 (best 0.3655 @ epoch 15)
2026-09-17 09:48:07 | INFO    | epoch 24 | batch 20/225 | loss 1.0029 | acc 0.6719 | lr 4.20e-05 | 2s
2026-09-17 09:48:08 | INFO    | epoch 24 | batch 40/225 | loss 1.0217 | acc 0.6516 | lr 4.16e-05 | 3s
2026-09-17 09:48:10 | INFO    | epoch 24 | batch 60/225 | loss 1.0253 | acc 0.6505 | lr 4.13e-05 | 5s
2026-09-17 09:48:11 | INFO    | epoch 24 | batch 80/225 | loss 1.0153 | acc 0.6566 | lr 4.09e-05 | 6s
2026-09-17 09:48:13 | INFO    | epoch 24 | batch 100/225 | loss 1.0134 | acc 0.6575 | lr 4.06e-05 | 7s
2026-09-17 09:48:14 | INFO    | epoch 24 | batch 120/225 | loss 1.0101 | acc 0.6581 | lr 4.02e-05 | 9s
2026-09-17 09:48:16 | INFO    | epoch 24 | batch 140/225 | loss 1.0097 | acc 0.6556 | lr 3.99e-05 | 10s
2026-09-17 09:48:17 | INFO    | epoch 24 | batch 160/225 | loss 1.0102 | acc 0.6562 | lr 3.95e-05 | 12s
2026-09-17 09:48:18 | INFO    | epoch 24 | batch 180/225 | loss 1.0089 | acc 0.6582 | lr 3.91e-05 | 13s
2026-09-17 09:48:20 | INFO    | epoch 24 | batch 200/225 | loss 1.0037 | acc 0.6597 | lr 3.88e-05 | 15s
2026-09-17 09:48:21 | INFO    | epoch 24 | batch 220/225 | loss 1.0007 | acc 0.6635 | lr 3.84e-05 | 16s
2026-09-17 09:48:22 | INFO    | epoch 24 | batch 225/225 | loss 1.0010 | acc 0.6634 | lr 3.83e-05 | 17s
2026-09-17 09:48:30 | INFO    | epoch 24/40 done in 25s | train loss 1.0010 | train running patch (aug): accuracy=0.6634 precision=0.6548 recall=0.6449 f1=0.6481
2026-09-17 09:48:30 | INFO    | epoch 24 train (eval, no aug) | loss 1.0410 | patch[7184]: accuracy=0.6620 precision=0.6661 recall=0.6339 f1=0.6349 | image[449]: accuracy=0.7016 precision=0.7180 recall=0.6692 f1=0.6697
2026-09-17 09:48:30 | INFO    | epoch 24 val | loss 1.7271 | patch[6688]: accuracy=0.3597 precision=0.3059 recall=0.3035 f1=0.3028 | image[76]: accuracy=0.3289 precision=0.2741 recall=0.2754 f1=0.2699
2026-09-17 09:48:30 | INFO    | val_patch_f1 = 0.3028 (best 0.3655 @ epoch 15)
2026-09-17 09:48:32 | INFO    | epoch 25 | batch 20/225 | loss 1.0178 | acc 0.6359 | lr 3.80e-05 | 2s
2026-09-17 09:48:33 | INFO    | epoch 25 | batch 40/225 | loss 1.0285 | acc 0.6281 | lr 3.76e-05 | 3s
2026-09-17 09:48:35 | INFO    | epoch 25 | batch 60/225 | loss 1.0171 | acc 0.6432 | lr 3.73e-05 | 4s
2026-09-17 09:48:36 | INFO    | epoch 25 | batch 80/225 | loss 1.0121 | acc 0.6473 | lr 3.69e-05 | 6s
2026-09-17 09:48:38 | INFO    | epoch 25 | batch 100/225 | loss 1.0061 | acc 0.6581 | lr 3.66e-05 | 7s
2026-09-17 09:48:39 | INFO    | epoch 25 | batch 120/225 | loss 1.0130 | acc 0.6547 | lr 3.62e-05 | 9s
2026-09-17 09:48:40 | INFO    | epoch 25 | batch 140/225 | loss 1.0150 | acc 0.6536 | lr 3.59e-05 | 10s
2026-09-17 09:48:42 | INFO    | epoch 25 | batch 160/225 | loss 1.0097 | acc 0.6602 | lr 3.56e-05 | 11s
2026-09-17 09:48:43 | INFO    | epoch 25 | batch 180/225 | loss 1.0068 | acc 0.6616 | lr 3.52e-05 | 13s
2026-09-17 09:48:44 | INFO    | epoch 25 | batch 200/225 | loss 1.0053 | acc 0.6642 | lr 3.49e-05 | 14s
2026-09-17 09:48:46 | INFO    | epoch 25 | batch 220/225 | loss 1.0075 | acc 0.6628 | lr 3.45e-05 | 15s
2026-09-17 09:48:46 | INFO    | epoch 25 | batch 225/225 | loss 1.0092 | acc 0.6619 | lr 3.44e-05 | 16s
2026-09-17 09:48:55 | INFO    | epoch 25/40 done in 24s | train loss 1.0092 | train running patch (aug): accuracy=0.6619 precision=0.6530 recall=0.6406 f1=0.6443
2026-09-17 09:48:55 | INFO    | epoch 25 train (eval, no aug) | loss 0.9915 | patch[7184]: accuracy=0.6725 precision=0.6663 recall=0.6522 f1=0.6552 | image[449]: accuracy=0.7149 precision=0.7109 recall=0.6872 f1=0.6910
2026-09-17 09:48:55 | INFO    | epoch 25 val | loss 1.5739 | patch[6688]: accuracy=0.4031 precision=0.3408 recall=0.3403 f1=0.3394 | image[76]: accuracy=0.4211 precision=0.3558 recall=0.3558 f1=0.3547
2026-09-17 09:48:55 | INFO    | val_patch_f1 = 0.3394 (best 0.3655 @ epoch 15)
2026-09-17 09:48:55 | INFO    | Early stopping: no val_patch_f1 improvement for 10 epochs
2026-09-17 09:48:55 | INFO    | Training finished: best val_patch_f1=0.3655 at epoch 15
2026-09-17 09:48:55 | INFO    | Loaded model_best.pt (epoch 15) for final evaluation
2026-09-17 09:48:59 | INFO    | FINAL train | loss 1.0957 | patch[7184]: accuracy=0.6130 precision=0.6038 recall=0.5731 f1=0.5627 | image[449]: accuracy=0.6570 precision=0.6585 recall=0.6124 f1=0.5993
2026-09-17 09:48:59 | INFO    | FINAL train patch-level per class:
     class    prec     rec      f1      n
         G  0.6337  0.5868  0.6093   1648
        GP  0.6616  0.7702  0.7118   1680
         M  0.6004  0.6676  0.6322   1456
         T  0.5623  0.6868  0.6184   1504
     clear  0.5610  0.1540  0.2417    896
rows = true, cols = predicted
           G    GP     M     T clear
     G   967    34   389   188    70
    GP     0  1294    67   310     9
     M   151    98   972   227     8
     T    14   366    70  1033    21
 clear   394   164   121    79   138
2026-09-17 09:48:59 | INFO    | FINAL train image-level per class:
     class    prec     rec      f1      n
         G  0.6569  0.6505  0.6537    103
        GP  0.6772  0.8190  0.7414    105
         M  0.6900  0.7582  0.7225     91
         T  0.6019  0.6915  0.6436     94
     clear  0.6667  0.1429  0.2353     56
rows = true, cols = predicted
           G    GP     M     T clear
     G    67     0    20    13     3
    GP     0    86     2    17     0
     M     7     5    69    10     0
     T     1    24     3    65     1
 clear    27    12     6     3     8
2026-09-17 09:49:03 | INFO    | FINAL val | loss 1.4046 | patch[6688]: accuracy=0.4501 precision=0.3645 recall=0.3823 f1=0.3655 | image[76]: accuracy=0.4868 precision=0.3843 recall=0.4178 f1=0.3807
2026-09-17 09:49:03 | INFO    | FINAL val patch-level per class:
     class    prec     rec      f1      n
         G  0.4292  0.3242  0.3694   1496
        GP  0.5739  0.7210  0.6391   1584
         M  0.3726  0.5374  0.4401   1496
         T  0.4471  0.3290  0.3791   1760
     clear  0.0000  0.0000  0.0000    352
rows = true, cols = predicted
           G    GP     M     T clear
     G   485   127   578   204   102
    GP     0  1142    50   392     0
     M   546    22   804   114    10
     T    74   698   406   579     3
 clear    25     1   320     6     0
2026-09-17 09:49:03 | INFO    | FINAL val image-level per class:
     class    prec     rec      f1      n
         G  0.5000  0.4118  0.4516     17
        GP  0.5926  0.8889  0.7111     18
         M  0.3846  0.5882  0.4651     17
         T  0.4444  0.2000  0.2759     20
     clear  0.0000  0.0000  0.0000      4
rows = true, cols = predicted
           G    GP     M     T clear
     G     7     2     6     2     0
    GP     0    16     0     2     0
     M     6     0    10     1     0
     T     1     9     6     4     0
 clear     0     0     4     0     0
2026-09-17 09:49:13 | INFO    | FINAL test | loss 1.4740 | patch[11352]: accuracy=0.4655 precision=0.4945 recall=0.4741 f1=0.4250 | image[129]: accuracy=0.4961 precision=0.5883 recall=0.5111 f1=0.4494
2026-09-17 09:49:13 | INFO    | FINAL test patch-level per class:
     class    prec     rec      f1      n
         G  0.4660  0.6011  0.5250   2464
        GP  0.5017  0.5819  0.5388   2552
         M  0.4771  0.7530  0.5841   1672
         T  0.3970  0.3896  0.3933   2464
     clear  0.6306  0.0450  0.0840   2200
rows = true, cols = predicted
           G    GP     M     T clear
     G  1481     1   853   125     4
    GP     0  1485     2  1018    47
     M   243     8  1259   155     7
     T     0  1445    59   960     0
 clear  1454    21   466   160    99
2026-09-17 09:49:13 | INFO    | FINAL test image-level per class:
     class    prec     rec      f1      n
         G  0.5135  0.6786  0.5846     28
        GP  0.4865  0.6207  0.5455     29
         M  0.5667  0.8947  0.6939     19
         T  0.3750  0.3214  0.3462     28
     clear  1.0000  0.0400  0.0769     25
rows = true, cols = predicted
           G    GP     M     T clear
     G    19     0     8     1     0
    GP     0    18     0    11     0
     M     1     0    17     1     0
     T     0    19     0     9     0
 clear    17     0     5     2     1
2026-09-17 09:49:13 | INFO    | Total time: 666s | results in logs/fastvit_t8_patches_new_dataset_20260917_093808
