2026-09-17 09:16:05 | INFO    | Run directory: logs/runs/fastvit_t8_patches_20260917_091605
2026-09-17 09:16:05 | INFO    | Device: cuda | torch 2.8.0+cu128 | threads 10
2026-09-17 09:16:05 | INFO    | Seed: 42
2026-09-17 09:16:05 | INFO    | Classes (5): ['G', 'GP', 'M', 'T', 'clear']
2026-09-17 09:16:05 | INFO    | Split: regroup=False group_by=none counts={'train': {'images': 455, 'groups': None}, 'val': {'images': 96, 'groups': None}, 'test': {'images': 103, 'groups': None}}
2026-09-17 09:16:05 | INFO    | Patches: size 224 | train overlap 0.00 | eval overlap 0.00 | train patches/image/epoch 16
2026-09-17 09:16:05 | INFO    | Train transform: RandomRotateAndCenterCrop -> RandomRotate90 -> RandomHorizontalFlip -> RandomVerticalFlip -> RandomApply -> AddGaussianNoise -> Normalize
2026-09-17 09:16:05 | INFO    | Eval transform:  Normalize
2026-09-17 09:16:05 | INFO    | train      455 images, 40040 patches | images per class {'G': 103, 'GP': 106, 'M': 88, 'T': 99, 'clear': 59} | patches per class {'G': 9064, 'GP': 9328, 'M': 7744, 'T': 8712, 'clear': 5192}
2026-09-17 09:16:05 | INFO    | val        96 images, 8448 patches | images per class {'G': 22, 'GP': 22, 'M': 19, 'T': 21, 'clear': 12} | patches per class {'G': 1936, 'GP': 1936, 'M': 1672, 'T': 1848, 'clear': 1056}
2026-09-17 09:16:05 | INFO    | test       103 images, 9064 patches | images per class {'G': 23, 'GP': 24, 'M': 20, 'T': 22, 'clear': 14} | patches per class {'G': 2024, 'GP': 2112, 'M': 1760, 'T': 1936, 'clear': 1232}
2026-09-17 09:16:05 | INFO    | Datasets built in 0.1s
2026-09-17 09:16:05 | INFO    | Train patches per epoch: 7280 (228 batches of 32)
2026-09-17 09:16:06 | INFO    | Model: fastvit_t8 | pretrained=True | params 3.26M (trainable 3.26M)
2026-09-17 09:16:06 | INFO    | Training 40 epochs | selection metric val_patch_f1 | patience 10 | amp True
2026-09-17 09:16:19 | INFO    | epoch 1 | batch 20/228 | loss 1.6792 | acc 0.2047 | lr 4.61e-06 | 13s
2026-09-17 09:16:21 | INFO    | epoch 1 | batch 40/228 | loss 1.6661 | acc 0.2023 | lr 8.99e-06 | 15s
2026-09-17 09:16:23 | INFO    | epoch 1 | batch 60/228 | loss 1.6608 | acc 0.2125 | lr 1.34e-05 | 17s
2026-09-17 09:16:25 | INFO    | epoch 1 | batch 80/228 | loss 1.6516 | acc 0.2156 | lr 1.78e-05 | 19s
2026-09-17 09:16:26 | INFO    | epoch 1 | batch 100/228 | loss 1.6457 | acc 0.2150 | lr 2.21e-05 | 20s
2026-09-17 09:16:28 | INFO    | epoch 1 | batch 120/228 | loss 1.6435 | acc 0.2102 | lr 2.65e-05 | 22s
2026-09-17 09:16:29 | INFO    | epoch 1 | batch 140/228 | loss 1.6395 | acc 0.2121 | lr 3.09e-05 | 23s
2026-09-17 09:16:31 | INFO    | epoch 1 | batch 160/228 | loss 1.6378 | acc 0.2156 | lr 3.53e-05 | 25s
2026-09-17 09:16:32 | INFO    | epoch 1 | batch 180/228 | loss 1.6349 | acc 0.2184 | lr 3.97e-05 | 26s
2026-09-17 09:16:34 | INFO    | epoch 1 | batch 200/228 | loss 1.6310 | acc 0.2209 | lr 4.41e-05 | 28s
2026-09-17 09:16:35 | INFO    | epoch 1 | batch 220/228 | loss 1.6279 | acc 0.2241 | lr 4.85e-05 | 29s
2026-09-17 09:16:43 | INFO    | epoch 1 | batch 228/228 | loss 1.6283 | acc 0.2247 | lr 5.02e-05 | 37s
2026-09-17 09:16:51 | INFO    | epoch 1/40 done in 45s | train loss 1.6283 | train patch: accuracy=0.2247 precision=0.2058 recall=0.2073 f1=0.1953
2026-09-17 09:16:51 | INFO    | epoch 1 val | loss 1.5833 | patch[8448]: accuracy=0.2491 precision=0.2667 recall=0.2261 f1=0.1283 | image[96]: accuracy=0.2500 precision=0.1957 recall=0.2273 f1=0.1205
2026-09-17 09:16:51 | INFO    | val_patch_f1 = 0.1283 (best 0.1283 @ epoch 1) *
2026-09-17 09:16:53 | INFO    | epoch 2 | batch 20/228 | loss 1.5876 | acc 0.2500 | lr 5.46e-05 | 2s
2026-09-17 09:16:54 | INFO    | epoch 2 | batch 40/228 | loss 1.5800 | acc 0.2656 | lr 5.90e-05 | 3s
2026-09-17 09:16:56 | INFO    | epoch 2 | batch 60/228 | loss 1.5704 | acc 0.2802 | lr 6.34e-05 | 4s
2026-09-17 09:16:57 | INFO    | epoch 2 | batch 80/228 | loss 1.5568 | acc 0.2941 | lr 6.78e-05 | 6s
2026-09-17 09:16:59 | INFO    | epoch 2 | batch 100/228 | loss 1.5514 | acc 0.2997 | lr 7.21e-05 | 7s
2026-09-17 09:17:00 | INFO    | epoch 2 | batch 120/228 | loss 1.5436 | acc 0.3055 | lr 7.65e-05 | 9s
2026-09-17 09:17:01 | INFO    | epoch 2 | batch 140/228 | loss 1.5405 | acc 0.3125 | lr 8.09e-05 | 10s
2026-09-17 09:17:03 | INFO    | epoch 2 | batch 160/228 | loss 1.5350 | acc 0.3168 | lr 8.53e-05 | 11s
2026-09-17 09:17:04 | INFO    | epoch 2 | batch 180/228 | loss 1.5305 | acc 0.3181 | lr 8.97e-05 | 13s
2026-09-17 09:17:06 | INFO    | epoch 2 | batch 200/228 | loss 1.5294 | acc 0.3231 | lr 9.41e-05 | 14s
2026-09-17 09:17:07 | INFO    | epoch 2 | batch 220/228 | loss 1.5273 | acc 0.3249 | lr 9.85e-05 | 16s
2026-09-17 09:17:07 | INFO    | epoch 2 | batch 228/228 | loss 1.5238 | acc 0.3268 | lr 1.00e-04 | 16s
2026-09-17 09:17:13 | INFO    | epoch 2/40 done in 21s | train loss 1.5238 | train patch: accuracy=0.3268 precision=0.3158 recall=0.2991 f1=0.2842
2026-09-17 09:17:13 | INFO    | epoch 2 val | loss 1.6602 | patch[8448]: accuracy=0.2865 precision=0.2148 recall=0.2580 f1=0.1951 | image[96]: accuracy=0.2604 precision=0.2026 recall=0.2351 f1=0.1759
2026-09-17 09:17:13 | INFO    | val_patch_f1 = 0.1951 (best 0.1951 @ epoch 2) *
2026-09-17 09:17:14 | INFO    | epoch 3 | batch 20/228 | loss 1.4574 | acc 0.3625 | lr 1.00e-04 | 2s
2026-09-17 09:17:16 | INFO    | epoch 3 | batch 40/228 | loss 1.4597 | acc 0.3750 | lr 1.00e-04 | 3s
2026-09-17 09:17:17 | INFO    | epoch 3 | batch 60/228 | loss 1.4613 | acc 0.3646 | lr 1.00e-04 | 5s
2026-09-17 09:17:19 | INFO    | epoch 3 | batch 80/228 | loss 1.4525 | acc 0.3637 | lr 1.00e-04 | 6s
2026-09-17 09:17:20 | INFO    | epoch 3 | batch 100/228 | loss 1.4489 | acc 0.3666 | lr 1.00e-04 | 7s
2026-09-17 09:17:21 | INFO    | epoch 3 | batch 120/228 | loss 1.4444 | acc 0.3721 | lr 1.00e-04 | 9s
2026-09-17 09:17:23 | INFO    | epoch 3 | batch 140/228 | loss 1.4452 | acc 0.3725 | lr 9.99e-05 | 10s
2026-09-17 09:17:24 | INFO    | epoch 3 | batch 160/228 | loss 1.4425 | acc 0.3740 | lr 9.99e-05 | 12s
2026-09-17 09:17:26 | INFO    | epoch 3 | batch 180/228 | loss 1.4391 | acc 0.3792 | lr 9.99e-05 | 13s
2026-09-17 09:17:27 | INFO    | epoch 3 | batch 200/228 | loss 1.4365 | acc 0.3800 | lr 9.99e-05 | 14s
2026-09-17 09:17:28 | INFO    | epoch 3 | batch 220/228 | loss 1.4316 | acc 0.3837 | lr 9.98e-05 | 16s
2026-09-17 09:17:29 | INFO    | epoch 3 | batch 228/228 | loss 1.4317 | acc 0.3832 | lr 9.98e-05 | 16s
2026-09-17 09:17:34 | INFO    | epoch 3/40 done in 21s | train loss 1.4317 | train patch: accuracy=0.3832 precision=0.3701 recall=0.3546 f1=0.3453
2026-09-17 09:17:34 | INFO    | epoch 3 val | loss 1.5579 | patch[8448]: accuracy=0.3520 precision=0.3061 recall=0.3198 f1=0.2758 | image[96]: accuracy=0.3542 precision=0.3191 recall=0.3231 f1=0.2778
2026-09-17 09:17:34 | INFO    | val_patch_f1 = 0.2758 (best 0.2758 @ epoch 3) *
2026-09-17 09:17:36 | INFO    | epoch 4 | batch 20/228 | loss 1.3717 | acc 0.4156 | lr 9.98e-05 | 2s
2026-09-17 09:17:37 | INFO    | epoch 4 | batch 40/228 | loss 1.3574 | acc 0.4328 | lr 9.98e-05 | 3s
2026-09-17 09:17:39 | INFO    | epoch 4 | batch 60/228 | loss 1.3671 | acc 0.4318 | lr 9.97e-05 | 4s
2026-09-17 09:17:40 | INFO    | epoch 4 | batch 80/228 | loss 1.3624 | acc 0.4309 | lr 9.97e-05 | 6s
2026-09-17 09:17:41 | INFO    | epoch 4 | batch 100/228 | loss 1.3693 | acc 0.4266 | lr 9.97e-05 | 7s
2026-09-17 09:17:42 | INFO    | epoch 4 | batch 120/228 | loss 1.3778 | acc 0.4198 | lr 9.96e-05 | 8s
2026-09-17 09:17:44 | INFO    | epoch 4 | batch 140/228 | loss 1.3817 | acc 0.4163 | lr 9.96e-05 | 10s
2026-09-17 09:17:45 | INFO    | epoch 4 | batch 160/228 | loss 1.3771 | acc 0.4201 | lr 9.95e-05 | 11s
2026-09-17 09:17:46 | INFO    | epoch 4 | batch 180/228 | loss 1.3722 | acc 0.4285 | lr 9.95e-05 | 12s
2026-09-17 09:17:48 | INFO    | epoch 4 | batch 200/228 | loss 1.3697 | acc 0.4306 | lr 9.94e-05 | 13s
2026-09-17 09:17:49 | INFO    | epoch 4 | batch 220/228 | loss 1.3715 | acc 0.4287 | lr 9.93e-05 | 15s
2026-09-17 09:17:49 | INFO    | epoch 4 | batch 228/228 | loss 1.3729 | acc 0.4262 | lr 9.93e-05 | 15s
2026-09-17 09:17:55 | INFO    | epoch 4/40 done in 20s | train loss 1.3729 | train patch: accuracy=0.4262 precision=0.4045 recall=0.3919 f1=0.3786
2026-09-17 09:17:55 | INFO    | epoch 4 val | loss 1.8407 | patch[8448]: accuracy=0.3222 precision=0.2888 recall=0.2857 f1=0.2220 | image[96]: accuracy=0.3125 precision=0.2484 recall=0.2753 f1=0.1993
2026-09-17 09:17:55 | INFO    | val_patch_f1 = 0.2220 (best 0.2758 @ epoch 3)
2026-09-17 09:17:56 | INFO    | epoch 5 | batch 20/228 | loss 1.3377 | acc 0.4625 | lr 9.93e-05 | 2s
2026-09-17 09:17:58 | INFO    | epoch 5 | batch 40/228 | loss 1.3463 | acc 0.4508 | lr 9.92e-05 | 3s
2026-09-17 09:17:59 | INFO    | epoch 5 | batch 60/228 | loss 1.3511 | acc 0.4417 | lr 9.91e-05 | 4s
2026-09-17 09:18:00 | INFO    | epoch 5 | batch 80/228 | loss 1.3408 | acc 0.4523 | lr 9.91e-05 | 6s
2026-09-17 09:18:02 | INFO    | epoch 5 | batch 100/228 | loss 1.3438 | acc 0.4481 | lr 9.90e-05 | 7s
2026-09-17 09:18:03 | INFO    | epoch 5 | batch 120/228 | loss 1.3443 | acc 0.4490 | lr 9.89e-05 | 8s
2026-09-17 09:18:04 | INFO    | epoch 5 | batch 140/228 | loss 1.3411 | acc 0.4504 | lr 9.88e-05 | 10s
2026-09-17 09:18:06 | INFO    | epoch 5 | batch 160/228 | loss 1.3371 | acc 0.4486 | lr 9.88e-05 | 11s
2026-09-17 09:18:07 | INFO    | epoch 5 | batch 180/228 | loss 1.3306 | acc 0.4523 | lr 9.87e-05 | 12s
2026-09-17 09:18:09 | INFO    | epoch 5 | batch 200/228 | loss 1.3297 | acc 0.4572 | lr 9.86e-05 | 14s
2026-09-17 09:18:10 | INFO    | epoch 5 | batch 220/228 | loss 1.3313 | acc 0.4550 | lr 9.85e-05 | 15s
2026-09-17 09:18:10 | INFO    | epoch 5 | batch 228/228 | loss 1.3306 | acc 0.4565 | lr 9.85e-05 | 16s
2026-09-17 09:18:16 | INFO    | epoch 5/40 done in 21s | train loss 1.3306 | train patch: accuracy=0.4565 precision=0.4442 recall=0.4230 f1=0.4135
2026-09-17 09:18:16 | INFO    | epoch 5 val | loss 1.6076 | patch[8448]: accuracy=0.3950 precision=0.3613 recall=0.3567 f1=0.3175 | image[96]: accuracy=0.4167 precision=0.3785 recall=0.3762 f1=0.3307
2026-09-17 09:18:16 | INFO    | val_patch_f1 = 0.3175 (best 0.3175 @ epoch 5) *
2026-09-17 09:18:17 | INFO    | epoch 6 | batch 20/228 | loss 1.2814 | acc 0.4688 | lr 9.84e-05 | 2s
2026-09-17 09:18:19 | INFO    | epoch 6 | batch 40/228 | loss 1.2955 | acc 0.4594 | lr 9.83e-05 | 3s
2026-09-17 09:18:20 | INFO    | epoch 6 | batch 60/228 | loss 1.2934 | acc 0.4620 | lr 9.82e-05 | 4s
2026-09-17 09:18:22 | INFO    | epoch 6 | batch 80/228 | loss 1.2968 | acc 0.4695 | lr 9.81e-05 | 6s
2026-09-17 09:18:23 | INFO    | epoch 6 | batch 100/228 | loss 1.2943 | acc 0.4709 | lr 9.80e-05 | 7s
2026-09-17 09:18:24 | INFO    | epoch 6 | batch 120/228 | loss 1.2992 | acc 0.4698 | lr 9.79e-05 | 9s
2026-09-17 09:18:26 | INFO    | epoch 6 | batch 140/228 | loss 1.3043 | acc 0.4650 | lr 9.78e-05 | 10s
2026-09-17 09:18:27 | INFO    | epoch 6 | batch 160/228 | loss 1.3096 | acc 0.4625 | lr 9.77e-05 | 11s
2026-09-17 09:18:29 | INFO    | epoch 6 | batch 180/228 | loss 1.3088 | acc 0.4646 | lr 9.76e-05 | 13s
2026-09-17 09:18:30 | INFO    | epoch 6 | batch 200/228 | loss 1.3095 | acc 0.4659 | lr 9.75e-05 | 14s
2026-09-17 09:18:31 | INFO    | epoch 6 | batch 220/228 | loss 1.3076 | acc 0.4670 | lr 9.74e-05 | 16s
2026-09-17 09:18:32 | INFO    | epoch 6 | batch 228/228 | loss 1.3084 | acc 0.4672 | lr 9.73e-05 | 16s
2026-09-17 09:18:37 | INFO    | epoch 6/40 done in 21s | train loss 1.3084 | train patch: accuracy=0.4672 precision=0.4494 recall=0.4320 f1=0.4213
2026-09-17 09:18:37 | INFO    | epoch 6 val | loss 1.4943 | patch[8448]: accuracy=0.4492 precision=0.3877 recall=0.4069 f1=0.3764 | image[96]: accuracy=0.4792 precision=0.4197 recall=0.4376 f1=0.4090
2026-09-17 09:18:37 | INFO    | val_patch_f1 = 0.3764 (best 0.3764 @ epoch 6) *
2026-09-17 09:18:39 | INFO    | epoch 7 | batch 20/228 | loss 1.3467 | acc 0.4344 | lr 9.72e-05 | 2s
2026-09-17 09:18:40 | INFO    | epoch 7 | batch 40/228 | loss 1.3312 | acc 0.4492 | lr 9.71e-05 | 3s
2026-09-17 09:18:42 | INFO    | epoch 7 | batch 60/228 | loss 1.3261 | acc 0.4505 | lr 9.70e-05 | 4s
2026-09-17 09:18:43 | INFO    | epoch 7 | batch 80/228 | loss 1.3213 | acc 0.4602 | lr 9.68e-05 | 6s
2026-09-17 09:18:44 | INFO    | epoch 7 | batch 100/228 | loss 1.3071 | acc 0.4706 | lr 9.67e-05 | 7s
2026-09-17 09:18:46 | INFO    | epoch 7 | batch 120/228 | loss 1.3008 | acc 0.4766 | lr 9.66e-05 | 9s
2026-09-17 09:18:47 | INFO    | epoch 7 | batch 140/228 | loss 1.2948 | acc 0.4792 | lr 9.64e-05 | 10s
2026-09-17 09:18:49 | INFO    | epoch 7 | batch 160/228 | loss 1.2984 | acc 0.4768 | lr 9.63e-05 | 11s
2026-09-17 09:18:50 | INFO    | epoch 7 | batch 180/228 | loss 1.2966 | acc 0.4759 | lr 9.62e-05 | 13s
2026-09-17 09:18:51 | INFO    | epoch 7 | batch 200/228 | loss 1.2961 | acc 0.4780 | lr 9.60e-05 | 14s
2026-09-17 09:18:53 | INFO    | epoch 7 | batch 220/228 | loss 1.2929 | acc 0.4793 | lr 9.59e-05 | 16s
2026-09-17 09:18:53 | INFO    | epoch 7 | batch 228/228 | loss 1.2935 | acc 0.4777 | lr 9.58e-05 | 16s
2026-09-17 09:18:58 | INFO    | epoch 7/40 done in 21s | train loss 1.2935 | train patch: accuracy=0.4777 precision=0.4579 recall=0.4422 f1=0.4319
2026-09-17 09:18:58 | INFO    | epoch 7 val | loss 1.5156 | patch[8448]: accuracy=0.4226 precision=0.3812 recall=0.3807 f1=0.3551 | image[96]: accuracy=0.4271 precision=0.4284 recall=0.3881 f1=0.3805
2026-09-17 09:18:58 | INFO    | val_patch_f1 = 0.3551 (best 0.3764 @ epoch 6)
2026-09-17 09:19:00 | INFO    | epoch 8 | batch 20/228 | loss 1.2823 | acc 0.4781 | lr 9.57e-05 | 2s
2026-09-17 09:19:01 | INFO    | epoch 8 | batch 40/228 | loss 1.2724 | acc 0.4930 | lr 9.55e-05 | 3s
2026-09-17 09:19:03 | INFO    | epoch 8 | batch 60/228 | loss 1.2851 | acc 0.4901 | lr 9.54e-05 | 4s
2026-09-17 09:19:04 | INFO    | epoch 8 | batch 80/228 | loss 1.2785 | acc 0.4949 | lr 9.52e-05 | 6s
2026-09-17 09:19:06 | INFO    | epoch 8 | batch 100/228 | loss 1.2802 | acc 0.4891 | lr 9.51e-05 | 7s
2026-09-17 09:19:07 | INFO    | epoch 8 | batch 120/228 | loss 1.2747 | acc 0.4919 | lr 9.49e-05 | 9s
2026-09-17 09:19:08 | INFO    | epoch 8 | batch 140/228 | loss 1.2745 | acc 0.4935 | lr 9.48e-05 | 10s
2026-09-17 09:19:10 | INFO    | epoch 8 | batch 160/228 | loss 1.2771 | acc 0.4912 | lr 9.46e-05 | 12s
2026-09-17 09:19:11 | INFO    | epoch 8 | batch 180/228 | loss 1.2721 | acc 0.4924 | lr 9.44e-05 | 13s
2026-09-17 09:19:13 | INFO    | epoch 8 | batch 200/228 | loss 1.2737 | acc 0.4916 | lr 9.43e-05 | 14s
2026-09-17 09:19:14 | INFO    | epoch 8 | batch 220/228 | loss 1.2737 | acc 0.4923 | lr 9.41e-05 | 16s
2026-09-17 09:19:15 | INFO    | epoch 8 | batch 228/228 | loss 1.2729 | acc 0.4927 | lr 9.40e-05 | 16s
2026-09-17 09:19:20 | INFO    | epoch 8/40 done in 21s | train loss 1.2729 | train patch: accuracy=0.4927 precision=0.4740 recall=0.4575 f1=0.4488
2026-09-17 09:19:20 | INFO    | epoch 8 val | loss 1.6328 | patch[8448]: accuracy=0.4080 precision=0.3757 recall=0.3612 f1=0.3018 | image[96]: accuracy=0.4271 precision=0.4104 recall=0.3769 f1=0.3103
2026-09-17 09:19:20 | INFO    | val_patch_f1 = 0.3018 (best 0.3764 @ epoch 6)
2026-09-17 09:19:21 | INFO    | epoch 9 | batch 20/228 | loss 1.2672 | acc 0.4953 | lr 9.39e-05 | 2s
2026-09-17 09:19:23 | INFO    | epoch 9 | batch 40/228 | loss 1.2845 | acc 0.4836 | lr 9.37e-05 | 3s
2026-09-17 09:19:24 | INFO    | epoch 9 | batch 60/228 | loss 1.2684 | acc 0.5000 | lr 9.35e-05 | 4s
2026-09-17 09:19:25 | INFO    | epoch 9 | batch 80/228 | loss 1.2564 | acc 0.5055 | lr 9.33e-05 | 6s
2026-09-17 09:19:27 | INFO    | epoch 9 | batch 100/228 | loss 1.2514 | acc 0.5069 | lr 9.32e-05 | 7s
2026-09-17 09:19:28 | INFO    | epoch 9 | batch 120/228 | loss 1.2488 | acc 0.5099 | lr 9.30e-05 | 8s
2026-09-17 09:19:29 | INFO    | epoch 9 | batch 140/228 | loss 1.2476 | acc 0.5125 | lr 9.28e-05 | 9s
2026-09-17 09:19:31 | INFO    | epoch 9 | batch 160/228 | loss 1.2459 | acc 0.5141 | lr 9.26e-05 | 11s
2026-09-17 09:19:32 | INFO    | epoch 9 | batch 180/228 | loss 1.2447 | acc 0.5165 | lr 9.24e-05 | 12s
2026-09-17 09:19:33 | INFO    | epoch 9 | batch 200/228 | loss 1.2474 | acc 0.5139 | lr 9.22e-05 | 14s
2026-09-17 09:19:35 | INFO    | epoch 9 | batch 220/228 | loss 1.2476 | acc 0.5126 | lr 9.20e-05 | 15s
2026-09-17 09:19:35 | INFO    | epoch 9 | batch 228/228 | loss 1.2442 | acc 0.5151 | lr 9.19e-05 | 16s
2026-09-17 09:19:40 | INFO    | epoch 9/40 done in 21s | train loss 1.2442 | train patch: accuracy=0.5151 precision=0.4985 recall=0.4810 f1=0.4752
2026-09-17 09:19:40 | INFO    | epoch 9 val | loss 1.6027 | patch[8448]: accuracy=0.4053 precision=0.3620 recall=0.3627 f1=0.3220 | image[96]: accuracy=0.4062 precision=0.3587 recall=0.3614 f1=0.3157
2026-09-17 09:19:40 | INFO    | val_patch_f1 = 0.3220 (best 0.3764 @ epoch 6)
2026-09-17 09:19:42 | INFO    | epoch 10 | batch 20/228 | loss 1.2500 | acc 0.5188 | lr 9.17e-05 | 1s
2026-09-17 09:19:43 | INFO    | epoch 10 | batch 40/228 | loss 1.2697 | acc 0.4953 | lr 9.15e-05 | 3s
2026-09-17 09:19:45 | INFO    | epoch 10 | batch 60/228 | loss 1.2513 | acc 0.5042 | lr 9.13e-05 | 4s
2026-09-17 09:19:46 | INFO    | epoch 10 | batch 80/228 | loss 1.2398 | acc 0.5137 | lr 9.11e-05 | 5s
2026-09-17 09:19:47 | INFO    | epoch 10 | batch 100/228 | loss 1.2375 | acc 0.5156 | lr 9.09e-05 | 7s
2026-09-17 09:19:49 | INFO    | epoch 10 | batch 120/228 | loss 1.2379 | acc 0.5128 | lr 9.07e-05 | 8s
2026-09-17 09:19:50 | INFO    | epoch 10 | batch 140/228 | loss 1.2389 | acc 0.5103 | lr 9.05e-05 | 9s
2026-09-17 09:19:51 | INFO    | epoch 10 | batch 160/228 | loss 1.2374 | acc 0.5100 | lr 9.03e-05 | 11s
2026-09-17 09:19:53 | INFO    | epoch 10 | batch 180/228 | loss 1.2355 | acc 0.5115 | lr 9.01e-05 | 12s
2026-09-17 09:19:54 | INFO    | epoch 10 | batch 200/228 | loss 1.2336 | acc 0.5114 | lr 8.99e-05 | 14s
2026-09-17 09:19:56 | INFO    | epoch 10 | batch 220/228 | loss 1.2335 | acc 0.5122 | lr 8.97e-05 | 15s
2026-09-17 09:19:56 | INFO    | epoch 10 | batch 228/228 | loss 1.2332 | acc 0.5122 | lr 8.96e-05 | 16s
2026-09-17 09:20:01 | INFO    | epoch 10/40 done in 21s | train loss 1.2332 | train patch: accuracy=0.5122 precision=0.4996 recall=0.4792 f1=0.4739
2026-09-17 09:20:01 | INFO    | epoch 10 val | loss 1.3174 | patch[8448]: accuracy=0.5156 precision=0.4370 recall=0.4681 f1=0.4410 | image[96]: accuracy=0.5104 precision=0.4317 recall=0.4664 f1=0.4420
2026-09-17 09:20:01 | INFO    | val_patch_f1 = 0.4410 (best 0.4410 @ epoch 10) *
2026-09-17 09:20:03 | INFO    | epoch 11 | batch 20/228 | loss 1.2188 | acc 0.5141 | lr 8.93e-05 | 2s
2026-09-17 09:20:04 | INFO    | epoch 11 | batch 40/228 | loss 1.2239 | acc 0.5195 | lr 8.91e-05 | 3s
2026-09-17 09:20:06 | INFO    | epoch 11 | batch 60/228 | loss 1.2273 | acc 0.5234 | lr 8.89e-05 | 4s
2026-09-17 09:20:07 | INFO    | epoch 11 | batch 80/228 | loss 1.2257 | acc 0.5227 | lr 8.87e-05 | 6s
2026-09-17 09:20:09 | INFO    | epoch 11 | batch 100/228 | loss 1.2223 | acc 0.5241 | lr 8.84e-05 | 7s
2026-09-17 09:20:10 | INFO    | epoch 11 | batch 120/228 | loss 1.2234 | acc 0.5211 | lr 8.82e-05 | 9s
2026-09-17 09:20:11 | INFO    | epoch 11 | batch 140/228 | loss 1.2185 | acc 0.5232 | lr 8.80e-05 | 10s
2026-09-17 09:20:13 | INFO    | epoch 11 | batch 160/228 | loss 1.2178 | acc 0.5240 | lr 8.77e-05 | 12s
2026-09-17 09:20:14 | INFO    | epoch 11 | batch 180/228 | loss 1.2152 | acc 0.5255 | lr 8.75e-05 | 13s
2026-09-17 09:20:16 | INFO    | epoch 11 | batch 200/228 | loss 1.2135 | acc 0.5269 | lr 8.73e-05 | 14s
2026-09-17 09:20:17 | INFO    | epoch 11 | batch 220/228 | loss 1.2133 | acc 0.5273 | lr 8.70e-05 | 16s
2026-09-17 09:20:18 | INFO    | epoch 11 | batch 228/228 | loss 1.2120 | acc 0.5277 | lr 8.69e-05 | 16s
2026-09-17 09:20:23 | INFO    | epoch 11/40 done in 21s | train loss 1.2120 | train patch: accuracy=0.5277 precision=0.5171 recall=0.4976 f1=0.4958
2026-09-17 09:20:23 | INFO    | epoch 11 val | loss 1.2916 | patch[8448]: accuracy=0.4805 precision=0.4293 recall=0.4345 f1=0.3999 | image[96]: accuracy=0.4792 precision=0.4189 recall=0.4303 f1=0.3824
2026-09-17 09:20:23 | INFO    | val_patch_f1 = 0.3999 (best 0.4410 @ epoch 10)
2026-09-17 09:20:24 | INFO    | epoch 12 | batch 20/228 | loss 1.1734 | acc 0.5500 | lr 8.67e-05 | 2s
2026-09-17 09:20:26 | INFO    | epoch 12 | batch 40/228 | loss 1.1965 | acc 0.5398 | lr 8.64e-05 | 3s
2026-09-17 09:20:27 | INFO    | epoch 12 | batch 60/228 | loss 1.1996 | acc 0.5344 | lr 8.62e-05 | 4s
2026-09-17 09:20:29 | INFO    | epoch 12 | batch 80/228 | loss 1.2011 | acc 0.5395 | lr 8.59e-05 | 6s
2026-09-17 09:20:30 | INFO    | epoch 12 | batch 100/228 | loss 1.2074 | acc 0.5331 | lr 8.57e-05 | 7s
2026-09-17 09:20:31 | INFO    | epoch 12 | batch 120/228 | loss 1.2061 | acc 0.5323 | lr 8.54e-05 | 9s
2026-09-17 09:20:33 | INFO    | epoch 12 | batch 140/228 | loss 1.2030 | acc 0.5357 | lr 8.52e-05 | 10s
2026-09-17 09:20:34 | INFO    | epoch 12 | batch 160/228 | loss 1.2097 | acc 0.5312 | lr 8.49e-05 | 11s
2026-09-17 09:20:36 | INFO    | epoch 12 | batch 180/228 | loss 1.2078 | acc 0.5306 | lr 8.47e-05 | 13s
2026-09-17 09:20:37 | INFO    | epoch 12 | batch 200/228 | loss 1.2072 | acc 0.5314 | lr 8.44e-05 | 14s
2026-09-17 09:20:38 | INFO    | epoch 12 | batch 220/228 | loss 1.2047 | acc 0.5345 | lr 8.41e-05 | 16s
2026-09-17 09:20:39 | INFO    | epoch 12 | batch 228/228 | loss 1.2046 | acc 0.5334 | lr 8.40e-05 | 16s
2026-09-17 09:20:44 | INFO    | epoch 12/40 done in 21s | train loss 1.2046 | train patch: accuracy=0.5334 precision=0.5144 recall=0.5018 f1=0.4987
2026-09-17 09:20:44 | INFO    | epoch 12 val | loss 1.2034 | patch[8448]: accuracy=0.5099 precision=0.4907 recall=0.4704 f1=0.4506 | image[96]: accuracy=0.5208 precision=0.4993 recall=0.4721 f1=0.4422
2026-09-17 09:20:44 | INFO    | val_patch_f1 = 0.4506 (best 0.4506 @ epoch 12) *
2026-09-17 09:20:46 | INFO    | epoch 13 | batch 20/228 | loss 1.1649 | acc 0.5656 | lr 8.38e-05 | 2s
2026-09-17 09:20:47 | INFO    | epoch 13 | batch 40/228 | loss 1.1503 | acc 0.5742 | lr 8.35e-05 | 3s
2026-09-17 09:20:49 | INFO    | epoch 13 | batch 60/228 | loss 1.1729 | acc 0.5573 | lr 8.32e-05 | 4s
2026-09-17 09:20:50 | INFO    | epoch 13 | batch 80/228 | loss 1.1780 | acc 0.5586 | lr 8.30e-05 | 6s
2026-09-17 09:20:51 | INFO    | epoch 13 | batch 100/228 | loss 1.1831 | acc 0.5525 | lr 8.27e-05 | 7s
2026-09-17 09:20:53 | INFO    | epoch 13 | batch 120/228 | loss 1.1814 | acc 0.5534 | lr 8.24e-05 | 9s
2026-09-17 09:20:54 | INFO    | epoch 13 | batch 140/228 | loss 1.1872 | acc 0.5469 | lr 8.21e-05 | 10s
2026-09-17 09:20:56 | INFO    | epoch 13 | batch 160/228 | loss 1.1841 | acc 0.5488 | lr 8.19e-05 | 12s
2026-09-17 09:20:57 | INFO    | epoch 13 | batch 180/228 | loss 1.1848 | acc 0.5491 | lr 8.16e-05 | 13s
2026-09-17 09:20:59 | INFO    | epoch 13 | batch 200/228 | loss 1.1805 | acc 0.5530 | lr 8.13e-05 | 14s
2026-09-17 09:21:00 | INFO    | epoch 13 | batch 220/228 | loss 1.1799 | acc 0.5521 | lr 8.10e-05 | 16s
2026-09-17 09:21:00 | INFO    | epoch 13 | batch 228/228 | loss 1.1825 | acc 0.5512 | lr 8.09e-05 | 16s
2026-09-17 09:21:06 | INFO    | epoch 13/40 done in 21s | train loss 1.1825 | train patch: accuracy=0.5512 precision=0.5403 recall=0.5209 f1=0.5199
2026-09-17 09:21:06 | INFO    | epoch 13 val | loss 1.3560 | patch[8448]: accuracy=0.4496 precision=0.4448 recall=0.4100 f1=0.3783 | image[96]: accuracy=0.4688 precision=0.4522 recall=0.4245 f1=0.3815
2026-09-17 09:21:06 | INFO    | val_patch_f1 = 0.3783 (best 0.4506 @ epoch 12)
2026-09-17 09:21:07 | INFO    | epoch 14 | batch 20/228 | loss 1.1743 | acc 0.5641 | lr 8.06e-05 | 2s
2026-09-17 09:21:09 | INFO    | epoch 14 | batch 40/228 | loss 1.1848 | acc 0.5539 | lr 8.03e-05 | 3s
2026-09-17 09:21:10 | INFO    | epoch 14 | batch 60/228 | loss 1.1790 | acc 0.5536 | lr 8.00e-05 | 5s
2026-09-17 09:21:12 | INFO    | epoch 14 | batch 80/228 | loss 1.1738 | acc 0.5602 | lr 7.98e-05 | 6s
2026-09-17 09:21:13 | INFO    | epoch 14 | batch 100/228 | loss 1.1717 | acc 0.5594 | lr 7.95e-05 | 7s
2026-09-17 09:21:14 | INFO    | epoch 14 | batch 120/228 | loss 1.1736 | acc 0.5586 | lr 7.92e-05 | 9s
2026-09-17 09:21:16 | INFO    | epoch 14 | batch 140/228 | loss 1.1734 | acc 0.5598 | lr 7.89e-05 | 10s
2026-09-17 09:21:17 | INFO    | epoch 14 | batch 160/228 | loss 1.1721 | acc 0.5602 | lr 7.86e-05 | 12s
2026-09-17 09:21:19 | INFO    | epoch 14 | batch 180/228 | loss 1.1716 | acc 0.5589 | lr 7.83e-05 | 13s
2026-09-17 09:21:20 | INFO    | epoch 14 | batch 200/228 | loss 1.1748 | acc 0.5566 | lr 7.80e-05 | 14s
2026-09-17 09:21:21 | INFO    | epoch 14 | batch 220/228 | loss 1.1751 | acc 0.5561 | lr 7.77e-05 | 16s
2026-09-17 09:21:22 | INFO    | epoch 14 | batch 228/228 | loss 1.1736 | acc 0.5584 | lr 7.76e-05 | 16s
2026-09-17 09:21:27 | INFO    | epoch 14/40 done in 21s | train loss 1.1736 | train patch: accuracy=0.5584 precision=0.5498 recall=0.5302 f1=0.5303
2026-09-17 09:21:27 | INFO    | epoch 14 val | loss 1.2215 | patch[8448]: accuracy=0.5360 precision=0.5176 recall=0.4908 f1=0.4663 | image[96]: accuracy=0.5312 precision=0.4819 recall=0.4731 f1=0.4220
2026-09-17 09:21:27 | INFO    | val_patch_f1 = 0.4663 (best 0.4663 @ epoch 14) *
2026-09-17 09:21:29 | INFO    | epoch 15 | batch 20/228 | loss 1.1890 | acc 0.5469 | lr 7.73e-05 | 2s
2026-09-17 09:21:30 | INFO    | epoch 15 | batch 40/228 | loss 1.1822 | acc 0.5492 | lr 7.70e-05 | 3s
2026-09-17 09:21:32 | INFO    | epoch 15 | batch 60/228 | loss 1.1651 | acc 0.5599 | lr 7.67e-05 | 4s
2026-09-17 09:21:33 | INFO    | epoch 15 | batch 80/228 | loss 1.1740 | acc 0.5496 | lr 7.64e-05 | 6s
2026-09-17 09:21:34 | INFO    | epoch 15 | batch 100/228 | loss 1.1725 | acc 0.5503 | lr 7.61e-05 | 7s
2026-09-17 09:21:36 | INFO    | epoch 15 | batch 120/228 | loss 1.1803 | acc 0.5424 | lr 7.57e-05 | 9s
2026-09-17 09:21:37 | INFO    | epoch 15 | batch 140/228 | loss 1.1748 | acc 0.5455 | lr 7.54e-05 | 10s
2026-09-17 09:21:39 | INFO    | epoch 15 | batch 160/228 | loss 1.1747 | acc 0.5496 | lr 7.51e-05 | 11s
2026-09-17 09:21:40 | INFO    | epoch 15 | batch 180/228 | loss 1.1761 | acc 0.5481 | lr 7.48e-05 | 13s
2026-09-17 09:21:41 | INFO    | epoch 15 | batch 200/228 | loss 1.1780 | acc 0.5494 | lr 7.45e-05 | 14s
2026-09-17 09:21:43 | INFO    | epoch 15 | batch 220/228 | loss 1.1728 | acc 0.5540 | lr 7.42e-05 | 16s
2026-09-17 09:21:43 | INFO    | epoch 15 | batch 228/228 | loss 1.1735 | acc 0.5538 | lr 7.41e-05 | 16s
2026-09-17 09:21:48 | INFO    | epoch 15/40 done in 21s | train loss 1.1735 | train patch: accuracy=0.5538 precision=0.5405 recall=0.5271 f1=0.5275
2026-09-17 09:21:48 | INFO    | epoch 15 val | loss 1.2442 | patch[8448]: accuracy=0.5097 precision=0.5002 recall=0.4704 f1=0.4548 | image[96]: accuracy=0.5104 precision=0.5370 recall=0.4648 f1=0.4390
2026-09-17 09:21:48 | INFO    | val_patch_f1 = 0.4548 (best 0.4663 @ epoch 14)
2026-09-17 09:21:50 | INFO    | epoch 16 | batch 20/228 | loss 1.1295 | acc 0.5656 | lr 7.37e-05 | 2s
2026-09-17 09:21:51 | INFO    | epoch 16 | batch 40/228 | loss 1.1225 | acc 0.5820 | lr 7.34e-05 | 3s
2026-09-17 09:21:53 | INFO    | epoch 16 | batch 60/228 | loss 1.1370 | acc 0.5703 | lr 7.31e-05 | 4s
2026-09-17 09:21:54 | INFO    | epoch 16 | batch 80/228 | loss 1.1410 | acc 0.5734 | lr 7.28e-05 | 6s
2026-09-17 09:21:56 | INFO    | epoch 16 | batch 100/228 | loss 1.1413 | acc 0.5737 | lr 7.25e-05 | 7s
2026-09-17 09:21:57 | INFO    | epoch 16 | batch 120/228 | loss 1.1420 | acc 0.5745 | lr 7.21e-05 | 9s
2026-09-17 09:21:58 | INFO    | epoch 16 | batch 140/228 | loss 1.1412 | acc 0.5746 | lr 7.18e-05 | 10s
2026-09-17 09:22:00 | INFO    | epoch 16 | batch 160/228 | loss 1.1419 | acc 0.5742 | lr 7.15e-05 | 11s
2026-09-17 09:22:01 | INFO    | epoch 16 | batch 180/228 | loss 1.1391 | acc 0.5771 | lr 7.12e-05 | 13s
2026-09-17 09:22:03 | INFO    | epoch 16 | batch 200/228 | loss 1.1455 | acc 0.5719 | lr 7.08e-05 | 14s
2026-09-17 09:22:04 | INFO    | epoch 16 | batch 220/228 | loss 1.1496 | acc 0.5707 | lr 7.05e-05 | 16s
2026-09-17 09:22:05 | INFO    | epoch 16 | batch 228/228 | loss 1.1472 | acc 0.5724 | lr 7.04e-05 | 16s
2026-09-17 09:22:10 | INFO    | epoch 16/40 done in 21s | train loss 1.1472 | train patch: accuracy=0.5724 precision=0.5636 recall=0.5482 f1=0.5500
2026-09-17 09:22:10 | INFO    | epoch 16 val | loss 1.2568 | patch[8448]: accuracy=0.5021 precision=0.4833 recall=0.4581 f1=0.4345 | image[96]: accuracy=0.5000 precision=0.4205 recall=0.4482 f1=0.4087
2026-09-17 09:22:10 | INFO    | val_patch_f1 = 0.4345 (best 0.4663 @ epoch 14)
2026-09-17 09:22:11 | INFO    | epoch 17 | batch 20/228 | loss 1.1586 | acc 0.5641 | lr 7.01e-05 | 2s
2026-09-17 09:22:13 | INFO    | epoch 17 | batch 40/228 | loss 1.1412 | acc 0.5852 | lr 6.97e-05 | 3s
2026-09-17 09:22:14 | INFO    | epoch 17 | batch 60/228 | loss 1.1359 | acc 0.5927 | lr 6.94e-05 | 4s
2026-09-17 09:22:15 | INFO    | epoch 17 | batch 80/228 | loss 1.1447 | acc 0.5848 | lr 6.91e-05 | 6s
2026-09-17 09:22:17 | INFO    | epoch 17 | batch 100/228 | loss 1.1480 | acc 0.5837 | lr 6.87e-05 | 7s
2026-09-17 09:22:18 | INFO    | epoch 17 | batch 120/228 | loss 1.1503 | acc 0.5794 | lr 6.84e-05 | 8s
2026-09-17 09:22:20 | INFO    | epoch 17 | batch 140/228 | loss 1.1469 | acc 0.5801 | lr 6.81e-05 | 10s
2026-09-17 09:22:21 | INFO    | epoch 17 | batch 160/228 | loss 1.1466 | acc 0.5781 | lr 6.77e-05 | 11s
2026-09-17 09:22:23 | INFO    | epoch 17 | batch 180/228 | loss 1.1513 | acc 0.5759 | lr 6.74e-05 | 13s
2026-09-17 09:22:24 | INFO    | epoch 17 | batch 200/228 | loss 1.1499 | acc 0.5766 | lr 6.70e-05 | 14s
2026-09-17 09:22:25 | INFO    | epoch 17 | batch 220/228 | loss 1.1484 | acc 0.5773 | lr 6.67e-05 | 16s
2026-09-17 09:22:26 | INFO    | epoch 17 | batch 228/228 | loss 1.1466 | acc 0.5779 | lr 6.66e-05 | 16s
2026-09-17 09:22:31 | INFO    | epoch 17/40 done in 21s | train loss 1.1466 | train patch: accuracy=0.5779 precision=0.5663 recall=0.5498 f1=0.5503
2026-09-17 09:22:31 | INFO    | epoch 17 val | loss 1.1998 | patch[8448]: accuracy=0.5516 precision=0.5504 recall=0.5218 f1=0.5171 | image[96]: accuracy=0.5833 precision=0.5856 recall=0.5451 f1=0.5329
2026-09-17 09:22:31 | INFO    | val_patch_f1 = 0.5171 (best 0.5171 @ epoch 17) *
2026-09-17 09:22:33 | INFO    | epoch 18 | batch 20/228 | loss 1.1621 | acc 0.5656 | lr 6.62e-05 | 2s
2026-09-17 09:22:34 | INFO    | epoch 18 | batch 40/228 | loss 1.1199 | acc 0.5938 | lr 6.59e-05 | 3s
2026-09-17 09:22:36 | INFO    | epoch 18 | batch 60/228 | loss 1.1239 | acc 0.5896 | lr 6.56e-05 | 5s
2026-09-17 09:22:37 | INFO    | epoch 18 | batch 80/228 | loss 1.1221 | acc 0.5855 | lr 6.52e-05 | 6s
2026-09-17 09:22:39 | INFO    | epoch 18 | batch 100/228 | loss 1.1276 | acc 0.5834 | lr 6.49e-05 | 7s
2026-09-17 09:22:40 | INFO    | epoch 18 | batch 120/228 | loss 1.1219 | acc 0.5888 | lr 6.45e-05 | 9s
2026-09-17 09:22:42 | INFO    | epoch 18 | batch 140/228 | loss 1.1225 | acc 0.5866 | lr 6.42e-05 | 10s
2026-09-17 09:22:43 | INFO    | epoch 18 | batch 160/228 | loss 1.1231 | acc 0.5846 | lr 6.38e-05 | 12s
2026-09-17 09:22:44 | INFO    | epoch 18 | batch 180/228 | loss 1.1280 | acc 0.5866 | lr 6.35e-05 | 13s
2026-09-17 09:22:46 | INFO    | epoch 18 | batch 200/228 | loss 1.1246 | acc 0.5875 | lr 6.31e-05 | 14s
2026-09-17 09:22:47 | INFO    | epoch 18 | batch 220/228 | loss 1.1284 | acc 0.5841 | lr 6.28e-05 | 16s
2026-09-17 09:22:48 | INFO    | epoch 18 | batch 228/228 | loss 1.1301 | acc 0.5820 | lr 6.27e-05 | 16s
2026-09-17 09:22:53 | INFO    | epoch 18/40 done in 21s | train loss 1.1301 | train patch: accuracy=0.5820 precision=0.5726 recall=0.5541 f1=0.5549
2026-09-17 09:22:53 | INFO    | epoch 18 val | loss 1.2351 | patch[8448]: accuracy=0.5447 precision=0.5211 recall=0.5089 f1=0.5022 | image[96]: accuracy=0.5938 precision=0.5754 recall=0.5576 f1=0.5535
2026-09-17 09:22:53 | INFO    | val_patch_f1 = 0.5022 (best 0.5171 @ epoch 17)
2026-09-17 09:22:54 | INFO    | epoch 19 | batch 20/228 | loss 1.0921 | acc 0.6109 | lr 6.23e-05 | 2s
2026-09-17 09:22:56 | INFO    | epoch 19 | batch 40/228 | loss 1.1042 | acc 0.5984 | lr 6.20e-05 | 3s
2026-09-17 09:22:57 | INFO    | epoch 19 | batch 60/228 | loss 1.1098 | acc 0.5932 | lr 6.16e-05 | 4s
2026-09-17 09:22:59 | INFO    | epoch 19 | batch 80/228 | loss 1.1122 | acc 0.5930 | lr 6.13e-05 | 6s
2026-09-17 09:23:00 | INFO    | epoch 19 | batch 100/228 | loss 1.1192 | acc 0.5913 | lr 6.09e-05 | 7s
2026-09-17 09:23:02 | INFO    | epoch 19 | batch 120/228 | loss 1.1194 | acc 0.5891 | lr 6.06e-05 | 9s
2026-09-17 09:23:03 | INFO    | epoch 19 | batch 140/228 | loss 1.1157 | acc 0.5920 | lr 6.02e-05 | 10s
2026-09-17 09:23:04 | INFO    | epoch 19 | batch 160/228 | loss 1.1135 | acc 0.5926 | lr 5.98e-05 | 12s
2026-09-17 09:23:06 | INFO    | epoch 19 | batch 180/228 | loss 1.1167 | acc 0.5896 | lr 5.95e-05 | 13s
2026-09-17 09:23:07 | INFO    | epoch 19 | batch 200/228 | loss 1.1159 | acc 0.5913 | lr 5.91e-05 | 14s
2026-09-17 09:23:09 | INFO    | epoch 19 | batch 220/228 | loss 1.1173 | acc 0.5895 | lr 5.88e-05 | 16s
2026-09-17 09:23:09 | INFO    | epoch 19 | batch 228/228 | loss 1.1174 | acc 0.5898 | lr 5.86e-05 | 16s
2026-09-17 09:23:14 | INFO    | epoch 19/40 done in 21s | train loss 1.1174 | train patch: accuracy=0.5898 precision=0.5808 recall=0.5643 f1=0.5662
2026-09-17 09:23:14 | INFO    | epoch 19 val | loss 1.3686 | patch[8448]: accuracy=0.4852 precision=0.4820 recall=0.4496 f1=0.4332 | image[96]: accuracy=0.5104 precision=0.5431 recall=0.4735 f1=0.4616
2026-09-17 09:23:14 | INFO    | val_patch_f1 = 0.4332 (best 0.5171 @ epoch 17)
2026-09-17 09:23:16 | INFO    | epoch 20 | batch 20/228 | loss 1.1310 | acc 0.5781 | lr 5.83e-05 | 2s
2026-09-17 09:23:17 | INFO    | epoch 20 | batch 40/228 | loss 1.1355 | acc 0.5703 | lr 5.79e-05 | 3s
2026-09-17 09:23:19 | INFO    | epoch 20 | batch 60/228 | loss 1.1196 | acc 0.5854 | lr 5.76e-05 | 4s
2026-09-17 09:23:20 | INFO    | epoch 20 | batch 80/228 | loss 1.1156 | acc 0.5910 | lr 5.72e-05 | 6s
2026-09-17 09:23:22 | INFO    | epoch 20 | batch 100/228 | loss 1.1160 | acc 0.5906 | lr 5.69e-05 | 7s
2026-09-17 09:23:23 | INFO    | epoch 20 | batch 120/228 | loss 1.1134 | acc 0.5964 | lr 5.65e-05 | 9s
2026-09-17 09:23:25 | INFO    | epoch 20 | batch 140/228 | loss 1.1104 | acc 0.5946 | lr 5.62e-05 | 10s
2026-09-17 09:23:26 | INFO    | epoch 20 | batch 160/228 | loss 1.1190 | acc 0.5898 | lr 5.58e-05 | 11s
2026-09-17 09:23:27 | INFO    | epoch 20 | batch 180/228 | loss 1.1180 | acc 0.5925 | lr 5.54e-05 | 13s
2026-09-17 09:23:29 | INFO    | epoch 20 | batch 200/228 | loss 1.1174 | acc 0.5920 | lr 5.51e-05 | 14s
2026-09-17 09:23:30 | INFO    | epoch 20 | batch 220/228 | loss 1.1187 | acc 0.5906 | lr 5.47e-05 | 16s
2026-09-17 09:23:31 | INFO    | epoch 20 | batch 228/228 | loss 1.1163 | acc 0.5919 | lr 5.46e-05 | 16s
2026-09-17 09:23:36 | INFO    | epoch 20/40 done in 21s | train loss 1.1163 | train patch: accuracy=0.5919 precision=0.5826 recall=0.5679 f1=0.5702
2026-09-17 09:23:36 | INFO    | epoch 20 val | loss 1.2427 | patch[8448]: accuracy=0.5286 precision=0.5177 recall=0.4904 f1=0.4809 | image[96]: accuracy=0.5417 precision=0.5256 recall=0.5022 f1=0.4917
2026-09-17 09:23:36 | INFO    | val_patch_f1 = 0.4809 (best 0.5171 @ epoch 17)
2026-09-17 09:23:38 | INFO    | epoch 21 | batch 20/228 | loss 1.0996 | acc 0.6047 | lr 5.42e-05 | 2s
2026-09-17 09:23:39 | INFO    | epoch 21 | batch 40/228 | loss 1.0892 | acc 0.6047 | lr 5.39e-05 | 3s
2026-09-17 09:23:40 | INFO    | epoch 21 | batch 60/228 | loss 1.0991 | acc 0.5958 | lr 5.35e-05 | 4s
2026-09-17 09:23:42 | INFO    | epoch 21 | batch 80/228 | loss 1.1081 | acc 0.5926 | lr 5.32e-05 | 6s
2026-09-17 09:23:43 | INFO    | epoch 21 | batch 100/228 | loss 1.1043 | acc 0.5966 | lr 5.28e-05 | 7s
2026-09-17 09:23:45 | INFO    | epoch 21 | batch 120/228 | loss 1.1044 | acc 0.5964 | lr 5.24e-05 | 9s
2026-09-17 09:23:46 | INFO    | epoch 21 | batch 140/228 | loss 1.0994 | acc 0.5987 | lr 5.21e-05 | 10s
2026-09-17 09:23:47 | INFO    | epoch 21 | batch 160/228 | loss 1.0962 | acc 0.6002 | lr 5.17e-05 | 11s
2026-09-17 09:23:49 | INFO    | epoch 21 | batch 180/228 | loss 1.0917 | acc 0.6042 | lr 5.14e-05 | 13s
2026-09-17 09:23:50 | INFO    | epoch 21 | batch 200/228 | loss 1.0903 | acc 0.6041 | lr 5.10e-05 | 14s
2026-09-17 09:23:51 | INFO    | epoch 21 | batch 220/228 | loss 1.0924 | acc 0.6024 | lr 5.06e-05 | 15s
2026-09-17 09:23:52 | INFO    | epoch 21 | batch 228/228 | loss 1.0908 | acc 0.6029 | lr 5.05e-05 | 16s
2026-09-17 09:23:57 | INFO    | epoch 21/40 done in 21s | train loss 1.0908 | train patch: accuracy=0.6029 precision=0.5953 recall=0.5778 f1=0.5802
2026-09-17 09:23:57 | INFO    | epoch 21 val | loss 1.1880 | patch[8448]: accuracy=0.5473 precision=0.5350 recall=0.5083 f1=0.5004 | image[96]: accuracy=0.5729 precision=0.5821 recall=0.5313 f1=0.5243
2026-09-17 09:23:57 | INFO    | val_patch_f1 = 0.5004 (best 0.5171 @ epoch 17)
2026-09-17 09:23:58 | INFO    | epoch 22 | batch 20/228 | loss 1.0431 | acc 0.6391 | lr 5.01e-05 | 1s
2026-09-17 09:24:00 | INFO    | epoch 22 | batch 40/228 | loss 1.0722 | acc 0.6180 | lr 4.98e-05 | 3s
2026-09-17 09:24:01 | INFO    | epoch 22 | batch 60/228 | loss 1.0786 | acc 0.6182 | lr 4.94e-05 | 4s
2026-09-17 09:24:03 | INFO    | epoch 22 | batch 80/228 | loss 1.0726 | acc 0.6230 | lr 4.91e-05 | 6s
2026-09-17 09:24:04 | INFO    | epoch 22 | batch 100/228 | loss 1.0723 | acc 0.6181 | lr 4.87e-05 | 7s
2026-09-17 09:24:05 | INFO    | epoch 22 | batch 120/228 | loss 1.0822 | acc 0.6141 | lr 4.83e-05 | 8s
2026-09-17 09:24:07 | INFO    | epoch 22 | batch 140/228 | loss 1.0841 | acc 0.6136 | lr 4.80e-05 | 10s
2026-09-17 09:24:08 | INFO    | epoch 22 | batch 160/228 | loss 1.0851 | acc 0.6123 | lr 4.76e-05 | 11s
2026-09-17 09:24:10 | INFO    | epoch 22 | batch 180/228 | loss 1.0854 | acc 0.6125 | lr 4.73e-05 | 13s
2026-09-17 09:24:11 | INFO    | epoch 22 | batch 200/228 | loss 1.0844 | acc 0.6127 | lr 4.69e-05 | 14s
2026-09-17 09:24:13 | INFO    | epoch 22 | batch 220/228 | loss 1.0868 | acc 0.6107 | lr 4.66e-05 | 16s
2026-09-17 09:24:13 | INFO    | epoch 22 | batch 228/228 | loss 1.0859 | acc 0.6114 | lr 4.64e-05 | 16s
2026-09-17 09:24:18 | INFO    | epoch 22/40 done in 21s | train loss 1.0859 | train patch: accuracy=0.6114 precision=0.6056 recall=0.5885 f1=0.5916
2026-09-17 09:24:18 | INFO    | epoch 22 val | loss 1.1655 | patch[8448]: accuracy=0.5360 precision=0.5137 recall=0.4936 f1=0.4820 | image[96]: accuracy=0.5521 precision=0.5005 recall=0.4988 f1=0.4755
2026-09-17 09:24:18 | INFO    | val_patch_f1 = 0.4820 (best 0.5171 @ epoch 17)
2026-09-17 09:24:20 | INFO    | epoch 23 | batch 20/228 | loss 1.0397 | acc 0.6234 | lr 4.61e-05 | 2s
2026-09-17 09:24:21 | INFO    | epoch 23 | batch 40/228 | loss 1.0784 | acc 0.6133 | lr 4.57e-05 | 3s
2026-09-17 09:24:23 | INFO    | epoch 23 | batch 60/228 | loss 1.0675 | acc 0.6224 | lr 4.53e-05 | 5s
2026-09-17 09:24:24 | INFO    | epoch 23 | batch 80/228 | loss 1.0724 | acc 0.6188 | lr 4.50e-05 | 6s
2026-09-17 09:24:26 | INFO    | epoch 23 | batch 100/228 | loss 1.0670 | acc 0.6225 | lr 4.46e-05 | 7s
2026-09-17 09:24:27 | INFO    | epoch 23 | batch 120/228 | loss 1.0657 | acc 0.6206 | lr 4.43e-05 | 9s
2026-09-17 09:24:29 | INFO    | epoch 23 | batch 140/228 | loss 1.0628 | acc 0.6246 | lr 4.39e-05 | 10s
2026-09-17 09:24:30 | INFO    | epoch 23 | batch 160/228 | loss 1.0664 | acc 0.6189 | lr 4.36e-05 | 12s
2026-09-17 09:24:32 | INFO    | epoch 23 | batch 180/228 | loss 1.0701 | acc 0.6144 | lr 4.32e-05 | 13s
2026-09-17 09:24:33 | INFO    | epoch 23 | batch 200/228 | loss 1.0724 | acc 0.6153 | lr 4.28e-05 | 15s
2026-09-17 09:24:35 | INFO    | epoch 23 | batch 220/228 | loss 1.0747 | acc 0.6136 | lr 4.25e-05 | 16s
2026-09-17 09:24:35 | INFO    | epoch 23 | batch 228/228 | loss 1.0737 | acc 0.6139 | lr 4.24e-05 | 17s
2026-09-17 09:24:41 | INFO    | epoch 23/40 done in 22s | train loss 1.0737 | train patch: accuracy=0.6139 precision=0.6104 recall=0.5916 f1=0.5952
2026-09-17 09:24:41 | INFO    | epoch 23 val | loss 1.2847 | patch[8448]: accuracy=0.5196 precision=0.4918 recall=0.4822 f1=0.4685 | image[96]: accuracy=0.5625 precision=0.4860 recall=0.5155 f1=0.4898
2026-09-17 09:24:41 | INFO    | val_patch_f1 = 0.4685 (best 0.5171 @ epoch 17)
2026-09-17 09:24:43 | INFO    | epoch 24 | batch 20/228 | loss 1.0565 | acc 0.6297 | lr 4.20e-05 | 2s
2026-09-17 09:24:45 | INFO    | epoch 24 | batch 40/228 | loss 1.0687 | acc 0.6172 | lr 4.16e-05 | 4s
2026-09-17 09:24:47 | INFO    | epoch 24 | batch 60/228 | loss 1.0700 | acc 0.6141 | lr 4.13e-05 | 6s
2026-09-17 09:24:48 | INFO    | epoch 24 | batch 80/228 | loss 1.0704 | acc 0.6184 | lr 4.09e-05 | 8s
2026-09-17 09:24:50 | INFO    | epoch 24 | batch 100/228 | loss 1.0726 | acc 0.6153 | lr 4.06e-05 | 9s
2026-09-17 09:24:51 | INFO    | epoch 24 | batch 120/228 | loss 1.0714 | acc 0.6169 | lr 4.02e-05 | 10s
2026-09-17 09:24:53 | INFO    | epoch 24 | batch 140/228 | loss 1.0720 | acc 0.6150 | lr 3.99e-05 | 12s
2026-09-17 09:24:54 | INFO    | epoch 24 | batch 160/228 | loss 1.0714 | acc 0.6127 | lr 3.95e-05 | 13s
2026-09-17 09:24:55 | INFO    | epoch 24 | batch 180/228 | loss 1.0729 | acc 0.6130 | lr 3.92e-05 | 14s
2026-09-17 09:24:57 | INFO    | epoch 24 | batch 200/228 | loss 1.0734 | acc 0.6136 | lr 3.88e-05 | 16s
2026-09-17 09:24:58 | INFO    | epoch 24 | batch 220/228 | loss 1.0744 | acc 0.6139 | lr 3.85e-05 | 17s
2026-09-17 09:24:59 | INFO    | epoch 24 | batch 228/228 | loss 1.0727 | acc 0.6151 | lr 3.83e-05 | 18s
2026-09-17 09:25:04 | INFO    | epoch 24/40 done in 23s | train loss 1.0727 | train patch: accuracy=0.6151 precision=0.6114 recall=0.5950 f1=0.5988
2026-09-17 09:25:04 | INFO    | epoch 24 val | loss 1.2102 | patch[8448]: accuracy=0.5481 precision=0.5489 recall=0.5190 f1=0.5193 | image[96]: accuracy=0.5833 precision=0.5942 recall=0.5437 f1=0.5403
2026-09-17 09:25:04 | INFO    | val_patch_f1 = 0.5193 (best 0.5193 @ epoch 24) *
2026-09-17 09:25:05 | INFO    | epoch 25 | batch 20/228 | loss 1.0961 | acc 0.5813 | lr 3.80e-05 | 2s
2026-09-17 09:25:07 | INFO    | epoch 25 | batch 40/228 | loss 1.0822 | acc 0.6023 | lr 3.77e-05 | 3s
2026-09-17 09:25:08 | INFO    | epoch 25 | batch 60/228 | loss 1.0672 | acc 0.6135 | lr 3.73e-05 | 4s
2026-09-17 09:25:10 | INFO    | epoch 25 | batch 80/228 | loss 1.0606 | acc 0.6215 | lr 3.70e-05 | 6s
2026-09-17 09:25:11 | INFO    | epoch 25 | batch 100/228 | loss 1.0607 | acc 0.6228 | lr 3.66e-05 | 7s
2026-09-17 09:25:13 | INFO    | epoch 25 | batch 120/228 | loss 1.0640 | acc 0.6177 | lr 3.63e-05 | 9s
2026-09-17 09:25:14 | INFO    | epoch 25 | batch 140/228 | loss 1.0633 | acc 0.6203 | lr 3.59e-05 | 10s
2026-09-17 09:25:16 | INFO    | epoch 25 | batch 160/228 | loss 1.0604 | acc 0.6221 | lr 3.56e-05 | 12s
2026-09-17 09:25:17 | INFO    | epoch 25 | batch 180/228 | loss 1.0648 | acc 0.6207 | lr 3.52e-05 | 13s
2026-09-17 09:25:18 | INFO    | epoch 25 | batch 200/228 | loss 1.0692 | acc 0.6189 | lr 3.49e-05 | 14s
2026-09-17 09:25:20 | INFO    | epoch 25 | batch 220/228 | loss 1.0695 | acc 0.6214 | lr 3.46e-05 | 16s
2026-09-17 09:25:20 | INFO    | epoch 25 | batch 228/228 | loss 1.0720 | acc 0.6195 | lr 3.44e-05 | 16s
2026-09-17 09:25:25 | INFO    | epoch 25/40 done in 22s | train loss 1.0720 | train patch: accuracy=0.6195 precision=0.6127 recall=0.5971 f1=0.6002
2026-09-17 09:25:25 | INFO    | epoch 25 val | loss 1.2013 | patch[8448]: accuracy=0.5330 precision=0.5208 recall=0.4951 f1=0.4889 | image[96]: accuracy=0.5625 precision=0.5367 recall=0.5160 f1=0.5006
2026-09-17 09:25:25 | INFO    | val_patch_f1 = 0.4889 (best 0.5193 @ epoch 24)
2026-09-17 09:25:27 | INFO    | epoch 26 | batch 20/228 | loss 1.0463 | acc 0.6438 | lr 3.41e-05 | 2s
2026-09-17 09:25:29 | INFO    | epoch 26 | batch 40/228 | loss 1.0491 | acc 0.6359 | lr 3.38e-05 | 3s
2026-09-17 09:25:30 | INFO    | epoch 26 | batch 60/228 | loss 1.0582 | acc 0.6370 | lr 3.34e-05 | 4s
2026-09-17 09:25:31 | INFO    | epoch 26 | batch 80/228 | loss 1.0537 | acc 0.6398 | lr 3.31e-05 | 6s
2026-09-17 09:25:33 | INFO    | epoch 26 | batch 100/228 | loss 1.0555 | acc 0.6359 | lr 3.27e-05 | 7s
2026-09-17 09:25:34 | INFO    | epoch 26 | batch 120/228 | loss 1.0607 | acc 0.6339 | lr 3.24e-05 | 9s
2026-09-17 09:25:36 | INFO    | epoch 26 | batch 140/228 | loss 1.0605 | acc 0.6321 | lr 3.21e-05 | 10s
2026-09-17 09:25:37 | INFO    | epoch 26 | batch 160/228 | loss 1.0560 | acc 0.6342 | lr 3.17e-05 | 12s
2026-09-17 09:25:38 | INFO    | epoch 26 | batch 180/228 | loss 1.0564 | acc 0.6340 | lr 3.14e-05 | 13s
2026-09-17 09:25:40 | INFO    | epoch 26 | batch 200/228 | loss 1.0575 | acc 0.6323 | lr 3.11e-05 | 14s
2026-09-17 09:25:41 | INFO    | epoch 26 | batch 220/228 | loss 1.0550 | acc 0.6339 | lr 3.07e-05 | 16s
2026-09-17 09:25:42 | INFO    | epoch 26 | batch 228/228 | loss 1.0537 | acc 0.6346 | lr 3.06e-05 | 16s
2026-09-17 09:25:47 | INFO    | epoch 26/40 done in 21s | train loss 1.0537 | train patch: accuracy=0.6346 precision=0.6271 recall=0.6132 f1=0.6163
2026-09-17 09:25:47 | INFO    | epoch 26 val | loss 1.2029 | patch[8448]: accuracy=0.5515 precision=0.5364 recall=0.5179 f1=0.5117 | image[96]: accuracy=0.6042 precision=0.5350 recall=0.5542 f1=0.5295
2026-09-17 09:25:47 | INFO    | val_patch_f1 = 0.5117 (best 0.5193 @ epoch 24)
2026-09-17 09:25:48 | INFO    | epoch 27 | batch 20/228 | loss 1.0258 | acc 0.6562 | lr 3.03e-05 | 2s
2026-09-17 09:25:50 | INFO    | epoch 27 | batch 40/228 | loss 1.0448 | acc 0.6398 | lr 3.00e-05 | 3s
2026-09-17 09:25:51 | INFO    | epoch 27 | batch 60/228 | loss 1.0454 | acc 0.6365 | lr 2.96e-05 | 4s
2026-09-17 09:25:53 | INFO    | epoch 27 | batch 80/228 | loss 1.0461 | acc 0.6262 | lr 2.93e-05 | 6s
2026-09-17 09:25:54 | INFO    | epoch 27 | batch 100/228 | loss 1.0460 | acc 0.6281 | lr 2.90e-05 | 7s
2026-09-17 09:25:56 | INFO    | epoch 27 | batch 120/228 | loss 1.0455 | acc 0.6310 | lr 2.87e-05 | 9s
2026-09-17 09:25:57 | INFO    | epoch 27 | batch 140/228 | loss 1.0445 | acc 0.6317 | lr 2.83e-05 | 10s
2026-09-17 09:25:58 | INFO    | epoch 27 | batch 160/228 | loss 1.0431 | acc 0.6316 | lr 2.80e-05 | 11s
2026-09-17 09:26:00 | INFO    | epoch 27 | batch 180/228 | loss 1.0441 | acc 0.6351 | lr 2.77e-05 | 13s
2026-09-17 09:26:01 | INFO    | epoch 27 | batch 200/228 | loss 1.0480 | acc 0.6330 | lr 2.74e-05 | 14s
2026-09-17 09:26:02 | INFO    | epoch 27 | batch 220/228 | loss 1.0480 | acc 0.6331 | lr 2.71e-05 | 16s
2026-09-17 09:26:03 | INFO    | epoch 27 | batch 228/228 | loss 1.0527 | acc 0.6305 | lr 2.69e-05 | 16s
2026-09-17 09:26:08 | INFO    | epoch 27/40 done in 21s | train loss 1.0527 | train patch: accuracy=0.6305 precision=0.6255 recall=0.6107 f1=0.6143
2026-09-17 09:26:08 | INFO    | epoch 27 val | loss 1.2461 | patch[8448]: accuracy=0.5144 precision=0.5100 recall=0.4778 f1=0.4697 | image[96]: accuracy=0.4896 precision=0.4491 recall=0.4414 f1=0.4128
2026-09-17 09:26:08 | INFO    | val_patch_f1 = 0.4697 (best 0.5193 @ epoch 24)
2026-09-17 09:26:10 | INFO    | epoch 28 | batch 20/228 | loss 1.0587 | acc 0.6375 | lr 2.66e-05 | 2s
2026-09-17 09:26:11 | INFO    | epoch 28 | batch 40/228 | loss 1.0555 | acc 0.6250 | lr 2.63e-05 | 3s
2026-09-17 09:26:13 | INFO    | epoch 28 | batch 60/228 | loss 1.0396 | acc 0.6422 | lr 2.60e-05 | 5s
2026-09-17 09:26:14 | INFO    | epoch 28 | batch 80/228 | loss 1.0455 | acc 0.6398 | lr 2.57e-05 | 6s
2026-09-17 09:26:16 | INFO    | epoch 28 | batch 100/228 | loss 1.0493 | acc 0.6369 | lr 2.54e-05 | 7s
2026-09-17 09:26:17 | INFO    | epoch 28 | batch 120/228 | loss 1.0541 | acc 0.6323 | lr 2.51e-05 | 9s
2026-09-17 09:26:18 | INFO    | epoch 28 | batch 140/228 | loss 1.0516 | acc 0.6368 | lr 2.48e-05 | 10s
2026-09-17 09:26:20 | INFO    | epoch 28 | batch 160/228 | loss 1.0514 | acc 0.6340 | lr 2.45e-05 | 11s
2026-09-17 09:26:21 | INFO    | epoch 28 | batch 180/228 | loss 1.0464 | acc 0.6373 | lr 2.42e-05 | 13s
2026-09-17 09:26:23 | INFO    | epoch 28 | batch 200/228 | loss 1.0473 | acc 0.6344 | lr 2.38e-05 | 14s
2026-09-17 09:26:24 | INFO    | epoch 28 | batch 220/228 | loss 1.0484 | acc 0.6331 | lr 2.35e-05 | 16s
2026-09-17 09:26:24 | INFO    | epoch 28 | batch 228/228 | loss 1.0481 | acc 0.6339 | lr 2.34e-05 | 16s
2026-09-17 09:26:30 | INFO    | epoch 28/40 done in 21s | train loss 1.0481 | train patch: accuracy=0.6339 precision=0.6261 recall=0.6119 f1=0.6150
2026-09-17 09:26:30 | INFO    | epoch 28 val | loss 1.2146 | patch[8448]: accuracy=0.5460 precision=0.5210 recall=0.5128 f1=0.5065 | image[96]: accuracy=0.5833 precision=0.5461 recall=0.5418 f1=0.5306
2026-09-17 09:26:30 | INFO    | val_patch_f1 = 0.5065 (best 0.5193 @ epoch 24)
2026-09-17 09:26:31 | INFO    | epoch 29 | batch 20/228 | loss 1.0327 | acc 0.6391 | lr 2.31e-05 | 2s
2026-09-17 09:26:33 | INFO    | epoch 29 | batch 40/228 | loss 1.0264 | acc 0.6430 | lr 2.28e-05 | 3s
2026-09-17 09:26:34 | INFO    | epoch 29 | batch 60/228 | loss 1.0338 | acc 0.6385 | lr 2.25e-05 | 4s
2026-09-17 09:26:35 | INFO    | epoch 29 | batch 80/228 | loss 1.0348 | acc 0.6336 | lr 2.22e-05 | 6s
2026-09-17 09:26:37 | INFO    | epoch 29 | batch 100/228 | loss 1.0312 | acc 0.6347 | lr 2.19e-05 | 7s
2026-09-17 09:26:38 | INFO    | epoch 29 | batch 120/228 | loss 1.0315 | acc 0.6357 | lr 2.16e-05 | 9s
2026-09-17 09:26:40 | INFO    | epoch 29 | batch 140/228 | loss 1.0339 | acc 0.6364 | lr 2.14e-05 | 10s
2026-09-17 09:26:41 | INFO    | epoch 29 | batch 160/228 | loss 1.0304 | acc 0.6410 | lr 2.11e-05 | 11s
2026-09-17 09:26:42 | INFO    | epoch 29 | batch 180/228 | loss 1.0280 | acc 0.6415 | lr 2.08e-05 | 13s
2026-09-17 09:26:44 | INFO    | epoch 29 | batch 200/228 | loss 1.0275 | acc 0.6417 | lr 2.05e-05 | 14s
2026-09-17 09:26:45 | INFO    | epoch 29 | batch 220/228 | loss 1.0287 | acc 0.6415 | lr 2.02e-05 | 16s
2026-09-17 09:26:46 | INFO    | epoch 29 | batch 228/228 | loss 1.0324 | acc 0.6389 | lr 2.01e-05 | 16s
2026-09-17 09:26:51 | INFO    | epoch 29/40 done in 21s | train loss 1.0324 | train patch: accuracy=0.6389 precision=0.6312 recall=0.6196 f1=0.6227
2026-09-17 09:26:51 | INFO    | epoch 29 val | loss 1.2122 | patch[8448]: accuracy=0.5437 precision=0.5333 recall=0.5094 f1=0.5042 | image[96]: accuracy=0.5833 precision=0.5616 recall=0.5388 f1=0.5268
2026-09-17 09:26:51 | INFO    | val_patch_f1 = 0.5042 (best 0.5193 @ epoch 24)
2026-09-17 09:26:53 | INFO    | epoch 30 | batch 20/228 | loss 1.0608 | acc 0.6047 | lr 1.98e-05 | 2s
2026-09-17 09:26:54 | INFO    | epoch 30 | batch 40/228 | loss 1.0771 | acc 0.6016 | lr 1.95e-05 | 3s
2026-09-17 09:26:55 | INFO    | epoch 30 | batch 60/228 | loss 1.0638 | acc 0.6156 | lr 1.93e-05 | 4s
2026-09-17 09:26:57 | INFO    | epoch 30 | batch 80/228 | loss 1.0650 | acc 0.6164 | lr 1.90e-05 | 6s
2026-09-17 09:26:58 | INFO    | epoch 30 | batch 100/228 | loss 1.0589 | acc 0.6241 | lr 1.87e-05 | 7s
2026-09-17 09:27:00 | INFO    | epoch 30 | batch 120/228 | loss 1.0526 | acc 0.6284 | lr 1.84e-05 | 9s
2026-09-17 09:27:01 | INFO    | epoch 30 | batch 140/228 | loss 1.0499 | acc 0.6288 | lr 1.82e-05 | 10s
2026-09-17 09:27:03 | INFO    | epoch 30 | batch 160/228 | loss 1.0549 | acc 0.6270 | lr 1.79e-05 | 12s
2026-09-17 09:27:04 | INFO    | epoch 30 | batch 180/228 | loss 1.0469 | acc 0.6306 | lr 1.76e-05 | 13s
2026-09-17 09:27:05 | INFO    | epoch 30 | batch 200/228 | loss 1.0426 | acc 0.6338 | lr 1.73e-05 | 14s
2026-09-17 09:27:07 | INFO    | epoch 30 | batch 220/228 | loss 1.0436 | acc 0.6330 | lr 1.71e-05 | 16s
2026-09-17 09:27:07 | INFO    | epoch 30 | batch 228/228 | loss 1.0426 | acc 0.6338 | lr 1.70e-05 | 16s
2026-09-17 09:27:13 | INFO    | epoch 30/40 done in 22s | train loss 1.0426 | train patch: accuracy=0.6338 precision=0.6258 recall=0.6131 f1=0.6162
2026-09-17 09:27:13 | INFO    | epoch 30 val | loss 1.2213 | patch[8448]: accuracy=0.5472 precision=0.5294 recall=0.5149 f1=0.5095 | image[96]: accuracy=0.5833 precision=0.5359 recall=0.5408 f1=0.5253
2026-09-17 09:27:13 | INFO    | val_patch_f1 = 0.5095 (best 0.5193 @ epoch 24)
2026-09-17 09:27:14 | INFO    | epoch 31 | batch 20/228 | loss 1.0178 | acc 0.6438 | lr 1.67e-05 | 2s
2026-09-17 09:27:16 | INFO    | epoch 31 | batch 40/228 | loss 1.0206 | acc 0.6461 | lr 1.64e-05 | 3s
2026-09-17 09:27:17 | INFO    | epoch 31 | batch 60/228 | loss 1.0362 | acc 0.6417 | lr 1.62e-05 | 4s
2026-09-17 09:27:19 | INFO    | epoch 31 | batch 80/228 | loss 1.0379 | acc 0.6438 | lr 1.59e-05 | 6s
2026-09-17 09:27:20 | INFO    | epoch 31 | batch 100/228 | loss 1.0277 | acc 0.6447 | lr 1.57e-05 | 7s
2026-09-17 09:27:21 | INFO    | epoch 31 | batch 120/228 | loss 1.0250 | acc 0.6438 | lr 1.54e-05 | 9s
2026-09-17 09:27:23 | INFO    | epoch 31 | batch 140/228 | loss 1.0239 | acc 0.6460 | lr 1.52e-05 | 10s
2026-09-17 09:27:24 | INFO    | epoch 31 | batch 160/228 | loss 1.0255 | acc 0.6449 | lr 1.49e-05 | 11s
2026-09-17 09:27:25 | INFO    | epoch 31 | batch 180/228 | loss 1.0246 | acc 0.6476 | lr 1.47e-05 | 13s
2026-09-17 09:27:27 | INFO    | epoch 31 | batch 200/228 | loss 1.0249 | acc 0.6486 | lr 1.44e-05 | 14s
2026-09-17 09:27:28 | INFO    | epoch 31 | batch 220/228 | loss 1.0266 | acc 0.6476 | lr 1.42e-05 | 16s
2026-09-17 09:27:29 | INFO    | epoch 31 | batch 228/228 | loss 1.0249 | acc 0.6485 | lr 1.41e-05 | 16s
2026-09-17 09:27:34 | INFO    | epoch 31/40 done in 21s | train loss 1.0249 | train patch: accuracy=0.6485 precision=0.6444 recall=0.6301 f1=0.6341
2026-09-17 09:27:34 | INFO    | epoch 31 val | loss 1.1965 | patch[8448]: accuracy=0.5543 precision=0.5411 recall=0.5199 f1=0.5167 | image[96]: accuracy=0.6042 precision=0.5149 recall=0.5529 f1=0.5292
2026-09-17 09:27:34 | INFO    | val_patch_f1 = 0.5167 (best 0.5193 @ epoch 24)
2026-09-17 09:27:36 | INFO    | epoch 32 | batch 20/228 | loss 1.0608 | acc 0.6078 | lr 1.38e-05 | 2s
2026-09-17 09:27:37 | INFO    | epoch 32 | batch 40/228 | loss 1.0379 | acc 0.6320 | lr 1.36e-05 | 3s
2026-09-17 09:27:38 | INFO    | epoch 32 | batch 60/228 | loss 1.0385 | acc 0.6354 | lr 1.34e-05 | 4s
2026-09-17 09:27:40 | INFO    | epoch 32 | batch 80/228 | loss 1.0323 | acc 0.6473 | lr 1.31e-05 | 6s
2026-09-17 09:27:42 | INFO    | epoch 32 | batch 100/228 | loss 1.0309 | acc 0.6462 | lr 1.29e-05 | 8s
2026-09-17 09:27:43 | INFO    | epoch 32 | batch 120/228 | loss 1.0403 | acc 0.6419 | lr 1.27e-05 | 9s
2026-09-17 09:27:44 | INFO    | epoch 32 | batch 140/228 | loss 1.0380 | acc 0.6424 | lr 1.24e-05 | 10s
2026-09-17 09:27:46 | INFO    | epoch 32 | batch 160/228 | loss 1.0392 | acc 0.6418 | lr 1.22e-05 | 12s
2026-09-17 09:27:47 | INFO    | epoch 32 | batch 180/228 | loss 1.0384 | acc 0.6417 | lr 1.20e-05 | 13s
2026-09-17 09:27:49 | INFO    | epoch 32 | batch 200/228 | loss 1.0333 | acc 0.6453 | lr 1.17e-05 | 15s
2026-09-17 09:27:50 | INFO    | epoch 32 | batch 220/228 | loss 1.0328 | acc 0.6466 | lr 1.15e-05 | 16s
2026-09-17 09:27:50 | INFO    | epoch 32 | batch 228/228 | loss 1.0314 | acc 0.6481 | lr 1.14e-05 | 17s
2026-09-17 09:27:56 | INFO    | epoch 32/40 done in 22s | train loss 1.0314 | train patch: accuracy=0.6481 precision=0.6384 recall=0.6266 f1=0.6294
2026-09-17 09:27:56 | INFO    | epoch 32 val | loss 1.2063 | patch[8448]: accuracy=0.5419 precision=0.5223 recall=0.5054 f1=0.4996 | image[96]: accuracy=0.5625 precision=0.4930 recall=0.5122 f1=0.4920
2026-09-17 09:27:56 | INFO    | val_patch_f1 = 0.4996 (best 0.5193 @ epoch 24)
2026-09-17 09:27:57 | INFO    | epoch 33 | batch 20/228 | loss 1.0411 | acc 0.6531 | lr 1.12e-05 | 2s
2026-09-17 09:27:59 | INFO    | epoch 33 | batch 40/228 | loss 1.0184 | acc 0.6562 | lr 1.10e-05 | 3s
2026-09-17 09:28:00 | INFO    | epoch 33 | batch 60/228 | loss 1.0214 | acc 0.6484 | lr 1.08e-05 | 5s
2026-09-17 09:28:02 | INFO    | epoch 33 | batch 80/228 | loss 1.0259 | acc 0.6438 | lr 1.06e-05 | 6s
2026-09-17 09:28:03 | INFO    | epoch 33 | batch 100/228 | loss 1.0226 | acc 0.6488 | lr 1.04e-05 | 7s
2026-09-17 09:28:05 | INFO    | epoch 33 | batch 120/228 | loss 1.0198 | acc 0.6487 | lr 1.02e-05 | 9s
2026-09-17 09:28:06 | INFO    | epoch 33 | batch 140/228 | loss 1.0211 | acc 0.6484 | lr 9.95e-06 | 10s
2026-09-17 09:28:07 | INFO    | epoch 33 | batch 160/228 | loss 1.0192 | acc 0.6502 | lr 9.74e-06 | 12s
2026-09-17 09:28:09 | INFO    | epoch 33 | batch 180/228 | loss 1.0202 | acc 0.6498 | lr 9.54e-06 | 13s
2026-09-17 09:28:10 | INFO    | epoch 33 | batch 200/228 | loss 1.0219 | acc 0.6509 | lr 9.34e-06 | 15s
2026-09-17 09:28:12 | INFO    | epoch 33 | batch 220/228 | loss 1.0222 | acc 0.6490 | lr 9.14e-06 | 16s
2026-09-17 09:28:12 | INFO    | epoch 33 | batch 228/228 | loss 1.0232 | acc 0.6468 | lr 9.06e-06 | 17s
2026-09-17 09:28:17 | INFO    | epoch 33/40 done in 22s | train loss 1.0232 | train patch: accuracy=0.6468 precision=0.6407 recall=0.6250 f1=0.6286
2026-09-17 09:28:17 | INFO    | epoch 33 val | loss 1.1993 | patch[8448]: accuracy=0.5436 precision=0.5320 recall=0.5104 f1=0.5075 | image[96]: accuracy=0.5729 precision=0.5514 recall=0.5303 f1=0.5212
2026-09-17 09:28:17 | INFO    | val_patch_f1 = 0.5075 (best 0.5193 @ epoch 24)
2026-09-17 09:28:19 | INFO    | epoch 34 | batch 20/228 | loss 0.9869 | acc 0.6578 | lr 8.87e-06 | 2s
2026-09-17 09:28:21 | INFO    | epoch 34 | batch 40/228 | loss 1.0050 | acc 0.6555 | lr 8.67e-06 | 3s
2026-09-17 09:28:22 | INFO    | epoch 34 | batch 60/228 | loss 1.0004 | acc 0.6620 | lr 8.48e-06 | 4s
2026-09-17 09:28:23 | INFO    | epoch 34 | batch 80/228 | loss 1.0063 | acc 0.6602 | lr 8.29e-06 | 6s
2026-09-17 09:28:25 | INFO    | epoch 34 | batch 100/228 | loss 1.0023 | acc 0.6647 | lr 8.11e-06 | 7s
2026-09-17 09:28:26 | INFO    | epoch 34 | batch 120/228 | loss 1.0082 | acc 0.6586 | lr 7.92e-06 | 9s
2026-09-17 09:28:27 | INFO    | epoch 34 | batch 140/228 | loss 1.0035 | acc 0.6603 | lr 7.74e-06 | 10s
2026-09-17 09:28:29 | INFO    | epoch 34 | batch 160/228 | loss 1.0019 | acc 0.6627 | lr 7.56e-06 | 11s
2026-09-17 09:28:30 | INFO    | epoch 34 | batch 180/228 | loss 1.0001 | acc 0.6649 | lr 7.38e-06 | 13s
2026-09-17 09:28:32 | INFO    | epoch 34 | batch 200/228 | loss 1.0010 | acc 0.6642 | lr 7.21e-06 | 14s
2026-09-17 09:28:33 | INFO    | epoch 34 | batch 220/228 | loss 1.0073 | acc 0.6602 | lr 7.03e-06 | 16s
2026-09-17 09:28:33 | INFO    | epoch 34 | batch 228/228 | loss 1.0070 | acc 0.6606 | lr 6.97e-06 | 16s
2026-09-17 09:28:39 | INFO    | epoch 34/40 done in 21s | train loss 1.0070 | train patch: accuracy=0.6606 precision=0.6546 recall=0.6400 f1=0.6438
2026-09-17 09:28:39 | INFO    | epoch 34 val | loss 1.2081 | patch[8448]: accuracy=0.5574 precision=0.5408 recall=0.5238 f1=0.5206 | image[96]: accuracy=0.5938 precision=0.5487 recall=0.5499 f1=0.5367
2026-09-17 09:28:39 | INFO    | val_patch_f1 = 0.5206 (best 0.5206 @ epoch 34) *
2026-09-17 09:28:40 | INFO    | epoch 35 | batch 20/228 | loss 0.9972 | acc 0.6719 | lr 6.80e-06 | 2s
2026-09-17 09:28:42 | INFO    | epoch 35 | batch 40/228 | loss 1.0061 | acc 0.6617 | lr 6.63e-06 | 3s
2026-09-17 09:28:43 | INFO    | epoch 35 | batch 60/228 | loss 1.0199 | acc 0.6516 | lr 6.46e-06 | 4s
2026-09-17 09:28:45 | INFO    | epoch 35 | batch 80/228 | loss 1.0150 | acc 0.6590 | lr 6.30e-06 | 6s
2026-09-17 09:28:46 | INFO    | epoch 35 | batch 100/228 | loss 1.0121 | acc 0.6609 | lr 6.14e-06 | 7s
2026-09-17 09:28:48 | INFO    | epoch 35 | batch 120/228 | loss 1.0106 | acc 0.6630 | lr 5.98e-06 | 9s
2026-09-17 09:28:49 | INFO    | epoch 35 | batch 140/228 | loss 1.0129 | acc 0.6621 | lr 5.83e-06 | 10s
2026-09-17 09:28:50 | INFO    | epoch 35 | batch 160/228 | loss 1.0126 | acc 0.6621 | lr 5.67e-06 | 12s
2026-09-17 09:28:52 | INFO    | epoch 35 | batch 180/228 | loss 1.0079 | acc 0.6632 | lr 5.52e-06 | 13s
2026-09-17 09:28:53 | INFO    | epoch 35 | batch 200/228 | loss 1.0054 | acc 0.6641 | lr 5.37e-06 | 14s
2026-09-17 09:28:55 | INFO    | epoch 35 | batch 220/228 | loss 1.0095 | acc 0.6618 | lr 5.23e-06 | 16s
2026-09-17 09:28:55 | INFO    | epoch 35 | batch 228/228 | loss 1.0098 | acc 0.6620 | lr 5.17e-06 | 16s
2026-09-17 09:29:00 | INFO    | epoch 35/40 done in 22s | train loss 1.0098 | train patch: accuracy=0.6620 precision=0.6574 recall=0.6409 f1=0.6449
2026-09-17 09:29:00 | INFO    | epoch 35 val | loss 1.2128 | patch[8448]: accuracy=0.5385 precision=0.5295 recall=0.5048 f1=0.5015 | image[96]: accuracy=0.5625 precision=0.5011 recall=0.5108 f1=0.4893
2026-09-17 09:29:00 | INFO    | val_patch_f1 = 0.5015 (best 0.5206 @ epoch 34)
2026-09-17 09:29:02 | INFO    | epoch 36 | batch 20/228 | loss 1.0376 | acc 0.6547 | lr 5.03e-06 | 2s
2026-09-17 09:29:04 | INFO    | epoch 36 | batch 40/228 | loss 1.0291 | acc 0.6539 | lr 4.89e-06 | 3s
2026-09-17 09:29:05 | INFO    | epoch 36 | batch 60/228 | loss 1.0141 | acc 0.6625 | lr 4.75e-06 | 4s
2026-09-17 09:29:06 | INFO    | epoch 36 | batch 80/228 | loss 1.0167 | acc 0.6598 | lr 4.61e-06 | 6s
2026-09-17 09:29:08 | INFO    | epoch 36 | batch 100/228 | loss 1.0153 | acc 0.6606 | lr 4.48e-06 | 7s
2026-09-17 09:29:09 | INFO    | epoch 36 | batch 120/228 | loss 1.0134 | acc 0.6625 | lr 4.35e-06 | 9s
2026-09-17 09:29:11 | INFO    | epoch 36 | batch 140/228 | loss 1.0167 | acc 0.6600 | lr 4.22e-06 | 10s
2026-09-17 09:29:12 | INFO    | epoch 36 | batch 160/228 | loss 1.0186 | acc 0.6557 | lr 4.09e-06 | 12s
2026-09-17 09:29:14 | INFO    | epoch 36 | batch 180/228 | loss 1.0173 | acc 0.6564 | lr 3.97e-06 | 13s
2026-09-17 09:29:15 | INFO    | epoch 36 | batch 200/228 | loss 1.0146 | acc 0.6592 | lr 3.85e-06 | 14s
2026-09-17 09:29:16 | INFO    | epoch 36 | batch 220/228 | loss 1.0129 | acc 0.6602 | lr 3.73e-06 | 16s
2026-09-17 09:29:17 | INFO    | epoch 36 | batch 228/228 | loss 1.0151 | acc 0.6588 | lr 3.68e-06 | 16s
2026-09-17 09:29:22 | INFO    | epoch 36/40 done in 22s | train loss 1.0151 | train patch: accuracy=0.6588 precision=0.6576 recall=0.6424 f1=0.6468
2026-09-17 09:29:22 | INFO    | epoch 36 val | loss 1.2317 | patch[8448]: accuracy=0.5394 precision=0.5271 recall=0.5066 f1=0.5027 | image[96]: accuracy=0.5833 precision=0.5539 recall=0.5398 f1=0.5266
2026-09-17 09:29:22 | INFO    | val_patch_f1 = 0.5027 (best 0.5206 @ epoch 34)
2026-09-17 09:29:24 | INFO    | epoch 37 | batch 20/228 | loss 1.0443 | acc 0.6250 | lr 3.57e-06 | 2s
2026-09-17 09:29:25 | INFO    | epoch 37 | batch 40/228 | loss 1.0307 | acc 0.6305 | lr 3.45e-06 | 3s
2026-09-17 09:29:27 | INFO    | epoch 37 | batch 60/228 | loss 1.0224 | acc 0.6359 | lr 3.34e-06 | 4s
2026-09-17 09:29:28 | INFO    | epoch 37 | batch 80/228 | loss 1.0205 | acc 0.6406 | lr 3.24e-06 | 6s
2026-09-17 09:29:29 | INFO    | epoch 37 | batch 100/228 | loss 1.0261 | acc 0.6419 | lr 3.13e-06 | 7s
2026-09-17 09:29:31 | INFO    | epoch 37 | batch 120/228 | loss 1.0269 | acc 0.6406 | lr 3.03e-06 | 9s
2026-09-17 09:29:32 | INFO    | epoch 37 | batch 140/228 | loss 1.0231 | acc 0.6431 | lr 2.93e-06 | 10s
2026-09-17 09:29:34 | INFO    | epoch 37 | batch 160/228 | loss 1.0219 | acc 0.6449 | lr 2.83e-06 | 12s
2026-09-17 09:29:35 | INFO    | epoch 37 | batch 180/228 | loss 1.0198 | acc 0.6460 | lr 2.73e-06 | 13s
2026-09-17 09:29:37 | INFO    | epoch 37 | batch 200/228 | loss 1.0192 | acc 0.6477 | lr 2.64e-06 | 15s
2026-09-17 09:29:38 | INFO    | epoch 37 | batch 220/228 | loss 1.0171 | acc 0.6496 | lr 2.55e-06 | 16s
2026-09-17 09:29:39 | INFO    | epoch 37 | batch 228/228 | loss 1.0149 | acc 0.6508 | lr 2.51e-06 | 17s
2026-09-17 09:29:44 | INFO    | epoch 37/40 done in 22s | train loss 1.0149 | train patch: accuracy=0.6508 precision=0.6494 recall=0.6334 f1=0.6379
2026-09-17 09:29:44 | INFO    | epoch 37 val | loss 1.1960 | patch[8448]: accuracy=0.5542 precision=0.5355 recall=0.5210 f1=0.5169 | image[96]: accuracy=0.5729 precision=0.4931 recall=0.5246 f1=0.5006
2026-09-17 09:29:44 | INFO    | val_patch_f1 = 0.5169 (best 0.5206 @ epoch 34)
2026-09-17 09:29:45 | INFO    | epoch 38 | batch 20/228 | loss 0.9748 | acc 0.6516 | lr 2.43e-06 | 2s
2026-09-17 09:29:47 | INFO    | epoch 38 | batch 40/228 | loss 0.9956 | acc 0.6594 | lr 2.34e-06 | 3s
2026-09-17 09:29:48 | INFO    | epoch 38 | batch 60/228 | loss 0.9833 | acc 0.6641 | lr 2.26e-06 | 4s
2026-09-17 09:29:50 | INFO    | epoch 38 | batch 80/228 | loss 0.9778 | acc 0.6660 | lr 2.18e-06 | 6s
2026-09-17 09:29:51 | INFO    | epoch 38 | batch 100/228 | loss 0.9864 | acc 0.6616 | lr 2.11e-06 | 7s
2026-09-17 09:29:53 | INFO    | epoch 38 | batch 120/228 | loss 0.9877 | acc 0.6628 | lr 2.03e-06 | 9s
2026-09-17 09:29:54 | INFO    | epoch 38 | batch 140/228 | loss 0.9900 | acc 0.6603 | lr 1.96e-06 | 10s
2026-09-17 09:29:55 | INFO    | epoch 38 | batch 160/228 | loss 0.9963 | acc 0.6568 | lr 1.89e-06 | 12s
2026-09-17 09:29:57 | INFO    | epoch 38 | batch 180/228 | loss 0.9983 | acc 0.6568 | lr 1.82e-06 | 13s
2026-09-17 09:29:58 | INFO    | epoch 38 | batch 200/228 | loss 1.0013 | acc 0.6578 | lr 1.76e-06 | 14s
2026-09-17 09:30:00 | INFO    | epoch 38 | batch 220/228 | loss 0.9977 | acc 0.6618 | lr 1.70e-06 | 16s
2026-09-17 09:30:00 | INFO    | epoch 38 | batch 228/228 | loss 0.9975 | acc 0.6624 | lr 1.68e-06 | 16s
2026-09-17 09:30:05 | INFO    | epoch 38/40 done in 21s | train loss 0.9975 | train patch: accuracy=0.6624 precision=0.6575 recall=0.6432 f1=0.6471
2026-09-17 09:30:05 | INFO    | epoch 38 val | loss 1.1956 | patch[8448]: accuracy=0.5456 precision=0.5240 recall=0.5072 f1=0.5004 | image[96]: accuracy=0.6042 precision=0.5286 recall=0.5514 f1=0.5310
2026-09-17 09:30:05 | INFO    | val_patch_f1 = 0.5004 (best 0.5206 @ epoch 34)
2026-09-17 09:30:07 | INFO    | epoch 39 | batch 20/228 | loss 1.0117 | acc 0.6687 | lr 1.62e-06 | 2s
2026-09-17 09:30:08 | INFO    | epoch 39 | batch 40/228 | loss 1.0150 | acc 0.6477 | lr 1.56e-06 | 3s
2026-09-17 09:30:10 | INFO    | epoch 39 | batch 60/228 | loss 1.0254 | acc 0.6479 | lr 1.51e-06 | 4s
2026-09-17 09:30:11 | INFO    | epoch 39 | batch 80/228 | loss 1.0215 | acc 0.6551 | lr 1.46e-06 | 6s
2026-09-17 09:30:13 | INFO    | epoch 39 | batch 100/228 | loss 1.0258 | acc 0.6538 | lr 1.41e-06 | 7s
2026-09-17 09:30:14 | INFO    | epoch 39 | batch 120/228 | loss 1.0167 | acc 0.6612 | lr 1.37e-06 | 9s
2026-09-17 09:30:16 | INFO    | epoch 39 | batch 140/228 | loss 1.0180 | acc 0.6587 | lr 1.32e-06 | 10s
2026-09-17 09:30:17 | INFO    | epoch 39 | batch 160/228 | loss 1.0175 | acc 0.6586 | lr 1.28e-06 | 12s
2026-09-17 09:30:19 | INFO    | epoch 39 | batch 180/228 | loss 1.0208 | acc 0.6559 | lr 1.25e-06 | 13s
2026-09-17 09:30:20 | INFO    | epoch 39 | batch 200/228 | loss 1.0202 | acc 0.6573 | lr 1.21e-06 | 15s
2026-09-17 09:30:22 | INFO    | epoch 39 | batch 220/228 | loss 1.0208 | acc 0.6570 | lr 1.18e-06 | 16s
2026-09-17 09:30:22 | INFO    | epoch 39 | batch 228/228 | loss 1.0195 | acc 0.6570 | lr 1.17e-06 | 17s
2026-09-17 09:30:27 | INFO    | epoch 39/40 done in 22s | train loss 1.0195 | train patch: accuracy=0.6570 precision=0.6520 recall=0.6370 f1=0.6408
2026-09-17 09:30:27 | INFO    | epoch 39 val | loss 1.2254 | patch[8448]: accuracy=0.5469 precision=0.5340 recall=0.5133 f1=0.5097 | image[96]: accuracy=0.6042 precision=0.5644 recall=0.5594 f1=0.5458
2026-09-17 09:30:27 | INFO    | val_patch_f1 = 0.5097 (best 0.5206 @ epoch 34)
2026-09-17 09:30:29 | INFO    | epoch 40 | batch 20/228 | loss 1.0041 | acc 0.6500 | lr 1.14e-06 | 2s
2026-09-17 09:30:30 | INFO    | epoch 40 | batch 40/228 | loss 0.9877 | acc 0.6633 | lr 1.11e-06 | 3s
2026-09-17 09:30:32 | INFO    | epoch 40 | batch 60/228 | loss 0.9951 | acc 0.6609 | lr 1.09e-06 | 4s
2026-09-17 09:30:33 | INFO    | epoch 40 | batch 80/228 | loss 0.9949 | acc 0.6633 | lr 1.07e-06 | 6s
2026-09-17 09:30:35 | INFO    | epoch 40 | batch 100/228 | loss 0.9909 | acc 0.6691 | lr 1.05e-06 | 7s
2026-09-17 09:30:36 | INFO    | epoch 40 | batch 120/228 | loss 0.9870 | acc 0.6727 | lr 1.04e-06 | 9s
2026-09-17 09:30:37 | INFO    | epoch 40 | batch 140/228 | loss 0.9872 | acc 0.6714 | lr 1.03e-06 | 10s
2026-09-17 09:30:39 | INFO    | epoch 40 | batch 160/228 | loss 0.9921 | acc 0.6691 | lr 1.02e-06 | 12s
2026-09-17 09:30:40 | INFO    | epoch 40 | batch 180/228 | loss 0.9923 | acc 0.6684 | lr 1.01e-06 | 13s
2026-09-17 09:30:42 | INFO    | epoch 40 | batch 200/228 | loss 0.9932 | acc 0.6675 | lr 1.00e-06 | 14s
2026-09-17 09:30:43 | INFO    | epoch 40 | batch 220/228 | loss 0.9955 | acc 0.6665 | lr 1.00e-06 | 16s
2026-09-17 09:30:44 | INFO    | epoch 40 | batch 228/228 | loss 0.9954 | acc 0.6665 | lr 1.00e-06 | 16s
2026-09-17 09:30:49 | INFO    | epoch 40/40 done in 21s | train loss 0.9954 | train patch: accuracy=0.6665 precision=0.6630 recall=0.6493 f1=0.6533
2026-09-17 09:30:49 | INFO    | epoch 40 val | loss 1.2023 | patch[8448]: accuracy=0.5464 precision=0.5270 recall=0.5109 f1=0.5063 | image[96]: accuracy=0.5833 precision=0.5013 recall=0.5332 f1=0.5101
2026-09-17 09:30:49 | INFO    | val_patch_f1 = 0.5063 (best 0.5206 @ epoch 34)
2026-09-17 09:30:49 | INFO    | Training finished: best val_patch_f1=0.5206 at epoch 34
2026-09-17 09:30:49 | INFO    | Loaded model_best.pt (epoch 34) for final evaluation
2026-09-17 09:30:54 | INFO    | FINAL val | loss 1.2081 | patch[8448]: accuracy=0.5574 precision=0.5408 recall=0.5238 f1=0.5206 | image[96]: accuracy=0.5938 precision=0.5487 recall=0.5499 f1=0.5367
2026-09-17 09:30:54 | INFO    | FINAL val patch-level per class:
     class    prec     rec      f1      n
         G  0.5214  0.5413  0.5312   1936
        GP  0.6244  0.6431  0.6336   1936
         M  0.6994  0.5538  0.6182   1672
         T  0.5010  0.7073  0.5865   1848
     clear  0.3581  0.1733  0.2336   1056
rows = true, cols = predicted
           G    GP     M     T clear
     G  1048    73   247   279   289
    GP    38  1245     1   643     9
     M   361   102   926   254    29
     T    89   424    27  1307     1
 clear   474   150   123   126   183
2026-09-17 09:30:54 | INFO    | FINAL val image-level per class:
     class    prec     rec      f1      n
         G  0.5200  0.5909  0.5532     22
        GP  0.6522  0.6818  0.6667     22
         M  0.7500  0.6316  0.6857     19
         T  0.5714  0.7619  0.6531     21
     clear  0.2500  0.0833  0.1250     12
rows = true, cols = predicted
           G    GP     M     T clear
     G    13     1     2     3     3
    GP     1    15     0     6     0
     M     4     1    12     2     0
     T     1     4     0    16     0
 clear     6     2     2     1     1
2026-09-17 09:31:02 | INFO    | FINAL test | loss 1.2102 | patch[9064]: accuracy=0.5341 precision=0.5221 recall=0.5055 f1=0.5000 | image[103]: accuracy=0.5534 precision=0.5290 recall=0.5147 f1=0.4989
2026-09-17 09:31:02 | INFO    | FINAL test patch-level per class:
     class    prec     rec      f1      n
         G  0.5222  0.6285  0.5704   2024
        GP  0.6438  0.5511  0.5939   2112
         M  0.6507  0.4562  0.5364   1760
         T  0.4778  0.7154  0.5729   1936
     clear  0.3159  0.1761  0.2262   1232
rows = true, cols = predicted
           G    GP     M     T clear
     G  1272    90   149   329   184
    GP    68  1164     8   737   135
     M   333   111   803   363   150
     T    11   388   151  1385     1
 clear   752    55   123    85   217
2026-09-17 09:31:02 | INFO    | FINAL test image-level per class:
     class    prec     rec      f1      n
         G  0.4667  0.6087  0.5283     23
        GP  0.7143  0.6250  0.6667     24
         M  0.7500  0.4500  0.5625     20
         T  0.5143  0.8182  0.6316     22
     clear  0.2000  0.0714  0.1053     14
rows = true, cols = predicted
           G    GP     M     T clear
     G    14     1     1     5     2
    GP     1    15     0     7     1
     M     5     1     9     4     1
     T     0     3     1    18     0
 clear    10     1     1     1     1
2026-09-17 09:31:02 | INFO    | Total time: 897s | results in logs/runs/fastvit_t8_patches_20260917_091605
